Archive member included to satisfy reference by file (symbol)

/usr/lib/gcc/avr/7.3.0/avr5/libgcc.a(_divmodhi4.o)
                              /tmp/ccX6Dc4Q.o (__divmodhi4)
/usr/lib/gcc/avr/7.3.0/avr5/libgcc.a(_exit.o)
                              /usr/lib/gcc/avr/7.3.0/../../../avr/lib/avr5/crtatmega328p.o (exit)
/usr/lib/gcc/avr/7.3.0/avr5/libgcc.a(_tablejump2.o)
                              main.o (__tablejump2__)
/usr/lib/gcc/avr/7.3.0/avr5/libgcc.a(_copy_data.o)
                              /tmp/ccX6Dc4Q.o (__do_copy_data)
/usr/lib/gcc/avr/7.3.0/avr5/libgcc.a(_clear_bss.o)
                              main.o (__do_clear_bss)
/usr/lib/gcc/avr/7.3.0/avr5/libgcc.a(_muluhisi3.o)
                              /tmp/cc4LoToI.o (__muluhisi3)
/usr/lib/gcc/avr/7.3.0/avr5/libgcc.a(_udivmodhi4.o)
                              /usr/lib/gcc/avr/7.3.0/avr5/libgcc.a(_divmodhi4.o) (__udivmodhi4)
/usr/lib/gcc/avr/7.3.0/avr5/libgcc.a(_umulhisi3.o)
                              /usr/lib/gcc/avr/7.3.0/avr5/libgcc.a(_muluhisi3.o) (__umulhisi3)
/usr/lib/gcc/avr/7.3.0/../../../avr/lib/avr5/libm.a(cmpsf2.o)
                              /tmp/ccX6Dc4Q.o (__ltsf2)
/usr/lib/gcc/avr/7.3.0/../../../avr/lib/avr5/libm.a(fixsfsi.o)
                              /tmp/ccX6Dc4Q.o (__fixsfsi)
/usr/lib/gcc/avr/7.3.0/../../../avr/lib/avr5/libm.a(fixunssfsi.o)
                              /usr/lib/gcc/avr/7.3.0/../../../avr/lib/avr5/libm.a(fixsfsi.o) (__fixunssfsi)
/usr/lib/gcc/avr/7.3.0/../../../avr/lib/avr5/libm.a(fp_cmp.o)
                              /usr/lib/gcc/avr/7.3.0/../../../avr/lib/avr5/libm.a(cmpsf2.o) (__fp_cmp)
/usr/lib/gcc/avr/7.3.0/../../../avr/lib/avr5/libm.a(fp_split3.o)
                              /usr/lib/gcc/avr/7.3.0/../../../avr/lib/avr5/libm.a(fixunssfsi.o) (__fp_splitA)
/usr/lib/gcc/avr/7.3.0/../../../avr/lib/avr5/libm.a(fp_zero.o)
                              /usr/lib/gcc/avr/7.3.0/../../../avr/lib/avr5/libm.a(fixunssfsi.o) (__fp_zero)
/usr/lib/gcc/avr/7.3.0/../../../avr/lib/avr5/libm.a(gesf2.o)
                              /tmp/ccX6Dc4Q.o (__gtsf2)
/usr/lib/gcc/avr/7.3.0/../../../avr/lib/avr5/libm.a(mulsf3.o)
                              /tmp/ccX6Dc4Q.o (__mulsf3)
/usr/lib/gcc/avr/7.3.0/../../../avr/lib/avr5/libm.a(mulsf3x.o)
                              /usr/lib/gcc/avr/7.3.0/../../../avr/lib/avr5/libm.a(mulsf3.o) (__mulsf3x)
/usr/lib/gcc/avr/7.3.0/../../../avr/lib/avr5/libm.a(fp_inf.o)
                              /usr/lib/gcc/avr/7.3.0/../../../avr/lib/avr5/libm.a(mulsf3x.o) (__fp_inf)
/usr/lib/gcc/avr/7.3.0/../../../avr/lib/avr5/libm.a(fp_nan.o)
                              /usr/lib/gcc/avr/7.3.0/../../../avr/lib/avr5/libm.a(mulsf3x.o) (__fp_nan)
/usr/lib/gcc/avr/7.3.0/../../../avr/lib/avr5/libm.a(fp_pscA.o)
                              /usr/lib/gcc/avr/7.3.0/../../../avr/lib/avr5/libm.a(mulsf3x.o) (__fp_pscA)
/usr/lib/gcc/avr/7.3.0/../../../avr/lib/avr5/libm.a(fp_pscB.o)
                              /usr/lib/gcc/avr/7.3.0/../../../avr/lib/avr5/libm.a(mulsf3x.o) (__fp_pscB)
/usr/lib/gcc/avr/7.3.0/../../../avr/lib/avr5/libm.a(fp_round.o)
                              /usr/lib/gcc/avr/7.3.0/../../../avr/lib/avr5/libm.a(mulsf3.o) (__fp_round)

Allocating common symbols
Common symbol       size              file

colon_pin           0x7               /tmp/ccX6Dc4Q.o
user_onRequest      0x2               /tmp/ccdReN5V.o
year_state          0x2               main.o
month_day_state     0x2               main.o
plus_button         0x24              main.o
testing_state       0x2               main.o
digit_pins          0x1c              /tmp/ccX6Dc4Q.o
hour_min_state      0x2               main.o
display_data        0xa               /tmp/ccX6Dc4Q.o
flash_colon         0x1               /tmp/ccX6Dc4Q.o
alarm_state         0x2               main.o
prev_millis_flash   0x4               /tmp/ccX6Dc4Q.o
main_state          0x2               main.o
humidity_state      0x2               main.o
minus_button        0x24              main.o
segment_pins        0x38              /tmp/ccX6Dc4Q.o
rxBuffer            0x20              /tmp/ccdReN5V.o
display_updated     0x1               main.o
txBuffer            0x20              /tmp/ccdReN5V.o
flash_digits_minutes
                    0x1               /tmp/ccX6Dc4Q.o
state_start         0x1               main.o
adjust_button       0x24              main.o
_tm                 0x11              /tmp/cccxHuOp.o
temperature_state   0x2               main.o
flash_all_digits    0x1               /tmp/ccX6Dc4Q.o
main_state_swapped  0x1               main.o
clock_time          0x11              main.o
t_millis            0x4               main.o
user_onReceive      0x2               /tmp/ccdReN5V.o
flash_digits_hours  0x1               /tmp/ccX6Dc4Q.o
millis              0x4               /tmp/cc4LoToI.o

Memory Configuration

Name             Origin             Length             Attributes
text             0x0000000000000000 0x0000000000008000 xr
data             0x0000000000800100 0x0000000000000800 rw !x
eeprom           0x0000000000810000 0x0000000000000400 rw !x
fuse             0x0000000000820000 0x0000000000000003 rw !x
lock             0x0000000000830000 0x0000000000000400 rw !x
signature        0x0000000000840000 0x0000000000000400 rw !x
user_signatures  0x0000000000850000 0x0000000000000400 rw !x
*default*        0x0000000000000000 0xffffffffffffffff

Linker script and memory map

Address of section .data set to 0x800100
LOAD /usr/lib/gcc/avr/7.3.0/../../../avr/lib/avr5/crtatmega328p.o
LOAD main.o
LOAD /tmp/cc4LoToI.o
LOAD /tmp/cc1GbLa7.o
LOAD /tmp/cc4crviI.o
LOAD /tmp/ccX6Dc4Q.o
LOAD /tmp/cccxHuOp.o
LOAD /tmp/ccdReN5V.o
LOAD /tmp/ccUBUx3B.o
START GROUP
LOAD /usr/lib/gcc/avr/7.3.0/avr5/libgcc.a
LOAD /usr/lib/gcc/avr/7.3.0/../../../avr/lib/avr5/libm.a
LOAD /usr/lib/gcc/avr/7.3.0/../../../avr/lib/avr5/libc.a
LOAD /usr/lib/gcc/avr/7.3.0/../../../avr/lib/avr5/libatmega328p.a
END GROUP
                0x0000000000000000                __TEXT_REGION_ORIGIN__ = DEFINED (__TEXT_REGION_ORIGIN__)?__TEXT_REGION_ORIGIN__:0x0
                [0x0000000000800100]                __DATA_REGION_ORIGIN__ = DEFINED (__DATA_REGION_ORIGIN__)?__DATA_REGION_ORIGIN__:0x800060
                [0x0000000000008000]                __TEXT_REGION_LENGTH__ = DEFINED (__TEXT_REGION_LENGTH__)?__TEXT_REGION_LENGTH__:0x20000
                [0x0000000000000800]                __DATA_REGION_LENGTH__ = DEFINED (__DATA_REGION_LENGTH__)?__DATA_REGION_LENGTH__:0xffa0
                [0x0000000000000400]                __EEPROM_REGION_LENGTH__ = DEFINED (__EEPROM_REGION_LENGTH__)?__EEPROM_REGION_LENGTH__:0x10000
                [0x0000000000000003]                __FUSE_REGION_LENGTH__ = DEFINED (__FUSE_REGION_LENGTH__)?__FUSE_REGION_LENGTH__:0x400
                0x0000000000000400                __LOCK_REGION_LENGTH__ = DEFINED (__LOCK_REGION_LENGTH__)?__LOCK_REGION_LENGTH__:0x400
                0x0000000000000400                __SIGNATURE_REGION_LENGTH__ = DEFINED (__SIGNATURE_REGION_LENGTH__)?__SIGNATURE_REGION_LENGTH__:0x400
                0x0000000000000400                __USER_SIGNATURE_REGION_LENGTH__ = DEFINED (__USER_SIGNATURE_REGION_LENGTH__)?__USER_SIGNATURE_REGION_LENGTH__:0x400

.hash
 *(.hash)

.dynsym
 *(.dynsym)

.dynstr
 *(.dynstr)

.gnu.version
 *(.gnu.version)

.gnu.version_d
 *(.gnu.version_d)

.gnu.version_r
 *(.gnu.version_r)

.rel.init
 *(.rel.init)

.rela.init
 *(.rela.init)

.rel.text
 *(.rel.text)
 *(.rel.text.*)
 *(.rel.gnu.linkonce.t*)

.rela.text
 *(.rela.text)
 *(.rela.text.*)
 *(.rela.gnu.linkonce.t*)

.rel.fini
 *(.rel.fini)

.rela.fini
 *(.rela.fini)

.rel.rodata
 *(.rel.rodata)
 *(.rel.rodata.*)
 *(.rel.gnu.linkonce.r*)

.rela.rodata
 *(.rela.rodata)
 *(.rela.rodata.*)
 *(.rela.gnu.linkonce.r*)

.rel.data
 *(.rel.data)
 *(.rel.data.*)
 *(.rel.gnu.linkonce.d*)

.rela.data
 *(.rela.data)
 *(.rela.data.*)
 *(.rela.gnu.linkonce.d*)

.rel.ctors
 *(.rel.ctors)

.rela.ctors
 *(.rela.ctors)

.rel.dtors
 *(.rel.dtors)

.rela.dtors
 *(.rela.dtors)

.rel.got
 *(.rel.got)

.rela.got
 *(.rela.got)

.rel.bss
 *(.rel.bss)

.rela.bss
 *(.rela.bss)

.rel.plt
 *(.rel.plt)

.rela.plt
 *(.rela.plt)

.text           0x0000000000000000     0x2976
 *(.vectors)
 .vectors       0x0000000000000000       0x68 /usr/lib/gcc/avr/7.3.0/../../../avr/lib/avr5/crtatmega328p.o
                0x0000000000000000                __vectors
                0x0000000000000000                __vector_default
 *(.vectors)
 *(.progmem.gcc*)
                0x0000000000000068                . = ALIGN (0x2)
                0x0000000000000068                __trampolines_start = .
 *(.trampolines)
 .trampolines   0x0000000000000068        0x0 linker stubs
 *(.trampolines*)
                0x0000000000000068                __trampolines_end = .
 *libprintf_flt.a:*(.progmem.data)
 *libc.a:*(.progmem.data)
 *(.progmem*)
                0x0000000000000068                . = ALIGN (0x2)
 *(.jumptables)
 *(.jumptables*)
 *(.lowtext)
 *(.lowtext*)
                0x0000000000000068                __ctors_start = .
 *(.ctors)
                0x0000000000000068                __ctors_end = .
                0x0000000000000068                __dtors_start = .
 *(.dtors)
                0x0000000000000068                __dtors_end = .
 SORT(*)(.ctors)
 SORT(*)(.dtors)
 *(.init0)
 .init0         0x0000000000000068        0x0 /usr/lib/gcc/avr/7.3.0/../../../avr/lib/avr5/crtatmega328p.o
                0x0000000000000068                __init
 *(.init0)
 *(.init1)
 *(.init1)
 *(.init2)
 .init2         0x0000000000000068        0xc /usr/lib/gcc/avr/7.3.0/../../../avr/lib/avr5/crtatmega328p.o
 *(.init2)
 *(.init3)
 *(.init3)
 *(.init4)
 .init4         0x0000000000000074       0x16 /usr/lib/gcc/avr/7.3.0/avr5/libgcc.a(_copy_data.o)
                0x0000000000000074                __do_copy_data
 .init4         0x000000000000008a       0x10 /usr/lib/gcc/avr/7.3.0/avr5/libgcc.a(_clear_bss.o)
                0x000000000000008a                __do_clear_bss
 *(.init4)
 *(.init5)
 *(.init5)
 *(.init6)
 *(.init6)
 *(.init7)
 *(.init7)
 *(.init8)
 *(.init8)
 *(.init9)
 .init9         0x000000000000009a        0x8 /usr/lib/gcc/avr/7.3.0/../../../avr/lib/avr5/crtatmega328p.o
 *(.init9)
 *(.text)
 .text          0x00000000000000a2        0x4 /usr/lib/gcc/avr/7.3.0/../../../avr/lib/avr5/crtatmega328p.o
                0x00000000000000a2                __vector_22
                0x00000000000000a2                __vector_1
                0x00000000000000a2                __vector_12
                0x00000000000000a2                __bad_interrupt
                0x00000000000000a2                __vector_6
                0x00000000000000a2                __vector_3
                0x00000000000000a2                __vector_23
                0x00000000000000a2                __vector_25
                0x00000000000000a2                __vector_11
                0x00000000000000a2                __vector_13
                0x00000000000000a2                __vector_17
                0x00000000000000a2                __vector_19
                0x00000000000000a2                __vector_7
                0x00000000000000a2                __vector_5
                0x00000000000000a2                __vector_4
                0x00000000000000a2                __vector_9
                0x00000000000000a2                __vector_2
                0x00000000000000a2                __vector_21
                0x00000000000000a2                __vector_15
                0x00000000000000a2                __vector_8
                0x00000000000000a2                __vector_10
                0x00000000000000a2                __vector_16
                0x00000000000000a2                __vector_18
                0x00000000000000a2                __vector_20
 .text          0x00000000000000a6      0x390 main.o
                0x00000000000000a6                increment_hour
                0x00000000000000ca                decrement_hour
                0x00000000000000f2                increment_minute
                0x0000000000000116                decrement_minute
                0x000000000000013e                __vector_14
                0x000000000000018a                new_state_start
                0x00000000000001a4                increment_main_state
                0x00000000000001de                decrement_main_state
                0x000000000000021c                swap_hour_min_state
                0x0000000000000246                swap_testing_state
                0x0000000000000270                swap_alarm_state
                0x000000000000029a                swap_month_day_state
                0x00000000000002c4                swap_year_state
                0x00000000000002ee                swap_temperature_state
                0x0000000000000318                swap_humidity_state
                0x0000000000000342                increment_month
                0x000000000000036a                decrement_month
                0x0000000000000392                increment_day
                0x00000000000003ba                decrement_day
                0x00000000000003e2                increment_year
                0x000000000000040c                decrement_year
 .text          0x0000000000000436       0xcc /tmp/cc4LoToI.o
                0x0000000000000436                millis_timer_ISR_loop
                0x000000000000045e                millis_timer_init
                0x0000000000000492                get_millis
                0x00000000000004aa                get_micros
 .text          0x0000000000000502      0x158 /tmp/cc1GbLa7.o
                0x0000000000000502                gpio_set_pin_output
                0x0000000000000524                gpio_set_pin_input
                0x0000000000000546                gpio_set_pin_input_pullup
                0x000000000000057a                gpio_toggle_pin_mode
                0x000000000000059c                gpio_read_pin
                0x00000000000005c0                gpio_set_pin_val
                0x00000000000005ee                gpio_set_pin_high
                0x0000000000000612                gpio_set_pin_low
                0x0000000000000636                gpio_toggle_pin_output
 .text          0x000000000000065a      0x290 /tmp/cc4crviI.o
                0x000000000000065a                button_setup
                0x0000000000000692                button_set_debounce_ms
                0x000000000000069a                button_set_click_ms
                0x00000000000006a2                button_set_press_ms
                0x00000000000006aa                button_attach_single_click
                0x00000000000006b2                button_attach_double_click
                0x00000000000006ba                button_attach_long_press
                0x00000000000006c2                button_debounce
                0x0000000000000738                _newState
                0x0000000000000754                button_reset
                0x0000000000000772                button_fsm
                0x00000000000008d4                button_loop
 .text          0x00000000000008ea      0x7a0 /tmp/ccX6Dc4Q.o
                0x00000000000008ea                seven_segment_init
                0x00000000000009ae                seven_segment_loop_isr
                0x0000000000000a24                seven_segment_clear_all
                0x0000000000000a3c                seven_segment_set_all
                0x0000000000000a58                seven_segment_write_byte_to_digit
                0x0000000000000a90                seven_segment_write_bytes
                0x0000000000000ab4                seven_segment_write_digit_val_to_digit
                0x0000000000000ac2                seven_segment_write_digit_vals
                0x0000000000000aee                seven_segment_set_colon
                0x0000000000000af4                seven_segment_set_decimal_point
                0x0000000000000b04                seven_segment_flashing_loop
                0x0000000000000c12                seven_segment_flash_colon
                0x0000000000000c18                seven_segment_flash_digits_minutes
                0x0000000000000c1e                seven_segment_flash_digits_hours
                0x0000000000000c24                seven_segment_flash_all_digits
                0x0000000000000c2a                seven_segment_show_hour_minute
                0x0000000000000cbc                seven_segment_show_month_day
                0x0000000000000d84                seven_segment_show_year
                0x0000000000000e1a                seven_segment_show_temperature
                0x0000000000000f96                seven_segment_show_humidity
 .text          0x000000000000108a      0xb86 /tmp/cccxHuOp.o
                0x000000000000108a                dec2bcd
                0x00000000000010ae                bcd2dec
                0x00000000000010c4                rtc_read_byte
                0x00000000000010e6                rtc_write_byte
                0x0000000000001108                rtc_init
                0x0000000000001166                rtc_is_ds1307
                0x000000000000116c                rtc_is_ds3231
                0x0000000000001172                rtc_set_ds1307
                0x000000000000117e                rtc_set_ds3231
                0x000000000000118a                rtc_get_time
                0x000000000000132a                rtc_get_time_s
                0x0000000000001418                rtc_set_time
                0x000000000000158c                rtc_set_time_s
                0x0000000000001624                rtc_run_clock
                0x0000000000001652                rtc_is_clock_running
                0x0000000000001668                ds3231_get_temp_int
                0x00000000000016de                rtc_force_temp_conversion
                0x000000000000174e                rtc_get_sram_byte
                0x0000000000001772                rtc_get_sram
                0x0000000000001796                rtc_set_sram_byte
                0x00000000000017ba                rtc_set_sram
                0x00000000000017de                rtc_SQW_enable
                0x0000000000001870                rtc_SQW_set_freq
                0x00000000000018f0                rtc_osc32kHz_enable
                0x0000000000001942                rtc_reset_alarm
                0x0000000000001982                rtc_set_alarm_s
                0x0000000000001a6c                rtc_set_alarm
                0x0000000000001a7e                rtc_get_alarm_s
                0x0000000000001b38                rtc_get_alarm
                0x0000000000001b82                rtc_check_alarm
 .text          0x0000000000001c10      0x1f8 /tmp/ccdReN5V.o
                0x0000000000001c10                onReceiveService
                0x0000000000001c72                onRequestService
                0x0000000000001c8a                twi_init_master
                0x0000000000001c9e                twi_init_slave
                0x0000000000001cc6                twi_request_from
                0x0000000000001ce0                twi_begin_transmission
                0x0000000000001cf4                twi_end_transmission
                0x0000000000001d14                twi_send_byte
                0x0000000000001d6c                twi_send
                0x0000000000001db2                twi_send_char
                0x0000000000001dc6                twi_available
                0x0000000000001dd2                twi_receive
                0x0000000000001df4                twi_set_on_receive
                0x0000000000001dfe                twi_set_on_request
 .text          0x0000000000001e08      0x576 /tmp/ccUBUx3B.o
                0x0000000000001e08                twi_init
                0x0000000000001e2e                twi_setAddress
                0x0000000000001e36                twi_readFrom
                0x0000000000001ea2                twi_writeTo
                0x0000000000001f2a                twi_transmit
                0x0000000000001f64                twi_attachSlaveRxEvent
                0x0000000000001f6e                twi_attachSlaveTxEvent
                0x0000000000001f78                twi_reply
                0x0000000000001f8c                twi_stop
                0x0000000000001fa0                twi_releaseBus
                0x0000000000001fac                __vector_24
 .text          0x000000000000237e        0x0 /usr/lib/gcc/avr/7.3.0/avr5/libgcc.a(_divmodhi4.o)
 .text          0x000000000000237e        0x0 /usr/lib/gcc/avr/7.3.0/avr5/libgcc.a(_exit.o)
 .text          0x000000000000237e        0x0 /usr/lib/gcc/avr/7.3.0/avr5/libgcc.a(_tablejump2.o)
 .text          0x000000000000237e        0x0 /usr/lib/gcc/avr/7.3.0/avr5/libgcc.a(_copy_data.o)
 .text          0x000000000000237e        0x0 /usr/lib/gcc/avr/7.3.0/avr5/libgcc.a(_clear_bss.o)
 .text          0x000000000000237e        0x0 /usr/lib/gcc/avr/7.3.0/avr5/libgcc.a(_muluhisi3.o)
 .text          0x000000000000237e        0x0 /usr/lib/gcc/avr/7.3.0/avr5/libgcc.a(_udivmodhi4.o)
 .text          0x000000000000237e        0x0 /usr/lib/gcc/avr/7.3.0/avr5/libgcc.a(_umulhisi3.o)
 .text          0x000000000000237e        0x0 /usr/lib/gcc/avr/7.3.0/../../../avr/lib/avr5/libm.a(cmpsf2.o)
 .text          0x000000000000237e        0x0 /usr/lib/gcc/avr/7.3.0/../../../avr/lib/avr5/libm.a(fixsfsi.o)
 .text          0x000000000000237e        0x0 /usr/lib/gcc/avr/7.3.0/../../../avr/lib/avr5/libm.a(fixunssfsi.o)
 .text          0x000000000000237e        0x0 /usr/lib/gcc/avr/7.3.0/../../../avr/lib/avr5/libm.a(fp_cmp.o)
 .text          0x000000000000237e        0x0 /usr/lib/gcc/avr/7.3.0/../../../avr/lib/avr5/libm.a(fp_split3.o)
 .text          0x000000000000237e        0x0 /usr/lib/gcc/avr/7.3.0/../../../avr/lib/avr5/libm.a(fp_zero.o)
 .text          0x000000000000237e        0x0 /usr/lib/gcc/avr/7.3.0/../../../avr/lib/avr5/libm.a(gesf2.o)
 .text          0x000000000000237e        0x0 /usr/lib/gcc/avr/7.3.0/../../../avr/lib/avr5/libm.a(mulsf3.o)
 .text          0x000000000000237e        0x0 /usr/lib/gcc/avr/7.3.0/../../../avr/lib/avr5/libm.a(mulsf3x.o)
 .text          0x000000000000237e        0x0 /usr/lib/gcc/avr/7.3.0/../../../avr/lib/avr5/libm.a(fp_inf.o)
 .text          0x000000000000237e        0x0 /usr/lib/gcc/avr/7.3.0/../../../avr/lib/avr5/libm.a(fp_nan.o)
 .text          0x000000000000237e        0x0 /usr/lib/gcc/avr/7.3.0/../../../avr/lib/avr5/libm.a(fp_pscA.o)
 .text          0x000000000000237e        0x0 /usr/lib/gcc/avr/7.3.0/../../../avr/lib/avr5/libm.a(fp_pscB.o)
 .text          0x000000000000237e        0x0 /usr/lib/gcc/avr/7.3.0/../../../avr/lib/avr5/libm.a(fp_round.o)
                0x000000000000237e                . = ALIGN (0x2)
 *(.text.*)
 .text.startup  0x000000000000237e      0x320 main.o
                0x000000000000237e                main
 .text.libgcc.mul
                0x000000000000269e        0x0 /usr/lib/gcc/avr/7.3.0/avr5/libgcc.a(_divmodhi4.o)
 .text.libgcc.div
                0x000000000000269e       0x28 /usr/lib/gcc/avr/7.3.0/avr5/libgcc.a(_divmodhi4.o)
                0x000000000000269e                __divmodhi4
                0x000000000000269e                _div
 .text.libgcc   0x00000000000026c6        0x0 /usr/lib/gcc/avr/7.3.0/avr5/libgcc.a(_divmodhi4.o)
 .text.libgcc.prologue
                0x00000000000026c6        0x0 /usr/lib/gcc/avr/7.3.0/avr5/libgcc.a(_divmodhi4.o)
 .text.libgcc.builtins
                0x00000000000026c6        0x0 /usr/lib/gcc/avr/7.3.0/avr5/libgcc.a(_divmodhi4.o)
 .text.libgcc.fmul
                0x00000000000026c6        0x0 /usr/lib/gcc/avr/7.3.0/avr5/libgcc.a(_divmodhi4.o)
 .text.libgcc.fixed
                0x00000000000026c6        0x0 /usr/lib/gcc/avr/7.3.0/avr5/libgcc.a(_divmodhi4.o)
 .text.libgcc.mul
                0x00000000000026c6        0x0 /usr/lib/gcc/avr/7.3.0/avr5/libgcc.a(_exit.o)
 .text.libgcc.div
                0x00000000000026c6        0x0 /usr/lib/gcc/avr/7.3.0/avr5/libgcc.a(_exit.o)
 .text.libgcc   0x00000000000026c6        0x0 /usr/lib/gcc/avr/7.3.0/avr5/libgcc.a(_exit.o)
 .text.libgcc.prologue
                0x00000000000026c6        0x0 /usr/lib/gcc/avr/7.3.0/avr5/libgcc.a(_exit.o)
 .text.libgcc.builtins
                0x00000000000026c6        0x0 /usr/lib/gcc/avr/7.3.0/avr5/libgcc.a(_exit.o)
 .text.libgcc.fmul
                0x00000000000026c6        0x0 /usr/lib/gcc/avr/7.3.0/avr5/libgcc.a(_exit.o)
 .text.libgcc.fixed
                0x00000000000026c6        0x0 /usr/lib/gcc/avr/7.3.0/avr5/libgcc.a(_exit.o)
 .text.libgcc.mul
                0x00000000000026c6        0x0 /usr/lib/gcc/avr/7.3.0/avr5/libgcc.a(_tablejump2.o)
 .text.libgcc.div
                0x00000000000026c6        0x0 /usr/lib/gcc/avr/7.3.0/avr5/libgcc.a(_tablejump2.o)
 .text.libgcc   0x00000000000026c6        0xc /usr/lib/gcc/avr/7.3.0/avr5/libgcc.a(_tablejump2.o)
                0x00000000000026c6                __tablejump2__
 .text.libgcc.prologue
                0x00000000000026d2        0x0 /usr/lib/gcc/avr/7.3.0/avr5/libgcc.a(_tablejump2.o)
 .text.libgcc.builtins
                0x00000000000026d2        0x0 /usr/lib/gcc/avr/7.3.0/avr5/libgcc.a(_tablejump2.o)
 .text.libgcc.fmul
                0x00000000000026d2        0x0 /usr/lib/gcc/avr/7.3.0/avr5/libgcc.a(_tablejump2.o)
 .text.libgcc.fixed
                0x00000000000026d2        0x0 /usr/lib/gcc/avr/7.3.0/avr5/libgcc.a(_tablejump2.o)
 .text.libgcc.mul
                0x00000000000026d2        0x0 /usr/lib/gcc/avr/7.3.0/avr5/libgcc.a(_copy_data.o)
 .text.libgcc.div
                0x00000000000026d2        0x0 /usr/lib/gcc/avr/7.3.0/avr5/libgcc.a(_copy_data.o)
 .text.libgcc   0x00000000000026d2        0x0 /usr/lib/gcc/avr/7.3.0/avr5/libgcc.a(_copy_data.o)
 .text.libgcc.prologue
                0x00000000000026d2        0x0 /usr/lib/gcc/avr/7.3.0/avr5/libgcc.a(_copy_data.o)
 .text.libgcc.builtins
                0x00000000000026d2        0x0 /usr/lib/gcc/avr/7.3.0/avr5/libgcc.a(_copy_data.o)
 .text.libgcc.fmul
                0x00000000000026d2        0x0 /usr/lib/gcc/avr/7.3.0/avr5/libgcc.a(_copy_data.o)
 .text.libgcc.fixed
                0x00000000000026d2        0x0 /usr/lib/gcc/avr/7.3.0/avr5/libgcc.a(_copy_data.o)
 .text.libgcc.mul
                0x00000000000026d2        0x0 /usr/lib/gcc/avr/7.3.0/avr5/libgcc.a(_clear_bss.o)
 .text.libgcc.div
                0x00000000000026d2        0x0 /usr/lib/gcc/avr/7.3.0/avr5/libgcc.a(_clear_bss.o)
 .text.libgcc   0x00000000000026d2        0x0 /usr/lib/gcc/avr/7.3.0/avr5/libgcc.a(_clear_bss.o)
 .text.libgcc.prologue
                0x00000000000026d2        0x0 /usr/lib/gcc/avr/7.3.0/avr5/libgcc.a(_clear_bss.o)
 .text.libgcc.builtins
                0x00000000000026d2        0x0 /usr/lib/gcc/avr/7.3.0/avr5/libgcc.a(_clear_bss.o)
 .text.libgcc.fmul
                0x00000000000026d2        0x0 /usr/lib/gcc/avr/7.3.0/avr5/libgcc.a(_clear_bss.o)
 .text.libgcc.fixed
                0x00000000000026d2        0x0 /usr/lib/gcc/avr/7.3.0/avr5/libgcc.a(_clear_bss.o)
 .text.libgcc.mul
                0x00000000000026d2       0x16 /usr/lib/gcc/avr/7.3.0/avr5/libgcc.a(_muluhisi3.o)
                0x00000000000026d2                __muluhisi3
 .text.libgcc.div
                0x00000000000026e8        0x0 /usr/lib/gcc/avr/7.3.0/avr5/libgcc.a(_muluhisi3.o)
 .text.libgcc   0x00000000000026e8        0x0 /usr/lib/gcc/avr/7.3.0/avr5/libgcc.a(_muluhisi3.o)
 .text.libgcc.prologue
                0x00000000000026e8        0x0 /usr/lib/gcc/avr/7.3.0/avr5/libgcc.a(_muluhisi3.o)
 .text.libgcc.builtins
                0x00000000000026e8        0x0 /usr/lib/gcc/avr/7.3.0/avr5/libgcc.a(_muluhisi3.o)
 .text.libgcc.fmul
                0x00000000000026e8        0x0 /usr/lib/gcc/avr/7.3.0/avr5/libgcc.a(_muluhisi3.o)
 .text.libgcc.fixed
                0x00000000000026e8        0x0 /usr/lib/gcc/avr/7.3.0/avr5/libgcc.a(_muluhisi3.o)
 .text.libgcc.mul
                0x00000000000026e8        0x0 /usr/lib/gcc/avr/7.3.0/avr5/libgcc.a(_udivmodhi4.o)
 .text.libgcc.div
                0x00000000000026e8       0x28 /usr/lib/gcc/avr/7.3.0/avr5/libgcc.a(_udivmodhi4.o)
                0x00000000000026e8                __udivmodhi4
 .text.libgcc   0x0000000000002710        0x0 /usr/lib/gcc/avr/7.3.0/avr5/libgcc.a(_udivmodhi4.o)
 .text.libgcc.prologue
                0x0000000000002710        0x0 /usr/lib/gcc/avr/7.3.0/avr5/libgcc.a(_udivmodhi4.o)
 .text.libgcc.builtins
                0x0000000000002710        0x0 /usr/lib/gcc/avr/7.3.0/avr5/libgcc.a(_udivmodhi4.o)
 .text.libgcc.fmul
                0x0000000000002710        0x0 /usr/lib/gcc/avr/7.3.0/avr5/libgcc.a(_udivmodhi4.o)
 .text.libgcc.fixed
                0x0000000000002710        0x0 /usr/lib/gcc/avr/7.3.0/avr5/libgcc.a(_udivmodhi4.o)
 .text.libgcc.mul
                0x0000000000002710       0x1e /usr/lib/gcc/avr/7.3.0/avr5/libgcc.a(_umulhisi3.o)
                0x0000000000002710                __umulhisi3
 .text.libgcc.div
                0x000000000000272e        0x0 /usr/lib/gcc/avr/7.3.0/avr5/libgcc.a(_umulhisi3.o)
 .text.libgcc   0x000000000000272e        0x0 /usr/lib/gcc/avr/7.3.0/avr5/libgcc.a(_umulhisi3.o)
 .text.libgcc.prologue
                0x000000000000272e        0x0 /usr/lib/gcc/avr/7.3.0/avr5/libgcc.a(_umulhisi3.o)
 .text.libgcc.builtins
                0x000000000000272e        0x0 /usr/lib/gcc/avr/7.3.0/avr5/libgcc.a(_umulhisi3.o)
 .text.libgcc.fmul
                0x000000000000272e        0x0 /usr/lib/gcc/avr/7.3.0/avr5/libgcc.a(_umulhisi3.o)
 .text.libgcc.fixed
                0x000000000000272e        0x0 /usr/lib/gcc/avr/7.3.0/avr5/libgcc.a(_umulhisi3.o)
 .text.avr-libc.fplib
                0x000000000000272e        0xa /usr/lib/gcc/avr/7.3.0/../../../avr/lib/avr5/libm.a(cmpsf2.o)
                0x000000000000272e                __lesf2
                0x000000000000272e                __nesf2
                0x000000000000272e                __eqsf2
                0x000000000000272e                __cmpsf2
                0x000000000000272e                __ltsf2
 .text.avr-libc.fplib
                0x0000000000002738        0xe /usr/lib/gcc/avr/7.3.0/../../../avr/lib/avr5/libm.a(fixsfsi.o)
                0x0000000000002738                __fixsfsi
 .text.avr-libc.fplib
                0x0000000000002746       0x5e /usr/lib/gcc/avr/7.3.0/../../../avr/lib/avr5/libm.a(fixunssfsi.o)
                0x0000000000002746                __fixunssfsi
 .text.avr-libc.fplib
                0x00000000000027a4       0x48 /usr/lib/gcc/avr/7.3.0/../../../avr/lib/avr5/libm.a(fp_cmp.o)
                0x00000000000027a4                __fp_cmp
 .text.avr-libc.fplib
                0x00000000000027ec       0x44 /usr/lib/gcc/avr/7.3.0/../../../avr/lib/avr5/libm.a(fp_split3.o)
                0x00000000000027ec                __fp_split3
                0x00000000000027fc                __fp_splitA
 .text.avr-libc.fplib
                0x0000000000002830        0xe /usr/lib/gcc/avr/7.3.0/../../../avr/lib/avr5/libm.a(fp_zero.o)
                0x0000000000002830                __fp_zero
                0x0000000000002832                __fp_szero
 .text.avr-libc.fplib
                0x000000000000283e        0xa /usr/lib/gcc/avr/7.3.0/../../../avr/lib/avr5/libm.a(gesf2.o)
                0x000000000000283e                __gtsf2
                0x000000000000283e                __gesf2
 .text.avr-libc.fplib
                0x0000000000002848        0x8 /usr/lib/gcc/avr/7.3.0/../../../avr/lib/avr5/libm.a(mulsf3.o)
                0x0000000000002848                __mulsf3
 .text.avr-libc.fplib
                0x0000000000002850       0xd2 /usr/lib/gcc/avr/7.3.0/../../../avr/lib/avr5/libm.a(mulsf3x.o)
                0x000000000000286e                __mulsf3x
                0x0000000000002874                __mulsf3_pse
 .text.avr-libc.fplib
                0x0000000000002922        0xc /usr/lib/gcc/avr/7.3.0/../../../avr/lib/avr5/libm.a(fp_inf.o)
                0x0000000000002922                __fp_inf
 .text.avr-libc.fplib
                0x000000000000292e        0x6 /usr/lib/gcc/avr/7.3.0/../../../avr/lib/avr5/libm.a(fp_nan.o)
                0x000000000000292e                __fp_nan
 .text.avr-libc.fplib
                0x0000000000002934        0xe /usr/lib/gcc/avr/7.3.0/../../../avr/lib/avr5/libm.a(fp_pscA.o)
                0x0000000000002934                __fp_pscA
 .text.avr-libc.fplib
                0x0000000000002942        0xe /usr/lib/gcc/avr/7.3.0/../../../avr/lib/avr5/libm.a(fp_pscB.o)
                0x0000000000002942                __fp_pscB
 .text.avr-libc.fplib
                0x0000000000002950       0x22 /usr/lib/gcc/avr/7.3.0/../../../avr/lib/avr5/libm.a(fp_round.o)
                0x0000000000002950                __fp_round
                0x0000000000002972                . = ALIGN (0x2)
 *(.fini9)
 .fini9         0x0000000000002972        0x0 /usr/lib/gcc/avr/7.3.0/avr5/libgcc.a(_exit.o)
                0x0000000000002972                exit
                0x0000000000002972                _exit
 *(.fini9)
 *(.fini8)
 *(.fini8)
 *(.fini7)
 *(.fini7)
 *(.fini6)
 *(.fini6)
 *(.fini5)
 *(.fini5)
 *(.fini4)
 *(.fini4)
 *(.fini3)
 *(.fini3)
 *(.fini2)
 *(.fini2)
 *(.fini1)
 *(.fini1)
 *(.fini0)
 .fini0         0x0000000000002972        0x4 /usr/lib/gcc/avr/7.3.0/avr5/libgcc.a(_exit.o)
 *(.fini0)
                0x0000000000002976                _etext = .

.data           0x0000000000800100       0x12 load address 0x0000000000002976
                0x0000000000800100                PROVIDE (__data_start, .)
 *(.data)
 .data          0x0000000000800100        0x0 /usr/lib/gcc/avr/7.3.0/../../../avr/lib/avr5/crtatmega328p.o
 .data          0x0000000000800100        0x0 main.o
 .data          0x0000000000800100        0x0 /tmp/cc4LoToI.o
 .data          0x0000000000800100        0x0 /tmp/cc1GbLa7.o
 .data          0x0000000000800100        0x0 /tmp/cc4crviI.o
 .data          0x0000000000800100        0x0 /tmp/ccX6Dc4Q.o
 .data          0x0000000000800100        0x0 /tmp/cccxHuOp.o
 .data          0x0000000000800100        0x0 /tmp/ccdReN5V.o
 .data          0x0000000000800100        0x0 /tmp/ccUBUx3B.o
 .data          0x0000000000800100        0x0 /usr/lib/gcc/avr/7.3.0/avr5/libgcc.a(_divmodhi4.o)
 .data          0x0000000000800100        0x0 /usr/lib/gcc/avr/7.3.0/avr5/libgcc.a(_exit.o)
 .data          0x0000000000800100        0x0 /usr/lib/gcc/avr/7.3.0/avr5/libgcc.a(_tablejump2.o)
 .data          0x0000000000800100        0x0 /usr/lib/gcc/avr/7.3.0/avr5/libgcc.a(_copy_data.o)
 .data          0x0000000000800100        0x0 /usr/lib/gcc/avr/7.3.0/avr5/libgcc.a(_clear_bss.o)
 .data          0x0000000000800100        0x0 /usr/lib/gcc/avr/7.3.0/avr5/libgcc.a(_muluhisi3.o)
 .data          0x0000000000800100        0x0 /usr/lib/gcc/avr/7.3.0/avr5/libgcc.a(_udivmodhi4.o)
 .data          0x0000000000800100        0x0 /usr/lib/gcc/avr/7.3.0/avr5/libgcc.a(_umulhisi3.o)
 .data          0x0000000000800100        0x0 /usr/lib/gcc/avr/7.3.0/../../../avr/lib/avr5/libm.a(cmpsf2.o)
 .data          0x0000000000800100        0x0 /usr/lib/gcc/avr/7.3.0/../../../avr/lib/avr5/libm.a(fixsfsi.o)
 .data          0x0000000000800100        0x0 /usr/lib/gcc/avr/7.3.0/../../../avr/lib/avr5/libm.a(fixunssfsi.o)
 .data          0x0000000000800100        0x0 /usr/lib/gcc/avr/7.3.0/../../../avr/lib/avr5/libm.a(fp_cmp.o)
 .data          0x0000000000800100        0x0 /usr/lib/gcc/avr/7.3.0/../../../avr/lib/avr5/libm.a(fp_split3.o)
 .data          0x0000000000800100        0x0 /usr/lib/gcc/avr/7.3.0/../../../avr/lib/avr5/libm.a(fp_zero.o)
 .data          0x0000000000800100        0x0 /usr/lib/gcc/avr/7.3.0/../../../avr/lib/avr5/libm.a(gesf2.o)
 .data          0x0000000000800100        0x0 /usr/lib/gcc/avr/7.3.0/../../../avr/lib/avr5/libm.a(mulsf3.o)
 .data          0x0000000000800100        0x0 /usr/lib/gcc/avr/7.3.0/../../../avr/lib/avr5/libm.a(mulsf3x.o)
 .data          0x0000000000800100        0x0 /usr/lib/gcc/avr/7.3.0/../../../avr/lib/avr5/libm.a(fp_inf.o)
 .data          0x0000000000800100        0x0 /usr/lib/gcc/avr/7.3.0/../../../avr/lib/avr5/libm.a(fp_nan.o)
 .data          0x0000000000800100        0x0 /usr/lib/gcc/avr/7.3.0/../../../avr/lib/avr5/libm.a(fp_pscA.o)
 .data          0x0000000000800100        0x0 /usr/lib/gcc/avr/7.3.0/../../../avr/lib/avr5/libm.a(fp_pscB.o)
 .data          0x0000000000800100        0x0 /usr/lib/gcc/avr/7.3.0/../../../avr/lib/avr5/libm.a(fp_round.o)
 *(.data*)
 *(.gnu.linkonce.d*)
 *(.rodata)
 .rodata        0x0000000000800100       0x11 /tmp/ccX6Dc4Q.o
                0x0000000000800100                digit_values
 *(.rodata*)
 *(.gnu.linkonce.r*)
                0x0000000000800112                . = ALIGN (0x2)
 *fill*         0x0000000000800111        0x1 
                0x0000000000800112                _edata = .
                0x0000000000800112                PROVIDE (__data_end, .)

.bss            0x0000000000800112      0x1ce
                0x0000000000800112                PROVIDE (__bss_start, .)
 *(.bss)
 .bss           0x0000000000800112        0x0 /usr/lib/gcc/avr/7.3.0/../../../avr/lib/avr5/crtatmega328p.o
 .bss           0x0000000000800112        0x0 main.o
 .bss           0x0000000000800112        0x0 /tmp/cc4LoToI.o
 .bss           0x0000000000800112        0x0 /tmp/cc1GbLa7.o
 .bss           0x0000000000800112        0x0 /tmp/cc4crviI.o
 .bss           0x0000000000800112        0x0 /tmp/ccX6Dc4Q.o
 .bss           0x0000000000800112        0x2 /tmp/cccxHuOp.o
 .bss           0x0000000000800114        0x6 /tmp/ccdReN5V.o
                0x0000000000800114                transmitting
                0x0000000000800115                txBufferLength
                0x0000000000800116                txBufferIndex
                0x0000000000800117                txAddress
                0x0000000000800118                rxBufferLength
                0x0000000000800119                rxBufferIndex
 .bss           0x000000000080011a       0x6c /tmp/ccUBUx3B.o
 .bss           0x0000000000800186        0x0 /usr/lib/gcc/avr/7.3.0/avr5/libgcc.a(_divmodhi4.o)
 .bss           0x0000000000800186        0x0 /usr/lib/gcc/avr/7.3.0/avr5/libgcc.a(_exit.o)
 .bss           0x0000000000800186        0x0 /usr/lib/gcc/avr/7.3.0/avr5/libgcc.a(_tablejump2.o)
 .bss           0x0000000000800186        0x0 /usr/lib/gcc/avr/7.3.0/avr5/libgcc.a(_copy_data.o)
 .bss           0x0000000000800186        0x0 /usr/lib/gcc/avr/7.3.0/avr5/libgcc.a(_clear_bss.o)
 .bss           0x0000000000800186        0x0 /usr/lib/gcc/avr/7.3.0/avr5/libgcc.a(_muluhisi3.o)
 .bss           0x0000000000800186        0x0 /usr/lib/gcc/avr/7.3.0/avr5/libgcc.a(_udivmodhi4.o)
 .bss           0x0000000000800186        0x0 /usr/lib/gcc/avr/7.3.0/avr5/libgcc.a(_umulhisi3.o)
 .bss           0x0000000000800186        0x0 /usr/lib/gcc/avr/7.3.0/../../../avr/lib/avr5/libm.a(cmpsf2.o)
 .bss           0x0000000000800186        0x0 /usr/lib/gcc/avr/7.3.0/../../../avr/lib/avr5/libm.a(fixsfsi.o)
 .bss           0x0000000000800186        0x0 /usr/lib/gcc/avr/7.3.0/../../../avr/lib/avr5/libm.a(fixunssfsi.o)
 .bss           0x0000000000800186        0x0 /usr/lib/gcc/avr/7.3.0/../../../avr/lib/avr5/libm.a(fp_cmp.o)
 .bss           0x0000000000800186        0x0 /usr/lib/gcc/avr/7.3.0/../../../avr/lib/avr5/libm.a(fp_split3.o)
 .bss           0x0000000000800186        0x0 /usr/lib/gcc/avr/7.3.0/../../../avr/lib/avr5/libm.a(fp_zero.o)
 .bss           0x0000000000800186        0x0 /usr/lib/gcc/avr/7.3.0/../../../avr/lib/avr5/libm.a(gesf2.o)
 .bss           0x0000000000800186        0x0 /usr/lib/gcc/avr/7.3.0/../../../avr/lib/avr5/libm.a(mulsf3.o)
 .bss           0x0000000000800186        0x0 /usr/lib/gcc/avr/7.3.0/../../../avr/lib/avr5/libm.a(mulsf3x.o)
 .bss           0x0000000000800186        0x0 /usr/lib/gcc/avr/7.3.0/../../../avr/lib/avr5/libm.a(fp_inf.o)
 .bss           0x0000000000800186        0x0 /usr/lib/gcc/avr/7.3.0/../../../avr/lib/avr5/libm.a(fp_nan.o)
 .bss           0x0000000000800186        0x0 /usr/lib/gcc/avr/7.3.0/../../../avr/lib/avr5/libm.a(fp_pscA.o)
 .bss           0x0000000000800186        0x0 /usr/lib/gcc/avr/7.3.0/../../../avr/lib/avr5/libm.a(fp_pscB.o)
 .bss           0x0000000000800186        0x0 /usr/lib/gcc/avr/7.3.0/../../../avr/lib/avr5/libm.a(fp_round.o)
 *(.bss*)
 *(COMMON)
 COMMON         0x0000000000800186       0x94 main.o
                0x0000000000800186                year_state
                0x0000000000800188                month_day_state
                0x000000000080018a                plus_button
                0x00000000008001ae                testing_state
                0x00000000008001b0                hour_min_state
                0x00000000008001b2                alarm_state
                0x00000000008001b4                main_state
                0x00000000008001b6                humidity_state
                0x00000000008001b8                minus_button
                0x00000000008001dc                display_updated
                0x00000000008001dd                state_start
                0x00000000008001de                adjust_button
                0x0000000000800202                temperature_state
                0x0000000000800204                main_state_swapped
                0x0000000000800205                clock_time
                0x0000000000800216                t_millis
 COMMON         0x000000000080021a        0x4 /tmp/cc4LoToI.o
                0x000000000080021a                millis
 COMMON         0x000000000080021e       0x6d /tmp/ccX6Dc4Q.o
                0x000000000080021e                colon_pin
                0x0000000000800225                digit_pins
                0x0000000000800241                display_data
                0x000000000080024b                flash_colon
                0x000000000080024c                prev_millis_flash
                0x0000000000800250                segment_pins
                0x0000000000800288                flash_digits_minutes
                0x0000000000800289                flash_all_digits
                0x000000000080028a                flash_digits_hours
 COMMON         0x000000000080028b       0x11 /tmp/cccxHuOp.o
                0x000000000080028b                _tm
 COMMON         0x000000000080029c       0x44 /tmp/ccdReN5V.o
                0x000000000080029c                user_onRequest
                0x000000000080029e                rxBuffer
                0x00000000008002be                txBuffer
                0x00000000008002de                user_onReceive
                0x00000000008002e0                PROVIDE (__bss_end, .)
                0x0000000000002976                __data_load_start = LOADADDR (.data)
                0x0000000000002988                __data_load_end = (__data_load_start + SIZEOF (.data))

.noinit         0x00000000008002e0        0x0
                [!provide]                        PROVIDE (__noinit_start, .)
 *(.noinit*)
                [!provide]                        PROVIDE (__noinit_end, .)
                0x00000000008002e0                _end = .
                [!provide]                        PROVIDE (__heap_start, .)

.eeprom         0x0000000000810000        0x0
 *(.eeprom*)
                0x0000000000810000                __eeprom_end = .

.fuse
 *(.fuse)
 *(.lfuse)
 *(.hfuse)
 *(.efuse)

.lock
 *(.lock*)

.signature
 *(.signature*)

.user_signatures
 *(.user_signatures*)

.stab           0x0000000000000000     0x7404
 *(.stab)
 .stab          0x0000000000000000     0x162c main.o
 .stab          0x000000000000162c      0x624 /tmp/cc4LoToI.o
                                        0x7e0 (size before relaxing)
 .stab          0x0000000000001c50      0x678 /tmp/cc1GbLa7.o
                                        0x858 (size before relaxing)
 .stab          0x00000000000022c8      0xabc /tmp/cc4crviI.o
                                        0xd98 (size before relaxing)
 .stab          0x0000000000002d84     0x120c /tmp/ccX6Dc4Q.o
                                       0x14d0 (size before relaxing)
 .stab          0x0000000000003f90     0x1d34 /tmp/cccxHuOp.o
                                       0x1f20 (size before relaxing)
 .stab          0x0000000000005cc4      0xabc /tmp/ccdReN5V.o
                                        0xca8 (size before relaxing)
 .stab          0x0000000000006780      0xc84 /tmp/ccUBUx3B.o
                                        0xe94 (size before relaxing)

.stabstr        0x0000000000000000     0x2fae
 *(.stabstr)
 .stabstr       0x0000000000000000     0x2fae main.o

.stab.excl
 *(.stab.excl)

.stab.exclstr
 *(.stab.exclstr)

.stab.index
 *(.stab.index)

.stab.indexstr
 *(.stab.indexstr)

.comment        0x0000000000000000       0x11
 *(.comment)
 .comment       0x0000000000000000       0x11 main.o
                                         0x12 (size before relaxing)
 .comment       0x0000000000000011       0x12 /tmp/cc4LoToI.o
 .comment       0x0000000000000011       0x12 /tmp/cc1GbLa7.o
 .comment       0x0000000000000011       0x12 /tmp/cc4crviI.o
 .comment       0x0000000000000011       0x12 /tmp/ccX6Dc4Q.o
 .comment       0x0000000000000011       0x12 /tmp/cccxHuOp.o
 .comment       0x0000000000000011       0x12 /tmp/ccdReN5V.o
 .comment       0x0000000000000011       0x12 /tmp/ccUBUx3B.o

.note.gnu.avr.deviceinfo
                0x0000000000000000       0x40
 .note.gnu.avr.deviceinfo
                0x0000000000000000       0x40 /usr/lib/gcc/avr/7.3.0/../../../avr/lib/avr5/crtatmega328p.o

.avr.prop       0x0000000000000000       0x2c
 .avr.prop      0x0000000000000000       0x16 main.o
 .avr.prop      0x0000000000000016       0x16 /tmp/ccUBUx3B.o

.note.gnu.build-id
 *(.note.gnu.build-id)

.debug
 *(.debug)

.line
 *(.line)

.debug_srcinfo
 *(.debug_srcinfo)

.debug_sfnames
 *(.debug_sfnames)

.debug_aranges
 *(.debug_aranges)

.debug_pubnames
 *(.debug_pubnames)

.debug_info     0x0000000000000000      0x5f4
 *(.debug_info .gnu.linkonce.wi.*)
 .debug_info    0x0000000000000000      0x5f4 /usr/lib/gcc/avr/7.3.0/../../../avr/lib/avr5/crtatmega328p.o

.debug_abbrev   0x0000000000000000      0x5a2
 *(.debug_abbrev)
 .debug_abbrev  0x0000000000000000      0x5a2 /usr/lib/gcc/avr/7.3.0/../../../avr/lib/avr5/crtatmega328p.o

.debug_line     0x0000000000000000       0x1a
 *(.debug_line .debug_line.* .debug_line_end)
 .debug_line    0x0000000000000000       0x1a /usr/lib/gcc/avr/7.3.0/../../../avr/lib/avr5/crtatmega328p.o

.debug_frame
 *(.debug_frame)

.debug_str      0x0000000000000000      0x208
 *(.debug_str)
 .debug_str     0x0000000000000000      0x208 /usr/lib/gcc/avr/7.3.0/../../../avr/lib/avr5/crtatmega328p.o

.debug_loc
 *(.debug_loc)

.debug_macinfo
 *(.debug_macinfo)

.debug_weaknames
 *(.debug_weaknames)

.debug_funcnames
 *(.debug_funcnames)

.debug_typenames
 *(.debug_typenames)

.debug_varnames
 *(.debug_varnames)

.debug_pubtypes
 *(.debug_pubtypes)

.debug_ranges
 *(.debug_ranges)

.debug_macro
 *(.debug_macro)
OUTPUT(main.elf elf32-avr)
LOAD linker stubs
