Archive member included to satisfy reference by file (symbol)

/usr/lib/gcc/avr/7.3.0/avr5/libgcc.a(_divmodhi4.o)
                              /tmp/ccSNol0c.o (__divmodhi4)
/usr/lib/gcc/avr/7.3.0/avr5/libgcc.a(_exit.o)
                              /usr/lib/gcc/avr/7.3.0/../../../avr/lib/avr5/crtatmega328p.o (exit)
/usr/lib/gcc/avr/7.3.0/avr5/libgcc.a(_tablejump2.o)
                              main.o (__tablejump2__)
/usr/lib/gcc/avr/7.3.0/avr5/libgcc.a(_copy_data.o)
                              /tmp/ccSNol0c.o (__do_copy_data)
/usr/lib/gcc/avr/7.3.0/avr5/libgcc.a(_clear_bss.o)
                              main.o (__do_clear_bss)
/usr/lib/gcc/avr/7.3.0/avr5/libgcc.a(_muluhisi3.o)
                              /tmp/cc6EAr9O.o (__muluhisi3)
/usr/lib/gcc/avr/7.3.0/avr5/libgcc.a(_udivmodhi4.o)
                              /usr/lib/gcc/avr/7.3.0/avr5/libgcc.a(_divmodhi4.o) (__udivmodhi4)
/usr/lib/gcc/avr/7.3.0/avr5/libgcc.a(_umulhisi3.o)
                              /usr/lib/gcc/avr/7.3.0/avr5/libgcc.a(_muluhisi3.o) (__umulhisi3)
/usr/lib/gcc/avr/7.3.0/../../../avr/lib/avr5/libm.a(cmpsf2.o)
                              /tmp/ccSNol0c.o (__ltsf2)
/usr/lib/gcc/avr/7.3.0/../../../avr/lib/avr5/libm.a(fixsfsi.o)
                              /tmp/ccSNol0c.o (__fixsfsi)
/usr/lib/gcc/avr/7.3.0/../../../avr/lib/avr5/libm.a(fixunssfsi.o)
                              /usr/lib/gcc/avr/7.3.0/../../../avr/lib/avr5/libm.a(fixsfsi.o) (__fixunssfsi)
/usr/lib/gcc/avr/7.3.0/../../../avr/lib/avr5/libm.a(fp_cmp.o)
                              /usr/lib/gcc/avr/7.3.0/../../../avr/lib/avr5/libm.a(cmpsf2.o) (__fp_cmp)
/usr/lib/gcc/avr/7.3.0/../../../avr/lib/avr5/libm.a(fp_split3.o)
                              /usr/lib/gcc/avr/7.3.0/../../../avr/lib/avr5/libm.a(fixunssfsi.o) (__fp_splitA)
/usr/lib/gcc/avr/7.3.0/../../../avr/lib/avr5/libm.a(fp_zero.o)
                              /usr/lib/gcc/avr/7.3.0/../../../avr/lib/avr5/libm.a(fixunssfsi.o) (__fp_zero)
/usr/lib/gcc/avr/7.3.0/../../../avr/lib/avr5/libm.a(gesf2.o)
                              /tmp/ccSNol0c.o (__gtsf2)
/usr/lib/gcc/avr/7.3.0/../../../avr/lib/avr5/libm.a(mulsf3.o)
                              /tmp/ccSNol0c.o (__mulsf3)
/usr/lib/gcc/avr/7.3.0/../../../avr/lib/avr5/libm.a(mulsf3x.o)
                              /usr/lib/gcc/avr/7.3.0/../../../avr/lib/avr5/libm.a(mulsf3.o) (__mulsf3x)
/usr/lib/gcc/avr/7.3.0/../../../avr/lib/avr5/libm.a(fp_inf.o)
                              /usr/lib/gcc/avr/7.3.0/../../../avr/lib/avr5/libm.a(mulsf3x.o) (__fp_inf)
/usr/lib/gcc/avr/7.3.0/../../../avr/lib/avr5/libm.a(fp_nan.o)
                              /usr/lib/gcc/avr/7.3.0/../../../avr/lib/avr5/libm.a(mulsf3x.o) (__fp_nan)
/usr/lib/gcc/avr/7.3.0/../../../avr/lib/avr5/libm.a(fp_pscA.o)
                              /usr/lib/gcc/avr/7.3.0/../../../avr/lib/avr5/libm.a(mulsf3x.o) (__fp_pscA)
/usr/lib/gcc/avr/7.3.0/../../../avr/lib/avr5/libm.a(fp_pscB.o)
                              /usr/lib/gcc/avr/7.3.0/../../../avr/lib/avr5/libm.a(mulsf3x.o) (__fp_pscB)
/usr/lib/gcc/avr/7.3.0/../../../avr/lib/avr5/libm.a(fp_round.o)
                              /usr/lib/gcc/avr/7.3.0/../../../avr/lib/avr5/libm.a(mulsf3.o) (__fp_round)

Allocating common symbols
Common symbol       size              file

colon_pin           0x7               /tmp/ccSNol0c.o
user_onRequest      0x2               /tmp/ccLQ95M2.o
year_state          0x2               main.o
month_day_state     0x2               main.o
plus_button         0x24              main.o
testing_state       0x2               main.o
digit_pins          0x1c              /tmp/ccSNol0c.o
hour_min_state      0x2               main.o
display_data        0xe               /tmp/ccSNol0c.o
flash_colon         0x1               /tmp/ccSNol0c.o
alarm_state         0x2               main.o
prev_millis_flash   0x4               /tmp/ccSNol0c.o
main_state          0x2               main.o
humidity_state      0x2               main.o
minus_button        0x24              main.o
segment_pins        0x38              /tmp/ccSNol0c.o
rxBuffer            0x20              /tmp/ccLQ95M2.o
display_updated     0x1               main.o
txBuffer            0x20              /tmp/ccLQ95M2.o
flash_digits_minutes
                    0x1               /tmp/ccSNol0c.o
state_start         0x1               main.o
adjust_button       0x24              main.o
_tm                 0x11              /tmp/ccP3JgGu.o
temperature_state   0x2               main.o
flash_all_digits    0x1               /tmp/ccSNol0c.o
main_state_swapped  0x1               main.o
clock_time          0x2               main.o
t_millis            0x4               main.o
user_onReceive      0x2               /tmp/ccLQ95M2.o
flash_digits_hours  0x1               /tmp/ccSNol0c.o
prev_millis_read_rtc
                    0x4               main.o
millis              0x4               /tmp/cc6EAr9O.o

Memory Configuration

Name             Origin             Length             Attributes
text             0x0000000000000000 0x0000000000008000 xr
data             0x0000000000800100 0x0000000000000800 rw !x
eeprom           0x0000000000810000 0x0000000000000400 rw !x
fuse             0x0000000000820000 0x0000000000000003 rw !x
lock             0x0000000000830000 0x0000000000000400 rw !x
signature        0x0000000000840000 0x0000000000000400 rw !x
user_signatures  0x0000000000850000 0x0000000000000400 rw !x
*default*        0x0000000000000000 0xffffffffffffffff

Linker script and memory map

Address of section .data set to 0x800100
LOAD /usr/lib/gcc/avr/7.3.0/../../../avr/lib/avr5/crtatmega328p.o
LOAD main.o
LOAD /tmp/cc6EAr9O.o
LOAD /tmp/ccTwBfqG.o
LOAD /tmp/ccUR2VwH.o
LOAD /tmp/ccSNol0c.o
LOAD /tmp/ccP3JgGu.o
LOAD /tmp/ccLQ95M2.o
LOAD /tmp/ccVi2qJp.o
START GROUP
LOAD /usr/lib/gcc/avr/7.3.0/avr5/libgcc.a
LOAD /usr/lib/gcc/avr/7.3.0/../../../avr/lib/avr5/libm.a
LOAD /usr/lib/gcc/avr/7.3.0/../../../avr/lib/avr5/libc.a
LOAD /usr/lib/gcc/avr/7.3.0/../../../avr/lib/avr5/libatmega328p.a
END GROUP
                0x0000000000000000                __TEXT_REGION_ORIGIN__ = DEFINED (__TEXT_REGION_ORIGIN__)?__TEXT_REGION_ORIGIN__:0x0
                [0x0000000000800100]                __DATA_REGION_ORIGIN__ = DEFINED (__DATA_REGION_ORIGIN__)?__DATA_REGION_ORIGIN__:0x800060
                [0x0000000000008000]                __TEXT_REGION_LENGTH__ = DEFINED (__TEXT_REGION_LENGTH__)?__TEXT_REGION_LENGTH__:0x20000
                [0x0000000000000800]                __DATA_REGION_LENGTH__ = DEFINED (__DATA_REGION_LENGTH__)?__DATA_REGION_LENGTH__:0xffa0
                [0x0000000000000400]                __EEPROM_REGION_LENGTH__ = DEFINED (__EEPROM_REGION_LENGTH__)?__EEPROM_REGION_LENGTH__:0x10000
                [0x0000000000000003]                __FUSE_REGION_LENGTH__ = DEFINED (__FUSE_REGION_LENGTH__)?__FUSE_REGION_LENGTH__:0x400
                0x0000000000000400                __LOCK_REGION_LENGTH__ = DEFINED (__LOCK_REGION_LENGTH__)?__LOCK_REGION_LENGTH__:0x400
                0x0000000000000400                __SIGNATURE_REGION_LENGTH__ = DEFINED (__SIGNATURE_REGION_LENGTH__)?__SIGNATURE_REGION_LENGTH__:0x400
                0x0000000000000400                __USER_SIGNATURE_REGION_LENGTH__ = DEFINED (__USER_SIGNATURE_REGION_LENGTH__)?__USER_SIGNATURE_REGION_LENGTH__:0x400

.hash
 *(.hash)

.dynsym
 *(.dynsym)

.dynstr
 *(.dynstr)

.gnu.version
 *(.gnu.version)

.gnu.version_d
 *(.gnu.version_d)

.gnu.version_r
 *(.gnu.version_r)

.rel.init
 *(.rel.init)

.rela.init
 *(.rela.init)

.rel.text
 *(.rel.text)
 *(.rel.text.*)
 *(.rel.gnu.linkonce.t*)

.rela.text
 *(.rela.text)
 *(.rela.text.*)
 *(.rela.gnu.linkonce.t*)

.rel.fini
 *(.rel.fini)

.rela.fini
 *(.rela.fini)

.rel.rodata
 *(.rel.rodata)
 *(.rel.rodata.*)
 *(.rel.gnu.linkonce.r*)

.rela.rodata
 *(.rela.rodata)
 *(.rela.rodata.*)
 *(.rela.gnu.linkonce.r*)

.rel.data
 *(.rel.data)
 *(.rel.data.*)
 *(.rel.gnu.linkonce.d*)

.rela.data
 *(.rela.data)
 *(.rela.data.*)
 *(.rela.gnu.linkonce.d*)

.rel.ctors
 *(.rel.ctors)

.rela.ctors
 *(.rela.ctors)

.rel.dtors
 *(.rel.dtors)

.rela.dtors
 *(.rela.dtors)

.rel.got
 *(.rel.got)

.rela.got
 *(.rela.got)

.rel.bss
 *(.rel.bss)

.rela.bss
 *(.rela.bss)

.rel.plt
 *(.rel.plt)

.rela.plt
 *(.rela.plt)

.text           0x0000000000000000     0x2b54
 *(.vectors)
 .vectors       0x0000000000000000       0x68 /usr/lib/gcc/avr/7.3.0/../../../avr/lib/avr5/crtatmega328p.o
                0x0000000000000000                __vectors
                0x0000000000000000                __vector_default
 *(.vectors)
 *(.progmem.gcc*)
                0x0000000000000068                . = ALIGN (0x2)
                0x0000000000000068                __trampolines_start = .
 *(.trampolines)
 .trampolines   0x0000000000000068        0x0 linker stubs
 *(.trampolines*)
                0x0000000000000068                __trampolines_end = .
 *libprintf_flt.a:*(.progmem.data)
 *libc.a:*(.progmem.data)
 *(.progmem*)
                0x0000000000000068                . = ALIGN (0x2)
 *(.jumptables)
 *(.jumptables*)
 *(.lowtext)
 *(.lowtext*)
                0x0000000000000068                __ctors_start = .
 *(.ctors)
                0x0000000000000068                __ctors_end = .
                0x0000000000000068                __dtors_start = .
 *(.dtors)
                0x0000000000000068                __dtors_end = .
 SORT(*)(.ctors)
 SORT(*)(.dtors)
 *(.init0)
 .init0         0x0000000000000068        0x0 /usr/lib/gcc/avr/7.3.0/../../../avr/lib/avr5/crtatmega328p.o
                0x0000000000000068                __init
 *(.init0)
 *(.init1)
 *(.init1)
 *(.init2)
 .init2         0x0000000000000068        0xc /usr/lib/gcc/avr/7.3.0/../../../avr/lib/avr5/crtatmega328p.o
 *(.init2)
 *(.init3)
 *(.init3)
 *(.init4)
 .init4         0x0000000000000074       0x16 /usr/lib/gcc/avr/7.3.0/avr5/libgcc.a(_copy_data.o)
                0x0000000000000074                __do_copy_data
 .init4         0x000000000000008a       0x10 /usr/lib/gcc/avr/7.3.0/avr5/libgcc.a(_clear_bss.o)
                0x000000000000008a                __do_clear_bss
 *(.init4)
 *(.init5)
 *(.init5)
 *(.init6)
 *(.init6)
 *(.init7)
 *(.init7)
 *(.init8)
 *(.init8)
 *(.init9)
 .init9         0x000000000000009a        0x8 /usr/lib/gcc/avr/7.3.0/../../../avr/lib/avr5/crtatmega328p.o
 *(.init9)
 *(.text)
 .text          0x00000000000000a2        0x4 /usr/lib/gcc/avr/7.3.0/../../../avr/lib/avr5/crtatmega328p.o
                0x00000000000000a2                __vector_22
                0x00000000000000a2                __vector_1
                0x00000000000000a2                __vector_12
                0x00000000000000a2                __bad_interrupt
                0x00000000000000a2                __vector_6
                0x00000000000000a2                __vector_3
                0x00000000000000a2                __vector_23
                0x00000000000000a2                __vector_25
                0x00000000000000a2                __vector_11
                0x00000000000000a2                __vector_13
                0x00000000000000a2                __vector_17
                0x00000000000000a2                __vector_19
                0x00000000000000a2                __vector_7
                0x00000000000000a2                __vector_5
                0x00000000000000a2                __vector_4
                0x00000000000000a2                __vector_9
                0x00000000000000a2                __vector_2
                0x00000000000000a2                __vector_21
                0x00000000000000a2                __vector_15
                0x00000000000000a2                __vector_8
                0x00000000000000a2                __vector_10
                0x00000000000000a2                __vector_16
                0x00000000000000a2                __vector_18
                0x00000000000000a2                __vector_20
 .text          0x00000000000000a6      0x3c6 main.o
                0x00000000000000a6                increment_hour
                0x00000000000000c6                decrement_hour
                0x00000000000000ea                increment_minute
                0x000000000000010a                decrement_minute
                0x000000000000012e                increment_month
                0x0000000000000152                decrement_month
                0x0000000000000176                increment_day
                0x000000000000019a                decrement_day
                0x00000000000001be                increment_year
                0x00000000000001e4                decrement_year
                0x000000000000020a                __vector_14
                0x0000000000000256                new_state_start
                0x0000000000000276                increment_main_state
                0x00000000000002b0                decrement_main_state
                0x00000000000002ee                swap_hour_min_state
                0x000000000000033a                swap_month_day_state
                0x0000000000000380                swap_year_state
                0x00000000000003c4                swap_testing_state
                0x00000000000003ee                swap_alarm_state
                0x0000000000000418                swap_temperature_state
                0x0000000000000442                swap_humidity_state
 .text          0x000000000000046c       0xcc /tmp/cc6EAr9O.o
                0x000000000000046c                millis_timer_ISR_loop
                0x0000000000000494                millis_timer_init
                0x00000000000004c8                get_millis
                0x00000000000004e0                get_micros
 .text          0x0000000000000538      0x158 /tmp/ccTwBfqG.o
                0x0000000000000538                gpio_set_pin_output
                0x000000000000055a                gpio_set_pin_input
                0x000000000000057c                gpio_set_pin_input_pullup
                0x00000000000005b0                gpio_toggle_pin_mode
                0x00000000000005d2                gpio_read_pin
                0x00000000000005f6                gpio_set_pin_val
                0x0000000000000624                gpio_set_pin_high
                0x0000000000000648                gpio_set_pin_low
                0x000000000000066c                gpio_toggle_pin_output
 .text          0x0000000000000690      0x290 /tmp/ccUR2VwH.o
                0x0000000000000690                button_setup
                0x00000000000006c8                button_set_debounce_ms
                0x00000000000006d0                button_set_click_ms
                0x00000000000006d8                button_set_press_ms
                0x00000000000006e0                button_attach_single_click
                0x00000000000006e8                button_attach_double_click
                0x00000000000006f0                button_attach_long_press
                0x00000000000006f8                button_debounce
                0x000000000000076e                _newState
                0x000000000000078a                button_reset
                0x00000000000007a8                button_fsm
                0x000000000000090a                button_loop
 .text          0x0000000000000920      0x7c6 /tmp/ccSNol0c.o
                0x0000000000000920                seven_segment_init
                0x00000000000009e4                seven_segment_loop_isr
                0x0000000000000a64                seven_segment_clear_all
                0x0000000000000a7c                seven_segment_set_all
                0x0000000000000a98                seven_segment_write_byte_to_digit
                0x0000000000000ad0                seven_segment_write_bytes
                0x0000000000000af4                seven_segment_write_digit_val_to_digit
                0x0000000000000b02                seven_segment_write_digit_vals
                0x0000000000000b2e                seven_segment_set_colon
                0x0000000000000b34                seven_segment_set_decimal_point
                0x0000000000000b4c                seven_segment_flashing_loop
                0x0000000000000c5a                seven_segment_flash_colon
                0x0000000000000c60                seven_segment_flash_digits_minutes
                0x0000000000000c66                seven_segment_flash_digits_hours
                0x0000000000000c6c                seven_segment_flash_all_digits
                0x0000000000000c72                seven_segment_show_hour_minute
                0x0000000000000d14                seven_segment_show_month_day
                0x0000000000000df2                seven_segment_show_year
                0x0000000000000e9a                seven_segment_show_temperature
                0x0000000000000fea                seven_segment_show_humidity
 .text          0x00000000000010e6      0xb86 /tmp/ccP3JgGu.o
                0x00000000000010e6                dec2bcd
                0x000000000000110a                bcd2dec
                0x0000000000001120                rtc_read_byte
                0x0000000000001142                rtc_write_byte
                0x0000000000001164                rtc_init
                0x00000000000011c2                rtc_is_ds1307
                0x00000000000011c8                rtc_is_ds3231
                0x00000000000011ce                rtc_set_ds1307
                0x00000000000011da                rtc_set_ds3231
                0x00000000000011e6                rtc_get_time
                0x0000000000001386                rtc_get_time_s
                0x0000000000001474                rtc_set_time
                0x00000000000015e8                rtc_set_time_s
                0x0000000000001680                rtc_run_clock
                0x00000000000016ae                rtc_is_clock_running
                0x00000000000016c4                ds3231_get_temp_int
                0x000000000000173a                rtc_force_temp_conversion
                0x00000000000017aa                rtc_get_sram_byte
                0x00000000000017ce                rtc_get_sram
                0x00000000000017f2                rtc_set_sram_byte
                0x0000000000001816                rtc_set_sram
                0x000000000000183a                rtc_SQW_enable
                0x00000000000018cc                rtc_SQW_set_freq
                0x000000000000194c                rtc_osc32kHz_enable
                0x000000000000199e                rtc_reset_alarm
                0x00000000000019de                rtc_set_alarm_s
                0x0000000000001ac8                rtc_set_alarm
                0x0000000000001ada                rtc_get_alarm_s
                0x0000000000001b94                rtc_get_alarm
                0x0000000000001bde                rtc_check_alarm
 .text          0x0000000000001c6c      0x1f8 /tmp/ccLQ95M2.o
                0x0000000000001c6c                onReceiveService
                0x0000000000001cce                onRequestService
                0x0000000000001ce6                twi_init_master
                0x0000000000001cfa                twi_init_slave
                0x0000000000001d22                twi_request_from
                0x0000000000001d3c                twi_begin_transmission
                0x0000000000001d50                twi_end_transmission
                0x0000000000001d70                twi_send_byte
                0x0000000000001dc8                twi_send
                0x0000000000001e0e                twi_send_char
                0x0000000000001e22                twi_available
                0x0000000000001e2e                twi_receive
                0x0000000000001e50                twi_set_on_receive
                0x0000000000001e5a                twi_set_on_request
 .text          0x0000000000001e64      0x576 /tmp/ccVi2qJp.o
                0x0000000000001e64                twi_init
                0x0000000000001e8a                twi_setAddress
                0x0000000000001e92                twi_readFrom
                0x0000000000001efe                twi_writeTo
                0x0000000000001f86                twi_transmit
                0x0000000000001fc0                twi_attachSlaveRxEvent
                0x0000000000001fca                twi_attachSlaveTxEvent
                0x0000000000001fd4                twi_reply
                0x0000000000001fe8                twi_stop
                0x0000000000001ffc                twi_releaseBus
                0x0000000000002008                __vector_24
 .text          0x00000000000023da        0x0 /usr/lib/gcc/avr/7.3.0/avr5/libgcc.a(_divmodhi4.o)
 .text          0x00000000000023da        0x0 /usr/lib/gcc/avr/7.3.0/avr5/libgcc.a(_exit.o)
 .text          0x00000000000023da        0x0 /usr/lib/gcc/avr/7.3.0/avr5/libgcc.a(_tablejump2.o)
 .text          0x00000000000023da        0x0 /usr/lib/gcc/avr/7.3.0/avr5/libgcc.a(_copy_data.o)
 .text          0x00000000000023da        0x0 /usr/lib/gcc/avr/7.3.0/avr5/libgcc.a(_clear_bss.o)
 .text          0x00000000000023da        0x0 /usr/lib/gcc/avr/7.3.0/avr5/libgcc.a(_muluhisi3.o)
 .text          0x00000000000023da        0x0 /usr/lib/gcc/avr/7.3.0/avr5/libgcc.a(_udivmodhi4.o)
 .text          0x00000000000023da        0x0 /usr/lib/gcc/avr/7.3.0/avr5/libgcc.a(_umulhisi3.o)
 .text          0x00000000000023da        0x0 /usr/lib/gcc/avr/7.3.0/../../../avr/lib/avr5/libm.a(cmpsf2.o)
 .text          0x00000000000023da        0x0 /usr/lib/gcc/avr/7.3.0/../../../avr/lib/avr5/libm.a(fixsfsi.o)
 .text          0x00000000000023da        0x0 /usr/lib/gcc/avr/7.3.0/../../../avr/lib/avr5/libm.a(fixunssfsi.o)
 .text          0x00000000000023da        0x0 /usr/lib/gcc/avr/7.3.0/../../../avr/lib/avr5/libm.a(fp_cmp.o)
 .text          0x00000000000023da        0x0 /usr/lib/gcc/avr/7.3.0/../../../avr/lib/avr5/libm.a(fp_split3.o)
 .text          0x00000000000023da        0x0 /usr/lib/gcc/avr/7.3.0/../../../avr/lib/avr5/libm.a(fp_zero.o)
 .text          0x00000000000023da        0x0 /usr/lib/gcc/avr/7.3.0/../../../avr/lib/avr5/libm.a(gesf2.o)
 .text          0x00000000000023da        0x0 /usr/lib/gcc/avr/7.3.0/../../../avr/lib/avr5/libm.a(mulsf3.o)
 .text          0x00000000000023da        0x0 /usr/lib/gcc/avr/7.3.0/../../../avr/lib/avr5/libm.a(mulsf3x.o)
 .text          0x00000000000023da        0x0 /usr/lib/gcc/avr/7.3.0/../../../avr/lib/avr5/libm.a(fp_inf.o)
 .text          0x00000000000023da        0x0 /usr/lib/gcc/avr/7.3.0/../../../avr/lib/avr5/libm.a(fp_nan.o)
 .text          0x00000000000023da        0x0 /usr/lib/gcc/avr/7.3.0/../../../avr/lib/avr5/libm.a(fp_pscA.o)
 .text          0x00000000000023da        0x0 /usr/lib/gcc/avr/7.3.0/../../../avr/lib/avr5/libm.a(fp_pscB.o)
 .text          0x00000000000023da        0x0 /usr/lib/gcc/avr/7.3.0/../../../avr/lib/avr5/libm.a(fp_round.o)
                0x00000000000023da                . = ALIGN (0x2)
 *(.text.*)
 .text.startup  0x00000000000023da      0x4a2 main.o
                0x00000000000023da                main
 .text.libgcc.mul
                0x000000000000287c        0x0 /usr/lib/gcc/avr/7.3.0/avr5/libgcc.a(_divmodhi4.o)
 .text.libgcc.div
                0x000000000000287c       0x28 /usr/lib/gcc/avr/7.3.0/avr5/libgcc.a(_divmodhi4.o)
                0x000000000000287c                __divmodhi4
                0x000000000000287c                _div
 .text.libgcc   0x00000000000028a4        0x0 /usr/lib/gcc/avr/7.3.0/avr5/libgcc.a(_divmodhi4.o)
 .text.libgcc.prologue
                0x00000000000028a4        0x0 /usr/lib/gcc/avr/7.3.0/avr5/libgcc.a(_divmodhi4.o)
 .text.libgcc.builtins
                0x00000000000028a4        0x0 /usr/lib/gcc/avr/7.3.0/avr5/libgcc.a(_divmodhi4.o)
 .text.libgcc.fmul
                0x00000000000028a4        0x0 /usr/lib/gcc/avr/7.3.0/avr5/libgcc.a(_divmodhi4.o)
 .text.libgcc.fixed
                0x00000000000028a4        0x0 /usr/lib/gcc/avr/7.3.0/avr5/libgcc.a(_divmodhi4.o)
 .text.libgcc.mul
                0x00000000000028a4        0x0 /usr/lib/gcc/avr/7.3.0/avr5/libgcc.a(_exit.o)
 .text.libgcc.div
                0x00000000000028a4        0x0 /usr/lib/gcc/avr/7.3.0/avr5/libgcc.a(_exit.o)
 .text.libgcc   0x00000000000028a4        0x0 /usr/lib/gcc/avr/7.3.0/avr5/libgcc.a(_exit.o)
 .text.libgcc.prologue
                0x00000000000028a4        0x0 /usr/lib/gcc/avr/7.3.0/avr5/libgcc.a(_exit.o)
 .text.libgcc.builtins
                0x00000000000028a4        0x0 /usr/lib/gcc/avr/7.3.0/avr5/libgcc.a(_exit.o)
 .text.libgcc.fmul
                0x00000000000028a4        0x0 /usr/lib/gcc/avr/7.3.0/avr5/libgcc.a(_exit.o)
 .text.libgcc.fixed
                0x00000000000028a4        0x0 /usr/lib/gcc/avr/7.3.0/avr5/libgcc.a(_exit.o)
 .text.libgcc.mul
                0x00000000000028a4        0x0 /usr/lib/gcc/avr/7.3.0/avr5/libgcc.a(_tablejump2.o)
 .text.libgcc.div
                0x00000000000028a4        0x0 /usr/lib/gcc/avr/7.3.0/avr5/libgcc.a(_tablejump2.o)
 .text.libgcc   0x00000000000028a4        0xc /usr/lib/gcc/avr/7.3.0/avr5/libgcc.a(_tablejump2.o)
                0x00000000000028a4                __tablejump2__
 .text.libgcc.prologue
                0x00000000000028b0        0x0 /usr/lib/gcc/avr/7.3.0/avr5/libgcc.a(_tablejump2.o)
 .text.libgcc.builtins
                0x00000000000028b0        0x0 /usr/lib/gcc/avr/7.3.0/avr5/libgcc.a(_tablejump2.o)
 .text.libgcc.fmul
                0x00000000000028b0        0x0 /usr/lib/gcc/avr/7.3.0/avr5/libgcc.a(_tablejump2.o)
 .text.libgcc.fixed
                0x00000000000028b0        0x0 /usr/lib/gcc/avr/7.3.0/avr5/libgcc.a(_tablejump2.o)
 .text.libgcc.mul
                0x00000000000028b0        0x0 /usr/lib/gcc/avr/7.3.0/avr5/libgcc.a(_copy_data.o)
 .text.libgcc.div
                0x00000000000028b0        0x0 /usr/lib/gcc/avr/7.3.0/avr5/libgcc.a(_copy_data.o)
 .text.libgcc   0x00000000000028b0        0x0 /usr/lib/gcc/avr/7.3.0/avr5/libgcc.a(_copy_data.o)
 .text.libgcc.prologue
                0x00000000000028b0        0x0 /usr/lib/gcc/avr/7.3.0/avr5/libgcc.a(_copy_data.o)
 .text.libgcc.builtins
                0x00000000000028b0        0x0 /usr/lib/gcc/avr/7.3.0/avr5/libgcc.a(_copy_data.o)
 .text.libgcc.fmul
                0x00000000000028b0        0x0 /usr/lib/gcc/avr/7.3.0/avr5/libgcc.a(_copy_data.o)
 .text.libgcc.fixed
                0x00000000000028b0        0x0 /usr/lib/gcc/avr/7.3.0/avr5/libgcc.a(_copy_data.o)
 .text.libgcc.mul
                0x00000000000028b0        0x0 /usr/lib/gcc/avr/7.3.0/avr5/libgcc.a(_clear_bss.o)
 .text.libgcc.div
                0x00000000000028b0        0x0 /usr/lib/gcc/avr/7.3.0/avr5/libgcc.a(_clear_bss.o)
 .text.libgcc   0x00000000000028b0        0x0 /usr/lib/gcc/avr/7.3.0/avr5/libgcc.a(_clear_bss.o)
 .text.libgcc.prologue
                0x00000000000028b0        0x0 /usr/lib/gcc/avr/7.3.0/avr5/libgcc.a(_clear_bss.o)
 .text.libgcc.builtins
                0x00000000000028b0        0x0 /usr/lib/gcc/avr/7.3.0/avr5/libgcc.a(_clear_bss.o)
 .text.libgcc.fmul
                0x00000000000028b0        0x0 /usr/lib/gcc/avr/7.3.0/avr5/libgcc.a(_clear_bss.o)
 .text.libgcc.fixed
                0x00000000000028b0        0x0 /usr/lib/gcc/avr/7.3.0/avr5/libgcc.a(_clear_bss.o)
 .text.libgcc.mul
                0x00000000000028b0       0x16 /usr/lib/gcc/avr/7.3.0/avr5/libgcc.a(_muluhisi3.o)
                0x00000000000028b0                __muluhisi3
 .text.libgcc.div
                0x00000000000028c6        0x0 /usr/lib/gcc/avr/7.3.0/avr5/libgcc.a(_muluhisi3.o)
 .text.libgcc   0x00000000000028c6        0x0 /usr/lib/gcc/avr/7.3.0/avr5/libgcc.a(_muluhisi3.o)
 .text.libgcc.prologue
                0x00000000000028c6        0x0 /usr/lib/gcc/avr/7.3.0/avr5/libgcc.a(_muluhisi3.o)
 .text.libgcc.builtins
                0x00000000000028c6        0x0 /usr/lib/gcc/avr/7.3.0/avr5/libgcc.a(_muluhisi3.o)
 .text.libgcc.fmul
                0x00000000000028c6        0x0 /usr/lib/gcc/avr/7.3.0/avr5/libgcc.a(_muluhisi3.o)
 .text.libgcc.fixed
                0x00000000000028c6        0x0 /usr/lib/gcc/avr/7.3.0/avr5/libgcc.a(_muluhisi3.o)
 .text.libgcc.mul
                0x00000000000028c6        0x0 /usr/lib/gcc/avr/7.3.0/avr5/libgcc.a(_udivmodhi4.o)
 .text.libgcc.div
                0x00000000000028c6       0x28 /usr/lib/gcc/avr/7.3.0/avr5/libgcc.a(_udivmodhi4.o)
                0x00000000000028c6                __udivmodhi4
 .text.libgcc   0x00000000000028ee        0x0 /usr/lib/gcc/avr/7.3.0/avr5/libgcc.a(_udivmodhi4.o)
 .text.libgcc.prologue
                0x00000000000028ee        0x0 /usr/lib/gcc/avr/7.3.0/avr5/libgcc.a(_udivmodhi4.o)
 .text.libgcc.builtins
                0x00000000000028ee        0x0 /usr/lib/gcc/avr/7.3.0/avr5/libgcc.a(_udivmodhi4.o)
 .text.libgcc.fmul
                0x00000000000028ee        0x0 /usr/lib/gcc/avr/7.3.0/avr5/libgcc.a(_udivmodhi4.o)
 .text.libgcc.fixed
                0x00000000000028ee        0x0 /usr/lib/gcc/avr/7.3.0/avr5/libgcc.a(_udivmodhi4.o)
 .text.libgcc.mul
                0x00000000000028ee       0x1e /usr/lib/gcc/avr/7.3.0/avr5/libgcc.a(_umulhisi3.o)
                0x00000000000028ee                __umulhisi3
 .text.libgcc.div
                0x000000000000290c        0x0 /usr/lib/gcc/avr/7.3.0/avr5/libgcc.a(_umulhisi3.o)
 .text.libgcc   0x000000000000290c        0x0 /usr/lib/gcc/avr/7.3.0/avr5/libgcc.a(_umulhisi3.o)
 .text.libgcc.prologue
                0x000000000000290c        0x0 /usr/lib/gcc/avr/7.3.0/avr5/libgcc.a(_umulhisi3.o)
 .text.libgcc.builtins
                0x000000000000290c        0x0 /usr/lib/gcc/avr/7.3.0/avr5/libgcc.a(_umulhisi3.o)
 .text.libgcc.fmul
                0x000000000000290c        0x0 /usr/lib/gcc/avr/7.3.0/avr5/libgcc.a(_umulhisi3.o)
 .text.libgcc.fixed
                0x000000000000290c        0x0 /usr/lib/gcc/avr/7.3.0/avr5/libgcc.a(_umulhisi3.o)
 .text.avr-libc.fplib
                0x000000000000290c        0xa /usr/lib/gcc/avr/7.3.0/../../../avr/lib/avr5/libm.a(cmpsf2.o)
                0x000000000000290c                __lesf2
                0x000000000000290c                __nesf2
                0x000000000000290c                __eqsf2
                0x000000000000290c                __cmpsf2
                0x000000000000290c                __ltsf2
 .text.avr-libc.fplib
                0x0000000000002916        0xe /usr/lib/gcc/avr/7.3.0/../../../avr/lib/avr5/libm.a(fixsfsi.o)
                0x0000000000002916                __fixsfsi
 .text.avr-libc.fplib
                0x0000000000002924       0x5e /usr/lib/gcc/avr/7.3.0/../../../avr/lib/avr5/libm.a(fixunssfsi.o)
                0x0000000000002924                __fixunssfsi
 .text.avr-libc.fplib
                0x0000000000002982       0x48 /usr/lib/gcc/avr/7.3.0/../../../avr/lib/avr5/libm.a(fp_cmp.o)
                0x0000000000002982                __fp_cmp
 .text.avr-libc.fplib
                0x00000000000029ca       0x44 /usr/lib/gcc/avr/7.3.0/../../../avr/lib/avr5/libm.a(fp_split3.o)
                0x00000000000029ca                __fp_split3
                0x00000000000029da                __fp_splitA
 .text.avr-libc.fplib
                0x0000000000002a0e        0xe /usr/lib/gcc/avr/7.3.0/../../../avr/lib/avr5/libm.a(fp_zero.o)
                0x0000000000002a0e                __fp_zero
                0x0000000000002a10                __fp_szero
 .text.avr-libc.fplib
                0x0000000000002a1c        0xa /usr/lib/gcc/avr/7.3.0/../../../avr/lib/avr5/libm.a(gesf2.o)
                0x0000000000002a1c                __gtsf2
                0x0000000000002a1c                __gesf2
 .text.avr-libc.fplib
                0x0000000000002a26        0x8 /usr/lib/gcc/avr/7.3.0/../../../avr/lib/avr5/libm.a(mulsf3.o)
                0x0000000000002a26                __mulsf3
 .text.avr-libc.fplib
                0x0000000000002a2e       0xd2 /usr/lib/gcc/avr/7.3.0/../../../avr/lib/avr5/libm.a(mulsf3x.o)
                0x0000000000002a4c                __mulsf3x
                0x0000000000002a52                __mulsf3_pse
 .text.avr-libc.fplib
                0x0000000000002b00        0xc /usr/lib/gcc/avr/7.3.0/../../../avr/lib/avr5/libm.a(fp_inf.o)
                0x0000000000002b00                __fp_inf
 .text.avr-libc.fplib
                0x0000000000002b0c        0x6 /usr/lib/gcc/avr/7.3.0/../../../avr/lib/avr5/libm.a(fp_nan.o)
                0x0000000000002b0c                __fp_nan
 .text.avr-libc.fplib
                0x0000000000002b12        0xe /usr/lib/gcc/avr/7.3.0/../../../avr/lib/avr5/libm.a(fp_pscA.o)
                0x0000000000002b12                __fp_pscA
 .text.avr-libc.fplib
                0x0000000000002b20        0xe /usr/lib/gcc/avr/7.3.0/../../../avr/lib/avr5/libm.a(fp_pscB.o)
                0x0000000000002b20                __fp_pscB
 .text.avr-libc.fplib
                0x0000000000002b2e       0x22 /usr/lib/gcc/avr/7.3.0/../../../avr/lib/avr5/libm.a(fp_round.o)
                0x0000000000002b2e                __fp_round
                0x0000000000002b50                . = ALIGN (0x2)
 *(.fini9)
 .fini9         0x0000000000002b50        0x0 /usr/lib/gcc/avr/7.3.0/avr5/libgcc.a(_exit.o)
                0x0000000000002b50                exit
                0x0000000000002b50                _exit
 *(.fini9)
 *(.fini8)
 *(.fini8)
 *(.fini7)
 *(.fini7)
 *(.fini6)
 *(.fini6)
 *(.fini5)
 *(.fini5)
 *(.fini4)
 *(.fini4)
 *(.fini3)
 *(.fini3)
 *(.fini2)
 *(.fini2)
 *(.fini1)
 *(.fini1)
 *(.fini0)
 .fini0         0x0000000000002b50        0x4 /usr/lib/gcc/avr/7.3.0/avr5/libgcc.a(_exit.o)
 *(.fini0)
                0x0000000000002b54                _etext = .

.data           0x0000000000800100       0x12 load address 0x0000000000002b54
                0x0000000000800100                PROVIDE (__data_start, .)
 *(.data)
 .data          0x0000000000800100        0x0 /usr/lib/gcc/avr/7.3.0/../../../avr/lib/avr5/crtatmega328p.o
 .data          0x0000000000800100        0x0 main.o
 .data          0x0000000000800100        0x0 /tmp/cc6EAr9O.o
 .data          0x0000000000800100        0x0 /tmp/ccTwBfqG.o
 .data          0x0000000000800100        0x0 /tmp/ccUR2VwH.o
 .data          0x0000000000800100        0x0 /tmp/ccSNol0c.o
 .data          0x0000000000800100        0x0 /tmp/ccP3JgGu.o
 .data          0x0000000000800100        0x0 /tmp/ccLQ95M2.o
 .data          0x0000000000800100        0x0 /tmp/ccVi2qJp.o
 .data          0x0000000000800100        0x0 /usr/lib/gcc/avr/7.3.0/avr5/libgcc.a(_divmodhi4.o)
 .data          0x0000000000800100        0x0 /usr/lib/gcc/avr/7.3.0/avr5/libgcc.a(_exit.o)
 .data          0x0000000000800100        0x0 /usr/lib/gcc/avr/7.3.0/avr5/libgcc.a(_tablejump2.o)
 .data          0x0000000000800100        0x0 /usr/lib/gcc/avr/7.3.0/avr5/libgcc.a(_copy_data.o)
 .data          0x0000000000800100        0x0 /usr/lib/gcc/avr/7.3.0/avr5/libgcc.a(_clear_bss.o)
 .data          0x0000000000800100        0x0 /usr/lib/gcc/avr/7.3.0/avr5/libgcc.a(_muluhisi3.o)
 .data          0x0000000000800100        0x0 /usr/lib/gcc/avr/7.3.0/avr5/libgcc.a(_udivmodhi4.o)
 .data          0x0000000000800100        0x0 /usr/lib/gcc/avr/7.3.0/avr5/libgcc.a(_umulhisi3.o)
 .data          0x0000000000800100        0x0 /usr/lib/gcc/avr/7.3.0/../../../avr/lib/avr5/libm.a(cmpsf2.o)
 .data          0x0000000000800100        0x0 /usr/lib/gcc/avr/7.3.0/../../../avr/lib/avr5/libm.a(fixsfsi.o)
 .data          0x0000000000800100        0x0 /usr/lib/gcc/avr/7.3.0/../../../avr/lib/avr5/libm.a(fixunssfsi.o)
 .data          0x0000000000800100        0x0 /usr/lib/gcc/avr/7.3.0/../../../avr/lib/avr5/libm.a(fp_cmp.o)
 .data          0x0000000000800100        0x0 /usr/lib/gcc/avr/7.3.0/../../../avr/lib/avr5/libm.a(fp_split3.o)
 .data          0x0000000000800100        0x0 /usr/lib/gcc/avr/7.3.0/../../../avr/lib/avr5/libm.a(fp_zero.o)
 .data          0x0000000000800100        0x0 /usr/lib/gcc/avr/7.3.0/../../../avr/lib/avr5/libm.a(gesf2.o)
 .data          0x0000000000800100        0x0 /usr/lib/gcc/avr/7.3.0/../../../avr/lib/avr5/libm.a(mulsf3.o)
 .data          0x0000000000800100        0x0 /usr/lib/gcc/avr/7.3.0/../../../avr/lib/avr5/libm.a(mulsf3x.o)
 .data          0x0000000000800100        0x0 /usr/lib/gcc/avr/7.3.0/../../../avr/lib/avr5/libm.a(fp_inf.o)
 .data          0x0000000000800100        0x0 /usr/lib/gcc/avr/7.3.0/../../../avr/lib/avr5/libm.a(fp_nan.o)
 .data          0x0000000000800100        0x0 /usr/lib/gcc/avr/7.3.0/../../../avr/lib/avr5/libm.a(fp_pscA.o)
 .data          0x0000000000800100        0x0 /usr/lib/gcc/avr/7.3.0/../../../avr/lib/avr5/libm.a(fp_pscB.o)
 .data          0x0000000000800100        0x0 /usr/lib/gcc/avr/7.3.0/../../../avr/lib/avr5/libm.a(fp_round.o)
 *(.data*)
 *(.gnu.linkonce.d*)
 *(.rodata)
 .rodata        0x0000000000800100       0x11 /tmp/ccSNol0c.o
                0x0000000000800100                digit_values
 *(.rodata*)
 *(.gnu.linkonce.r*)
                0x0000000000800112                . = ALIGN (0x2)
 *fill*         0x0000000000800111        0x1 
                0x0000000000800112                _edata = .
                0x0000000000800112                PROVIDE (__data_end, .)

.bss            0x0000000000800112      0x1c7
                0x0000000000800112                PROVIDE (__bss_start, .)
 *(.bss)
 .bss           0x0000000000800112        0x0 /usr/lib/gcc/avr/7.3.0/../../../avr/lib/avr5/crtatmega328p.o
 .bss           0x0000000000800112        0x0 main.o
 .bss           0x0000000000800112        0x0 /tmp/cc6EAr9O.o
 .bss           0x0000000000800112        0x0 /tmp/ccTwBfqG.o
 .bss           0x0000000000800112        0x0 /tmp/ccUR2VwH.o
 .bss           0x0000000000800112        0x0 /tmp/ccSNol0c.o
 .bss           0x0000000000800112        0x2 /tmp/ccP3JgGu.o
 .bss           0x0000000000800114        0x6 /tmp/ccLQ95M2.o
                0x0000000000800114                transmitting
                0x0000000000800115                txBufferLength
                0x0000000000800116                txBufferIndex
                0x0000000000800117                txAddress
                0x0000000000800118                rxBufferLength
                0x0000000000800119                rxBufferIndex
 .bss           0x000000000080011a       0x6c /tmp/ccVi2qJp.o
 .bss           0x0000000000800186        0x0 /usr/lib/gcc/avr/7.3.0/avr5/libgcc.a(_divmodhi4.o)
 .bss           0x0000000000800186        0x0 /usr/lib/gcc/avr/7.3.0/avr5/libgcc.a(_exit.o)
 .bss           0x0000000000800186        0x0 /usr/lib/gcc/avr/7.3.0/avr5/libgcc.a(_tablejump2.o)
 .bss           0x0000000000800186        0x0 /usr/lib/gcc/avr/7.3.0/avr5/libgcc.a(_copy_data.o)
 .bss           0x0000000000800186        0x0 /usr/lib/gcc/avr/7.3.0/avr5/libgcc.a(_clear_bss.o)
 .bss           0x0000000000800186        0x0 /usr/lib/gcc/avr/7.3.0/avr5/libgcc.a(_muluhisi3.o)
 .bss           0x0000000000800186        0x0 /usr/lib/gcc/avr/7.3.0/avr5/libgcc.a(_udivmodhi4.o)
 .bss           0x0000000000800186        0x0 /usr/lib/gcc/avr/7.3.0/avr5/libgcc.a(_umulhisi3.o)
 .bss           0x0000000000800186        0x0 /usr/lib/gcc/avr/7.3.0/../../../avr/lib/avr5/libm.a(cmpsf2.o)
 .bss           0x0000000000800186        0x0 /usr/lib/gcc/avr/7.3.0/../../../avr/lib/avr5/libm.a(fixsfsi.o)
 .bss           0x0000000000800186        0x0 /usr/lib/gcc/avr/7.3.0/../../../avr/lib/avr5/libm.a(fixunssfsi.o)
 .bss           0x0000000000800186        0x0 /usr/lib/gcc/avr/7.3.0/../../../avr/lib/avr5/libm.a(fp_cmp.o)
 .bss           0x0000000000800186        0x0 /usr/lib/gcc/avr/7.3.0/../../../avr/lib/avr5/libm.a(fp_split3.o)
 .bss           0x0000000000800186        0x0 /usr/lib/gcc/avr/7.3.0/../../../avr/lib/avr5/libm.a(fp_zero.o)
 .bss           0x0000000000800186        0x0 /usr/lib/gcc/avr/7.3.0/../../../avr/lib/avr5/libm.a(gesf2.o)
 .bss           0x0000000000800186        0x0 /usr/lib/gcc/avr/7.3.0/../../../avr/lib/avr5/libm.a(mulsf3.o)
 .bss           0x0000000000800186        0x0 /usr/lib/gcc/avr/7.3.0/../../../avr/lib/avr5/libm.a(mulsf3x.o)
 .bss           0x0000000000800186        0x0 /usr/lib/gcc/avr/7.3.0/../../../avr/lib/avr5/libm.a(fp_inf.o)
 .bss           0x0000000000800186        0x0 /usr/lib/gcc/avr/7.3.0/../../../avr/lib/avr5/libm.a(fp_nan.o)
 .bss           0x0000000000800186        0x0 /usr/lib/gcc/avr/7.3.0/../../../avr/lib/avr5/libm.a(fp_pscA.o)
 .bss           0x0000000000800186        0x0 /usr/lib/gcc/avr/7.3.0/../../../avr/lib/avr5/libm.a(fp_pscB.o)
 .bss           0x0000000000800186        0x0 /usr/lib/gcc/avr/7.3.0/../../../avr/lib/avr5/libm.a(fp_round.o)
 *(.bss*)
 *(COMMON)
 COMMON         0x0000000000800186       0x89 main.o
                0x0000000000800186                year_state
                0x0000000000800188                month_day_state
                0x000000000080018a                plus_button
                0x00000000008001ae                testing_state
                0x00000000008001b0                hour_min_state
                0x00000000008001b2                alarm_state
                0x00000000008001b4                main_state
                0x00000000008001b6                humidity_state
                0x00000000008001b8                minus_button
                0x00000000008001dc                display_updated
                0x00000000008001dd                state_start
                0x00000000008001de                adjust_button
                0x0000000000800202                temperature_state
                0x0000000000800204                main_state_swapped
                0x0000000000800205                clock_time
                0x0000000000800207                t_millis
                0x000000000080020b                prev_millis_read_rtc
 COMMON         0x000000000080020f        0x4 /tmp/cc6EAr9O.o
                0x000000000080020f                millis
 COMMON         0x0000000000800213       0x71 /tmp/ccSNol0c.o
                0x0000000000800213                colon_pin
                0x000000000080021a                digit_pins
                0x0000000000800236                display_data
                0x0000000000800244                flash_colon
                0x0000000000800245                prev_millis_flash
                0x0000000000800249                segment_pins
                0x0000000000800281                flash_digits_minutes
                0x0000000000800282                flash_all_digits
                0x0000000000800283                flash_digits_hours
 COMMON         0x0000000000800284       0x11 /tmp/ccP3JgGu.o
                0x0000000000800284                _tm
 COMMON         0x0000000000800295       0x44 /tmp/ccLQ95M2.o
                0x0000000000800295                user_onRequest
                0x0000000000800297                rxBuffer
                0x00000000008002b7                txBuffer
                0x00000000008002d7                user_onReceive
                0x00000000008002d9                PROVIDE (__bss_end, .)
                0x0000000000002b54                __data_load_start = LOADADDR (.data)
                0x0000000000002b66                __data_load_end = (__data_load_start + SIZEOF (.data))

.noinit         0x00000000008002d9        0x0
                [!provide]                        PROVIDE (__noinit_start, .)
 *(.noinit*)
                [!provide]                        PROVIDE (__noinit_end, .)
                0x00000000008002d9                _end = .
                [!provide]                        PROVIDE (__heap_start, .)

.eeprom         0x0000000000810000        0x0
 *(.eeprom*)
                0x0000000000810000                __eeprom_end = .

.fuse
 *(.fuse)
 *(.lfuse)
 *(.hfuse)
 *(.efuse)

.lock
 *(.lock*)

.signature
 *(.signature*)

.user_signatures
 *(.user_signatures*)

.stab           0x0000000000000000     0x7644
 *(.stab)
 .stab          0x0000000000000000     0x17b8 main.o
 .stab          0x00000000000017b8      0x624 /tmp/cc6EAr9O.o
                                        0x7e0 (size before relaxing)
 .stab          0x0000000000001ddc      0x678 /tmp/ccTwBfqG.o
                                        0x858 (size before relaxing)
 .stab          0x0000000000002454      0xabc /tmp/ccUR2VwH.o
                                        0xd98 (size before relaxing)
 .stab          0x0000000000002f10     0x12c0 /tmp/ccSNol0c.o
                                       0x1584 (size before relaxing)
 .stab          0x00000000000041d0     0x1d34 /tmp/ccP3JgGu.o
                                       0x1f20 (size before relaxing)
 .stab          0x0000000000005f04      0xabc /tmp/ccLQ95M2.o
                                        0xca8 (size before relaxing)
 .stab          0x00000000000069c0      0xc84 /tmp/ccVi2qJp.o
                                        0xe94 (size before relaxing)

.stabstr        0x0000000000000000     0x2ff5
 *(.stabstr)
 .stabstr       0x0000000000000000     0x2ff5 main.o

.stab.excl
 *(.stab.excl)

.stab.exclstr
 *(.stab.exclstr)

.stab.index
 *(.stab.index)

.stab.indexstr
 *(.stab.indexstr)

.comment        0x0000000000000000       0x11
 *(.comment)
 .comment       0x0000000000000000       0x11 main.o
                                         0x12 (size before relaxing)
 .comment       0x0000000000000011       0x12 /tmp/cc6EAr9O.o
 .comment       0x0000000000000011       0x12 /tmp/ccTwBfqG.o
 .comment       0x0000000000000011       0x12 /tmp/ccUR2VwH.o
 .comment       0x0000000000000011       0x12 /tmp/ccSNol0c.o
 .comment       0x0000000000000011       0x12 /tmp/ccP3JgGu.o
 .comment       0x0000000000000011       0x12 /tmp/ccLQ95M2.o
 .comment       0x0000000000000011       0x12 /tmp/ccVi2qJp.o

.note.gnu.avr.deviceinfo
                0x0000000000000000       0x40
 .note.gnu.avr.deviceinfo
                0x0000000000000000       0x40 /usr/lib/gcc/avr/7.3.0/../../../avr/lib/avr5/crtatmega328p.o

.avr.prop       0x0000000000000000       0x2c
 .avr.prop      0x0000000000000000       0x16 main.o
 .avr.prop      0x0000000000000016       0x16 /tmp/ccVi2qJp.o

.note.gnu.build-id
 *(.note.gnu.build-id)

.debug
 *(.debug)

.line
 *(.line)

.debug_srcinfo
 *(.debug_srcinfo)

.debug_sfnames
 *(.debug_sfnames)

.debug_aranges
 *(.debug_aranges)

.debug_pubnames
 *(.debug_pubnames)

.debug_info     0x0000000000000000      0x5f4
 *(.debug_info .gnu.linkonce.wi.*)
 .debug_info    0x0000000000000000      0x5f4 /usr/lib/gcc/avr/7.3.0/../../../avr/lib/avr5/crtatmega328p.o

.debug_abbrev   0x0000000000000000      0x5a2
 *(.debug_abbrev)
 .debug_abbrev  0x0000000000000000      0x5a2 /usr/lib/gcc/avr/7.3.0/../../../avr/lib/avr5/crtatmega328p.o

.debug_line     0x0000000000000000       0x1a
 *(.debug_line .debug_line.* .debug_line_end)
 .debug_line    0x0000000000000000       0x1a /usr/lib/gcc/avr/7.3.0/../../../avr/lib/avr5/crtatmega328p.o

.debug_frame
 *(.debug_frame)

.debug_str      0x0000000000000000      0x208
 *(.debug_str)
 .debug_str     0x0000000000000000      0x208 /usr/lib/gcc/avr/7.3.0/../../../avr/lib/avr5/crtatmega328p.o

.debug_loc
 *(.debug_loc)

.debug_macinfo
 *(.debug_macinfo)

.debug_weaknames
 *(.debug_weaknames)

.debug_funcnames
 *(.debug_funcnames)

.debug_typenames
 *(.debug_typenames)

.debug_varnames
 *(.debug_varnames)

.debug_pubtypes
 *(.debug_pubtypes)

.debug_ranges
 *(.debug_ranges)

.debug_macro
 *(.debug_macro)
OUTPUT(main.elf elf32-avr)
LOAD linker stubs
