Archive member included to satisfy reference by file (symbol)

/usr/lib/gcc/avr/7.3.0/avr5/libgcc.a(_divmodhi4.o)
                              /tmp/ccpceEav.o (__divmodhi4)
/usr/lib/gcc/avr/7.3.0/avr5/libgcc.a(_exit.o)
                              /usr/lib/gcc/avr/7.3.0/../../../avr/lib/avr5/crtatmega328p.o (exit)
/usr/lib/gcc/avr/7.3.0/avr5/libgcc.a(_tablejump2.o)
                              /tmp/ccIf1utO.o (__tablejump2__)
/usr/lib/gcc/avr/7.3.0/avr5/libgcc.a(_copy_data.o)
                              /tmp/ccpceEav.o (__do_copy_data)
/usr/lib/gcc/avr/7.3.0/avr5/libgcc.a(_clear_bss.o)
                              main.o (__do_clear_bss)
/usr/lib/gcc/avr/7.3.0/avr5/libgcc.a(_muluhisi3.o)
                              /tmp/ccr517oo.o (__muluhisi3)
/usr/lib/gcc/avr/7.3.0/avr5/libgcc.a(_udivmodhi4.o)
                              /usr/lib/gcc/avr/7.3.0/avr5/libgcc.a(_divmodhi4.o) (__udivmodhi4)
/usr/lib/gcc/avr/7.3.0/avr5/libgcc.a(_umulhisi3.o)
                              /usr/lib/gcc/avr/7.3.0/avr5/libgcc.a(_muluhisi3.o) (__umulhisi3)
/usr/lib/gcc/avr/7.3.0/../../../avr/lib/avr5/libm.a(addsf3.o)
                              /tmp/ccLpD9Yg.o (__addsf3)
/usr/lib/gcc/avr/7.3.0/../../../avr/lib/avr5/libm.a(addsf3x.o)
                              /usr/lib/gcc/avr/7.3.0/../../../avr/lib/avr5/libm.a(addsf3.o) (__addsf3x)
/usr/lib/gcc/avr/7.3.0/../../../avr/lib/avr5/libm.a(cmpsf2.o)
                              /tmp/ccpceEav.o (__ltsf2)
/usr/lib/gcc/avr/7.3.0/../../../avr/lib/avr5/libm.a(divsf3.o)
                              /tmp/ccLpD9Yg.o (__divsf3)
/usr/lib/gcc/avr/7.3.0/../../../avr/lib/avr5/libm.a(divsf3x.o)
                              /usr/lib/gcc/avr/7.3.0/../../../avr/lib/avr5/libm.a(divsf3.o) (__divsf3x)
/usr/lib/gcc/avr/7.3.0/../../../avr/lib/avr5/libm.a(fixsfsi.o)
                              /tmp/ccpceEav.o (__fixsfsi)
/usr/lib/gcc/avr/7.3.0/../../../avr/lib/avr5/libm.a(fixunssfsi.o)
                              /usr/lib/gcc/avr/7.3.0/../../../avr/lib/avr5/libm.a(fixsfsi.o) (__fixunssfsi)
/usr/lib/gcc/avr/7.3.0/../../../avr/lib/avr5/libm.a(floatsisf.o)
                              /tmp/ccLpD9Yg.o (__floatunsisf)
/usr/lib/gcc/avr/7.3.0/../../../avr/lib/avr5/libm.a(fp_cmp.o)
                              /usr/lib/gcc/avr/7.3.0/../../../avr/lib/avr5/libm.a(cmpsf2.o) (__fp_cmp)
/usr/lib/gcc/avr/7.3.0/../../../avr/lib/avr5/libm.a(fp_inf.o)
                              /usr/lib/gcc/avr/7.3.0/../../../avr/lib/avr5/libm.a(addsf3x.o) (__fp_inf)
/usr/lib/gcc/avr/7.3.0/../../../avr/lib/avr5/libm.a(fp_nan.o)
                              /usr/lib/gcc/avr/7.3.0/../../../avr/lib/avr5/libm.a(addsf3x.o) (__fp_nan)
/usr/lib/gcc/avr/7.3.0/../../../avr/lib/avr5/libm.a(fp_pscA.o)
                              /usr/lib/gcc/avr/7.3.0/../../../avr/lib/avr5/libm.a(addsf3x.o) (__fp_pscA)
/usr/lib/gcc/avr/7.3.0/../../../avr/lib/avr5/libm.a(fp_pscB.o)
                              /usr/lib/gcc/avr/7.3.0/../../../avr/lib/avr5/libm.a(addsf3x.o) (__fp_pscB)
/usr/lib/gcc/avr/7.3.0/../../../avr/lib/avr5/libm.a(fp_round.o)
                              /usr/lib/gcc/avr/7.3.0/../../../avr/lib/avr5/libm.a(addsf3.o) (__fp_round)
/usr/lib/gcc/avr/7.3.0/../../../avr/lib/avr5/libm.a(fp_split3.o)
                              /usr/lib/gcc/avr/7.3.0/../../../avr/lib/avr5/libm.a(addsf3x.o) (__fp_split3)
/usr/lib/gcc/avr/7.3.0/../../../avr/lib/avr5/libm.a(fp_zero.o)
                              /usr/lib/gcc/avr/7.3.0/../../../avr/lib/avr5/libm.a(addsf3x.o) (__fp_zero)
/usr/lib/gcc/avr/7.3.0/../../../avr/lib/avr5/libm.a(gesf2.o)
                              /tmp/ccpceEav.o (__gtsf2)
/usr/lib/gcc/avr/7.3.0/../../../avr/lib/avr5/libm.a(mulsf3.o)
                              /tmp/ccpceEav.o (__mulsf3)
/usr/lib/gcc/avr/7.3.0/../../../avr/lib/avr5/libm.a(mulsf3x.o)
                              /usr/lib/gcc/avr/7.3.0/../../../avr/lib/avr5/libm.a(mulsf3.o) (__mulsf3x)
/usr/lib/gcc/avr/7.3.0/../../../avr/lib/avr5/libc.a(malloc.o)
                              /tmp/cc0vONhT.o (malloc)
/usr/lib/gcc/avr/7.3.0/../../../avr/lib/avr5/libatmega328p.a(eerd_block.o)
                              /tmp/ccYnm0jC.o (eeprom_read_block)
/usr/lib/gcc/avr/7.3.0/../../../avr/lib/avr5/libatmega328p.a(eeupd_block.o)
                              /tmp/ccYnm0jC.o (eeprom_update_block)
/usr/lib/gcc/avr/7.3.0/../../../avr/lib/avr5/libatmega328p.a(eeupd_byte.o)
                              /usr/lib/gcc/avr/7.3.0/../../../avr/lib/avr5/libatmega328p.a(eeupd_block.o) (eeprom_update_r18)

Allocating common symbols
Common symbol       size              file

colon_pin           0x7               /tmp/ccpceEav.o
user_onRequest      0x2               /tmp/ccnW0Le1.o
colors              0x1b              main.o
plus_button         0x24              main.o
digit_pins          0x1c              /tmp/ccpceEav.o
note_sequence       0x2               /tmp/cc0vONhT.o
display_data        0xe               /tmp/ccpceEav.o
prev_millis_read_dht
                    0x4               main.o
flash_colon         0x1               /tmp/ccpceEav.o
prev_millis_flash   0x4               /tmp/ccpceEav.o
dht_values          0x8               main.o
__brkval            0x2               /usr/lib/gcc/avr/7.3.0/../../../avr/lib/avr5/libc.a(malloc.o)
lclk_pin            0x7               /tmp/ccpceEav.o
alarm_memory        0xf               main.o
alarm_settings      0x3               main.o
led                 0x18              main.o
read_rtc            0x1               main.o
minus_button        0x24              main.o
rxBuffer            0x20              /tmp/ccnW0Le1.o
srclk_pin           0x7               /tmp/ccpceEav.o
txBuffer            0x20              /tmp/ccnW0Le1.o
prev_minus_btn_callback
                    0x2               main.o
ws2812_pin_struct   0x7               main.o
flash_digits_minutes
                    0x1               /tmp/ccpceEav.o
ALARM_OFF_DISPLAY_VALUE
                    0x4               main.o
fsm_variables       0x13              main.o
DHT22_pin           0x7               /tmp/ccLpD9Yg.o
adjust_button       0x24              main.o
_tm                 0x11              /tmp/ccQTIkFo.o
prev_plus_btn_callback
                    0x2               main.o
flash_all_digits    0x1               /tmp/ccpceEav.o
__flp               0x2               /usr/lib/gcc/avr/7.3.0/../../../avr/lib/avr5/libc.a(malloc.o)
clock_time          0x2               main.o
ser_pin             0x7               /tmp/ccpceEav.o
is_playing          0x1               /tmp/cc0vONhT.o
t_millis            0x4               main.o
dht22_raw_values    0x5               /tmp/ccLpD9Yg.o
user_onReceive      0x2               /tmp/ccnW0Le1.o
flash_digits_hours  0x1               /tmp/ccpceEav.o
prev_adjust_btn_callback
                    0x2               main.o
prev_millis_read_rtc
                    0x4               main.o
millis              0x4               /tmp/ccr517oo.o

Memory Configuration

Name             Origin             Length             Attributes
text             0x0000000000000000 0x0000000000008000 xr
data             0x0000000000800100 0x0000000000000800 rw !x
eeprom           0x0000000000810000 0x0000000000000400 rw !x
fuse             0x0000000000820000 0x0000000000000003 rw !x
lock             0x0000000000830000 0x0000000000000400 rw !x
signature        0x0000000000840000 0x0000000000000400 rw !x
user_signatures  0x0000000000850000 0x0000000000000400 rw !x
*default*        0x0000000000000000 0xffffffffffffffff

Linker script and memory map

Address of section .data set to 0x800100
LOAD /usr/lib/gcc/avr/7.3.0/../../../avr/lib/avr5/crtatmega328p.o
LOAD main.o
LOAD /tmp/ccr517oo.o
LOAD /tmp/cc9ZPiZV.o
LOAD /tmp/ccrTPLs0.o
LOAD /tmp/ccpceEav.o
LOAD /tmp/ccQTIkFo.o
LOAD /tmp/ccnW0Le1.o
LOAD /tmp/ccIf1utO.o
LOAD /tmp/ccLpD9Yg.o
LOAD /tmp/cc0vONhT.o
LOAD /tmp/ccAunyIC.o
LOAD /tmp/ccYnm0jC.o
LOAD /tmp/cctDlDkr.o
LOAD /tmp/ccMjjE5k.o
START GROUP
LOAD /usr/lib/gcc/avr/7.3.0/avr5/libgcc.a
LOAD /usr/lib/gcc/avr/7.3.0/../../../avr/lib/avr5/libm.a
LOAD /usr/lib/gcc/avr/7.3.0/../../../avr/lib/avr5/libc.a
LOAD /usr/lib/gcc/avr/7.3.0/../../../avr/lib/avr5/libatmega328p.a
END GROUP
                0x0000000000000000                __TEXT_REGION_ORIGIN__ = DEFINED (__TEXT_REGION_ORIGIN__)?__TEXT_REGION_ORIGIN__:0x0
                [0x0000000000800100]                __DATA_REGION_ORIGIN__ = DEFINED (__DATA_REGION_ORIGIN__)?__DATA_REGION_ORIGIN__:0x800060
                [0x0000000000008000]                __TEXT_REGION_LENGTH__ = DEFINED (__TEXT_REGION_LENGTH__)?__TEXT_REGION_LENGTH__:0x20000
                [0x0000000000000800]                __DATA_REGION_LENGTH__ = DEFINED (__DATA_REGION_LENGTH__)?__DATA_REGION_LENGTH__:0xffa0
                [0x0000000000000400]                __EEPROM_REGION_LENGTH__ = DEFINED (__EEPROM_REGION_LENGTH__)?__EEPROM_REGION_LENGTH__:0x10000
                [0x0000000000000003]                __FUSE_REGION_LENGTH__ = DEFINED (__FUSE_REGION_LENGTH__)?__FUSE_REGION_LENGTH__:0x400
                0x0000000000000400                __LOCK_REGION_LENGTH__ = DEFINED (__LOCK_REGION_LENGTH__)?__LOCK_REGION_LENGTH__:0x400
                0x0000000000000400                __SIGNATURE_REGION_LENGTH__ = DEFINED (__SIGNATURE_REGION_LENGTH__)?__SIGNATURE_REGION_LENGTH__:0x400
                0x0000000000000400                __USER_SIGNATURE_REGION_LENGTH__ = DEFINED (__USER_SIGNATURE_REGION_LENGTH__)?__USER_SIGNATURE_REGION_LENGTH__:0x400

.hash
 *(.hash)

.dynsym
 *(.dynsym)

.dynstr
 *(.dynstr)

.gnu.version
 *(.gnu.version)

.gnu.version_d
 *(.gnu.version_d)

.gnu.version_r
 *(.gnu.version_r)

.rel.init
 *(.rel.init)

.rela.init
 *(.rela.init)

.rel.text
 *(.rel.text)
 *(.rel.text.*)
 *(.rel.gnu.linkonce.t*)

.rela.text
 *(.rela.text)
 *(.rela.text.*)
 *(.rela.gnu.linkonce.t*)

.rel.fini
 *(.rel.fini)

.rela.fini
 *(.rela.fini)

.rel.rodata
 *(.rel.rodata)
 *(.rel.rodata.*)
 *(.rel.gnu.linkonce.r*)

.rela.rodata
 *(.rela.rodata)
 *(.rela.rodata.*)
 *(.rela.gnu.linkonce.r*)

.rel.data
 *(.rel.data)
 *(.rel.data.*)
 *(.rel.gnu.linkonce.d*)

.rela.data
 *(.rela.data)
 *(.rela.data.*)
 *(.rela.gnu.linkonce.d*)

.rel.ctors
 *(.rel.ctors)

.rela.ctors
 *(.rela.ctors)

.rel.dtors
 *(.rel.dtors)

.rela.dtors
 *(.rela.dtors)

.rel.got
 *(.rel.got)

.rela.got
 *(.rela.got)

.rel.bss
 *(.rel.bss)

.rela.bss
 *(.rela.bss)

.rel.plt
 *(.rel.plt)

.rela.plt
 *(.rela.plt)

.text           0x0000000000000000     0x4416
 *(.vectors)
 .vectors       0x0000000000000000       0x68 /usr/lib/gcc/avr/7.3.0/../../../avr/lib/avr5/crtatmega328p.o
                0x0000000000000000                __vectors
                0x0000000000000000                __vector_default
 *(.vectors)
 *(.progmem.gcc*)
                0x0000000000000068                . = ALIGN (0x2)
                0x0000000000000068                __trampolines_start = .
 *(.trampolines)
 .trampolines   0x0000000000000068        0x0 linker stubs
 *(.trampolines*)
                0x0000000000000068                __trampolines_end = .
 *libprintf_flt.a:*(.progmem.data)
 *libc.a:*(.progmem.data)
 *(.progmem*)
                0x0000000000000068                . = ALIGN (0x2)
 *(.jumptables)
 *(.jumptables*)
 *(.lowtext)
 *(.lowtext*)
                0x0000000000000068                __ctors_start = .
 *(.ctors)
                0x0000000000000068                __ctors_end = .
                0x0000000000000068                __dtors_start = .
 *(.dtors)
                0x0000000000000068                __dtors_end = .
 SORT(*)(.ctors)
 SORT(*)(.dtors)
 *(.init0)
 .init0         0x0000000000000068        0x0 /usr/lib/gcc/avr/7.3.0/../../../avr/lib/avr5/crtatmega328p.o
                0x0000000000000068                __init
 *(.init0)
 *(.init1)
 *(.init1)
 *(.init2)
 .init2         0x0000000000000068        0xc /usr/lib/gcc/avr/7.3.0/../../../avr/lib/avr5/crtatmega328p.o
 *(.init2)
 *(.init3)
 *(.init3)
 *(.init4)
 .init4         0x0000000000000074       0x16 /usr/lib/gcc/avr/7.3.0/avr5/libgcc.a(_copy_data.o)
                0x0000000000000074                __do_copy_data
 .init4         0x000000000000008a       0x10 /usr/lib/gcc/avr/7.3.0/avr5/libgcc.a(_clear_bss.o)
                0x000000000000008a                __do_clear_bss
 *(.init4)
 *(.init5)
 *(.init5)
 *(.init6)
 *(.init6)
 *(.init7)
 *(.init7)
 *(.init8)
 *(.init8)
 *(.init9)
 .init9         0x000000000000009a        0x8 /usr/lib/gcc/avr/7.3.0/../../../avr/lib/avr5/crtatmega328p.o
 *(.init9)
 *(.text)
 .text          0x00000000000000a2        0x4 /usr/lib/gcc/avr/7.3.0/../../../avr/lib/avr5/crtatmega328p.o
                0x00000000000000a2                __vector_22
                0x00000000000000a2                __vector_1
                0x00000000000000a2                __vector_12
                0x00000000000000a2                __bad_interrupt
                0x00000000000000a2                __vector_6
                0x00000000000000a2                __vector_3
                0x00000000000000a2                __vector_23
                0x00000000000000a2                __vector_25
                0x00000000000000a2                __vector_11
                0x00000000000000a2                __vector_13
                0x00000000000000a2                __vector_17
                0x00000000000000a2                __vector_19
                0x00000000000000a2                __vector_7
                0x00000000000000a2                __vector_5
                0x00000000000000a2                __vector_4
                0x00000000000000a2                __vector_9
                0x00000000000000a2                __vector_2
                0x00000000000000a2                __vector_21
                0x00000000000000a2                __vector_15
                0x00000000000000a2                __vector_8
                0x00000000000000a2                __vector_10
                0x00000000000000a2                __vector_16
                0x00000000000000a2                __vector_18
                0x00000000000000a2                __vector_20
 .text          0x00000000000000a6       0x50 main.o
                0x00000000000000a6                __vector_14
 .text          0x00000000000000f6       0xcc /tmp/ccr517oo.o
                0x00000000000000f6                millis_timer_ISR_loop
                0x000000000000011e                millis_timer_init
                0x0000000000000152                get_millis
                0x000000000000016a                get_micros
 .text          0x00000000000001c2      0x158 /tmp/cc9ZPiZV.o
                0x00000000000001c2                gpio_set_pin_output
                0x00000000000001e4                gpio_set_pin_input
                0x0000000000000206                gpio_set_pin_input_pullup
                0x000000000000023a                gpio_toggle_pin_mode
                0x000000000000025c                gpio_read_pin
                0x0000000000000280                gpio_set_pin_val
                0x00000000000002ae                gpio_set_pin_high
                0x00000000000002d2                gpio_set_pin_low
                0x00000000000002f6                gpio_toggle_pin_output
 .text          0x000000000000031a      0x2a8 /tmp/ccrTPLs0.o
                0x000000000000031a                button_setup
                0x0000000000000352                button_set_debounce_ms
                0x000000000000035a                button_set_click_ms
                0x0000000000000362                button_set_press_ms
                0x000000000000036a                button_attach_single_click
                0x0000000000000372                button_get_single_click_action
                0x000000000000037a                button_attach_double_click
                0x0000000000000382                button_get_double_click_action
                0x000000000000038a                button_attach_long_press
                0x0000000000000392                button_get_long_press_action
                0x000000000000039a                button_debounce
                0x0000000000000410                _newState
                0x000000000000042c                button_reset
                0x000000000000044a                button_fsm
                0x00000000000005ac                button_loop
 .text          0x00000000000005c2      0x86e /tmp/ccpceEav.o
                0x00000000000005c2                seven_segment_init
                0x00000000000006be                seven_segment_loop_isr
                0x00000000000007ae                seven_segment_clear_all
                0x00000000000007c6                seven_segment_set_all
                0x00000000000007e2                seven_segment_write_byte_to_digit
                0x000000000000081a                seven_segment_write_bytes
                0x000000000000083e                seven_segment_write_digit_val_to_digit
                0x000000000000084c                seven_segment_write_digit_vals
                0x0000000000000878                seven_segment_set_colon
                0x000000000000087e                seven_segment_set_decimal_point
                0x0000000000000896                seven_segment_flashing_loop
                0x00000000000009a4                seven_segment_flash_colon
                0x00000000000009aa                seven_segment_flash_digits_minutes
                0x00000000000009b0                seven_segment_flash_digits_hours
                0x00000000000009b6                seven_segment_flash_all_digits
                0x00000000000009bc                seven_segment_show_hour_minute
                0x0000000000000a5e                seven_segment_show_month_day
                0x0000000000000b3c                seven_segment_show_year
                0x0000000000000be4                seven_segment_show_temperature
                0x0000000000000d34                seven_segment_show_humidity
 .text          0x0000000000000e30      0xb86 /tmp/ccQTIkFo.o
                0x0000000000000e30                dec2bcd
                0x0000000000000e54                bcd2dec
                0x0000000000000e6a                rtc_read_byte
                0x0000000000000e8c                rtc_write_byte
                0x0000000000000eae                rtc_init
                0x0000000000000f0c                rtc_is_ds1307
                0x0000000000000f12                rtc_is_ds3231
                0x0000000000000f18                rtc_set_ds1307
                0x0000000000000f24                rtc_set_ds3231
                0x0000000000000f30                rtc_get_time
                0x00000000000010d0                rtc_get_time_s
                0x00000000000011be                rtc_set_time
                0x0000000000001332                rtc_set_time_s
                0x00000000000013ca                rtc_run_clock
                0x00000000000013f8                rtc_is_clock_running
                0x000000000000140e                ds3231_get_temp_int
                0x0000000000001484                rtc_force_temp_conversion
                0x00000000000014f4                rtc_get_sram_byte
                0x0000000000001518                rtc_get_sram
                0x000000000000153c                rtc_set_sram_byte
                0x0000000000001560                rtc_set_sram
                0x0000000000001584                rtc_SQW_enable
                0x0000000000001616                rtc_SQW_set_freq
                0x0000000000001696                rtc_osc32kHz_enable
                0x00000000000016e8                rtc_reset_alarm
                0x0000000000001728                rtc_set_alarm_s
                0x0000000000001812                rtc_set_alarm
                0x0000000000001824                rtc_get_alarm_s
                0x00000000000018de                rtc_get_alarm
                0x0000000000001928                rtc_check_alarm
 .text          0x00000000000019b6      0x1f8 /tmp/ccnW0Le1.o
                0x00000000000019b6                onReceiveService
                0x0000000000001a18                onRequestService
                0x0000000000001a30                twi_init_master
                0x0000000000001a44                twi_init_slave
                0x0000000000001a6c                twi_request_from
                0x0000000000001a86                twi_begin_transmission
                0x0000000000001a9a                twi_end_transmission
                0x0000000000001aba                twi_send_byte
                0x0000000000001b12                twi_send
                0x0000000000001b58                twi_send_char
                0x0000000000001b6c                twi_available
                0x0000000000001b78                twi_receive
                0x0000000000001b9a                twi_set_on_receive
                0x0000000000001ba4                twi_set_on_request
 .text          0x0000000000001bae      0x576 /tmp/ccIf1utO.o
                0x0000000000001bae                twi_init
                0x0000000000001bd4                twi_setAddress
                0x0000000000001bdc                twi_readFrom
                0x0000000000001c48                twi_writeTo
                0x0000000000001cd0                twi_transmit
                0x0000000000001d0a                twi_attachSlaveRxEvent
                0x0000000000001d14                twi_attachSlaveTxEvent
                0x0000000000001d1e                twi_reply
                0x0000000000001d32                twi_stop
                0x0000000000001d46                twi_releaseBus
                0x0000000000001d52                __vector_24
 .text          0x0000000000002124      0x1f8 /tmp/ccLpD9Yg.o
                0x0000000000002124                dht22_init
                0x0000000000002144                dht22_measure_values
 .text          0x000000000000231c      0x312 /tmp/cc0vONhT.o
                0x000000000000231c                piezo_init
                0x000000000000236c                piezo_clear_all_notes
                0x0000000000002376                piezo_add_note
                0x00000000000023c0                piezo_play_cur_note
                0x000000000000240c                piezo_loop_ISR
                0x00000000000025c6                piezo_play_sequence
                0x00000000000025f8                piezo_off
                0x000000000000260c                piezo_stop_sequence
                0x0000000000002628                piezo_is_playing
 .text          0x000000000000262e      0x1c2 /tmp/ccAunyIC.o
                0x000000000000262e                ws2812_setleds
                0x000000000000268e                ws2812_setleds_pin
                0x00000000000026f6                ws2812_setleds_rgbw
                0x0000000000002754                ws2812_sendarray
                0x000000000000279e                ws2812_sendarray_mask
 .text          0x00000000000027f0      0x250 /tmp/ccYnm0jC.o
                0x0000000000002824                dismiss_alarm
                0x0000000000002838                trim_alarm_values
                0x0000000000002852                compute_alarm_time
                0x00000000000028be                load_alarm_settings
                0x00000000000028ea                update_alarm_settings
                0x0000000000002916                set_alarm_dismiss_button_callbacks
                0x0000000000002970                restore_button_callbacks
                0x000000000000297e                alarm_loop
 .text          0x0000000000002a40      0xa7a /tmp/cctDlDkr.o
                0x0000000000002a40                increment_hour
                0x0000000000002a60                decrement_hour
                0x0000000000002a84                increment_minute
                0x0000000000002aa4                decrement_minute
                0x0000000000002ac8                toggle_alarm_on_off
                0x0000000000002ad8                increment_alarm_hour
                0x0000000000002aee                decrement_alarm_hour
                0x0000000000002b06                increment_alarm_min
                0x0000000000002b1c                decrement_alarm_min
                0x0000000000002b34                increment_month
                0x0000000000002b58                decrement_month
                0x0000000000002b7c                increment_day
                0x0000000000002ba0                decrement_day
                0x0000000000002bc4                increment_year
                0x0000000000002bea                decrement_year
                0x0000000000002c10                toggle_mood_light
                0x0000000000002c5e                new_state_start
                0x0000000000002c82                increment_main_state
                0x0000000000002cbc                decrement_main_state
                0x0000000000002cfa                swap_hour_min_state
                0x0000000000002d46                swap_alarm_state
                0x0000000000002d74                swap_month_day_state
                0x0000000000002dba                swap_year_state
                0x0000000000002dfe                swap_testing_state
                0x0000000000002e28                swap_temperature_state
                0x0000000000002e52                swap_humidity_state
                0x0000000000002e7c                fsm_loop
 .text          0x00000000000034ba      0x534 /tmp/ccMjjE5k.o
                0x00000000000034ba                load_alarm_notes
 .text          0x00000000000039ee        0x0 /usr/lib/gcc/avr/7.3.0/avr5/libgcc.a(_divmodhi4.o)
 .text          0x00000000000039ee        0x0 /usr/lib/gcc/avr/7.3.0/avr5/libgcc.a(_exit.o)
 .text          0x00000000000039ee        0x0 /usr/lib/gcc/avr/7.3.0/avr5/libgcc.a(_tablejump2.o)
 .text          0x00000000000039ee        0x0 /usr/lib/gcc/avr/7.3.0/avr5/libgcc.a(_copy_data.o)
 .text          0x00000000000039ee        0x0 /usr/lib/gcc/avr/7.3.0/avr5/libgcc.a(_clear_bss.o)
 .text          0x00000000000039ee        0x0 /usr/lib/gcc/avr/7.3.0/avr5/libgcc.a(_muluhisi3.o)
 .text          0x00000000000039ee        0x0 /usr/lib/gcc/avr/7.3.0/avr5/libgcc.a(_udivmodhi4.o)
 .text          0x00000000000039ee        0x0 /usr/lib/gcc/avr/7.3.0/avr5/libgcc.a(_umulhisi3.o)
 .text          0x00000000000039ee        0x0 /usr/lib/gcc/avr/7.3.0/../../../avr/lib/avr5/libm.a(addsf3.o)
 .text          0x00000000000039ee        0x0 /usr/lib/gcc/avr/7.3.0/../../../avr/lib/avr5/libm.a(addsf3x.o)
 .text          0x00000000000039ee        0x0 /usr/lib/gcc/avr/7.3.0/../../../avr/lib/avr5/libm.a(cmpsf2.o)
 .text          0x00000000000039ee        0x0 /usr/lib/gcc/avr/7.3.0/../../../avr/lib/avr5/libm.a(divsf3.o)
 .text          0x00000000000039ee        0x0 /usr/lib/gcc/avr/7.3.0/../../../avr/lib/avr5/libm.a(divsf3x.o)
 .text          0x00000000000039ee        0x0 /usr/lib/gcc/avr/7.3.0/../../../avr/lib/avr5/libm.a(fixsfsi.o)
 .text          0x00000000000039ee        0x0 /usr/lib/gcc/avr/7.3.0/../../../avr/lib/avr5/libm.a(fixunssfsi.o)
 .text          0x00000000000039ee        0x0 /usr/lib/gcc/avr/7.3.0/../../../avr/lib/avr5/libm.a(floatsisf.o)
 .text          0x00000000000039ee        0x0 /usr/lib/gcc/avr/7.3.0/../../../avr/lib/avr5/libm.a(fp_cmp.o)
 .text          0x00000000000039ee        0x0 /usr/lib/gcc/avr/7.3.0/../../../avr/lib/avr5/libm.a(fp_inf.o)
 .text          0x00000000000039ee        0x0 /usr/lib/gcc/avr/7.3.0/../../../avr/lib/avr5/libm.a(fp_nan.o)
 .text          0x00000000000039ee        0x0 /usr/lib/gcc/avr/7.3.0/../../../avr/lib/avr5/libm.a(fp_pscA.o)
 .text          0x00000000000039ee        0x0 /usr/lib/gcc/avr/7.3.0/../../../avr/lib/avr5/libm.a(fp_pscB.o)
 .text          0x00000000000039ee        0x0 /usr/lib/gcc/avr/7.3.0/../../../avr/lib/avr5/libm.a(fp_round.o)
 .text          0x00000000000039ee        0x0 /usr/lib/gcc/avr/7.3.0/../../../avr/lib/avr5/libm.a(fp_split3.o)
 .text          0x00000000000039ee        0x0 /usr/lib/gcc/avr/7.3.0/../../../avr/lib/avr5/libm.a(fp_zero.o)
 .text          0x00000000000039ee        0x0 /usr/lib/gcc/avr/7.3.0/../../../avr/lib/avr5/libm.a(gesf2.o)
 .text          0x00000000000039ee        0x0 /usr/lib/gcc/avr/7.3.0/../../../avr/lib/avr5/libm.a(mulsf3.o)
 .text          0x00000000000039ee        0x0 /usr/lib/gcc/avr/7.3.0/../../../avr/lib/avr5/libm.a(mulsf3x.o)
 .text          0x00000000000039ee        0x0 /usr/lib/gcc/avr/7.3.0/../../../avr/lib/avr5/libc.a(malloc.o)
 .text          0x00000000000039ee        0x0 /usr/lib/gcc/avr/7.3.0/../../../avr/lib/avr5/libatmega328p.a(eerd_block.o)
 .text          0x00000000000039ee        0x0 /usr/lib/gcc/avr/7.3.0/../../../avr/lib/avr5/libatmega328p.a(eeupd_block.o)
 .text          0x00000000000039ee        0x0 /usr/lib/gcc/avr/7.3.0/../../../avr/lib/avr5/libatmega328p.a(eeupd_byte.o)
                0x00000000000039ee                . = ALIGN (0x2)
 *(.text.*)
 .text.startup  0x00000000000039ee      0x26a main.o
                0x00000000000039ee                main
 .text.libgcc.mul
                0x0000000000003c58        0x0 /usr/lib/gcc/avr/7.3.0/avr5/libgcc.a(_divmodhi4.o)
 .text.libgcc.div
                0x0000000000003c58       0x28 /usr/lib/gcc/avr/7.3.0/avr5/libgcc.a(_divmodhi4.o)
                0x0000000000003c58                __divmodhi4
                0x0000000000003c58                _div
 .text.libgcc   0x0000000000003c80        0x0 /usr/lib/gcc/avr/7.3.0/avr5/libgcc.a(_divmodhi4.o)
 .text.libgcc.prologue
                0x0000000000003c80        0x0 /usr/lib/gcc/avr/7.3.0/avr5/libgcc.a(_divmodhi4.o)
 .text.libgcc.builtins
                0x0000000000003c80        0x0 /usr/lib/gcc/avr/7.3.0/avr5/libgcc.a(_divmodhi4.o)
 .text.libgcc.fmul
                0x0000000000003c80        0x0 /usr/lib/gcc/avr/7.3.0/avr5/libgcc.a(_divmodhi4.o)
 .text.libgcc.fixed
                0x0000000000003c80        0x0 /usr/lib/gcc/avr/7.3.0/avr5/libgcc.a(_divmodhi4.o)
 .text.libgcc.mul
                0x0000000000003c80        0x0 /usr/lib/gcc/avr/7.3.0/avr5/libgcc.a(_exit.o)
 .text.libgcc.div
                0x0000000000003c80        0x0 /usr/lib/gcc/avr/7.3.0/avr5/libgcc.a(_exit.o)
 .text.libgcc   0x0000000000003c80        0x0 /usr/lib/gcc/avr/7.3.0/avr5/libgcc.a(_exit.o)
 .text.libgcc.prologue
                0x0000000000003c80        0x0 /usr/lib/gcc/avr/7.3.0/avr5/libgcc.a(_exit.o)
 .text.libgcc.builtins
                0x0000000000003c80        0x0 /usr/lib/gcc/avr/7.3.0/avr5/libgcc.a(_exit.o)
 .text.libgcc.fmul
                0x0000000000003c80        0x0 /usr/lib/gcc/avr/7.3.0/avr5/libgcc.a(_exit.o)
 .text.libgcc.fixed
                0x0000000000003c80        0x0 /usr/lib/gcc/avr/7.3.0/avr5/libgcc.a(_exit.o)
 .text.libgcc.mul
                0x0000000000003c80        0x0 /usr/lib/gcc/avr/7.3.0/avr5/libgcc.a(_tablejump2.o)
 .text.libgcc.div
                0x0000000000003c80        0x0 /usr/lib/gcc/avr/7.3.0/avr5/libgcc.a(_tablejump2.o)
 .text.libgcc   0x0000000000003c80        0xc /usr/lib/gcc/avr/7.3.0/avr5/libgcc.a(_tablejump2.o)
                0x0000000000003c80                __tablejump2__
 .text.libgcc.prologue
                0x0000000000003c8c        0x0 /usr/lib/gcc/avr/7.3.0/avr5/libgcc.a(_tablejump2.o)
 .text.libgcc.builtins
                0x0000000000003c8c        0x0 /usr/lib/gcc/avr/7.3.0/avr5/libgcc.a(_tablejump2.o)
 .text.libgcc.fmul
                0x0000000000003c8c        0x0 /usr/lib/gcc/avr/7.3.0/avr5/libgcc.a(_tablejump2.o)
 .text.libgcc.fixed
                0x0000000000003c8c        0x0 /usr/lib/gcc/avr/7.3.0/avr5/libgcc.a(_tablejump2.o)
 .text.libgcc.mul
                0x0000000000003c8c        0x0 /usr/lib/gcc/avr/7.3.0/avr5/libgcc.a(_copy_data.o)
 .text.libgcc.div
                0x0000000000003c8c        0x0 /usr/lib/gcc/avr/7.3.0/avr5/libgcc.a(_copy_data.o)
 .text.libgcc   0x0000000000003c8c        0x0 /usr/lib/gcc/avr/7.3.0/avr5/libgcc.a(_copy_data.o)
 .text.libgcc.prologue
                0x0000000000003c8c        0x0 /usr/lib/gcc/avr/7.3.0/avr5/libgcc.a(_copy_data.o)
 .text.libgcc.builtins
                0x0000000000003c8c        0x0 /usr/lib/gcc/avr/7.3.0/avr5/libgcc.a(_copy_data.o)
 .text.libgcc.fmul
                0x0000000000003c8c        0x0 /usr/lib/gcc/avr/7.3.0/avr5/libgcc.a(_copy_data.o)
 .text.libgcc.fixed
                0x0000000000003c8c        0x0 /usr/lib/gcc/avr/7.3.0/avr5/libgcc.a(_copy_data.o)
 .text.libgcc.mul
                0x0000000000003c8c        0x0 /usr/lib/gcc/avr/7.3.0/avr5/libgcc.a(_clear_bss.o)
 .text.libgcc.div
                0x0000000000003c8c        0x0 /usr/lib/gcc/avr/7.3.0/avr5/libgcc.a(_clear_bss.o)
 .text.libgcc   0x0000000000003c8c        0x0 /usr/lib/gcc/avr/7.3.0/avr5/libgcc.a(_clear_bss.o)
 .text.libgcc.prologue
                0x0000000000003c8c        0x0 /usr/lib/gcc/avr/7.3.0/avr5/libgcc.a(_clear_bss.o)
 .text.libgcc.builtins
                0x0000000000003c8c        0x0 /usr/lib/gcc/avr/7.3.0/avr5/libgcc.a(_clear_bss.o)
 .text.libgcc.fmul
                0x0000000000003c8c        0x0 /usr/lib/gcc/avr/7.3.0/avr5/libgcc.a(_clear_bss.o)
 .text.libgcc.fixed
                0x0000000000003c8c        0x0 /usr/lib/gcc/avr/7.3.0/avr5/libgcc.a(_clear_bss.o)
 .text.libgcc.mul
                0x0000000000003c8c       0x16 /usr/lib/gcc/avr/7.3.0/avr5/libgcc.a(_muluhisi3.o)
                0x0000000000003c8c                __muluhisi3
 .text.libgcc.div
                0x0000000000003ca2        0x0 /usr/lib/gcc/avr/7.3.0/avr5/libgcc.a(_muluhisi3.o)
 .text.libgcc   0x0000000000003ca2        0x0 /usr/lib/gcc/avr/7.3.0/avr5/libgcc.a(_muluhisi3.o)
 .text.libgcc.prologue
                0x0000000000003ca2        0x0 /usr/lib/gcc/avr/7.3.0/avr5/libgcc.a(_muluhisi3.o)
 .text.libgcc.builtins
                0x0000000000003ca2        0x0 /usr/lib/gcc/avr/7.3.0/avr5/libgcc.a(_muluhisi3.o)
 .text.libgcc.fmul
                0x0000000000003ca2        0x0 /usr/lib/gcc/avr/7.3.0/avr5/libgcc.a(_muluhisi3.o)
 .text.libgcc.fixed
                0x0000000000003ca2        0x0 /usr/lib/gcc/avr/7.3.0/avr5/libgcc.a(_muluhisi3.o)
 .text.libgcc.mul
                0x0000000000003ca2        0x0 /usr/lib/gcc/avr/7.3.0/avr5/libgcc.a(_udivmodhi4.o)
 .text.libgcc.div
                0x0000000000003ca2       0x28 /usr/lib/gcc/avr/7.3.0/avr5/libgcc.a(_udivmodhi4.o)
                0x0000000000003ca2                __udivmodhi4
 .text.libgcc   0x0000000000003cca        0x0 /usr/lib/gcc/avr/7.3.0/avr5/libgcc.a(_udivmodhi4.o)
 .text.libgcc.prologue
                0x0000000000003cca        0x0 /usr/lib/gcc/avr/7.3.0/avr5/libgcc.a(_udivmodhi4.o)
 .text.libgcc.builtins
                0x0000000000003cca        0x0 /usr/lib/gcc/avr/7.3.0/avr5/libgcc.a(_udivmodhi4.o)
 .text.libgcc.fmul
                0x0000000000003cca        0x0 /usr/lib/gcc/avr/7.3.0/avr5/libgcc.a(_udivmodhi4.o)
 .text.libgcc.fixed
                0x0000000000003cca        0x0 /usr/lib/gcc/avr/7.3.0/avr5/libgcc.a(_udivmodhi4.o)
 .text.libgcc.mul
                0x0000000000003cca       0x1e /usr/lib/gcc/avr/7.3.0/avr5/libgcc.a(_umulhisi3.o)
                0x0000000000003cca                __umulhisi3
 .text.libgcc.div
                0x0000000000003ce8        0x0 /usr/lib/gcc/avr/7.3.0/avr5/libgcc.a(_umulhisi3.o)
 .text.libgcc   0x0000000000003ce8        0x0 /usr/lib/gcc/avr/7.3.0/avr5/libgcc.a(_umulhisi3.o)
 .text.libgcc.prologue
                0x0000000000003ce8        0x0 /usr/lib/gcc/avr/7.3.0/avr5/libgcc.a(_umulhisi3.o)
 .text.libgcc.builtins
                0x0000000000003ce8        0x0 /usr/lib/gcc/avr/7.3.0/avr5/libgcc.a(_umulhisi3.o)
 .text.libgcc.fmul
                0x0000000000003ce8        0x0 /usr/lib/gcc/avr/7.3.0/avr5/libgcc.a(_umulhisi3.o)
 .text.libgcc.fixed
                0x0000000000003ce8        0x0 /usr/lib/gcc/avr/7.3.0/avr5/libgcc.a(_umulhisi3.o)
 .text.avr-libc.fplib
                0x0000000000003ce8        0xe /usr/lib/gcc/avr/7.3.0/../../../avr/lib/avr5/libm.a(addsf3.o)
                0x0000000000003ce8                __subsf3
                0x0000000000003cea                __addsf3
 .text.avr-libc.fplib
                0x0000000000003cf6       0xcc /usr/lib/gcc/avr/7.3.0/../../../avr/lib/avr5/libm.a(addsf3x.o)
                0x0000000000003d18                __addsf3x
 .text.avr-libc.fplib
                0x0000000000003dc2        0xa /usr/lib/gcc/avr/7.3.0/../../../avr/lib/avr5/libm.a(cmpsf2.o)
                0x0000000000003dc2                __lesf2
                0x0000000000003dc2                __nesf2
                0x0000000000003dc2                __eqsf2
                0x0000000000003dc2                __cmpsf2
                0x0000000000003dc2                __ltsf2
 .text.avr-libc.fplib
                0x0000000000003dcc        0x8 /usr/lib/gcc/avr/7.3.0/../../../avr/lib/avr5/libm.a(divsf3.o)
                0x0000000000003dcc                __divsf3
 .text.avr-libc.fplib
                0x0000000000003dd4       0xdc /usr/lib/gcc/avr/7.3.0/../../../avr/lib/avr5/libm.a(divsf3x.o)
                0x0000000000003df4                __divsf3x
                0x0000000000003dfa                __divsf3_pse
 .text.avr-libc.fplib
                0x0000000000003eb0        0xe /usr/lib/gcc/avr/7.3.0/../../../avr/lib/avr5/libm.a(fixsfsi.o)
                0x0000000000003eb0                __fixsfsi
 .text.avr-libc.fplib
                0x0000000000003ebe       0x5e /usr/lib/gcc/avr/7.3.0/../../../avr/lib/avr5/libm.a(fixunssfsi.o)
                0x0000000000003ebe                __fixunssfsi
 .text.avr-libc.fplib
                0x0000000000003f1c       0x7a /usr/lib/gcc/avr/7.3.0/../../../avr/lib/avr5/libm.a(floatsisf.o)
                0x0000000000003f1c                __floatunsisf
                0x0000000000003f20                __floatsisf
 .text.avr-libc.fplib
                0x0000000000003f96       0x48 /usr/lib/gcc/avr/7.3.0/../../../avr/lib/avr5/libm.a(fp_cmp.o)
                0x0000000000003f96                __fp_cmp
 .text.avr-libc.fplib
                0x0000000000003fde        0xc /usr/lib/gcc/avr/7.3.0/../../../avr/lib/avr5/libm.a(fp_inf.o)
                0x0000000000003fde                __fp_inf
 .text.avr-libc.fplib
                0x0000000000003fea        0x6 /usr/lib/gcc/avr/7.3.0/../../../avr/lib/avr5/libm.a(fp_nan.o)
                0x0000000000003fea                __fp_nan
 .text.avr-libc.fplib
                0x0000000000003ff0        0xe /usr/lib/gcc/avr/7.3.0/../../../avr/lib/avr5/libm.a(fp_pscA.o)
                0x0000000000003ff0                __fp_pscA
 .text.avr-libc.fplib
                0x0000000000003ffe        0xe /usr/lib/gcc/avr/7.3.0/../../../avr/lib/avr5/libm.a(fp_pscB.o)
                0x0000000000003ffe                __fp_pscB
 .text.avr-libc.fplib
                0x000000000000400c       0x22 /usr/lib/gcc/avr/7.3.0/../../../avr/lib/avr5/libm.a(fp_round.o)
                0x000000000000400c                __fp_round
 .text.avr-libc.fplib
                0x000000000000402e       0x44 /usr/lib/gcc/avr/7.3.0/../../../avr/lib/avr5/libm.a(fp_split3.o)
                0x000000000000402e                __fp_split3
                0x000000000000403e                __fp_splitA
 .text.avr-libc.fplib
                0x0000000000004072        0xe /usr/lib/gcc/avr/7.3.0/../../../avr/lib/avr5/libm.a(fp_zero.o)
                0x0000000000004072                __fp_zero
                0x0000000000004074                __fp_szero
 .text.avr-libc.fplib
                0x0000000000004080        0xa /usr/lib/gcc/avr/7.3.0/../../../avr/lib/avr5/libm.a(gesf2.o)
                0x0000000000004080                __gtsf2
                0x0000000000004080                __gesf2
 .text.avr-libc.fplib
                0x000000000000408a        0x8 /usr/lib/gcc/avr/7.3.0/../../../avr/lib/avr5/libm.a(mulsf3.o)
                0x000000000000408a                __mulsf3
 .text.avr-libc.fplib
                0x0000000000004092       0xd2 /usr/lib/gcc/avr/7.3.0/../../../avr/lib/avr5/libm.a(mulsf3x.o)
                0x00000000000040b0                __mulsf3x
                0x00000000000040b6                __mulsf3_pse
 .text.avr-libc
                0x0000000000004164      0x24a /usr/lib/gcc/avr/7.3.0/../../../avr/lib/avr5/libc.a(malloc.o)
                0x0000000000004164                malloc
                0x000000000000429c                free
 .text.avr-libc
                0x00000000000043ae       0x20 /usr/lib/gcc/avr/7.3.0/../../../avr/lib/avr5/libatmega328p.a(eerd_block.o)
                0x00000000000043ae                eeprom_read_block
                0x00000000000043b2                eeprom_read_blraw
 .text.avr-libc
                0x00000000000043ce       0x20 /usr/lib/gcc/avr/7.3.0/../../../avr/lib/avr5/libatmega328p.a(eeupd_block.o)
                0x00000000000043ce                eeprom_update_block
 .text.avr-libc
                0x00000000000043ee       0x24 /usr/lib/gcc/avr/7.3.0/../../../avr/lib/avr5/libatmega328p.a(eeupd_byte.o)
                0x00000000000043ee                eeprom_update_byte
                0x00000000000043f0                eeprom_update_r18
                0x0000000000004412                . = ALIGN (0x2)
 *(.fini9)
 .fini9         0x0000000000004412        0x0 /usr/lib/gcc/avr/7.3.0/avr5/libgcc.a(_exit.o)
                0x0000000000004412                exit
                0x0000000000004412                _exit
 *(.fini9)
 *(.fini8)
 *(.fini8)
 *(.fini7)
 *(.fini7)
 *(.fini6)
 *(.fini6)
 *(.fini5)
 *(.fini5)
 *(.fini4)
 *(.fini4)
 *(.fini3)
 *(.fini3)
 *(.fini2)
 *(.fini2)
 *(.fini1)
 *(.fini1)
 *(.fini0)
 .fini0         0x0000000000004412        0x4 /usr/lib/gcc/avr/7.3.0/avr5/libgcc.a(_exit.o)
 *(.fini0)
                0x0000000000004416                _etext = .

.data           0x0000000000800100       0x18 load address 0x0000000000004416
                0x0000000000800100                PROVIDE (__data_start, .)
 *(.data)
 .data          0x0000000000800100        0x0 /usr/lib/gcc/avr/7.3.0/../../../avr/lib/avr5/crtatmega328p.o
 .data          0x0000000000800100        0x0 main.o
 .data          0x0000000000800100        0x0 /tmp/ccr517oo.o
 .data          0x0000000000800100        0x0 /tmp/cc9ZPiZV.o
 .data          0x0000000000800100        0x0 /tmp/ccrTPLs0.o
 .data          0x0000000000800100        0x0 /tmp/ccpceEav.o
 .data          0x0000000000800100        0x0 /tmp/ccQTIkFo.o
 .data          0x0000000000800100        0x0 /tmp/ccnW0Le1.o
 .data          0x0000000000800100        0x0 /tmp/ccIf1utO.o
 .data          0x0000000000800100        0x0 /tmp/ccLpD9Yg.o
 .data          0x0000000000800100        0x0 /tmp/cc0vONhT.o
 .data          0x0000000000800100        0x0 /tmp/ccAunyIC.o
 .data          0x0000000000800100        0x0 /tmp/ccYnm0jC.o
 .data          0x0000000000800100        0x0 /tmp/cctDlDkr.o
 .data          0x0000000000800100        0x0 /tmp/ccMjjE5k.o
 .data          0x0000000000800100        0x0 /usr/lib/gcc/avr/7.3.0/avr5/libgcc.a(_divmodhi4.o)
 .data          0x0000000000800100        0x0 /usr/lib/gcc/avr/7.3.0/avr5/libgcc.a(_exit.o)
 .data          0x0000000000800100        0x0 /usr/lib/gcc/avr/7.3.0/avr5/libgcc.a(_tablejump2.o)
 .data          0x0000000000800100        0x0 /usr/lib/gcc/avr/7.3.0/avr5/libgcc.a(_copy_data.o)
 .data          0x0000000000800100        0x0 /usr/lib/gcc/avr/7.3.0/avr5/libgcc.a(_clear_bss.o)
 .data          0x0000000000800100        0x0 /usr/lib/gcc/avr/7.3.0/avr5/libgcc.a(_muluhisi3.o)
 .data          0x0000000000800100        0x0 /usr/lib/gcc/avr/7.3.0/avr5/libgcc.a(_udivmodhi4.o)
 .data          0x0000000000800100        0x0 /usr/lib/gcc/avr/7.3.0/avr5/libgcc.a(_umulhisi3.o)
 .data          0x0000000000800100        0x0 /usr/lib/gcc/avr/7.3.0/../../../avr/lib/avr5/libm.a(addsf3.o)
 .data          0x0000000000800100        0x0 /usr/lib/gcc/avr/7.3.0/../../../avr/lib/avr5/libm.a(addsf3x.o)
 .data          0x0000000000800100        0x0 /usr/lib/gcc/avr/7.3.0/../../../avr/lib/avr5/libm.a(cmpsf2.o)
 .data          0x0000000000800100        0x0 /usr/lib/gcc/avr/7.3.0/../../../avr/lib/avr5/libm.a(divsf3.o)
 .data          0x0000000000800100        0x0 /usr/lib/gcc/avr/7.3.0/../../../avr/lib/avr5/libm.a(divsf3x.o)
 .data          0x0000000000800100        0x0 /usr/lib/gcc/avr/7.3.0/../../../avr/lib/avr5/libm.a(fixsfsi.o)
 .data          0x0000000000800100        0x0 /usr/lib/gcc/avr/7.3.0/../../../avr/lib/avr5/libm.a(fixunssfsi.o)
 .data          0x0000000000800100        0x0 /usr/lib/gcc/avr/7.3.0/../../../avr/lib/avr5/libm.a(floatsisf.o)
 .data          0x0000000000800100        0x0 /usr/lib/gcc/avr/7.3.0/../../../avr/lib/avr5/libm.a(fp_cmp.o)
 .data          0x0000000000800100        0x0 /usr/lib/gcc/avr/7.3.0/../../../avr/lib/avr5/libm.a(fp_inf.o)
 .data          0x0000000000800100        0x0 /usr/lib/gcc/avr/7.3.0/../../../avr/lib/avr5/libm.a(fp_nan.o)
 .data          0x0000000000800100        0x0 /usr/lib/gcc/avr/7.3.0/../../../avr/lib/avr5/libm.a(fp_pscA.o)
 .data          0x0000000000800100        0x0 /usr/lib/gcc/avr/7.3.0/../../../avr/lib/avr5/libm.a(fp_pscB.o)
 .data          0x0000000000800100        0x0 /usr/lib/gcc/avr/7.3.0/../../../avr/lib/avr5/libm.a(fp_round.o)
 .data          0x0000000000800100        0x0 /usr/lib/gcc/avr/7.3.0/../../../avr/lib/avr5/libm.a(fp_split3.o)
 .data          0x0000000000800100        0x0 /usr/lib/gcc/avr/7.3.0/../../../avr/lib/avr5/libm.a(fp_zero.o)
 .data          0x0000000000800100        0x0 /usr/lib/gcc/avr/7.3.0/../../../avr/lib/avr5/libm.a(gesf2.o)
 .data          0x0000000000800100        0x0 /usr/lib/gcc/avr/7.3.0/../../../avr/lib/avr5/libm.a(mulsf3.o)
 .data          0x0000000000800100        0x0 /usr/lib/gcc/avr/7.3.0/../../../avr/lib/avr5/libm.a(mulsf3x.o)
 .data          0x0000000000800100        0x6 /usr/lib/gcc/avr/7.3.0/../../../avr/lib/avr5/libc.a(malloc.o)
                0x0000000000800100                __malloc_heap_end
                0x0000000000800102                __malloc_heap_start
                0x0000000000800104                __malloc_margin
 .data          0x0000000000800106        0x0 /usr/lib/gcc/avr/7.3.0/../../../avr/lib/avr5/libatmega328p.a(eerd_block.o)
 .data          0x0000000000800106        0x0 /usr/lib/gcc/avr/7.3.0/../../../avr/lib/avr5/libatmega328p.a(eeupd_block.o)
 .data          0x0000000000800106        0x0 /usr/lib/gcc/avr/7.3.0/../../../avr/lib/avr5/libatmega328p.a(eeupd_byte.o)
 *(.data*)
 *(.gnu.linkonce.d*)
 *(.rodata)
 .rodata        0x0000000000800106       0x11 /tmp/ccpceEav.o
                0x0000000000800106                digit_values
 *(.rodata*)
 *(.gnu.linkonce.r*)
                0x0000000000800118                . = ALIGN (0x2)
 *fill*         0x0000000000800117        0x1 
                0x0000000000800118                _edata = .
                0x0000000000800118                PROVIDE (__data_end, .)

.bss            0x0000000000800118      0x22b
                0x0000000000800118                PROVIDE (__bss_start, .)
 *(.bss)
 .bss           0x0000000000800118        0x0 /usr/lib/gcc/avr/7.3.0/../../../avr/lib/avr5/crtatmega328p.o
 .bss           0x0000000000800118        0x1 main.o
                0x0000000000800118                prev_btn_callbacks_saved
 .bss           0x0000000000800119        0x0 /tmp/ccr517oo.o
 .bss           0x0000000000800119        0x0 /tmp/cc9ZPiZV.o
 .bss           0x0000000000800119        0x0 /tmp/ccrTPLs0.o
 .bss           0x0000000000800119        0x0 /tmp/ccpceEav.o
 .bss           0x0000000000800119        0x2 /tmp/ccQTIkFo.o
 .bss           0x000000000080011b        0x6 /tmp/ccnW0Le1.o
                0x000000000080011b                transmitting
                0x000000000080011c                txBufferLength
                0x000000000080011d                txBufferIndex
                0x000000000080011e                txAddress
                0x000000000080011f                rxBufferLength
                0x0000000000800120                rxBufferIndex
 .bss           0x0000000000800121       0x6c /tmp/ccIf1utO.o
 .bss           0x000000000080018d        0x0 /tmp/ccLpD9Yg.o
 .bss           0x000000000080018d        0xf /tmp/cc0vONhT.o
                0x000000000080018d                last_piezo_millis
                0x0000000000800191                piezo_millis
                0x0000000000800195                note_paused
                0x0000000000800196                note_sequence_idx
                0x0000000000800198                last_note_idx
                0x000000000080019a                note_sequence_len
 .bss           0x000000000080019c        0x0 /tmp/ccAunyIC.o
 .bss           0x000000000080019c        0x0 /tmp/ccYnm0jC.o
 .bss           0x000000000080019c        0x1 /tmp/cctDlDkr.o
 .bss           0x000000000080019d        0x0 /tmp/ccMjjE5k.o
 .bss           0x000000000080019d        0x0 /usr/lib/gcc/avr/7.3.0/avr5/libgcc.a(_divmodhi4.o)
 .bss           0x000000000080019d        0x0 /usr/lib/gcc/avr/7.3.0/avr5/libgcc.a(_exit.o)
 .bss           0x000000000080019d        0x0 /usr/lib/gcc/avr/7.3.0/avr5/libgcc.a(_tablejump2.o)
 .bss           0x000000000080019d        0x0 /usr/lib/gcc/avr/7.3.0/avr5/libgcc.a(_copy_data.o)
 .bss           0x000000000080019d        0x0 /usr/lib/gcc/avr/7.3.0/avr5/libgcc.a(_clear_bss.o)
 .bss           0x000000000080019d        0x0 /usr/lib/gcc/avr/7.3.0/avr5/libgcc.a(_muluhisi3.o)
 .bss           0x000000000080019d        0x0 /usr/lib/gcc/avr/7.3.0/avr5/libgcc.a(_udivmodhi4.o)
 .bss           0x000000000080019d        0x0 /usr/lib/gcc/avr/7.3.0/avr5/libgcc.a(_umulhisi3.o)
 .bss           0x000000000080019d        0x0 /usr/lib/gcc/avr/7.3.0/../../../avr/lib/avr5/libm.a(addsf3.o)
 .bss           0x000000000080019d        0x0 /usr/lib/gcc/avr/7.3.0/../../../avr/lib/avr5/libm.a(addsf3x.o)
 .bss           0x000000000080019d        0x0 /usr/lib/gcc/avr/7.3.0/../../../avr/lib/avr5/libm.a(cmpsf2.o)
 .bss           0x000000000080019d        0x0 /usr/lib/gcc/avr/7.3.0/../../../avr/lib/avr5/libm.a(divsf3.o)
 .bss           0x000000000080019d        0x0 /usr/lib/gcc/avr/7.3.0/../../../avr/lib/avr5/libm.a(divsf3x.o)
 .bss           0x000000000080019d        0x0 /usr/lib/gcc/avr/7.3.0/../../../avr/lib/avr5/libm.a(fixsfsi.o)
 .bss           0x000000000080019d        0x0 /usr/lib/gcc/avr/7.3.0/../../../avr/lib/avr5/libm.a(fixunssfsi.o)
 .bss           0x000000000080019d        0x0 /usr/lib/gcc/avr/7.3.0/../../../avr/lib/avr5/libm.a(floatsisf.o)
 .bss           0x000000000080019d        0x0 /usr/lib/gcc/avr/7.3.0/../../../avr/lib/avr5/libm.a(fp_cmp.o)
 .bss           0x000000000080019d        0x0 /usr/lib/gcc/avr/7.3.0/../../../avr/lib/avr5/libm.a(fp_inf.o)
 .bss           0x000000000080019d        0x0 /usr/lib/gcc/avr/7.3.0/../../../avr/lib/avr5/libm.a(fp_nan.o)
 .bss           0x000000000080019d        0x0 /usr/lib/gcc/avr/7.3.0/../../../avr/lib/avr5/libm.a(fp_pscA.o)
 .bss           0x000000000080019d        0x0 /usr/lib/gcc/avr/7.3.0/../../../avr/lib/avr5/libm.a(fp_pscB.o)
 .bss           0x000000000080019d        0x0 /usr/lib/gcc/avr/7.3.0/../../../avr/lib/avr5/libm.a(fp_round.o)
 .bss           0x000000000080019d        0x0 /usr/lib/gcc/avr/7.3.0/../../../avr/lib/avr5/libm.a(fp_split3.o)
 .bss           0x000000000080019d        0x0 /usr/lib/gcc/avr/7.3.0/../../../avr/lib/avr5/libm.a(fp_zero.o)
 .bss           0x000000000080019d        0x0 /usr/lib/gcc/avr/7.3.0/../../../avr/lib/avr5/libm.a(gesf2.o)
 .bss           0x000000000080019d        0x0 /usr/lib/gcc/avr/7.3.0/../../../avr/lib/avr5/libm.a(mulsf3.o)
 .bss           0x000000000080019d        0x0 /usr/lib/gcc/avr/7.3.0/../../../avr/lib/avr5/libm.a(mulsf3x.o)
 .bss           0x000000000080019d        0x0 /usr/lib/gcc/avr/7.3.0/../../../avr/lib/avr5/libc.a(malloc.o)
 .bss           0x000000000080019d        0x0 /usr/lib/gcc/avr/7.3.0/../../../avr/lib/avr5/libatmega328p.a(eerd_block.o)
 .bss           0x000000000080019d        0x0 /usr/lib/gcc/avr/7.3.0/../../../avr/lib/avr5/libatmega328p.a(eeupd_block.o)
 .bss           0x000000000080019d        0x0 /usr/lib/gcc/avr/7.3.0/../../../avr/lib/avr5/libatmega328p.a(eeupd_byte.o)
 *(.bss*)
 *(COMMON)
 COMMON         0x000000000080019d       0xec main.o
                0x000000000080019d                colors
                0x00000000008001b8                plus_button
                0x00000000008001dc                prev_millis_read_dht
                0x00000000008001e0                dht_values
                0x00000000008001e8                alarm_memory
                0x00000000008001f7                alarm_settings
                0x00000000008001fa                led
                0x0000000000800212                read_rtc
                0x0000000000800213                minus_button
                0x0000000000800237                prev_minus_btn_callback
                0x0000000000800239                ws2812_pin_struct
                0x0000000000800240                ALARM_OFF_DISPLAY_VALUE
                0x0000000000800244                fsm_variables
                0x0000000000800257                adjust_button
                0x000000000080027b                prev_plus_btn_callback
                0x000000000080027d                clock_time
                0x000000000080027f                t_millis
                0x0000000000800283                prev_adjust_btn_callback
                0x0000000000800285                prev_millis_read_rtc
 COMMON         0x0000000000800289        0x4 /tmp/ccr517oo.o
                0x0000000000800289                millis
 COMMON         0x000000000080028d       0x4e /tmp/ccpceEav.o
                0x000000000080028d                colon_pin
                0x0000000000800294                digit_pins
                0x00000000008002b0                display_data
                0x00000000008002be                flash_colon
                0x00000000008002bf                prev_millis_flash
                0x00000000008002c3                lclk_pin
                0x00000000008002ca                srclk_pin
                0x00000000008002d1                flash_digits_minutes
                0x00000000008002d2                flash_all_digits
                0x00000000008002d3                ser_pin
                0x00000000008002da                flash_digits_hours
 COMMON         0x00000000008002db       0x11 /tmp/ccQTIkFo.o
                0x00000000008002db                _tm
 COMMON         0x00000000008002ec       0x44 /tmp/ccnW0Le1.o
                0x00000000008002ec                user_onRequest
                0x00000000008002ee                rxBuffer
                0x000000000080030e                txBuffer
                0x000000000080032e                user_onReceive
 COMMON         0x0000000000800330        0xc /tmp/ccLpD9Yg.o
                0x0000000000800330                DHT22_pin
                0x0000000000800337                dht22_raw_values
 COMMON         0x000000000080033c        0x3 /tmp/cc0vONhT.o
                0x000000000080033c                note_sequence
                0x000000000080033e                is_playing
 COMMON         0x000000000080033f        0x4 /usr/lib/gcc/avr/7.3.0/../../../avr/lib/avr5/libc.a(malloc.o)
                0x000000000080033f                __brkval
                0x0000000000800341                __flp
                0x0000000000800343                PROVIDE (__bss_end, .)
                0x0000000000004416                __data_load_start = LOADADDR (.data)
                0x000000000000442e                __data_load_end = (__data_load_start + SIZEOF (.data))

.noinit         0x0000000000800343        0x0
                [!provide]                        PROVIDE (__noinit_start, .)
 *(.noinit*)
                [!provide]                        PROVIDE (__noinit_end, .)
                0x0000000000800343                _end = .
                0x0000000000800343                PROVIDE (__heap_start, .)

.eeprom         0x0000000000810000        0x0
 *(.eeprom*)
                0x0000000000810000                __eeprom_end = .

.fuse
 *(.fuse)
 *(.lfuse)
 *(.hfuse)
 *(.efuse)

.lock
 *(.lock*)

.signature
 *(.signature*)

.user_signatures
 *(.user_signatures*)

.stab           0x0000000000000000     0xab48
 *(.stab)
 .stab          0x0000000000000000      0xdd4 main.o
 .stab          0x0000000000000dd4      0x624 /tmp/ccr517oo.o
                                        0x7e0 (size before relaxing)
 .stab          0x00000000000013f8      0x678 /tmp/cc9ZPiZV.o
                                        0x858 (size before relaxing)
 .stab          0x0000000000001a70      0xbb8 /tmp/ccrTPLs0.o
                                        0xea0 (size before relaxing)
 .stab          0x0000000000002628     0x1368 /tmp/ccpceEav.o
                                       0x1638 (size before relaxing)
 .stab          0x0000000000003990     0x1d34 /tmp/ccQTIkFo.o
                                       0x1f20 (size before relaxing)
 .stab          0x00000000000056c4      0xabc /tmp/ccnW0Le1.o
                                        0xca8 (size before relaxing)
 .stab          0x0000000000006180      0xc84 /tmp/ccIf1utO.o
                                        0xe94 (size before relaxing)
 .stab          0x0000000000006e04      0x63c /tmp/ccLpD9Yg.o
                                        0x84c (size before relaxing)
 .stab          0x0000000000007440      0x888 /tmp/cc0vONhT.o
                                        0xb40 (size before relaxing)
 .stab          0x0000000000007cc8      0x9b4 /tmp/ccAunyIC.o
                                        0xba0 (size before relaxing)
 .stab          0x000000000000867c      0x8d0 /tmp/ccYnm0jC.o
                                        0xd14 (size before relaxing)
 .stab          0x0000000000008f4c     0x17f4 /tmp/cctDlDkr.o
                                       0x1ca4 (size before relaxing)
 .stab          0x000000000000a740      0x408 /tmp/ccMjjE5k.o
                                        0x828 (size before relaxing)

.stabstr        0x0000000000000000     0x3cc3
 *(.stabstr)
 .stabstr       0x0000000000000000     0x3cc3 main.o

.stab.excl
 *(.stab.excl)

.stab.exclstr
 *(.stab.exclstr)

.stab.index
 *(.stab.index)

.stab.indexstr
 *(.stab.indexstr)

.comment        0x0000000000000000       0x11
 *(.comment)
 .comment       0x0000000000000000       0x11 main.o
                                         0x12 (size before relaxing)
 .comment       0x0000000000000011       0x12 /tmp/ccr517oo.o
 .comment       0x0000000000000011       0x12 /tmp/cc9ZPiZV.o
 .comment       0x0000000000000011       0x12 /tmp/ccrTPLs0.o
 .comment       0x0000000000000011       0x12 /tmp/ccpceEav.o
 .comment       0x0000000000000011       0x12 /tmp/ccQTIkFo.o
 .comment       0x0000000000000011       0x12 /tmp/ccnW0Le1.o
 .comment       0x0000000000000011       0x12 /tmp/ccIf1utO.o
 .comment       0x0000000000000011       0x12 /tmp/ccLpD9Yg.o
 .comment       0x0000000000000011       0x12 /tmp/cc0vONhT.o
 .comment       0x0000000000000011       0x12 /tmp/ccAunyIC.o
 .comment       0x0000000000000011       0x12 /tmp/ccYnm0jC.o
 .comment       0x0000000000000011       0x12 /tmp/cctDlDkr.o
 .comment       0x0000000000000011       0x12 /tmp/ccMjjE5k.o
 .comment       0x0000000000000011       0x12 /usr/lib/gcc/avr/7.3.0/../../../avr/lib/avr5/libc.a(malloc.o)

.note.gnu.avr.deviceinfo
                0x0000000000000000       0x40
 .note.gnu.avr.deviceinfo
                0x0000000000000000       0x40 /usr/lib/gcc/avr/7.3.0/../../../avr/lib/avr5/crtatmega328p.o

.avr.prop       0x0000000000000000       0x2c
 .avr.prop      0x0000000000000000       0x16 /tmp/ccIf1utO.o
 .avr.prop      0x0000000000000016       0x16 /tmp/cctDlDkr.o

.note.gnu.build-id
 *(.note.gnu.build-id)

.debug
 *(.debug)

.line
 *(.line)

.debug_srcinfo
 *(.debug_srcinfo)

.debug_sfnames
 *(.debug_sfnames)

.debug_aranges
 *(.debug_aranges)

.debug_pubnames
 *(.debug_pubnames)

.debug_info     0x0000000000000000      0x5f4
 *(.debug_info .gnu.linkonce.wi.*)
 .debug_info    0x0000000000000000      0x5f4 /usr/lib/gcc/avr/7.3.0/../../../avr/lib/avr5/crtatmega328p.o

.debug_abbrev   0x0000000000000000      0x5a2
 *(.debug_abbrev)
 .debug_abbrev  0x0000000000000000      0x5a2 /usr/lib/gcc/avr/7.3.0/../../../avr/lib/avr5/crtatmega328p.o

.debug_line     0x0000000000000000       0x1a
 *(.debug_line .debug_line.* .debug_line_end)
 .debug_line    0x0000000000000000       0x1a /usr/lib/gcc/avr/7.3.0/../../../avr/lib/avr5/crtatmega328p.o

.debug_frame
 *(.debug_frame)

.debug_str      0x0000000000000000      0x208
 *(.debug_str)
 .debug_str     0x0000000000000000      0x208 /usr/lib/gcc/avr/7.3.0/../../../avr/lib/avr5/crtatmega328p.o

.debug_loc
 *(.debug_loc)

.debug_macinfo
 *(.debug_macinfo)

.debug_weaknames
 *(.debug_weaknames)

.debug_funcnames
 *(.debug_funcnames)

.debug_typenames
 *(.debug_typenames)

.debug_varnames
 *(.debug_varnames)

.debug_pubtypes
 *(.debug_pubtypes)

.debug_ranges
 *(.debug_ranges)

.debug_macro
 *(.debug_macro)
OUTPUT(main.elf elf32-avr)
LOAD linker stubs
