Archive member included to satisfy reference by file (symbol)

/usr/lib/gcc/avr/7.3.0/avr5/libgcc.a(_divmodhi4.o)
                              /tmp/ccy0t6FJ.o (__divmodhi4)
/usr/lib/gcc/avr/7.3.0/avr5/libgcc.a(_exit.o)
                              /usr/lib/gcc/avr/7.3.0/../../../avr/lib/avr5/crtatmega328p.o (exit)
/usr/lib/gcc/avr/7.3.0/avr5/libgcc.a(_tablejump2.o)
                              /tmp/ccAZYOpL.o (__tablejump2__)
/usr/lib/gcc/avr/7.3.0/avr5/libgcc.a(_copy_data.o)
                              /tmp/ccy0t6FJ.o (__do_copy_data)
/usr/lib/gcc/avr/7.3.0/avr5/libgcc.a(_clear_bss.o)
                              main.o (__do_clear_bss)
/usr/lib/gcc/avr/7.3.0/avr5/libgcc.a(_muluhisi3.o)
                              /tmp/ccUVpCvO.o (__muluhisi3)
/usr/lib/gcc/avr/7.3.0/avr5/libgcc.a(_udivmodhi4.o)
                              /usr/lib/gcc/avr/7.3.0/avr5/libgcc.a(_divmodhi4.o) (__udivmodhi4)
/usr/lib/gcc/avr/7.3.0/avr5/libgcc.a(_umulhisi3.o)
                              /usr/lib/gcc/avr/7.3.0/avr5/libgcc.a(_muluhisi3.o) (__umulhisi3)
/usr/lib/gcc/avr/7.3.0/../../../avr/lib/avr5/libm.a(addsf3.o)
                              /tmp/ccDj8wXv.o (__addsf3)
/usr/lib/gcc/avr/7.3.0/../../../avr/lib/avr5/libm.a(addsf3x.o)
                              /usr/lib/gcc/avr/7.3.0/../../../avr/lib/avr5/libm.a(addsf3.o) (__addsf3x)
/usr/lib/gcc/avr/7.3.0/../../../avr/lib/avr5/libm.a(cmpsf2.o)
                              /tmp/ccy0t6FJ.o (__ltsf2)
/usr/lib/gcc/avr/7.3.0/../../../avr/lib/avr5/libm.a(fixsfsi.o)
                              /tmp/ccy0t6FJ.o (__fixsfsi)
/usr/lib/gcc/avr/7.3.0/../../../avr/lib/avr5/libm.a(fixunssfsi.o)
                              /usr/lib/gcc/avr/7.3.0/../../../avr/lib/avr5/libm.a(fixsfsi.o) (__fixunssfsi)
/usr/lib/gcc/avr/7.3.0/../../../avr/lib/avr5/libm.a(floatsisf.o)
                              /tmp/ccDj8wXv.o (__floatunsisf)
/usr/lib/gcc/avr/7.3.0/../../../avr/lib/avr5/libm.a(fp_cmp.o)
                              /usr/lib/gcc/avr/7.3.0/../../../avr/lib/avr5/libm.a(cmpsf2.o) (__fp_cmp)
/usr/lib/gcc/avr/7.3.0/../../../avr/lib/avr5/libm.a(fp_inf.o)
                              /usr/lib/gcc/avr/7.3.0/../../../avr/lib/avr5/libm.a(addsf3x.o) (__fp_inf)
/usr/lib/gcc/avr/7.3.0/../../../avr/lib/avr5/libm.a(fp_nan.o)
                              /usr/lib/gcc/avr/7.3.0/../../../avr/lib/avr5/libm.a(addsf3x.o) (__fp_nan)
/usr/lib/gcc/avr/7.3.0/../../../avr/lib/avr5/libm.a(fp_pscA.o)
                              /usr/lib/gcc/avr/7.3.0/../../../avr/lib/avr5/libm.a(addsf3x.o) (__fp_pscA)
/usr/lib/gcc/avr/7.3.0/../../../avr/lib/avr5/libm.a(fp_pscB.o)
                              /usr/lib/gcc/avr/7.3.0/../../../avr/lib/avr5/libm.a(addsf3x.o) (__fp_pscB)
/usr/lib/gcc/avr/7.3.0/../../../avr/lib/avr5/libm.a(fp_round.o)
                              /usr/lib/gcc/avr/7.3.0/../../../avr/lib/avr5/libm.a(addsf3.o) (__fp_round)
/usr/lib/gcc/avr/7.3.0/../../../avr/lib/avr5/libm.a(fp_split3.o)
                              /usr/lib/gcc/avr/7.3.0/../../../avr/lib/avr5/libm.a(addsf3x.o) (__fp_split3)
/usr/lib/gcc/avr/7.3.0/../../../avr/lib/avr5/libm.a(fp_zero.o)
                              /usr/lib/gcc/avr/7.3.0/../../../avr/lib/avr5/libm.a(addsf3x.o) (__fp_zero)
/usr/lib/gcc/avr/7.3.0/../../../avr/lib/avr5/libm.a(gesf2.o)
                              /tmp/ccy0t6FJ.o (__gtsf2)
/usr/lib/gcc/avr/7.3.0/../../../avr/lib/avr5/libm.a(mulsf3.o)
                              /tmp/ccy0t6FJ.o (__mulsf3)
/usr/lib/gcc/avr/7.3.0/../../../avr/lib/avr5/libm.a(mulsf3x.o)
                              /usr/lib/gcc/avr/7.3.0/../../../avr/lib/avr5/libm.a(mulsf3.o) (__mulsf3x)
/usr/lib/gcc/avr/7.3.0/../../../avr/lib/avr5/libc.a(malloc.o)
                              /tmp/cc459wdj.o (malloc)
/usr/lib/gcc/avr/7.3.0/../../../avr/lib/avr5/libatmega328p.a(eerd_block.o)
                              /tmp/cc8MFjhA.o (eeprom_read_block)
/usr/lib/gcc/avr/7.3.0/../../../avr/lib/avr5/libatmega328p.a(eeupd_block.o)
                              /tmp/cc8MFjhA.o (eeprom_update_block)
/usr/lib/gcc/avr/7.3.0/../../../avr/lib/avr5/libatmega328p.a(eeupd_byte.o)
                              /usr/lib/gcc/avr/7.3.0/../../../avr/lib/avr5/libatmega328p.a(eeupd_block.o) (eeprom_update_r18)

Allocating common symbols
Common symbol       size              file

colon_pin           0x7               /tmp/ccy0t6FJ.o
user_onRequest      0x2               /tmp/ccx8wH3A.o
colors              0x1b              main.o
plus_button         0x24              main.o
sensor_values       0x8               main.o
digit_pins          0x1c              /tmp/ccy0t6FJ.o
note_sequence       0x2               /tmp/cc459wdj.o
display_data        0xe               /tmp/ccy0t6FJ.o
prev_millis_read_dht
                    0x4               main.o
flash_colon         0x1               /tmp/ccy0t6FJ.o
prev_millis_flash   0x4               /tmp/ccy0t6FJ.o
__brkval            0x2               /usr/lib/gcc/avr/7.3.0/../../../avr/lib/avr5/libc.a(malloc.o)
lclk_pin            0x7               /tmp/ccy0t6FJ.o
alarm_memory        0xf               main.o
alarm_settings      0x3               main.o
led                 0x18              main.o
read_rtc            0x1               main.o
minus_button        0x24              main.o
rxBuffer            0x20              /tmp/ccx8wH3A.o
srclk_pin           0x7               /tmp/ccy0t6FJ.o
txBuffer            0x20              /tmp/ccx8wH3A.o
prev_minus_btn_callback
                    0x2               main.o
flash_digits_minutes
                    0x1               /tmp/ccy0t6FJ.o
ALARM_OFF_DISPLAY_VALUE
                    0x4               main.o
fsm_variables       0x13              main.o
adjust_button       0x24              main.o
_tm                 0x11              /tmp/ccwtQrA3.o
__DHT_STATUS        0x2               /tmp/ccDj8wXv.o
prev_plus_btn_callback
                    0x2               main.o
flash_all_digits    0x1               /tmp/ccy0t6FJ.o
__flp               0x2               /usr/lib/gcc/avr/7.3.0/../../../avr/lib/avr5/libc.a(malloc.o)
clock_time          0x2               main.o
ser_pin             0x7               /tmp/ccy0t6FJ.o
is_playing          0x1               /tmp/cc459wdj.o
t_millis            0x4               main.o
user_onReceive      0x2               /tmp/ccx8wH3A.o
flash_digits_hours  0x1               /tmp/ccy0t6FJ.o
prev_adjust_btn_callback
                    0x2               main.o
prev_millis_read_rtc
                    0x4               main.o
millis              0x4               /tmp/ccUVpCvO.o

Memory Configuration

Name             Origin             Length             Attributes
text             0x0000000000000000 0x0000000000008000 xr
data             0x0000000000800100 0x0000000000000800 rw !x
eeprom           0x0000000000810000 0x0000000000000400 rw !x
fuse             0x0000000000820000 0x0000000000000003 rw !x
lock             0x0000000000830000 0x0000000000000400 rw !x
signature        0x0000000000840000 0x0000000000000400 rw !x
user_signatures  0x0000000000850000 0x0000000000000400 rw !x
*default*        0x0000000000000000 0xffffffffffffffff

Linker script and memory map

Address of section .data set to 0x800100
LOAD /usr/lib/gcc/avr/7.3.0/../../../avr/lib/avr5/crtatmega328p.o
LOAD main.o
LOAD /tmp/ccUVpCvO.o
LOAD /tmp/ccfJ4Cau.o
LOAD /tmp/ccPGJwif.o
LOAD /tmp/ccy0t6FJ.o
LOAD /tmp/ccwtQrA3.o
LOAD /tmp/ccx8wH3A.o
LOAD /tmp/ccAZYOpL.o
LOAD /tmp/ccDj8wXv.o
LOAD /tmp/cc459wdj.o
LOAD /tmp/ccYGlCdX.o
LOAD /tmp/cc8MFjhA.o
LOAD /tmp/ccyJ8coT.o
LOAD /tmp/cclhPGEm.o
START GROUP
LOAD /usr/lib/gcc/avr/7.3.0/avr5/libgcc.a
LOAD /usr/lib/gcc/avr/7.3.0/../../../avr/lib/avr5/libm.a
LOAD /usr/lib/gcc/avr/7.3.0/../../../avr/lib/avr5/libc.a
LOAD /usr/lib/gcc/avr/7.3.0/../../../avr/lib/avr5/libatmega328p.a
END GROUP
                0x0000000000000000                __TEXT_REGION_ORIGIN__ = DEFINED (__TEXT_REGION_ORIGIN__)?__TEXT_REGION_ORIGIN__:0x0
                [0x0000000000800100]                __DATA_REGION_ORIGIN__ = DEFINED (__DATA_REGION_ORIGIN__)?__DATA_REGION_ORIGIN__:0x800060
                [0x0000000000008000]                __TEXT_REGION_LENGTH__ = DEFINED (__TEXT_REGION_LENGTH__)?__TEXT_REGION_LENGTH__:0x20000
                [0x0000000000000800]                __DATA_REGION_LENGTH__ = DEFINED (__DATA_REGION_LENGTH__)?__DATA_REGION_LENGTH__:0xffa0
                [0x0000000000000400]                __EEPROM_REGION_LENGTH__ = DEFINED (__EEPROM_REGION_LENGTH__)?__EEPROM_REGION_LENGTH__:0x10000
                [0x0000000000000003]                __FUSE_REGION_LENGTH__ = DEFINED (__FUSE_REGION_LENGTH__)?__FUSE_REGION_LENGTH__:0x400
                0x0000000000000400                __LOCK_REGION_LENGTH__ = DEFINED (__LOCK_REGION_LENGTH__)?__LOCK_REGION_LENGTH__:0x400
                0x0000000000000400                __SIGNATURE_REGION_LENGTH__ = DEFINED (__SIGNATURE_REGION_LENGTH__)?__SIGNATURE_REGION_LENGTH__:0x400
                0x0000000000000400                __USER_SIGNATURE_REGION_LENGTH__ = DEFINED (__USER_SIGNATURE_REGION_LENGTH__)?__USER_SIGNATURE_REGION_LENGTH__:0x400

.hash
 *(.hash)

.dynsym
 *(.dynsym)

.dynstr
 *(.dynstr)

.gnu.version
 *(.gnu.version)

.gnu.version_d
 *(.gnu.version_d)

.gnu.version_r
 *(.gnu.version_r)

.rel.init
 *(.rel.init)

.rela.init
 *(.rela.init)

.rel.text
 *(.rel.text)
 *(.rel.text.*)
 *(.rel.gnu.linkonce.t*)

.rela.text
 *(.rela.text)
 *(.rela.text.*)
 *(.rela.gnu.linkonce.t*)

.rel.fini
 *(.rel.fini)

.rela.fini
 *(.rela.fini)

.rel.rodata
 *(.rel.rodata)
 *(.rel.rodata.*)
 *(.rel.gnu.linkonce.r*)

.rela.rodata
 *(.rela.rodata)
 *(.rela.rodata.*)
 *(.rela.gnu.linkonce.r*)

.rel.data
 *(.rel.data)
 *(.rel.data.*)
 *(.rel.gnu.linkonce.d*)

.rela.data
 *(.rela.data)
 *(.rela.data.*)
 *(.rela.gnu.linkonce.d*)

.rel.ctors
 *(.rel.ctors)

.rela.ctors
 *(.rela.ctors)

.rel.dtors
 *(.rel.dtors)

.rela.dtors
 *(.rela.dtors)

.rel.got
 *(.rel.got)

.rela.got
 *(.rela.got)

.rel.bss
 *(.rel.bss)

.rela.bss
 *(.rela.bss)

.rel.plt
 *(.rel.plt)

.rela.plt
 *(.rela.plt)

.text           0x0000000000000000     0x441e
 *(.vectors)
 .vectors       0x0000000000000000       0x68 /usr/lib/gcc/avr/7.3.0/../../../avr/lib/avr5/crtatmega328p.o
                0x0000000000000000                __vectors
                0x0000000000000000                __vector_default
 *(.vectors)
 *(.progmem.gcc*)
                0x0000000000000068                . = ALIGN (0x2)
                0x0000000000000068                __trampolines_start = .
 *(.trampolines)
 .trampolines   0x0000000000000068        0x0 linker stubs
 *(.trampolines*)
                0x0000000000000068                __trampolines_end = .
 *libprintf_flt.a:*(.progmem.data)
 *libc.a:*(.progmem.data)
 *(.progmem*)
                0x0000000000000068                . = ALIGN (0x2)
 *(.jumptables)
 *(.jumptables*)
 *(.lowtext)
 *(.lowtext*)
                0x0000000000000068                __ctors_start = .
 *(.ctors)
                0x0000000000000068                __ctors_end = .
                0x0000000000000068                __dtors_start = .
 *(.dtors)
                0x0000000000000068                __dtors_end = .
 SORT(*)(.ctors)
 SORT(*)(.dtors)
 *(.init0)
 .init0         0x0000000000000068        0x0 /usr/lib/gcc/avr/7.3.0/../../../avr/lib/avr5/crtatmega328p.o
                0x0000000000000068                __init
 *(.init0)
 *(.init1)
 *(.init1)
 *(.init2)
 .init2         0x0000000000000068        0xc /usr/lib/gcc/avr/7.3.0/../../../avr/lib/avr5/crtatmega328p.o
 *(.init2)
 *(.init3)
 *(.init3)
 *(.init4)
 .init4         0x0000000000000074       0x16 /usr/lib/gcc/avr/7.3.0/avr5/libgcc.a(_copy_data.o)
                0x0000000000000074                __do_copy_data
 .init4         0x000000000000008a       0x10 /usr/lib/gcc/avr/7.3.0/avr5/libgcc.a(_clear_bss.o)
                0x000000000000008a                __do_clear_bss
 *(.init4)
 *(.init5)
 *(.init5)
 *(.init6)
 *(.init6)
 *(.init7)
 *(.init7)
 *(.init8)
 *(.init8)
 *(.init9)
 .init9         0x000000000000009a        0x8 /usr/lib/gcc/avr/7.3.0/../../../avr/lib/avr5/crtatmega328p.o
 *(.init9)
 *(.text)
 .text          0x00000000000000a2        0x4 /usr/lib/gcc/avr/7.3.0/../../../avr/lib/avr5/crtatmega328p.o
                0x00000000000000a2                __vector_22
                0x00000000000000a2                __vector_1
                0x00000000000000a2                __vector_12
                0x00000000000000a2                __bad_interrupt
                0x00000000000000a2                __vector_6
                0x00000000000000a2                __vector_3
                0x00000000000000a2                __vector_23
                0x00000000000000a2                __vector_25
                0x00000000000000a2                __vector_11
                0x00000000000000a2                __vector_13
                0x00000000000000a2                __vector_17
                0x00000000000000a2                __vector_19
                0x00000000000000a2                __vector_7
                0x00000000000000a2                __vector_5
                0x00000000000000a2                __vector_4
                0x00000000000000a2                __vector_9
                0x00000000000000a2                __vector_2
                0x00000000000000a2                __vector_21
                0x00000000000000a2                __vector_15
                0x00000000000000a2                __vector_8
                0x00000000000000a2                __vector_10
                0x00000000000000a2                __vector_16
                0x00000000000000a2                __vector_18
                0x00000000000000a2                __vector_20
 .text          0x00000000000000a6       0x50 main.o
                0x00000000000000a6                __vector_14
 .text          0x00000000000000f6       0xcc /tmp/ccUVpCvO.o
                0x00000000000000f6                millis_timer_ISR_loop
                0x000000000000011e                millis_timer_init
                0x0000000000000152                get_millis
                0x000000000000016a                get_micros
 .text          0x00000000000001c2      0x158 /tmp/ccfJ4Cau.o
                0x00000000000001c2                gpio_set_pin_output
                0x00000000000001e4                gpio_set_pin_input
                0x0000000000000206                gpio_set_pin_input_pullup
                0x000000000000023a                gpio_toggle_pin_mode
                0x000000000000025c                gpio_read_pin
                0x0000000000000280                gpio_set_pin_val
                0x00000000000002ae                gpio_set_pin_high
                0x00000000000002d2                gpio_set_pin_low
                0x00000000000002f6                gpio_toggle_pin_output
 .text          0x000000000000031a      0x2a8 /tmp/ccPGJwif.o
                0x000000000000031a                button_setup
                0x0000000000000352                button_set_debounce_ms
                0x000000000000035a                button_set_click_ms
                0x0000000000000362                button_set_press_ms
                0x000000000000036a                button_attach_single_click
                0x0000000000000372                button_get_single_click_action
                0x000000000000037a                button_attach_double_click
                0x0000000000000382                button_get_double_click_action
                0x000000000000038a                button_attach_long_press
                0x0000000000000392                button_get_long_press_action
                0x000000000000039a                button_debounce
                0x0000000000000410                _newState
                0x000000000000042c                button_reset
                0x000000000000044a                button_fsm
                0x00000000000005ac                button_loop
 .text          0x00000000000005c2      0x86e /tmp/ccy0t6FJ.o
                0x00000000000005c2                seven_segment_init
                0x00000000000006be                seven_segment_loop_isr
                0x00000000000007ae                seven_segment_clear_all
                0x00000000000007c6                seven_segment_set_all
                0x00000000000007e2                seven_segment_write_byte_to_digit
                0x000000000000081a                seven_segment_write_bytes
                0x000000000000083e                seven_segment_write_digit_val_to_digit
                0x000000000000084c                seven_segment_write_digit_vals
                0x0000000000000878                seven_segment_set_colon
                0x000000000000087e                seven_segment_set_decimal_point
                0x0000000000000896                seven_segment_flashing_loop
                0x00000000000009a4                seven_segment_flash_colon
                0x00000000000009aa                seven_segment_flash_digits_minutes
                0x00000000000009b0                seven_segment_flash_digits_hours
                0x00000000000009b6                seven_segment_flash_all_digits
                0x00000000000009bc                seven_segment_show_hour_minute
                0x0000000000000a5e                seven_segment_show_month_day
                0x0000000000000b3c                seven_segment_show_year
                0x0000000000000be4                seven_segment_show_temperature
                0x0000000000000d34                seven_segment_show_humidity
 .text          0x0000000000000e30      0xb86 /tmp/ccwtQrA3.o
                0x0000000000000e30                dec2bcd
                0x0000000000000e54                bcd2dec
                0x0000000000000e6a                rtc_read_byte
                0x0000000000000e8c                rtc_write_byte
                0x0000000000000eae                rtc_init
                0x0000000000000f0c                rtc_is_ds1307
                0x0000000000000f12                rtc_is_ds3231
                0x0000000000000f18                rtc_set_ds1307
                0x0000000000000f24                rtc_set_ds3231
                0x0000000000000f30                rtc_get_time
                0x00000000000010d0                rtc_get_time_s
                0x00000000000011be                rtc_set_time
                0x0000000000001332                rtc_set_time_s
                0x00000000000013ca                rtc_run_clock
                0x00000000000013f8                rtc_is_clock_running
                0x000000000000140e                ds3231_get_temp_int
                0x0000000000001484                rtc_force_temp_conversion
                0x00000000000014f4                rtc_get_sram_byte
                0x0000000000001518                rtc_get_sram
                0x000000000000153c                rtc_set_sram_byte
                0x0000000000001560                rtc_set_sram
                0x0000000000001584                rtc_SQW_enable
                0x0000000000001616                rtc_SQW_set_freq
                0x0000000000001696                rtc_osc32kHz_enable
                0x00000000000016e8                rtc_reset_alarm
                0x0000000000001728                rtc_set_alarm_s
                0x0000000000001812                rtc_set_alarm
                0x0000000000001824                rtc_get_alarm_s
                0x00000000000018de                rtc_get_alarm
                0x0000000000001928                rtc_check_alarm
 .text          0x00000000000019b6      0x1f8 /tmp/ccx8wH3A.o
                0x00000000000019b6                onReceiveService
                0x0000000000001a18                onRequestService
                0x0000000000001a30                twi_init_master
                0x0000000000001a44                twi_init_slave
                0x0000000000001a6c                twi_request_from
                0x0000000000001a86                twi_begin_transmission
                0x0000000000001a9a                twi_end_transmission
                0x0000000000001aba                twi_send_byte
                0x0000000000001b12                twi_send
                0x0000000000001b58                twi_send_char
                0x0000000000001b6c                twi_available
                0x0000000000001b78                twi_receive
                0x0000000000001b9a                twi_set_on_receive
                0x0000000000001ba4                twi_set_on_request
 .text          0x0000000000001bae      0x576 /tmp/ccAZYOpL.o
                0x0000000000001bae                twi_init
                0x0000000000001bd4                twi_setAddress
                0x0000000000001bdc                twi_readFrom
                0x0000000000001c48                twi_writeTo
                0x0000000000001cd0                twi_transmit
                0x0000000000001d0a                twi_attachSlaveRxEvent
                0x0000000000001d14                twi_attachSlaveTxEvent
                0x0000000000001d1e                twi_reply
                0x0000000000001d32                twi_stop
                0x0000000000001d46                twi_releaseBus
                0x0000000000001d52                __vector_24
 .text          0x0000000000002124      0x33c /tmp/ccDj8wXv.o
                0x0000000000002124                DHT_Setup
                0x0000000000002140                DHT_GetStatus
                0x000000000000214a                DHT_ReadRaw
                0x000000000000231e                DHT_Read
                0x0000000000002426                DHT_GetTemperature
                0x000000000000242e                DHT_GetHumidity
                0x0000000000002438                DHT_CelsiusToFahrenheit
                0x0000000000002452                DHT_CelsiusToKelvin
 .text          0x0000000000002460      0x312 /tmp/cc459wdj.o
                0x0000000000002460                piezo_init
                0x00000000000024b0                piezo_clear_all_notes
                0x00000000000024ba                piezo_add_note
                0x0000000000002504                piezo_play_cur_note
                0x0000000000002550                piezo_loop_ISR
                0x000000000000270a                piezo_play_sequence
                0x000000000000273c                piezo_off
                0x0000000000002750                piezo_stop_sequence
                0x000000000000276c                piezo_is_playing
 .text          0x0000000000002772      0x1c2 /tmp/ccYGlCdX.o
                0x0000000000002772                ws2812_setleds
                0x00000000000027d2                ws2812_setleds_pin
                0x000000000000283a                ws2812_setleds_rgbw
                0x0000000000002898                ws2812_sendarray
                0x00000000000028e2                ws2812_sendarray_mask
 .text          0x0000000000002934      0x250 /tmp/cc8MFjhA.o
                0x0000000000002968                dismiss_alarm
                0x000000000000297c                trim_alarm_values
                0x0000000000002996                compute_alarm_time
                0x0000000000002a02                load_alarm_settings
                0x0000000000002a2e                update_alarm_settings
                0x0000000000002a5a                set_alarm_dismiss_button_callbacks
                0x0000000000002ab4                restore_button_callbacks
                0x0000000000002ac2                alarm_loop
 .text          0x0000000000002b84      0xa4c /tmp/ccyJ8coT.o
                0x0000000000002b84                increment_hour
                0x0000000000002ba4                decrement_hour
                0x0000000000002bc8                increment_minute
                0x0000000000002be8                decrement_minute
                0x0000000000002c0c                toggle_alarm_on_off
                0x0000000000002c1c                increment_alarm_hour
                0x0000000000002c32                decrement_alarm_hour
                0x0000000000002c4a                increment_alarm_min
                0x0000000000002c60                decrement_alarm_min
                0x0000000000002c78                increment_month
                0x0000000000002c9c                decrement_month
                0x0000000000002cc0                increment_day
                0x0000000000002ce4                decrement_day
                0x0000000000002d08                increment_year
                0x0000000000002d2e                decrement_year
                0x0000000000002d54                toggle_mood_light
                0x0000000000002dba                new_state_start
                0x0000000000002dde                increment_main_state
                0x0000000000002e18                decrement_main_state
                0x0000000000002e56                swap_hour_min_state
                0x0000000000002ea2                swap_alarm_state
                0x0000000000002ed0                swap_month_day_state
                0x0000000000002f16                swap_year_state
                0x0000000000002f5a                swap_testing_state
                0x0000000000002f84                swap_temperature_state
                0x0000000000002fae                swap_humidity_state
                0x0000000000002fd8                fsm_loop
 .text          0x00000000000035d0      0x534 /tmp/cclhPGEm.o
                0x00000000000035d0                load_alarm_notes
 .text          0x0000000000003b04        0x0 /usr/lib/gcc/avr/7.3.0/avr5/libgcc.a(_divmodhi4.o)
 .text          0x0000000000003b04        0x0 /usr/lib/gcc/avr/7.3.0/avr5/libgcc.a(_exit.o)
 .text          0x0000000000003b04        0x0 /usr/lib/gcc/avr/7.3.0/avr5/libgcc.a(_tablejump2.o)
 .text          0x0000000000003b04        0x0 /usr/lib/gcc/avr/7.3.0/avr5/libgcc.a(_copy_data.o)
 .text          0x0000000000003b04        0x0 /usr/lib/gcc/avr/7.3.0/avr5/libgcc.a(_clear_bss.o)
 .text          0x0000000000003b04        0x0 /usr/lib/gcc/avr/7.3.0/avr5/libgcc.a(_muluhisi3.o)
 .text          0x0000000000003b04        0x0 /usr/lib/gcc/avr/7.3.0/avr5/libgcc.a(_udivmodhi4.o)
 .text          0x0000000000003b04        0x0 /usr/lib/gcc/avr/7.3.0/avr5/libgcc.a(_umulhisi3.o)
 .text          0x0000000000003b04        0x0 /usr/lib/gcc/avr/7.3.0/../../../avr/lib/avr5/libm.a(addsf3.o)
 .text          0x0000000000003b04        0x0 /usr/lib/gcc/avr/7.3.0/../../../avr/lib/avr5/libm.a(addsf3x.o)
 .text          0x0000000000003b04        0x0 /usr/lib/gcc/avr/7.3.0/../../../avr/lib/avr5/libm.a(cmpsf2.o)
 .text          0x0000000000003b04        0x0 /usr/lib/gcc/avr/7.3.0/../../../avr/lib/avr5/libm.a(fixsfsi.o)
 .text          0x0000000000003b04        0x0 /usr/lib/gcc/avr/7.3.0/../../../avr/lib/avr5/libm.a(fixunssfsi.o)
 .text          0x0000000000003b04        0x0 /usr/lib/gcc/avr/7.3.0/../../../avr/lib/avr5/libm.a(floatsisf.o)
 .text          0x0000000000003b04        0x0 /usr/lib/gcc/avr/7.3.0/../../../avr/lib/avr5/libm.a(fp_cmp.o)
 .text          0x0000000000003b04        0x0 /usr/lib/gcc/avr/7.3.0/../../../avr/lib/avr5/libm.a(fp_inf.o)
 .text          0x0000000000003b04        0x0 /usr/lib/gcc/avr/7.3.0/../../../avr/lib/avr5/libm.a(fp_nan.o)
 .text          0x0000000000003b04        0x0 /usr/lib/gcc/avr/7.3.0/../../../avr/lib/avr5/libm.a(fp_pscA.o)
 .text          0x0000000000003b04        0x0 /usr/lib/gcc/avr/7.3.0/../../../avr/lib/avr5/libm.a(fp_pscB.o)
 .text          0x0000000000003b04        0x0 /usr/lib/gcc/avr/7.3.0/../../../avr/lib/avr5/libm.a(fp_round.o)
 .text          0x0000000000003b04        0x0 /usr/lib/gcc/avr/7.3.0/../../../avr/lib/avr5/libm.a(fp_split3.o)
 .text          0x0000000000003b04        0x0 /usr/lib/gcc/avr/7.3.0/../../../avr/lib/avr5/libm.a(fp_zero.o)
 .text          0x0000000000003b04        0x0 /usr/lib/gcc/avr/7.3.0/../../../avr/lib/avr5/libm.a(gesf2.o)
 .text          0x0000000000003b04        0x0 /usr/lib/gcc/avr/7.3.0/../../../avr/lib/avr5/libm.a(mulsf3.o)
 .text          0x0000000000003b04        0x0 /usr/lib/gcc/avr/7.3.0/../../../avr/lib/avr5/libm.a(mulsf3x.o)
 .text          0x0000000000003b04        0x0 /usr/lib/gcc/avr/7.3.0/../../../avr/lib/avr5/libc.a(malloc.o)
 .text          0x0000000000003b04        0x0 /usr/lib/gcc/avr/7.3.0/../../../avr/lib/avr5/libatmega328p.a(eerd_block.o)
 .text          0x0000000000003b04        0x0 /usr/lib/gcc/avr/7.3.0/../../../avr/lib/avr5/libatmega328p.a(eeupd_block.o)
 .text          0x0000000000003b04        0x0 /usr/lib/gcc/avr/7.3.0/../../../avr/lib/avr5/libatmega328p.a(eeupd_byte.o)
                0x0000000000003b04                . = ALIGN (0x2)
 *(.text.*)
 .text.startup  0x0000000000003b04      0x240 main.o
                0x0000000000003b04                main
 .text.libgcc.mul
                0x0000000000003d44        0x0 /usr/lib/gcc/avr/7.3.0/avr5/libgcc.a(_divmodhi4.o)
 .text.libgcc.div
                0x0000000000003d44       0x28 /usr/lib/gcc/avr/7.3.0/avr5/libgcc.a(_divmodhi4.o)
                0x0000000000003d44                __divmodhi4
                0x0000000000003d44                _div
 .text.libgcc   0x0000000000003d6c        0x0 /usr/lib/gcc/avr/7.3.0/avr5/libgcc.a(_divmodhi4.o)
 .text.libgcc.prologue
                0x0000000000003d6c        0x0 /usr/lib/gcc/avr/7.3.0/avr5/libgcc.a(_divmodhi4.o)
 .text.libgcc.builtins
                0x0000000000003d6c        0x0 /usr/lib/gcc/avr/7.3.0/avr5/libgcc.a(_divmodhi4.o)
 .text.libgcc.fmul
                0x0000000000003d6c        0x0 /usr/lib/gcc/avr/7.3.0/avr5/libgcc.a(_divmodhi4.o)
 .text.libgcc.fixed
                0x0000000000003d6c        0x0 /usr/lib/gcc/avr/7.3.0/avr5/libgcc.a(_divmodhi4.o)
 .text.libgcc.mul
                0x0000000000003d6c        0x0 /usr/lib/gcc/avr/7.3.0/avr5/libgcc.a(_exit.o)
 .text.libgcc.div
                0x0000000000003d6c        0x0 /usr/lib/gcc/avr/7.3.0/avr5/libgcc.a(_exit.o)
 .text.libgcc   0x0000000000003d6c        0x0 /usr/lib/gcc/avr/7.3.0/avr5/libgcc.a(_exit.o)
 .text.libgcc.prologue
                0x0000000000003d6c        0x0 /usr/lib/gcc/avr/7.3.0/avr5/libgcc.a(_exit.o)
 .text.libgcc.builtins
                0x0000000000003d6c        0x0 /usr/lib/gcc/avr/7.3.0/avr5/libgcc.a(_exit.o)
 .text.libgcc.fmul
                0x0000000000003d6c        0x0 /usr/lib/gcc/avr/7.3.0/avr5/libgcc.a(_exit.o)
 .text.libgcc.fixed
                0x0000000000003d6c        0x0 /usr/lib/gcc/avr/7.3.0/avr5/libgcc.a(_exit.o)
 .text.libgcc.mul
                0x0000000000003d6c        0x0 /usr/lib/gcc/avr/7.3.0/avr5/libgcc.a(_tablejump2.o)
 .text.libgcc.div
                0x0000000000003d6c        0x0 /usr/lib/gcc/avr/7.3.0/avr5/libgcc.a(_tablejump2.o)
 .text.libgcc   0x0000000000003d6c        0xc /usr/lib/gcc/avr/7.3.0/avr5/libgcc.a(_tablejump2.o)
                0x0000000000003d6c                __tablejump2__
 .text.libgcc.prologue
                0x0000000000003d78        0x0 /usr/lib/gcc/avr/7.3.0/avr5/libgcc.a(_tablejump2.o)
 .text.libgcc.builtins
                0x0000000000003d78        0x0 /usr/lib/gcc/avr/7.3.0/avr5/libgcc.a(_tablejump2.o)
 .text.libgcc.fmul
                0x0000000000003d78        0x0 /usr/lib/gcc/avr/7.3.0/avr5/libgcc.a(_tablejump2.o)
 .text.libgcc.fixed
                0x0000000000003d78        0x0 /usr/lib/gcc/avr/7.3.0/avr5/libgcc.a(_tablejump2.o)
 .text.libgcc.mul
                0x0000000000003d78        0x0 /usr/lib/gcc/avr/7.3.0/avr5/libgcc.a(_copy_data.o)
 .text.libgcc.div
                0x0000000000003d78        0x0 /usr/lib/gcc/avr/7.3.0/avr5/libgcc.a(_copy_data.o)
 .text.libgcc   0x0000000000003d78        0x0 /usr/lib/gcc/avr/7.3.0/avr5/libgcc.a(_copy_data.o)
 .text.libgcc.prologue
                0x0000000000003d78        0x0 /usr/lib/gcc/avr/7.3.0/avr5/libgcc.a(_copy_data.o)
 .text.libgcc.builtins
                0x0000000000003d78        0x0 /usr/lib/gcc/avr/7.3.0/avr5/libgcc.a(_copy_data.o)
 .text.libgcc.fmul
                0x0000000000003d78        0x0 /usr/lib/gcc/avr/7.3.0/avr5/libgcc.a(_copy_data.o)
 .text.libgcc.fixed
                0x0000000000003d78        0x0 /usr/lib/gcc/avr/7.3.0/avr5/libgcc.a(_copy_data.o)
 .text.libgcc.mul
                0x0000000000003d78        0x0 /usr/lib/gcc/avr/7.3.0/avr5/libgcc.a(_clear_bss.o)
 .text.libgcc.div
                0x0000000000003d78        0x0 /usr/lib/gcc/avr/7.3.0/avr5/libgcc.a(_clear_bss.o)
 .text.libgcc   0x0000000000003d78        0x0 /usr/lib/gcc/avr/7.3.0/avr5/libgcc.a(_clear_bss.o)
 .text.libgcc.prologue
                0x0000000000003d78        0x0 /usr/lib/gcc/avr/7.3.0/avr5/libgcc.a(_clear_bss.o)
 .text.libgcc.builtins
                0x0000000000003d78        0x0 /usr/lib/gcc/avr/7.3.0/avr5/libgcc.a(_clear_bss.o)
 .text.libgcc.fmul
                0x0000000000003d78        0x0 /usr/lib/gcc/avr/7.3.0/avr5/libgcc.a(_clear_bss.o)
 .text.libgcc.fixed
                0x0000000000003d78        0x0 /usr/lib/gcc/avr/7.3.0/avr5/libgcc.a(_clear_bss.o)
 .text.libgcc.mul
                0x0000000000003d78       0x16 /usr/lib/gcc/avr/7.3.0/avr5/libgcc.a(_muluhisi3.o)
                0x0000000000003d78                __muluhisi3
 .text.libgcc.div
                0x0000000000003d8e        0x0 /usr/lib/gcc/avr/7.3.0/avr5/libgcc.a(_muluhisi3.o)
 .text.libgcc   0x0000000000003d8e        0x0 /usr/lib/gcc/avr/7.3.0/avr5/libgcc.a(_muluhisi3.o)
 .text.libgcc.prologue
                0x0000000000003d8e        0x0 /usr/lib/gcc/avr/7.3.0/avr5/libgcc.a(_muluhisi3.o)
 .text.libgcc.builtins
                0x0000000000003d8e        0x0 /usr/lib/gcc/avr/7.3.0/avr5/libgcc.a(_muluhisi3.o)
 .text.libgcc.fmul
                0x0000000000003d8e        0x0 /usr/lib/gcc/avr/7.3.0/avr5/libgcc.a(_muluhisi3.o)
 .text.libgcc.fixed
                0x0000000000003d8e        0x0 /usr/lib/gcc/avr/7.3.0/avr5/libgcc.a(_muluhisi3.o)
 .text.libgcc.mul
                0x0000000000003d8e        0x0 /usr/lib/gcc/avr/7.3.0/avr5/libgcc.a(_udivmodhi4.o)
 .text.libgcc.div
                0x0000000000003d8e       0x28 /usr/lib/gcc/avr/7.3.0/avr5/libgcc.a(_udivmodhi4.o)
                0x0000000000003d8e                __udivmodhi4
 .text.libgcc   0x0000000000003db6        0x0 /usr/lib/gcc/avr/7.3.0/avr5/libgcc.a(_udivmodhi4.o)
 .text.libgcc.prologue
                0x0000000000003db6        0x0 /usr/lib/gcc/avr/7.3.0/avr5/libgcc.a(_udivmodhi4.o)
 .text.libgcc.builtins
                0x0000000000003db6        0x0 /usr/lib/gcc/avr/7.3.0/avr5/libgcc.a(_udivmodhi4.o)
 .text.libgcc.fmul
                0x0000000000003db6        0x0 /usr/lib/gcc/avr/7.3.0/avr5/libgcc.a(_udivmodhi4.o)
 .text.libgcc.fixed
                0x0000000000003db6        0x0 /usr/lib/gcc/avr/7.3.0/avr5/libgcc.a(_udivmodhi4.o)
 .text.libgcc.mul
                0x0000000000003db6       0x1e /usr/lib/gcc/avr/7.3.0/avr5/libgcc.a(_umulhisi3.o)
                0x0000000000003db6                __umulhisi3
 .text.libgcc.div
                0x0000000000003dd4        0x0 /usr/lib/gcc/avr/7.3.0/avr5/libgcc.a(_umulhisi3.o)
 .text.libgcc   0x0000000000003dd4        0x0 /usr/lib/gcc/avr/7.3.0/avr5/libgcc.a(_umulhisi3.o)
 .text.libgcc.prologue
                0x0000000000003dd4        0x0 /usr/lib/gcc/avr/7.3.0/avr5/libgcc.a(_umulhisi3.o)
 .text.libgcc.builtins
                0x0000000000003dd4        0x0 /usr/lib/gcc/avr/7.3.0/avr5/libgcc.a(_umulhisi3.o)
 .text.libgcc.fmul
                0x0000000000003dd4        0x0 /usr/lib/gcc/avr/7.3.0/avr5/libgcc.a(_umulhisi3.o)
 .text.libgcc.fixed
                0x0000000000003dd4        0x0 /usr/lib/gcc/avr/7.3.0/avr5/libgcc.a(_umulhisi3.o)
 .text.avr-libc.fplib
                0x0000000000003dd4        0xe /usr/lib/gcc/avr/7.3.0/../../../avr/lib/avr5/libm.a(addsf3.o)
                0x0000000000003dd4                __subsf3
                0x0000000000003dd6                __addsf3
 .text.avr-libc.fplib
                0x0000000000003de2       0xcc /usr/lib/gcc/avr/7.3.0/../../../avr/lib/avr5/libm.a(addsf3x.o)
                0x0000000000003e04                __addsf3x
 .text.avr-libc.fplib
                0x0000000000003eae        0xa /usr/lib/gcc/avr/7.3.0/../../../avr/lib/avr5/libm.a(cmpsf2.o)
                0x0000000000003eae                __lesf2
                0x0000000000003eae                __nesf2
                0x0000000000003eae                __eqsf2
                0x0000000000003eae                __cmpsf2
                0x0000000000003eae                __ltsf2
 .text.avr-libc.fplib
                0x0000000000003eb8        0xe /usr/lib/gcc/avr/7.3.0/../../../avr/lib/avr5/libm.a(fixsfsi.o)
                0x0000000000003eb8                __fixsfsi
 .text.avr-libc.fplib
                0x0000000000003ec6       0x5e /usr/lib/gcc/avr/7.3.0/../../../avr/lib/avr5/libm.a(fixunssfsi.o)
                0x0000000000003ec6                __fixunssfsi
 .text.avr-libc.fplib
                0x0000000000003f24       0x7a /usr/lib/gcc/avr/7.3.0/../../../avr/lib/avr5/libm.a(floatsisf.o)
                0x0000000000003f24                __floatunsisf
                0x0000000000003f28                __floatsisf
 .text.avr-libc.fplib
                0x0000000000003f9e       0x48 /usr/lib/gcc/avr/7.3.0/../../../avr/lib/avr5/libm.a(fp_cmp.o)
                0x0000000000003f9e                __fp_cmp
 .text.avr-libc.fplib
                0x0000000000003fe6        0xc /usr/lib/gcc/avr/7.3.0/../../../avr/lib/avr5/libm.a(fp_inf.o)
                0x0000000000003fe6                __fp_inf
 .text.avr-libc.fplib
                0x0000000000003ff2        0x6 /usr/lib/gcc/avr/7.3.0/../../../avr/lib/avr5/libm.a(fp_nan.o)
                0x0000000000003ff2                __fp_nan
 .text.avr-libc.fplib
                0x0000000000003ff8        0xe /usr/lib/gcc/avr/7.3.0/../../../avr/lib/avr5/libm.a(fp_pscA.o)
                0x0000000000003ff8                __fp_pscA
 .text.avr-libc.fplib
                0x0000000000004006        0xe /usr/lib/gcc/avr/7.3.0/../../../avr/lib/avr5/libm.a(fp_pscB.o)
                0x0000000000004006                __fp_pscB
 .text.avr-libc.fplib
                0x0000000000004014       0x22 /usr/lib/gcc/avr/7.3.0/../../../avr/lib/avr5/libm.a(fp_round.o)
                0x0000000000004014                __fp_round
 .text.avr-libc.fplib
                0x0000000000004036       0x44 /usr/lib/gcc/avr/7.3.0/../../../avr/lib/avr5/libm.a(fp_split3.o)
                0x0000000000004036                __fp_split3
                0x0000000000004046                __fp_splitA
 .text.avr-libc.fplib
                0x000000000000407a        0xe /usr/lib/gcc/avr/7.3.0/../../../avr/lib/avr5/libm.a(fp_zero.o)
                0x000000000000407a                __fp_zero
                0x000000000000407c                __fp_szero
 .text.avr-libc.fplib
                0x0000000000004088        0xa /usr/lib/gcc/avr/7.3.0/../../../avr/lib/avr5/libm.a(gesf2.o)
                0x0000000000004088                __gtsf2
                0x0000000000004088                __gesf2
 .text.avr-libc.fplib
                0x0000000000004092        0x8 /usr/lib/gcc/avr/7.3.0/../../../avr/lib/avr5/libm.a(mulsf3.o)
                0x0000000000004092                __mulsf3
 .text.avr-libc.fplib
                0x000000000000409a       0xd2 /usr/lib/gcc/avr/7.3.0/../../../avr/lib/avr5/libm.a(mulsf3x.o)
                0x00000000000040b8                __mulsf3x
                0x00000000000040be                __mulsf3_pse
 .text.avr-libc
                0x000000000000416c      0x24a /usr/lib/gcc/avr/7.3.0/../../../avr/lib/avr5/libc.a(malloc.o)
                0x000000000000416c                malloc
                0x00000000000042a4                free
 .text.avr-libc
                0x00000000000043b6       0x20 /usr/lib/gcc/avr/7.3.0/../../../avr/lib/avr5/libatmega328p.a(eerd_block.o)
                0x00000000000043b6                eeprom_read_block
                0x00000000000043ba                eeprom_read_blraw
 .text.avr-libc
                0x00000000000043d6       0x20 /usr/lib/gcc/avr/7.3.0/../../../avr/lib/avr5/libatmega328p.a(eeupd_block.o)
                0x00000000000043d6                eeprom_update_block
 .text.avr-libc
                0x00000000000043f6       0x24 /usr/lib/gcc/avr/7.3.0/../../../avr/lib/avr5/libatmega328p.a(eeupd_byte.o)
                0x00000000000043f6                eeprom_update_byte
                0x00000000000043f8                eeprom_update_r18
                0x000000000000441a                . = ALIGN (0x2)
 *(.fini9)
 .fini9         0x000000000000441a        0x0 /usr/lib/gcc/avr/7.3.0/avr5/libgcc.a(_exit.o)
                0x000000000000441a                exit
                0x000000000000441a                _exit
 *(.fini9)
 *(.fini8)
 *(.fini8)
 *(.fini7)
 *(.fini7)
 *(.fini6)
 *(.fini6)
 *(.fini5)
 *(.fini5)
 *(.fini4)
 *(.fini4)
 *(.fini3)
 *(.fini3)
 *(.fini2)
 *(.fini2)
 *(.fini1)
 *(.fini1)
 *(.fini0)
 .fini0         0x000000000000441a        0x4 /usr/lib/gcc/avr/7.3.0/avr5/libgcc.a(_exit.o)
 *(.fini0)
                0x000000000000441e                _etext = .

.data           0x0000000000800100       0x18 load address 0x000000000000441e
                0x0000000000800100                PROVIDE (__data_start, .)
 *(.data)
 .data          0x0000000000800100        0x0 /usr/lib/gcc/avr/7.3.0/../../../avr/lib/avr5/crtatmega328p.o
 .data          0x0000000000800100        0x0 main.o
 .data          0x0000000000800100        0x0 /tmp/ccUVpCvO.o
 .data          0x0000000000800100        0x0 /tmp/ccfJ4Cau.o
 .data          0x0000000000800100        0x0 /tmp/ccPGJwif.o
 .data          0x0000000000800100        0x0 /tmp/ccy0t6FJ.o
 .data          0x0000000000800100        0x0 /tmp/ccwtQrA3.o
 .data          0x0000000000800100        0x0 /tmp/ccx8wH3A.o
 .data          0x0000000000800100        0x0 /tmp/ccAZYOpL.o
 .data          0x0000000000800100        0x0 /tmp/ccDj8wXv.o
 .data          0x0000000000800100        0x0 /tmp/cc459wdj.o
 .data          0x0000000000800100        0x0 /tmp/ccYGlCdX.o
 .data          0x0000000000800100        0x0 /tmp/cc8MFjhA.o
 .data          0x0000000000800100        0x0 /tmp/ccyJ8coT.o
 .data          0x0000000000800100        0x0 /tmp/cclhPGEm.o
 .data          0x0000000000800100        0x0 /usr/lib/gcc/avr/7.3.0/avr5/libgcc.a(_divmodhi4.o)
 .data          0x0000000000800100        0x0 /usr/lib/gcc/avr/7.3.0/avr5/libgcc.a(_exit.o)
 .data          0x0000000000800100        0x0 /usr/lib/gcc/avr/7.3.0/avr5/libgcc.a(_tablejump2.o)
 .data          0x0000000000800100        0x0 /usr/lib/gcc/avr/7.3.0/avr5/libgcc.a(_copy_data.o)
 .data          0x0000000000800100        0x0 /usr/lib/gcc/avr/7.3.0/avr5/libgcc.a(_clear_bss.o)
 .data          0x0000000000800100        0x0 /usr/lib/gcc/avr/7.3.0/avr5/libgcc.a(_muluhisi3.o)
 .data          0x0000000000800100        0x0 /usr/lib/gcc/avr/7.3.0/avr5/libgcc.a(_udivmodhi4.o)
 .data          0x0000000000800100        0x0 /usr/lib/gcc/avr/7.3.0/avr5/libgcc.a(_umulhisi3.o)
 .data          0x0000000000800100        0x0 /usr/lib/gcc/avr/7.3.0/../../../avr/lib/avr5/libm.a(addsf3.o)
 .data          0x0000000000800100        0x0 /usr/lib/gcc/avr/7.3.0/../../../avr/lib/avr5/libm.a(addsf3x.o)
 .data          0x0000000000800100        0x0 /usr/lib/gcc/avr/7.3.0/../../../avr/lib/avr5/libm.a(cmpsf2.o)
 .data          0x0000000000800100        0x0 /usr/lib/gcc/avr/7.3.0/../../../avr/lib/avr5/libm.a(fixsfsi.o)
 .data          0x0000000000800100        0x0 /usr/lib/gcc/avr/7.3.0/../../../avr/lib/avr5/libm.a(fixunssfsi.o)
 .data          0x0000000000800100        0x0 /usr/lib/gcc/avr/7.3.0/../../../avr/lib/avr5/libm.a(floatsisf.o)
 .data          0x0000000000800100        0x0 /usr/lib/gcc/avr/7.3.0/../../../avr/lib/avr5/libm.a(fp_cmp.o)
 .data          0x0000000000800100        0x0 /usr/lib/gcc/avr/7.3.0/../../../avr/lib/avr5/libm.a(fp_inf.o)
 .data          0x0000000000800100        0x0 /usr/lib/gcc/avr/7.3.0/../../../avr/lib/avr5/libm.a(fp_nan.o)
 .data          0x0000000000800100        0x0 /usr/lib/gcc/avr/7.3.0/../../../avr/lib/avr5/libm.a(fp_pscA.o)
 .data          0x0000000000800100        0x0 /usr/lib/gcc/avr/7.3.0/../../../avr/lib/avr5/libm.a(fp_pscB.o)
 .data          0x0000000000800100        0x0 /usr/lib/gcc/avr/7.3.0/../../../avr/lib/avr5/libm.a(fp_round.o)
 .data          0x0000000000800100        0x0 /usr/lib/gcc/avr/7.3.0/../../../avr/lib/avr5/libm.a(fp_split3.o)
 .data          0x0000000000800100        0x0 /usr/lib/gcc/avr/7.3.0/../../../avr/lib/avr5/libm.a(fp_zero.o)
 .data          0x0000000000800100        0x0 /usr/lib/gcc/avr/7.3.0/../../../avr/lib/avr5/libm.a(gesf2.o)
 .data          0x0000000000800100        0x0 /usr/lib/gcc/avr/7.3.0/../../../avr/lib/avr5/libm.a(mulsf3.o)
 .data          0x0000000000800100        0x0 /usr/lib/gcc/avr/7.3.0/../../../avr/lib/avr5/libm.a(mulsf3x.o)
 .data          0x0000000000800100        0x6 /usr/lib/gcc/avr/7.3.0/../../../avr/lib/avr5/libc.a(malloc.o)
                0x0000000000800100                __malloc_heap_end
                0x0000000000800102                __malloc_heap_start
                0x0000000000800104                __malloc_margin
 .data          0x0000000000800106        0x0 /usr/lib/gcc/avr/7.3.0/../../../avr/lib/avr5/libatmega328p.a(eerd_block.o)
 .data          0x0000000000800106        0x0 /usr/lib/gcc/avr/7.3.0/../../../avr/lib/avr5/libatmega328p.a(eeupd_block.o)
 .data          0x0000000000800106        0x0 /usr/lib/gcc/avr/7.3.0/../../../avr/lib/avr5/libatmega328p.a(eeupd_byte.o)
 *(.data*)
 *(.gnu.linkonce.d*)
 *(.rodata)
 .rodata        0x0000000000800106       0x11 /tmp/ccy0t6FJ.o
                0x0000000000800106                digit_values
 *(.rodata*)
 *(.gnu.linkonce.r*)
                0x0000000000800118                . = ALIGN (0x2)
 *fill*         0x0000000000800117        0x1 
                0x0000000000800118                _edata = .
                0x0000000000800118                PROVIDE (__data_end, .)

.bss            0x0000000000800118      0x21a
                0x0000000000800118                PROVIDE (__bss_start, .)
 *(.bss)
 .bss           0x0000000000800118        0x0 /usr/lib/gcc/avr/7.3.0/../../../avr/lib/avr5/crtatmega328p.o
 .bss           0x0000000000800118        0x1 main.o
                0x0000000000800118                prev_btn_callbacks_saved
 .bss           0x0000000000800119        0x0 /tmp/ccUVpCvO.o
 .bss           0x0000000000800119        0x0 /tmp/ccfJ4Cau.o
 .bss           0x0000000000800119        0x0 /tmp/ccPGJwif.o
 .bss           0x0000000000800119        0x0 /tmp/ccy0t6FJ.o
 .bss           0x0000000000800119        0x2 /tmp/ccwtQrA3.o
 .bss           0x000000000080011b        0x6 /tmp/ccx8wH3A.o
                0x000000000080011b                transmitting
                0x000000000080011c                txBufferLength
                0x000000000080011d                txBufferIndex
                0x000000000080011e                txAddress
                0x000000000080011f                rxBufferLength
                0x0000000000800120                rxBufferIndex
 .bss           0x0000000000800121       0x6c /tmp/ccAZYOpL.o
 .bss           0x000000000080018d        0x0 /tmp/ccDj8wXv.o
 .bss           0x000000000080018d        0xf /tmp/cc459wdj.o
                0x000000000080018d                last_piezo_millis
                0x0000000000800191                piezo_millis
                0x0000000000800195                note_paused
                0x0000000000800196                note_sequence_idx
                0x0000000000800198                last_note_idx
                0x000000000080019a                note_sequence_len
 .bss           0x000000000080019c        0x0 /tmp/ccYGlCdX.o
 .bss           0x000000000080019c        0x0 /tmp/cc8MFjhA.o
 .bss           0x000000000080019c        0x1 /tmp/ccyJ8coT.o
 .bss           0x000000000080019d        0x0 /tmp/cclhPGEm.o
 .bss           0x000000000080019d        0x0 /usr/lib/gcc/avr/7.3.0/avr5/libgcc.a(_divmodhi4.o)
 .bss           0x000000000080019d        0x0 /usr/lib/gcc/avr/7.3.0/avr5/libgcc.a(_exit.o)
 .bss           0x000000000080019d        0x0 /usr/lib/gcc/avr/7.3.0/avr5/libgcc.a(_tablejump2.o)
 .bss           0x000000000080019d        0x0 /usr/lib/gcc/avr/7.3.0/avr5/libgcc.a(_copy_data.o)
 .bss           0x000000000080019d        0x0 /usr/lib/gcc/avr/7.3.0/avr5/libgcc.a(_clear_bss.o)
 .bss           0x000000000080019d        0x0 /usr/lib/gcc/avr/7.3.0/avr5/libgcc.a(_muluhisi3.o)
 .bss           0x000000000080019d        0x0 /usr/lib/gcc/avr/7.3.0/avr5/libgcc.a(_udivmodhi4.o)
 .bss           0x000000000080019d        0x0 /usr/lib/gcc/avr/7.3.0/avr5/libgcc.a(_umulhisi3.o)
 .bss           0x000000000080019d        0x0 /usr/lib/gcc/avr/7.3.0/../../../avr/lib/avr5/libm.a(addsf3.o)
 .bss           0x000000000080019d        0x0 /usr/lib/gcc/avr/7.3.0/../../../avr/lib/avr5/libm.a(addsf3x.o)
 .bss           0x000000000080019d        0x0 /usr/lib/gcc/avr/7.3.0/../../../avr/lib/avr5/libm.a(cmpsf2.o)
 .bss           0x000000000080019d        0x0 /usr/lib/gcc/avr/7.3.0/../../../avr/lib/avr5/libm.a(fixsfsi.o)
 .bss           0x000000000080019d        0x0 /usr/lib/gcc/avr/7.3.0/../../../avr/lib/avr5/libm.a(fixunssfsi.o)
 .bss           0x000000000080019d        0x0 /usr/lib/gcc/avr/7.3.0/../../../avr/lib/avr5/libm.a(floatsisf.o)
 .bss           0x000000000080019d        0x0 /usr/lib/gcc/avr/7.3.0/../../../avr/lib/avr5/libm.a(fp_cmp.o)
 .bss           0x000000000080019d        0x0 /usr/lib/gcc/avr/7.3.0/../../../avr/lib/avr5/libm.a(fp_inf.o)
 .bss           0x000000000080019d        0x0 /usr/lib/gcc/avr/7.3.0/../../../avr/lib/avr5/libm.a(fp_nan.o)
 .bss           0x000000000080019d        0x0 /usr/lib/gcc/avr/7.3.0/../../../avr/lib/avr5/libm.a(fp_pscA.o)
 .bss           0x000000000080019d        0x0 /usr/lib/gcc/avr/7.3.0/../../../avr/lib/avr5/libm.a(fp_pscB.o)
 .bss           0x000000000080019d        0x0 /usr/lib/gcc/avr/7.3.0/../../../avr/lib/avr5/libm.a(fp_round.o)
 .bss           0x000000000080019d        0x0 /usr/lib/gcc/avr/7.3.0/../../../avr/lib/avr5/libm.a(fp_split3.o)
 .bss           0x000000000080019d        0x0 /usr/lib/gcc/avr/7.3.0/../../../avr/lib/avr5/libm.a(fp_zero.o)
 .bss           0x000000000080019d        0x0 /usr/lib/gcc/avr/7.3.0/../../../avr/lib/avr5/libm.a(gesf2.o)
 .bss           0x000000000080019d        0x0 /usr/lib/gcc/avr/7.3.0/../../../avr/lib/avr5/libm.a(mulsf3.o)
 .bss           0x000000000080019d        0x0 /usr/lib/gcc/avr/7.3.0/../../../avr/lib/avr5/libm.a(mulsf3x.o)
 .bss           0x000000000080019d        0x0 /usr/lib/gcc/avr/7.3.0/../../../avr/lib/avr5/libc.a(malloc.o)
 .bss           0x000000000080019d        0x0 /usr/lib/gcc/avr/7.3.0/../../../avr/lib/avr5/libatmega328p.a(eerd_block.o)
 .bss           0x000000000080019d        0x0 /usr/lib/gcc/avr/7.3.0/../../../avr/lib/avr5/libatmega328p.a(eeupd_block.o)
 .bss           0x000000000080019d        0x0 /usr/lib/gcc/avr/7.3.0/../../../avr/lib/avr5/libatmega328p.a(eeupd_byte.o)
 *(.bss*)
 *(COMMON)
 COMMON         0x000000000080019d       0xe5 main.o
                0x000000000080019d                colors
                0x00000000008001b8                plus_button
                0x00000000008001dc                sensor_values
                0x00000000008001e4                prev_millis_read_dht
                0x00000000008001e8                alarm_memory
                0x00000000008001f7                alarm_settings
                0x00000000008001fa                led
                0x0000000000800212                read_rtc
                0x0000000000800213                minus_button
                0x0000000000800237                prev_minus_btn_callback
                0x0000000000800239                ALARM_OFF_DISPLAY_VALUE
                0x000000000080023d                fsm_variables
                0x0000000000800250                adjust_button
                0x0000000000800274                prev_plus_btn_callback
                0x0000000000800276                clock_time
                0x0000000000800278                t_millis
                0x000000000080027c                prev_adjust_btn_callback
                0x000000000080027e                prev_millis_read_rtc
 COMMON         0x0000000000800282        0x4 /tmp/ccUVpCvO.o
                0x0000000000800282                millis
 COMMON         0x0000000000800286       0x4e /tmp/ccy0t6FJ.o
                0x0000000000800286                colon_pin
                0x000000000080028d                digit_pins
                0x00000000008002a9                display_data
                0x00000000008002b7                flash_colon
                0x00000000008002b8                prev_millis_flash
                0x00000000008002bc                lclk_pin
                0x00000000008002c3                srclk_pin
                0x00000000008002ca                flash_digits_minutes
                0x00000000008002cb                flash_all_digits
                0x00000000008002cc                ser_pin
                0x00000000008002d3                flash_digits_hours
 COMMON         0x00000000008002d4       0x11 /tmp/ccwtQrA3.o
                0x00000000008002d4                _tm
 COMMON         0x00000000008002e5       0x44 /tmp/ccx8wH3A.o
                0x00000000008002e5                user_onRequest
                0x00000000008002e7                rxBuffer
                0x0000000000800307                txBuffer
                0x0000000000800327                user_onReceive
 COMMON         0x0000000000800329        0x2 /tmp/ccDj8wXv.o
                0x0000000000800329                __DHT_STATUS
 COMMON         0x000000000080032b        0x3 /tmp/cc459wdj.o
                0x000000000080032b                note_sequence
                0x000000000080032d                is_playing
 COMMON         0x000000000080032e        0x4 /usr/lib/gcc/avr/7.3.0/../../../avr/lib/avr5/libc.a(malloc.o)
                0x000000000080032e                __brkval
                0x0000000000800330                __flp
                0x0000000000800332                PROVIDE (__bss_end, .)
                0x000000000000441e                __data_load_start = LOADADDR (.data)
                0x0000000000004436                __data_load_end = (__data_load_start + SIZEOF (.data))

.noinit         0x0000000000800332        0x0
                [!provide]                        PROVIDE (__noinit_start, .)
 *(.noinit*)
                [!provide]                        PROVIDE (__noinit_end, .)
                0x0000000000800332                _end = .
                0x0000000000800332                PROVIDE (__heap_start, .)

.eeprom         0x0000000000810000        0x0
 *(.eeprom*)
                0x0000000000810000                __eeprom_end = .

.fuse
 *(.fuse)
 *(.lfuse)
 *(.hfuse)
 *(.efuse)

.lock
 *(.lock*)

.signature
 *(.signature*)

.user_signatures
 *(.user_signatures*)

.stab           0x0000000000000000     0xae18
 *(.stab)
 .stab          0x0000000000000000      0xd50 main.o
 .stab          0x0000000000000d50      0x624 /tmp/ccUVpCvO.o
                                        0x7e0 (size before relaxing)
 .stab          0x0000000000001374      0x678 /tmp/ccfJ4Cau.o
                                        0x858 (size before relaxing)
 .stab          0x00000000000019ec      0xbb8 /tmp/ccPGJwif.o
                                        0xea0 (size before relaxing)
 .stab          0x00000000000025a4     0x1368 /tmp/ccy0t6FJ.o
                                       0x1638 (size before relaxing)
 .stab          0x000000000000390c     0x1d34 /tmp/ccwtQrA3.o
                                       0x1f20 (size before relaxing)
 .stab          0x0000000000005640      0xabc /tmp/ccx8wH3A.o
                                        0xca8 (size before relaxing)
 .stab          0x00000000000060fc      0xc84 /tmp/ccAZYOpL.o
                                        0xe94 (size before relaxing)
 .stab          0x0000000000006d80      0x99c /tmp/ccDj8wXv.o
                                        0xb70 (size before relaxing)
 .stab          0x000000000000771c      0x888 /tmp/cc459wdj.o
                                        0xb40 (size before relaxing)
 .stab          0x0000000000007fa4      0x9b4 /tmp/ccYGlCdX.o
                                        0xba0 (size before relaxing)
 .stab          0x0000000000008958      0x8d0 /tmp/cc8MFjhA.o
                                        0xd14 (size before relaxing)
 .stab          0x0000000000009228     0x17e8 /tmp/ccyJ8coT.o
                                       0x1c68 (size before relaxing)
 .stab          0x000000000000aa10      0x408 /tmp/cclhPGEm.o
                                        0x828 (size before relaxing)

.stabstr        0x0000000000000000     0x3cba
 *(.stabstr)
 .stabstr       0x0000000000000000     0x3cba main.o

.stab.excl
 *(.stab.excl)

.stab.exclstr
 *(.stab.exclstr)

.stab.index
 *(.stab.index)

.stab.indexstr
 *(.stab.indexstr)

.comment        0x0000000000000000       0x11
 *(.comment)
 .comment       0x0000000000000000       0x11 main.o
                                         0x12 (size before relaxing)
 .comment       0x0000000000000011       0x12 /tmp/ccUVpCvO.o
 .comment       0x0000000000000011       0x12 /tmp/ccfJ4Cau.o
 .comment       0x0000000000000011       0x12 /tmp/ccPGJwif.o
 .comment       0x0000000000000011       0x12 /tmp/ccy0t6FJ.o
 .comment       0x0000000000000011       0x12 /tmp/ccwtQrA3.o
 .comment       0x0000000000000011       0x12 /tmp/ccx8wH3A.o
 .comment       0x0000000000000011       0x12 /tmp/ccAZYOpL.o
 .comment       0x0000000000000011       0x12 /tmp/ccDj8wXv.o
 .comment       0x0000000000000011       0x12 /tmp/cc459wdj.o
 .comment       0x0000000000000011       0x12 /tmp/ccYGlCdX.o
 .comment       0x0000000000000011       0x12 /tmp/cc8MFjhA.o
 .comment       0x0000000000000011       0x12 /tmp/ccyJ8coT.o
 .comment       0x0000000000000011       0x12 /tmp/cclhPGEm.o
 .comment       0x0000000000000011       0x12 /usr/lib/gcc/avr/7.3.0/../../../avr/lib/avr5/libc.a(malloc.o)

.note.gnu.avr.deviceinfo
                0x0000000000000000       0x40
 .note.gnu.avr.deviceinfo
                0x0000000000000000       0x40 /usr/lib/gcc/avr/7.3.0/../../../avr/lib/avr5/crtatmega328p.o

.avr.prop       0x0000000000000000       0x2c
 .avr.prop      0x0000000000000000       0x16 /tmp/ccAZYOpL.o
 .avr.prop      0x0000000000000016       0x16 /tmp/ccyJ8coT.o

.note.gnu.build-id
 *(.note.gnu.build-id)

.debug
 *(.debug)

.line
 *(.line)

.debug_srcinfo
 *(.debug_srcinfo)

.debug_sfnames
 *(.debug_sfnames)

.debug_aranges
 *(.debug_aranges)

.debug_pubnames
 *(.debug_pubnames)

.debug_info     0x0000000000000000      0x5f4
 *(.debug_info .gnu.linkonce.wi.*)
 .debug_info    0x0000000000000000      0x5f4 /usr/lib/gcc/avr/7.3.0/../../../avr/lib/avr5/crtatmega328p.o

.debug_abbrev   0x0000000000000000      0x5a2
 *(.debug_abbrev)
 .debug_abbrev  0x0000000000000000      0x5a2 /usr/lib/gcc/avr/7.3.0/../../../avr/lib/avr5/crtatmega328p.o

.debug_line     0x0000000000000000       0x1a
 *(.debug_line .debug_line.* .debug_line_end)
 .debug_line    0x0000000000000000       0x1a /usr/lib/gcc/avr/7.3.0/../../../avr/lib/avr5/crtatmega328p.o

.debug_frame
 *(.debug_frame)

.debug_str      0x0000000000000000      0x208
 *(.debug_str)
 .debug_str     0x0000000000000000      0x208 /usr/lib/gcc/avr/7.3.0/../../../avr/lib/avr5/crtatmega328p.o

.debug_loc
 *(.debug_loc)

.debug_macinfo
 *(.debug_macinfo)

.debug_weaknames
 *(.debug_weaknames)

.debug_funcnames
 *(.debug_funcnames)

.debug_typenames
 *(.debug_typenames)

.debug_varnames
 *(.debug_varnames)

.debug_pubtypes
 *(.debug_pubtypes)

.debug_ranges
 *(.debug_ranges)

.debug_macro
 *(.debug_macro)
OUTPUT(main.elf elf32-avr)
LOAD linker stubs
