Archive member included to satisfy reference by file (symbol)

/usr/lib/gcc/avr/7.3.0/avr5/libgcc.a(_divmodhi4.o)
                              /tmp/ccC8jOCO.o (__divmodhi4)
/usr/lib/gcc/avr/7.3.0/avr5/libgcc.a(_exit.o)
                              /usr/lib/gcc/avr/7.3.0/../../../avr/lib/avr5/crtatmega328p.o (exit)
/usr/lib/gcc/avr/7.3.0/avr5/libgcc.a(_tablejump2.o)
                              /tmp/ccmYmfOf.o (__tablejump2__)
/usr/lib/gcc/avr/7.3.0/avr5/libgcc.a(_copy_data.o)
                              /tmp/ccC8jOCO.o (__do_copy_data)
/usr/lib/gcc/avr/7.3.0/avr5/libgcc.a(_clear_bss.o)
                              main.o (__do_clear_bss)
/usr/lib/gcc/avr/7.3.0/avr5/libgcc.a(_muluhisi3.o)
                              /tmp/ccjqzWim.o (__muluhisi3)
/usr/lib/gcc/avr/7.3.0/avr5/libgcc.a(_udivmodhi4.o)
                              /usr/lib/gcc/avr/7.3.0/avr5/libgcc.a(_divmodhi4.o) (__udivmodhi4)
/usr/lib/gcc/avr/7.3.0/avr5/libgcc.a(_umulhisi3.o)
                              /usr/lib/gcc/avr/7.3.0/avr5/libgcc.a(_muluhisi3.o) (__umulhisi3)
/usr/lib/gcc/avr/7.3.0/../../../avr/lib/avr5/libm.a(addsf3.o)
                              /tmp/ccdeqM8b.o (__addsf3)
/usr/lib/gcc/avr/7.3.0/../../../avr/lib/avr5/libm.a(addsf3x.o)
                              /usr/lib/gcc/avr/7.3.0/../../../avr/lib/avr5/libm.a(addsf3.o) (__addsf3x)
/usr/lib/gcc/avr/7.3.0/../../../avr/lib/avr5/libm.a(cmpsf2.o)
                              /tmp/ccC8jOCO.o (__ltsf2)
/usr/lib/gcc/avr/7.3.0/../../../avr/lib/avr5/libm.a(fixsfsi.o)
                              /tmp/ccC8jOCO.o (__fixsfsi)
/usr/lib/gcc/avr/7.3.0/../../../avr/lib/avr5/libm.a(fixunssfsi.o)
                              /usr/lib/gcc/avr/7.3.0/../../../avr/lib/avr5/libm.a(fixsfsi.o) (__fixunssfsi)
/usr/lib/gcc/avr/7.3.0/../../../avr/lib/avr5/libm.a(floatsisf.o)
                              /tmp/ccdeqM8b.o (__floatunsisf)
/usr/lib/gcc/avr/7.3.0/../../../avr/lib/avr5/libm.a(fp_cmp.o)
                              /usr/lib/gcc/avr/7.3.0/../../../avr/lib/avr5/libm.a(cmpsf2.o) (__fp_cmp)
/usr/lib/gcc/avr/7.3.0/../../../avr/lib/avr5/libm.a(fp_inf.o)
                              /usr/lib/gcc/avr/7.3.0/../../../avr/lib/avr5/libm.a(addsf3x.o) (__fp_inf)
/usr/lib/gcc/avr/7.3.0/../../../avr/lib/avr5/libm.a(fp_nan.o)
                              /usr/lib/gcc/avr/7.3.0/../../../avr/lib/avr5/libm.a(addsf3x.o) (__fp_nan)
/usr/lib/gcc/avr/7.3.0/../../../avr/lib/avr5/libm.a(fp_pscA.o)
                              /usr/lib/gcc/avr/7.3.0/../../../avr/lib/avr5/libm.a(addsf3x.o) (__fp_pscA)
/usr/lib/gcc/avr/7.3.0/../../../avr/lib/avr5/libm.a(fp_pscB.o)
                              /usr/lib/gcc/avr/7.3.0/../../../avr/lib/avr5/libm.a(addsf3x.o) (__fp_pscB)
/usr/lib/gcc/avr/7.3.0/../../../avr/lib/avr5/libm.a(fp_round.o)
                              /usr/lib/gcc/avr/7.3.0/../../../avr/lib/avr5/libm.a(addsf3.o) (__fp_round)
/usr/lib/gcc/avr/7.3.0/../../../avr/lib/avr5/libm.a(fp_split3.o)
                              /usr/lib/gcc/avr/7.3.0/../../../avr/lib/avr5/libm.a(addsf3x.o) (__fp_split3)
/usr/lib/gcc/avr/7.3.0/../../../avr/lib/avr5/libm.a(fp_zero.o)
                              /usr/lib/gcc/avr/7.3.0/../../../avr/lib/avr5/libm.a(addsf3x.o) (__fp_zero)
/usr/lib/gcc/avr/7.3.0/../../../avr/lib/avr5/libm.a(gesf2.o)
                              /tmp/ccC8jOCO.o (__gtsf2)
/usr/lib/gcc/avr/7.3.0/../../../avr/lib/avr5/libm.a(mulsf3.o)
                              /tmp/ccC8jOCO.o (__mulsf3)
/usr/lib/gcc/avr/7.3.0/../../../avr/lib/avr5/libm.a(mulsf3x.o)
                              /usr/lib/gcc/avr/7.3.0/../../../avr/lib/avr5/libm.a(mulsf3.o) (__mulsf3x)
/usr/lib/gcc/avr/7.3.0/../../../avr/lib/avr5/libc.a(malloc.o)
                              /tmp/ccfuBeJi.o (malloc)
/usr/lib/gcc/avr/7.3.0/../../../avr/lib/avr5/libatmega328p.a(eerd_block.o)
                              /tmp/cc1mivI5.o (eeprom_read_block)
/usr/lib/gcc/avr/7.3.0/../../../avr/lib/avr5/libatmega328p.a(eeupd_block.o)
                              /tmp/cc1mivI5.o (eeprom_update_block)
/usr/lib/gcc/avr/7.3.0/../../../avr/lib/avr5/libatmega328p.a(eeupd_byte.o)
                              /usr/lib/gcc/avr/7.3.0/../../../avr/lib/avr5/libatmega328p.a(eeupd_block.o) (eeprom_update_r18)

Allocating common symbols
Common symbol       size              file

colon_pin           0x7               /tmp/ccC8jOCO.o
user_onRequest      0x2               /tmp/cc4hz1Ir.o
plus_button         0x24              main.o
sensor_values       0x8               main.o
digit_pins          0x1c              /tmp/ccC8jOCO.o
note_sequence       0x2               /tmp/ccfuBeJi.o
display_data        0xe               /tmp/ccC8jOCO.o
flash_colon         0x1               /tmp/ccC8jOCO.o
prev_millis_flash   0x4               /tmp/ccC8jOCO.o
__brkval            0x2               /usr/lib/gcc/avr/7.3.0/../../../avr/lib/avr5/libc.a(malloc.o)
alarm_memory        0xf               main.o
alarm_settings      0x3               main.o
read_rtc            0x1               main.o
minus_button        0x24              main.o
segment_pins        0x38              /tmp/ccC8jOCO.o
rxBuffer            0x20              /tmp/cc4hz1Ir.o
txBuffer            0x20              /tmp/cc4hz1Ir.o
prev_minus_btn_callback
                    0x2               main.o
flash_digits_minutes
                    0x1               /tmp/ccC8jOCO.o
ALARM_OFF_DISPLAY_VALUE
                    0x4               main.o
fsm_variables       0x13              main.o
adjust_button       0x24              main.o
_tm                 0x11              /tmp/ccD21m4C.o
__DHT_STATUS        0x2               /tmp/ccdeqM8b.o
prev_plus_btn_callback
                    0x2               main.o
flash_all_digits    0x1               /tmp/ccC8jOCO.o
__flp               0x2               /usr/lib/gcc/avr/7.3.0/../../../avr/lib/avr5/libc.a(malloc.o)
clock_time          0x2               main.o
is_playing          0x1               /tmp/ccfuBeJi.o
t_millis            0x4               main.o
user_onReceive      0x2               /tmp/cc4hz1Ir.o
flash_digits_hours  0x1               /tmp/ccC8jOCO.o
prev_adjust_btn_callback
                    0x2               main.o
prev_millis_read_rtc
                    0x4               main.o
millis              0x4               /tmp/ccjqzWim.o

Memory Configuration

Name             Origin             Length             Attributes
text             0x0000000000000000 0x0000000000008000 xr
data             0x0000000000800100 0x0000000000000800 rw !x
eeprom           0x0000000000810000 0x0000000000000400 rw !x
fuse             0x0000000000820000 0x0000000000000003 rw !x
lock             0x0000000000830000 0x0000000000000400 rw !x
signature        0x0000000000840000 0x0000000000000400 rw !x
user_signatures  0x0000000000850000 0x0000000000000400 rw !x
*default*        0x0000000000000000 0xffffffffffffffff

Linker script and memory map

Address of section .data set to 0x800100
LOAD /usr/lib/gcc/avr/7.3.0/../../../avr/lib/avr5/crtatmega328p.o
LOAD main.o
LOAD /tmp/ccjqzWim.o
LOAD /tmp/ccF4ulV3.o
LOAD /tmp/ccldHXGx.o
LOAD /tmp/ccC8jOCO.o
LOAD /tmp/ccD21m4C.o
LOAD /tmp/cc4hz1Ir.o
LOAD /tmp/ccmYmfOf.o
LOAD /tmp/ccdeqM8b.o
LOAD /tmp/ccfuBeJi.o
LOAD /tmp/cc1mivI5.o
LOAD /tmp/ccd8dv1K.o
LOAD /tmp/ccNWmEbz.o
START GROUP
LOAD /usr/lib/gcc/avr/7.3.0/avr5/libgcc.a
LOAD /usr/lib/gcc/avr/7.3.0/../../../avr/lib/avr5/libm.a
LOAD /usr/lib/gcc/avr/7.3.0/../../../avr/lib/avr5/libc.a
LOAD /usr/lib/gcc/avr/7.3.0/../../../avr/lib/avr5/libatmega328p.a
END GROUP
                0x0000000000000000                __TEXT_REGION_ORIGIN__ = DEFINED (__TEXT_REGION_ORIGIN__)?__TEXT_REGION_ORIGIN__:0x0
                [0x0000000000800100]                __DATA_REGION_ORIGIN__ = DEFINED (__DATA_REGION_ORIGIN__)?__DATA_REGION_ORIGIN__:0x800060
                [0x0000000000008000]                __TEXT_REGION_LENGTH__ = DEFINED (__TEXT_REGION_LENGTH__)?__TEXT_REGION_LENGTH__:0x20000
                [0x0000000000000800]                __DATA_REGION_LENGTH__ = DEFINED (__DATA_REGION_LENGTH__)?__DATA_REGION_LENGTH__:0xffa0
                [0x0000000000000400]                __EEPROM_REGION_LENGTH__ = DEFINED (__EEPROM_REGION_LENGTH__)?__EEPROM_REGION_LENGTH__:0x10000
                [0x0000000000000003]                __FUSE_REGION_LENGTH__ = DEFINED (__FUSE_REGION_LENGTH__)?__FUSE_REGION_LENGTH__:0x400
                0x0000000000000400                __LOCK_REGION_LENGTH__ = DEFINED (__LOCK_REGION_LENGTH__)?__LOCK_REGION_LENGTH__:0x400
                0x0000000000000400                __SIGNATURE_REGION_LENGTH__ = DEFINED (__SIGNATURE_REGION_LENGTH__)?__SIGNATURE_REGION_LENGTH__:0x400
                0x0000000000000400                __USER_SIGNATURE_REGION_LENGTH__ = DEFINED (__USER_SIGNATURE_REGION_LENGTH__)?__USER_SIGNATURE_REGION_LENGTH__:0x400

.hash
 *(.hash)

.dynsym
 *(.dynsym)

.dynstr
 *(.dynstr)

.gnu.version
 *(.gnu.version)

.gnu.version_d
 *(.gnu.version_d)

.gnu.version_r
 *(.gnu.version_r)

.rel.init
 *(.rel.init)

.rela.init
 *(.rela.init)

.rel.text
 *(.rel.text)
 *(.rel.text.*)
 *(.rel.gnu.linkonce.t*)

.rela.text
 *(.rela.text)
 *(.rela.text.*)
 *(.rela.gnu.linkonce.t*)

.rel.fini
 *(.rel.fini)

.rela.fini
 *(.rela.fini)

.rel.rodata
 *(.rel.rodata)
 *(.rel.rodata.*)
 *(.rel.gnu.linkonce.r*)

.rela.rodata
 *(.rela.rodata)
 *(.rela.rodata.*)
 *(.rela.gnu.linkonce.r*)

.rel.data
 *(.rel.data)
 *(.rel.data.*)
 *(.rel.gnu.linkonce.d*)

.rela.data
 *(.rela.data)
 *(.rela.data.*)
 *(.rela.gnu.linkonce.d*)

.rel.ctors
 *(.rel.ctors)

.rela.ctors
 *(.rela.ctors)

.rel.dtors
 *(.rel.dtors)

.rela.dtors
 *(.rela.dtors)

.rel.got
 *(.rel.got)

.rela.got
 *(.rela.got)

.rel.bss
 *(.rel.bss)

.rela.bss
 *(.rela.bss)

.rel.plt
 *(.rel.plt)

.rela.plt
 *(.rela.plt)

.text           0x0000000000000000     0x4058
 *(.vectors)
 .vectors       0x0000000000000000       0x68 /usr/lib/gcc/avr/7.3.0/../../../avr/lib/avr5/crtatmega328p.o
                0x0000000000000000                __vectors
                0x0000000000000000                __vector_default
 *(.vectors)
 *(.progmem.gcc*)
                0x0000000000000068                . = ALIGN (0x2)
                0x0000000000000068                __trampolines_start = .
 *(.trampolines)
 .trampolines   0x0000000000000068        0x0 linker stubs
 *(.trampolines*)
                0x0000000000000068                __trampolines_end = .
 *libprintf_flt.a:*(.progmem.data)
 *libc.a:*(.progmem.data)
 *(.progmem*)
                0x0000000000000068                . = ALIGN (0x2)
 *(.jumptables)
 *(.jumptables*)
 *(.lowtext)
 *(.lowtext*)
                0x0000000000000068                __ctors_start = .
 *(.ctors)
                0x0000000000000068                __ctors_end = .
                0x0000000000000068                __dtors_start = .
 *(.dtors)
                0x0000000000000068                __dtors_end = .
 SORT(*)(.ctors)
 SORT(*)(.dtors)
 *(.init0)
 .init0         0x0000000000000068        0x0 /usr/lib/gcc/avr/7.3.0/../../../avr/lib/avr5/crtatmega328p.o
                0x0000000000000068                __init
 *(.init0)
 *(.init1)
 *(.init1)
 *(.init2)
 .init2         0x0000000000000068        0xc /usr/lib/gcc/avr/7.3.0/../../../avr/lib/avr5/crtatmega328p.o
 *(.init2)
 *(.init3)
 *(.init3)
 *(.init4)
 .init4         0x0000000000000074       0x16 /usr/lib/gcc/avr/7.3.0/avr5/libgcc.a(_copy_data.o)
                0x0000000000000074                __do_copy_data
 .init4         0x000000000000008a       0x10 /usr/lib/gcc/avr/7.3.0/avr5/libgcc.a(_clear_bss.o)
                0x000000000000008a                __do_clear_bss
 *(.init4)
 *(.init5)
 *(.init5)
 *(.init6)
 *(.init6)
 *(.init7)
 *(.init7)
 *(.init8)
 *(.init8)
 *(.init9)
 .init9         0x000000000000009a        0x8 /usr/lib/gcc/avr/7.3.0/../../../avr/lib/avr5/crtatmega328p.o
 *(.init9)
 *(.text)
 .text          0x00000000000000a2        0x4 /usr/lib/gcc/avr/7.3.0/../../../avr/lib/avr5/crtatmega328p.o
                0x00000000000000a2                __vector_22
                0x00000000000000a2                __vector_1
                0x00000000000000a2                __vector_12
                0x00000000000000a2                __bad_interrupt
                0x00000000000000a2                __vector_6
                0x00000000000000a2                __vector_3
                0x00000000000000a2                __vector_23
                0x00000000000000a2                __vector_25
                0x00000000000000a2                __vector_11
                0x00000000000000a2                __vector_13
                0x00000000000000a2                __vector_17
                0x00000000000000a2                __vector_19
                0x00000000000000a2                __vector_7
                0x00000000000000a2                __vector_5
                0x00000000000000a2                __vector_4
                0x00000000000000a2                __vector_9
                0x00000000000000a2                __vector_2
                0x00000000000000a2                __vector_21
                0x00000000000000a2                __vector_15
                0x00000000000000a2                __vector_8
                0x00000000000000a2                __vector_10
                0x00000000000000a2                __vector_16
                0x00000000000000a2                __vector_18
                0x00000000000000a2                __vector_20
 .text          0x00000000000000a6       0x50 main.o
                0x00000000000000a6                __vector_14
 .text          0x00000000000000f6       0xcc /tmp/ccjqzWim.o
                0x00000000000000f6                millis_timer_ISR_loop
                0x000000000000011e                millis_timer_init
                0x0000000000000152                get_millis
                0x000000000000016a                get_micros
 .text          0x00000000000001c2      0x158 /tmp/ccF4ulV3.o
                0x00000000000001c2                gpio_set_pin_output
                0x00000000000001e4                gpio_set_pin_input
                0x0000000000000206                gpio_set_pin_input_pullup
                0x000000000000023a                gpio_toggle_pin_mode
                0x000000000000025c                gpio_read_pin
                0x0000000000000280                gpio_set_pin_val
                0x00000000000002ae                gpio_set_pin_high
                0x00000000000002d2                gpio_set_pin_low
                0x00000000000002f6                gpio_toggle_pin_output
 .text          0x000000000000031a      0x2a8 /tmp/ccldHXGx.o
                0x000000000000031a                button_setup
                0x0000000000000352                button_set_debounce_ms
                0x000000000000035a                button_set_click_ms
                0x0000000000000362                button_set_press_ms
                0x000000000000036a                button_attach_single_click
                0x0000000000000372                button_get_single_click_action
                0x000000000000037a                button_attach_double_click
                0x0000000000000382                button_get_double_click_action
                0x000000000000038a                button_attach_long_press
                0x0000000000000392                button_get_long_press_action
                0x000000000000039a                button_debounce
                0x0000000000000410                _newState
                0x000000000000042c                button_reset
                0x000000000000044a                button_fsm
                0x00000000000005ac                button_loop
 .text          0x00000000000005c2      0x7c6 /tmp/ccC8jOCO.o
                0x00000000000005c2                seven_segment_init
                0x0000000000000686                seven_segment_loop_isr
                0x0000000000000706                seven_segment_clear_all
                0x000000000000071e                seven_segment_set_all
                0x000000000000073a                seven_segment_write_byte_to_digit
                0x0000000000000772                seven_segment_write_bytes
                0x0000000000000796                seven_segment_write_digit_val_to_digit
                0x00000000000007a4                seven_segment_write_digit_vals
                0x00000000000007d0                seven_segment_set_colon
                0x00000000000007d6                seven_segment_set_decimal_point
                0x00000000000007ee                seven_segment_flashing_loop
                0x00000000000008fc                seven_segment_flash_colon
                0x0000000000000902                seven_segment_flash_digits_minutes
                0x0000000000000908                seven_segment_flash_digits_hours
                0x000000000000090e                seven_segment_flash_all_digits
                0x0000000000000914                seven_segment_show_hour_minute
                0x00000000000009b6                seven_segment_show_month_day
                0x0000000000000a94                seven_segment_show_year
                0x0000000000000b3c                seven_segment_show_temperature
                0x0000000000000c8c                seven_segment_show_humidity
 .text          0x0000000000000d88      0xb86 /tmp/ccD21m4C.o
                0x0000000000000d88                dec2bcd
                0x0000000000000dac                bcd2dec
                0x0000000000000dc2                rtc_read_byte
                0x0000000000000de4                rtc_write_byte
                0x0000000000000e06                rtc_init
                0x0000000000000e64                rtc_is_ds1307
                0x0000000000000e6a                rtc_is_ds3231
                0x0000000000000e70                rtc_set_ds1307
                0x0000000000000e7c                rtc_set_ds3231
                0x0000000000000e88                rtc_get_time
                0x0000000000001028                rtc_get_time_s
                0x0000000000001116                rtc_set_time
                0x000000000000128a                rtc_set_time_s
                0x0000000000001322                rtc_run_clock
                0x0000000000001350                rtc_is_clock_running
                0x0000000000001366                ds3231_get_temp_int
                0x00000000000013dc                rtc_force_temp_conversion
                0x000000000000144c                rtc_get_sram_byte
                0x0000000000001470                rtc_get_sram
                0x0000000000001494                rtc_set_sram_byte
                0x00000000000014b8                rtc_set_sram
                0x00000000000014dc                rtc_SQW_enable
                0x000000000000156e                rtc_SQW_set_freq
                0x00000000000015ee                rtc_osc32kHz_enable
                0x0000000000001640                rtc_reset_alarm
                0x0000000000001680                rtc_set_alarm_s
                0x000000000000176a                rtc_set_alarm
                0x000000000000177c                rtc_get_alarm_s
                0x0000000000001836                rtc_get_alarm
                0x0000000000001880                rtc_check_alarm
 .text          0x000000000000190e      0x1f8 /tmp/cc4hz1Ir.o
                0x000000000000190e                onReceiveService
                0x0000000000001970                onRequestService
                0x0000000000001988                twi_init_master
                0x000000000000199c                twi_init_slave
                0x00000000000019c4                twi_request_from
                0x00000000000019de                twi_begin_transmission
                0x00000000000019f2                twi_end_transmission
                0x0000000000001a12                twi_send_byte
                0x0000000000001a6a                twi_send
                0x0000000000001ab0                twi_send_char
                0x0000000000001ac4                twi_available
                0x0000000000001ad0                twi_receive
                0x0000000000001af2                twi_set_on_receive
                0x0000000000001afc                twi_set_on_request
 .text          0x0000000000001b06      0x576 /tmp/ccmYmfOf.o
                0x0000000000001b06                twi_init
                0x0000000000001b2c                twi_setAddress
                0x0000000000001b34                twi_readFrom
                0x0000000000001ba0                twi_writeTo
                0x0000000000001c28                twi_transmit
                0x0000000000001c62                twi_attachSlaveRxEvent
                0x0000000000001c6c                twi_attachSlaveTxEvent
                0x0000000000001c76                twi_reply
                0x0000000000001c8a                twi_stop
                0x0000000000001c9e                twi_releaseBus
                0x0000000000001caa                __vector_24
 .text          0x000000000000207c      0x33c /tmp/ccdeqM8b.o
                0x000000000000207c                DHT_Setup
                0x0000000000002098                DHT_GetStatus
                0x00000000000020a2                DHT_ReadRaw
                0x0000000000002276                DHT_Read
                0x000000000000237e                DHT_GetTemperature
                0x0000000000002386                DHT_GetHumidity
                0x0000000000002390                DHT_CelsiusToFahrenheit
                0x00000000000023aa                DHT_CelsiusToKelvin
 .text          0x00000000000023b8      0x312 /tmp/ccfuBeJi.o
                0x00000000000023b8                piezo_init
                0x0000000000002408                piezo_clear_all_notes
                0x0000000000002412                piezo_add_note
                0x000000000000245c                piezo_play_cur_note
                0x00000000000024a8                piezo_loop_ISR
                0x0000000000002662                piezo_play_sequence
                0x0000000000002694                piezo_off
                0x00000000000026a8                piezo_stop_sequence
                0x00000000000026c4                piezo_is_playing
 .text          0x00000000000026ca      0x250 /tmp/cc1mivI5.o
                0x00000000000026fe                dismiss_alarm
                0x0000000000002712                trim_alarm_values
                0x000000000000272c                compute_alarm_time
                0x0000000000002798                load_alarm_settings
                0x00000000000027c4                update_alarm_settings
                0x00000000000027f0                set_alarm_dismiss_button_callbacks
                0x000000000000284a                restore_button_callbacks
                0x0000000000002858                alarm_loop
 .text          0x000000000000291a      0x982 /tmp/ccd8dv1K.o
                0x000000000000291a                increment_hour
                0x000000000000293a                decrement_hour
                0x000000000000295e                increment_minute
                0x000000000000297e                decrement_minute
                0x00000000000029a2                toggle_alarm_on_off
                0x00000000000029b2                increment_alarm_hour
                0x00000000000029c8                decrement_alarm_hour
                0x00000000000029e0                increment_alarm_min
                0x00000000000029f6                decrement_alarm_min
                0x0000000000002a0e                increment_month
                0x0000000000002a32                decrement_month
                0x0000000000002a56                increment_day
                0x0000000000002a7a                decrement_day
                0x0000000000002a9e                increment_year
                0x0000000000002ac4                decrement_year
                0x0000000000002aea                new_state_start
                0x0000000000002b0e                increment_main_state
                0x0000000000002b48                decrement_main_state
                0x0000000000002b86                swap_hour_min_state
                0x0000000000002bd2                swap_alarm_state
                0x0000000000002c00                swap_month_day_state
                0x0000000000002c46                swap_year_state
                0x0000000000002c8a                swap_testing_state
                0x0000000000002cb4                swap_temperature_state
                0x0000000000002cde                swap_humidity_state
                0x0000000000002d08                fsm_loop
 .text          0x000000000000329c      0x534 /tmp/ccNWmEbz.o
                0x000000000000329c                load_alarm_notes
 .text          0x00000000000037d0        0x0 /usr/lib/gcc/avr/7.3.0/avr5/libgcc.a(_divmodhi4.o)
 .text          0x00000000000037d0        0x0 /usr/lib/gcc/avr/7.3.0/avr5/libgcc.a(_exit.o)
 .text          0x00000000000037d0        0x0 /usr/lib/gcc/avr/7.3.0/avr5/libgcc.a(_tablejump2.o)
 .text          0x00000000000037d0        0x0 /usr/lib/gcc/avr/7.3.0/avr5/libgcc.a(_copy_data.o)
 .text          0x00000000000037d0        0x0 /usr/lib/gcc/avr/7.3.0/avr5/libgcc.a(_clear_bss.o)
 .text          0x00000000000037d0        0x0 /usr/lib/gcc/avr/7.3.0/avr5/libgcc.a(_muluhisi3.o)
 .text          0x00000000000037d0        0x0 /usr/lib/gcc/avr/7.3.0/avr5/libgcc.a(_udivmodhi4.o)
 .text          0x00000000000037d0        0x0 /usr/lib/gcc/avr/7.3.0/avr5/libgcc.a(_umulhisi3.o)
 .text          0x00000000000037d0        0x0 /usr/lib/gcc/avr/7.3.0/../../../avr/lib/avr5/libm.a(addsf3.o)
 .text          0x00000000000037d0        0x0 /usr/lib/gcc/avr/7.3.0/../../../avr/lib/avr5/libm.a(addsf3x.o)
 .text          0x00000000000037d0        0x0 /usr/lib/gcc/avr/7.3.0/../../../avr/lib/avr5/libm.a(cmpsf2.o)
 .text          0x00000000000037d0        0x0 /usr/lib/gcc/avr/7.3.0/../../../avr/lib/avr5/libm.a(fixsfsi.o)
 .text          0x00000000000037d0        0x0 /usr/lib/gcc/avr/7.3.0/../../../avr/lib/avr5/libm.a(fixunssfsi.o)
 .text          0x00000000000037d0        0x0 /usr/lib/gcc/avr/7.3.0/../../../avr/lib/avr5/libm.a(floatsisf.o)
 .text          0x00000000000037d0        0x0 /usr/lib/gcc/avr/7.3.0/../../../avr/lib/avr5/libm.a(fp_cmp.o)
 .text          0x00000000000037d0        0x0 /usr/lib/gcc/avr/7.3.0/../../../avr/lib/avr5/libm.a(fp_inf.o)
 .text          0x00000000000037d0        0x0 /usr/lib/gcc/avr/7.3.0/../../../avr/lib/avr5/libm.a(fp_nan.o)
 .text          0x00000000000037d0        0x0 /usr/lib/gcc/avr/7.3.0/../../../avr/lib/avr5/libm.a(fp_pscA.o)
 .text          0x00000000000037d0        0x0 /usr/lib/gcc/avr/7.3.0/../../../avr/lib/avr5/libm.a(fp_pscB.o)
 .text          0x00000000000037d0        0x0 /usr/lib/gcc/avr/7.3.0/../../../avr/lib/avr5/libm.a(fp_round.o)
 .text          0x00000000000037d0        0x0 /usr/lib/gcc/avr/7.3.0/../../../avr/lib/avr5/libm.a(fp_split3.o)
 .text          0x00000000000037d0        0x0 /usr/lib/gcc/avr/7.3.0/../../../avr/lib/avr5/libm.a(fp_zero.o)
 .text          0x00000000000037d0        0x0 /usr/lib/gcc/avr/7.3.0/../../../avr/lib/avr5/libm.a(gesf2.o)
 .text          0x00000000000037d0        0x0 /usr/lib/gcc/avr/7.3.0/../../../avr/lib/avr5/libm.a(mulsf3.o)
 .text          0x00000000000037d0        0x0 /usr/lib/gcc/avr/7.3.0/../../../avr/lib/avr5/libm.a(mulsf3x.o)
 .text          0x00000000000037d0        0x0 /usr/lib/gcc/avr/7.3.0/../../../avr/lib/avr5/libc.a(malloc.o)
 .text          0x00000000000037d0        0x0 /usr/lib/gcc/avr/7.3.0/../../../avr/lib/avr5/libatmega328p.a(eerd_block.o)
 .text          0x00000000000037d0        0x0 /usr/lib/gcc/avr/7.3.0/../../../avr/lib/avr5/libatmega328p.a(eeupd_block.o)
 .text          0x00000000000037d0        0x0 /usr/lib/gcc/avr/7.3.0/../../../avr/lib/avr5/libatmega328p.a(eeupd_byte.o)
                0x00000000000037d0                . = ALIGN (0x2)
 *(.text.*)
 .text.startup  0x00000000000037d0      0x1ae main.o
                0x00000000000037d0                main
 .text.libgcc.mul
                0x000000000000397e        0x0 /usr/lib/gcc/avr/7.3.0/avr5/libgcc.a(_divmodhi4.o)
 .text.libgcc.div
                0x000000000000397e       0x28 /usr/lib/gcc/avr/7.3.0/avr5/libgcc.a(_divmodhi4.o)
                0x000000000000397e                __divmodhi4
                0x000000000000397e                _div
 .text.libgcc   0x00000000000039a6        0x0 /usr/lib/gcc/avr/7.3.0/avr5/libgcc.a(_divmodhi4.o)
 .text.libgcc.prologue
                0x00000000000039a6        0x0 /usr/lib/gcc/avr/7.3.0/avr5/libgcc.a(_divmodhi4.o)
 .text.libgcc.builtins
                0x00000000000039a6        0x0 /usr/lib/gcc/avr/7.3.0/avr5/libgcc.a(_divmodhi4.o)
 .text.libgcc.fmul
                0x00000000000039a6        0x0 /usr/lib/gcc/avr/7.3.0/avr5/libgcc.a(_divmodhi4.o)
 .text.libgcc.fixed
                0x00000000000039a6        0x0 /usr/lib/gcc/avr/7.3.0/avr5/libgcc.a(_divmodhi4.o)
 .text.libgcc.mul
                0x00000000000039a6        0x0 /usr/lib/gcc/avr/7.3.0/avr5/libgcc.a(_exit.o)
 .text.libgcc.div
                0x00000000000039a6        0x0 /usr/lib/gcc/avr/7.3.0/avr5/libgcc.a(_exit.o)
 .text.libgcc   0x00000000000039a6        0x0 /usr/lib/gcc/avr/7.3.0/avr5/libgcc.a(_exit.o)
 .text.libgcc.prologue
                0x00000000000039a6        0x0 /usr/lib/gcc/avr/7.3.0/avr5/libgcc.a(_exit.o)
 .text.libgcc.builtins
                0x00000000000039a6        0x0 /usr/lib/gcc/avr/7.3.0/avr5/libgcc.a(_exit.o)
 .text.libgcc.fmul
                0x00000000000039a6        0x0 /usr/lib/gcc/avr/7.3.0/avr5/libgcc.a(_exit.o)
 .text.libgcc.fixed
                0x00000000000039a6        0x0 /usr/lib/gcc/avr/7.3.0/avr5/libgcc.a(_exit.o)
 .text.libgcc.mul
                0x00000000000039a6        0x0 /usr/lib/gcc/avr/7.3.0/avr5/libgcc.a(_tablejump2.o)
 .text.libgcc.div
                0x00000000000039a6        0x0 /usr/lib/gcc/avr/7.3.0/avr5/libgcc.a(_tablejump2.o)
 .text.libgcc   0x00000000000039a6        0xc /usr/lib/gcc/avr/7.3.0/avr5/libgcc.a(_tablejump2.o)
                0x00000000000039a6                __tablejump2__
 .text.libgcc.prologue
                0x00000000000039b2        0x0 /usr/lib/gcc/avr/7.3.0/avr5/libgcc.a(_tablejump2.o)
 .text.libgcc.builtins
                0x00000000000039b2        0x0 /usr/lib/gcc/avr/7.3.0/avr5/libgcc.a(_tablejump2.o)
 .text.libgcc.fmul
                0x00000000000039b2        0x0 /usr/lib/gcc/avr/7.3.0/avr5/libgcc.a(_tablejump2.o)
 .text.libgcc.fixed
                0x00000000000039b2        0x0 /usr/lib/gcc/avr/7.3.0/avr5/libgcc.a(_tablejump2.o)
 .text.libgcc.mul
                0x00000000000039b2        0x0 /usr/lib/gcc/avr/7.3.0/avr5/libgcc.a(_copy_data.o)
 .text.libgcc.div
                0x00000000000039b2        0x0 /usr/lib/gcc/avr/7.3.0/avr5/libgcc.a(_copy_data.o)
 .text.libgcc   0x00000000000039b2        0x0 /usr/lib/gcc/avr/7.3.0/avr5/libgcc.a(_copy_data.o)
 .text.libgcc.prologue
                0x00000000000039b2        0x0 /usr/lib/gcc/avr/7.3.0/avr5/libgcc.a(_copy_data.o)
 .text.libgcc.builtins
                0x00000000000039b2        0x0 /usr/lib/gcc/avr/7.3.0/avr5/libgcc.a(_copy_data.o)
 .text.libgcc.fmul
                0x00000000000039b2        0x0 /usr/lib/gcc/avr/7.3.0/avr5/libgcc.a(_copy_data.o)
 .text.libgcc.fixed
                0x00000000000039b2        0x0 /usr/lib/gcc/avr/7.3.0/avr5/libgcc.a(_copy_data.o)
 .text.libgcc.mul
                0x00000000000039b2        0x0 /usr/lib/gcc/avr/7.3.0/avr5/libgcc.a(_clear_bss.o)
 .text.libgcc.div
                0x00000000000039b2        0x0 /usr/lib/gcc/avr/7.3.0/avr5/libgcc.a(_clear_bss.o)
 .text.libgcc   0x00000000000039b2        0x0 /usr/lib/gcc/avr/7.3.0/avr5/libgcc.a(_clear_bss.o)
 .text.libgcc.prologue
                0x00000000000039b2        0x0 /usr/lib/gcc/avr/7.3.0/avr5/libgcc.a(_clear_bss.o)
 .text.libgcc.builtins
                0x00000000000039b2        0x0 /usr/lib/gcc/avr/7.3.0/avr5/libgcc.a(_clear_bss.o)
 .text.libgcc.fmul
                0x00000000000039b2        0x0 /usr/lib/gcc/avr/7.3.0/avr5/libgcc.a(_clear_bss.o)
 .text.libgcc.fixed
                0x00000000000039b2        0x0 /usr/lib/gcc/avr/7.3.0/avr5/libgcc.a(_clear_bss.o)
 .text.libgcc.mul
                0x00000000000039b2       0x16 /usr/lib/gcc/avr/7.3.0/avr5/libgcc.a(_muluhisi3.o)
                0x00000000000039b2                __muluhisi3
 .text.libgcc.div
                0x00000000000039c8        0x0 /usr/lib/gcc/avr/7.3.0/avr5/libgcc.a(_muluhisi3.o)
 .text.libgcc   0x00000000000039c8        0x0 /usr/lib/gcc/avr/7.3.0/avr5/libgcc.a(_muluhisi3.o)
 .text.libgcc.prologue
                0x00000000000039c8        0x0 /usr/lib/gcc/avr/7.3.0/avr5/libgcc.a(_muluhisi3.o)
 .text.libgcc.builtins
                0x00000000000039c8        0x0 /usr/lib/gcc/avr/7.3.0/avr5/libgcc.a(_muluhisi3.o)
 .text.libgcc.fmul
                0x00000000000039c8        0x0 /usr/lib/gcc/avr/7.3.0/avr5/libgcc.a(_muluhisi3.o)
 .text.libgcc.fixed
                0x00000000000039c8        0x0 /usr/lib/gcc/avr/7.3.0/avr5/libgcc.a(_muluhisi3.o)
 .text.libgcc.mul
                0x00000000000039c8        0x0 /usr/lib/gcc/avr/7.3.0/avr5/libgcc.a(_udivmodhi4.o)
 .text.libgcc.div
                0x00000000000039c8       0x28 /usr/lib/gcc/avr/7.3.0/avr5/libgcc.a(_udivmodhi4.o)
                0x00000000000039c8                __udivmodhi4
 .text.libgcc   0x00000000000039f0        0x0 /usr/lib/gcc/avr/7.3.0/avr5/libgcc.a(_udivmodhi4.o)
 .text.libgcc.prologue
                0x00000000000039f0        0x0 /usr/lib/gcc/avr/7.3.0/avr5/libgcc.a(_udivmodhi4.o)
 .text.libgcc.builtins
                0x00000000000039f0        0x0 /usr/lib/gcc/avr/7.3.0/avr5/libgcc.a(_udivmodhi4.o)
 .text.libgcc.fmul
                0x00000000000039f0        0x0 /usr/lib/gcc/avr/7.3.0/avr5/libgcc.a(_udivmodhi4.o)
 .text.libgcc.fixed
                0x00000000000039f0        0x0 /usr/lib/gcc/avr/7.3.0/avr5/libgcc.a(_udivmodhi4.o)
 .text.libgcc.mul
                0x00000000000039f0       0x1e /usr/lib/gcc/avr/7.3.0/avr5/libgcc.a(_umulhisi3.o)
                0x00000000000039f0                __umulhisi3
 .text.libgcc.div
                0x0000000000003a0e        0x0 /usr/lib/gcc/avr/7.3.0/avr5/libgcc.a(_umulhisi3.o)
 .text.libgcc   0x0000000000003a0e        0x0 /usr/lib/gcc/avr/7.3.0/avr5/libgcc.a(_umulhisi3.o)
 .text.libgcc.prologue
                0x0000000000003a0e        0x0 /usr/lib/gcc/avr/7.3.0/avr5/libgcc.a(_umulhisi3.o)
 .text.libgcc.builtins
                0x0000000000003a0e        0x0 /usr/lib/gcc/avr/7.3.0/avr5/libgcc.a(_umulhisi3.o)
 .text.libgcc.fmul
                0x0000000000003a0e        0x0 /usr/lib/gcc/avr/7.3.0/avr5/libgcc.a(_umulhisi3.o)
 .text.libgcc.fixed
                0x0000000000003a0e        0x0 /usr/lib/gcc/avr/7.3.0/avr5/libgcc.a(_umulhisi3.o)
 .text.avr-libc.fplib
                0x0000000000003a0e        0xe /usr/lib/gcc/avr/7.3.0/../../../avr/lib/avr5/libm.a(addsf3.o)
                0x0000000000003a0e                __subsf3
                0x0000000000003a10                __addsf3
 .text.avr-libc.fplib
                0x0000000000003a1c       0xcc /usr/lib/gcc/avr/7.3.0/../../../avr/lib/avr5/libm.a(addsf3x.o)
                0x0000000000003a3e                __addsf3x
 .text.avr-libc.fplib
                0x0000000000003ae8        0xa /usr/lib/gcc/avr/7.3.0/../../../avr/lib/avr5/libm.a(cmpsf2.o)
                0x0000000000003ae8                __lesf2
                0x0000000000003ae8                __nesf2
                0x0000000000003ae8                __eqsf2
                0x0000000000003ae8                __cmpsf2
                0x0000000000003ae8                __ltsf2
 .text.avr-libc.fplib
                0x0000000000003af2        0xe /usr/lib/gcc/avr/7.3.0/../../../avr/lib/avr5/libm.a(fixsfsi.o)
                0x0000000000003af2                __fixsfsi
 .text.avr-libc.fplib
                0x0000000000003b00       0x5e /usr/lib/gcc/avr/7.3.0/../../../avr/lib/avr5/libm.a(fixunssfsi.o)
                0x0000000000003b00                __fixunssfsi
 .text.avr-libc.fplib
                0x0000000000003b5e       0x7a /usr/lib/gcc/avr/7.3.0/../../../avr/lib/avr5/libm.a(floatsisf.o)
                0x0000000000003b5e                __floatunsisf
                0x0000000000003b62                __floatsisf
 .text.avr-libc.fplib
                0x0000000000003bd8       0x48 /usr/lib/gcc/avr/7.3.0/../../../avr/lib/avr5/libm.a(fp_cmp.o)
                0x0000000000003bd8                __fp_cmp
 .text.avr-libc.fplib
                0x0000000000003c20        0xc /usr/lib/gcc/avr/7.3.0/../../../avr/lib/avr5/libm.a(fp_inf.o)
                0x0000000000003c20                __fp_inf
 .text.avr-libc.fplib
                0x0000000000003c2c        0x6 /usr/lib/gcc/avr/7.3.0/../../../avr/lib/avr5/libm.a(fp_nan.o)
                0x0000000000003c2c                __fp_nan
 .text.avr-libc.fplib
                0x0000000000003c32        0xe /usr/lib/gcc/avr/7.3.0/../../../avr/lib/avr5/libm.a(fp_pscA.o)
                0x0000000000003c32                __fp_pscA
 .text.avr-libc.fplib
                0x0000000000003c40        0xe /usr/lib/gcc/avr/7.3.0/../../../avr/lib/avr5/libm.a(fp_pscB.o)
                0x0000000000003c40                __fp_pscB
 .text.avr-libc.fplib
                0x0000000000003c4e       0x22 /usr/lib/gcc/avr/7.3.0/../../../avr/lib/avr5/libm.a(fp_round.o)
                0x0000000000003c4e                __fp_round
 .text.avr-libc.fplib
                0x0000000000003c70       0x44 /usr/lib/gcc/avr/7.3.0/../../../avr/lib/avr5/libm.a(fp_split3.o)
                0x0000000000003c70                __fp_split3
                0x0000000000003c80                __fp_splitA
 .text.avr-libc.fplib
                0x0000000000003cb4        0xe /usr/lib/gcc/avr/7.3.0/../../../avr/lib/avr5/libm.a(fp_zero.o)
                0x0000000000003cb4                __fp_zero
                0x0000000000003cb6                __fp_szero
 .text.avr-libc.fplib
                0x0000000000003cc2        0xa /usr/lib/gcc/avr/7.3.0/../../../avr/lib/avr5/libm.a(gesf2.o)
                0x0000000000003cc2                __gtsf2
                0x0000000000003cc2                __gesf2
 .text.avr-libc.fplib
                0x0000000000003ccc        0x8 /usr/lib/gcc/avr/7.3.0/../../../avr/lib/avr5/libm.a(mulsf3.o)
                0x0000000000003ccc                __mulsf3
 .text.avr-libc.fplib
                0x0000000000003cd4       0xd2 /usr/lib/gcc/avr/7.3.0/../../../avr/lib/avr5/libm.a(mulsf3x.o)
                0x0000000000003cf2                __mulsf3x
                0x0000000000003cf8                __mulsf3_pse
 .text.avr-libc
                0x0000000000003da6      0x24a /usr/lib/gcc/avr/7.3.0/../../../avr/lib/avr5/libc.a(malloc.o)
                0x0000000000003da6                malloc
                0x0000000000003ede                free
 .text.avr-libc
                0x0000000000003ff0       0x20 /usr/lib/gcc/avr/7.3.0/../../../avr/lib/avr5/libatmega328p.a(eerd_block.o)
                0x0000000000003ff0                eeprom_read_block
                0x0000000000003ff4                eeprom_read_blraw
 .text.avr-libc
                0x0000000000004010       0x20 /usr/lib/gcc/avr/7.3.0/../../../avr/lib/avr5/libatmega328p.a(eeupd_block.o)
                0x0000000000004010                eeprom_update_block
 .text.avr-libc
                0x0000000000004030       0x24 /usr/lib/gcc/avr/7.3.0/../../../avr/lib/avr5/libatmega328p.a(eeupd_byte.o)
                0x0000000000004030                eeprom_update_byte
                0x0000000000004032                eeprom_update_r18
                0x0000000000004054                . = ALIGN (0x2)
 *(.fini9)
 .fini9         0x0000000000004054        0x0 /usr/lib/gcc/avr/7.3.0/avr5/libgcc.a(_exit.o)
                0x0000000000004054                exit
                0x0000000000004054                _exit
 *(.fini9)
 *(.fini8)
 *(.fini8)
 *(.fini7)
 *(.fini7)
 *(.fini6)
 *(.fini6)
 *(.fini5)
 *(.fini5)
 *(.fini4)
 *(.fini4)
 *(.fini3)
 *(.fini3)
 *(.fini2)
 *(.fini2)
 *(.fini1)
 *(.fini1)
 *(.fini0)
 .fini0         0x0000000000004054        0x4 /usr/lib/gcc/avr/7.3.0/avr5/libgcc.a(_exit.o)
 *(.fini0)
                0x0000000000004058                _etext = .

.data           0x0000000000800100       0x18 load address 0x0000000000004058
                0x0000000000800100                PROVIDE (__data_start, .)
 *(.data)
 .data          0x0000000000800100        0x0 /usr/lib/gcc/avr/7.3.0/../../../avr/lib/avr5/crtatmega328p.o
 .data          0x0000000000800100        0x0 main.o
 .data          0x0000000000800100        0x0 /tmp/ccjqzWim.o
 .data          0x0000000000800100        0x0 /tmp/ccF4ulV3.o
 .data          0x0000000000800100        0x0 /tmp/ccldHXGx.o
 .data          0x0000000000800100        0x0 /tmp/ccC8jOCO.o
 .data          0x0000000000800100        0x0 /tmp/ccD21m4C.o
 .data          0x0000000000800100        0x0 /tmp/cc4hz1Ir.o
 .data          0x0000000000800100        0x0 /tmp/ccmYmfOf.o
 .data          0x0000000000800100        0x0 /tmp/ccdeqM8b.o
 .data          0x0000000000800100        0x0 /tmp/ccfuBeJi.o
 .data          0x0000000000800100        0x0 /tmp/cc1mivI5.o
 .data          0x0000000000800100        0x0 /tmp/ccd8dv1K.o
 .data          0x0000000000800100        0x0 /tmp/ccNWmEbz.o
 .data          0x0000000000800100        0x0 /usr/lib/gcc/avr/7.3.0/avr5/libgcc.a(_divmodhi4.o)
 .data          0x0000000000800100        0x0 /usr/lib/gcc/avr/7.3.0/avr5/libgcc.a(_exit.o)
 .data          0x0000000000800100        0x0 /usr/lib/gcc/avr/7.3.0/avr5/libgcc.a(_tablejump2.o)
 .data          0x0000000000800100        0x0 /usr/lib/gcc/avr/7.3.0/avr5/libgcc.a(_copy_data.o)
 .data          0x0000000000800100        0x0 /usr/lib/gcc/avr/7.3.0/avr5/libgcc.a(_clear_bss.o)
 .data          0x0000000000800100        0x0 /usr/lib/gcc/avr/7.3.0/avr5/libgcc.a(_muluhisi3.o)
 .data          0x0000000000800100        0x0 /usr/lib/gcc/avr/7.3.0/avr5/libgcc.a(_udivmodhi4.o)
 .data          0x0000000000800100        0x0 /usr/lib/gcc/avr/7.3.0/avr5/libgcc.a(_umulhisi3.o)
 .data          0x0000000000800100        0x0 /usr/lib/gcc/avr/7.3.0/../../../avr/lib/avr5/libm.a(addsf3.o)
 .data          0x0000000000800100        0x0 /usr/lib/gcc/avr/7.3.0/../../../avr/lib/avr5/libm.a(addsf3x.o)
 .data          0x0000000000800100        0x0 /usr/lib/gcc/avr/7.3.0/../../../avr/lib/avr5/libm.a(cmpsf2.o)
 .data          0x0000000000800100        0x0 /usr/lib/gcc/avr/7.3.0/../../../avr/lib/avr5/libm.a(fixsfsi.o)
 .data          0x0000000000800100        0x0 /usr/lib/gcc/avr/7.3.0/../../../avr/lib/avr5/libm.a(fixunssfsi.o)
 .data          0x0000000000800100        0x0 /usr/lib/gcc/avr/7.3.0/../../../avr/lib/avr5/libm.a(floatsisf.o)
 .data          0x0000000000800100        0x0 /usr/lib/gcc/avr/7.3.0/../../../avr/lib/avr5/libm.a(fp_cmp.o)
 .data          0x0000000000800100        0x0 /usr/lib/gcc/avr/7.3.0/../../../avr/lib/avr5/libm.a(fp_inf.o)
 .data          0x0000000000800100        0x0 /usr/lib/gcc/avr/7.3.0/../../../avr/lib/avr5/libm.a(fp_nan.o)
 .data          0x0000000000800100        0x0 /usr/lib/gcc/avr/7.3.0/../../../avr/lib/avr5/libm.a(fp_pscA.o)
 .data          0x0000000000800100        0x0 /usr/lib/gcc/avr/7.3.0/../../../avr/lib/avr5/libm.a(fp_pscB.o)
 .data          0x0000000000800100        0x0 /usr/lib/gcc/avr/7.3.0/../../../avr/lib/avr5/libm.a(fp_round.o)
 .data          0x0000000000800100        0x0 /usr/lib/gcc/avr/7.3.0/../../../avr/lib/avr5/libm.a(fp_split3.o)
 .data          0x0000000000800100        0x0 /usr/lib/gcc/avr/7.3.0/../../../avr/lib/avr5/libm.a(fp_zero.o)
 .data          0x0000000000800100        0x0 /usr/lib/gcc/avr/7.3.0/../../../avr/lib/avr5/libm.a(gesf2.o)
 .data          0x0000000000800100        0x0 /usr/lib/gcc/avr/7.3.0/../../../avr/lib/avr5/libm.a(mulsf3.o)
 .data          0x0000000000800100        0x0 /usr/lib/gcc/avr/7.3.0/../../../avr/lib/avr5/libm.a(mulsf3x.o)
 .data          0x0000000000800100        0x6 /usr/lib/gcc/avr/7.3.0/../../../avr/lib/avr5/libc.a(malloc.o)
                0x0000000000800100                __malloc_heap_end
                0x0000000000800102                __malloc_heap_start
                0x0000000000800104                __malloc_margin
 .data          0x0000000000800106        0x0 /usr/lib/gcc/avr/7.3.0/../../../avr/lib/avr5/libatmega328p.a(eerd_block.o)
 .data          0x0000000000800106        0x0 /usr/lib/gcc/avr/7.3.0/../../../avr/lib/avr5/libatmega328p.a(eeupd_block.o)
 .data          0x0000000000800106        0x0 /usr/lib/gcc/avr/7.3.0/../../../avr/lib/avr5/libatmega328p.a(eeupd_byte.o)
 *(.data*)
 *(.gnu.linkonce.d*)
 *(.rodata)
 .rodata        0x0000000000800106       0x11 /tmp/ccC8jOCO.o
                0x0000000000800106                digit_values
 *(.rodata*)
 *(.gnu.linkonce.r*)
                0x0000000000800118                . = ALIGN (0x2)
 *fill*         0x0000000000800117        0x1 
                0x0000000000800118                _edata = .
                0x0000000000800118                PROVIDE (__data_end, .)

.bss            0x0000000000800118      0x205
                0x0000000000800118                PROVIDE (__bss_start, .)
 *(.bss)
 .bss           0x0000000000800118        0x0 /usr/lib/gcc/avr/7.3.0/../../../avr/lib/avr5/crtatmega328p.o
 .bss           0x0000000000800118        0x1 main.o
                0x0000000000800118                prev_btn_callbacks_saved
 .bss           0x0000000000800119        0x0 /tmp/ccjqzWim.o
 .bss           0x0000000000800119        0x0 /tmp/ccF4ulV3.o
 .bss           0x0000000000800119        0x0 /tmp/ccldHXGx.o
 .bss           0x0000000000800119        0x0 /tmp/ccC8jOCO.o
 .bss           0x0000000000800119        0x2 /tmp/ccD21m4C.o
 .bss           0x000000000080011b        0x6 /tmp/cc4hz1Ir.o
                0x000000000080011b                transmitting
                0x000000000080011c                txBufferLength
                0x000000000080011d                txBufferIndex
                0x000000000080011e                txAddress
                0x000000000080011f                rxBufferLength
                0x0000000000800120                rxBufferIndex
 .bss           0x0000000000800121       0x6c /tmp/ccmYmfOf.o
 .bss           0x000000000080018d        0x0 /tmp/ccdeqM8b.o
 .bss           0x000000000080018d        0xf /tmp/ccfuBeJi.o
                0x000000000080018d                last_piezo_millis
                0x0000000000800191                piezo_millis
                0x0000000000800195                note_paused
                0x0000000000800196                note_sequence_idx
                0x0000000000800198                last_note_idx
                0x000000000080019a                note_sequence_len
 .bss           0x000000000080019c        0x0 /tmp/cc1mivI5.o
 .bss           0x000000000080019c        0x0 /tmp/ccd8dv1K.o
 .bss           0x000000000080019c        0x0 /tmp/ccNWmEbz.o
 .bss           0x000000000080019c        0x0 /usr/lib/gcc/avr/7.3.0/avr5/libgcc.a(_divmodhi4.o)
 .bss           0x000000000080019c        0x0 /usr/lib/gcc/avr/7.3.0/avr5/libgcc.a(_exit.o)
 .bss           0x000000000080019c        0x0 /usr/lib/gcc/avr/7.3.0/avr5/libgcc.a(_tablejump2.o)
 .bss           0x000000000080019c        0x0 /usr/lib/gcc/avr/7.3.0/avr5/libgcc.a(_copy_data.o)
 .bss           0x000000000080019c        0x0 /usr/lib/gcc/avr/7.3.0/avr5/libgcc.a(_clear_bss.o)
 .bss           0x000000000080019c        0x0 /usr/lib/gcc/avr/7.3.0/avr5/libgcc.a(_muluhisi3.o)
 .bss           0x000000000080019c        0x0 /usr/lib/gcc/avr/7.3.0/avr5/libgcc.a(_udivmodhi4.o)
 .bss           0x000000000080019c        0x0 /usr/lib/gcc/avr/7.3.0/avr5/libgcc.a(_umulhisi3.o)
 .bss           0x000000000080019c        0x0 /usr/lib/gcc/avr/7.3.0/../../../avr/lib/avr5/libm.a(addsf3.o)
 .bss           0x000000000080019c        0x0 /usr/lib/gcc/avr/7.3.0/../../../avr/lib/avr5/libm.a(addsf3x.o)
 .bss           0x000000000080019c        0x0 /usr/lib/gcc/avr/7.3.0/../../../avr/lib/avr5/libm.a(cmpsf2.o)
 .bss           0x000000000080019c        0x0 /usr/lib/gcc/avr/7.3.0/../../../avr/lib/avr5/libm.a(fixsfsi.o)
 .bss           0x000000000080019c        0x0 /usr/lib/gcc/avr/7.3.0/../../../avr/lib/avr5/libm.a(fixunssfsi.o)
 .bss           0x000000000080019c        0x0 /usr/lib/gcc/avr/7.3.0/../../../avr/lib/avr5/libm.a(floatsisf.o)
 .bss           0x000000000080019c        0x0 /usr/lib/gcc/avr/7.3.0/../../../avr/lib/avr5/libm.a(fp_cmp.o)
 .bss           0x000000000080019c        0x0 /usr/lib/gcc/avr/7.3.0/../../../avr/lib/avr5/libm.a(fp_inf.o)
 .bss           0x000000000080019c        0x0 /usr/lib/gcc/avr/7.3.0/../../../avr/lib/avr5/libm.a(fp_nan.o)
 .bss           0x000000000080019c        0x0 /usr/lib/gcc/avr/7.3.0/../../../avr/lib/avr5/libm.a(fp_pscA.o)
 .bss           0x000000000080019c        0x0 /usr/lib/gcc/avr/7.3.0/../../../avr/lib/avr5/libm.a(fp_pscB.o)
 .bss           0x000000000080019c        0x0 /usr/lib/gcc/avr/7.3.0/../../../avr/lib/avr5/libm.a(fp_round.o)
 .bss           0x000000000080019c        0x0 /usr/lib/gcc/avr/7.3.0/../../../avr/lib/avr5/libm.a(fp_split3.o)
 .bss           0x000000000080019c        0x0 /usr/lib/gcc/avr/7.3.0/../../../avr/lib/avr5/libm.a(fp_zero.o)
 .bss           0x000000000080019c        0x0 /usr/lib/gcc/avr/7.3.0/../../../avr/lib/avr5/libm.a(gesf2.o)
 .bss           0x000000000080019c        0x0 /usr/lib/gcc/avr/7.3.0/../../../avr/lib/avr5/libm.a(mulsf3.o)
 .bss           0x000000000080019c        0x0 /usr/lib/gcc/avr/7.3.0/../../../avr/lib/avr5/libm.a(mulsf3x.o)
 .bss           0x000000000080019c        0x0 /usr/lib/gcc/avr/7.3.0/../../../avr/lib/avr5/libc.a(malloc.o)
 .bss           0x000000000080019c        0x0 /usr/lib/gcc/avr/7.3.0/../../../avr/lib/avr5/libatmega328p.a(eerd_block.o)
 .bss           0x000000000080019c        0x0 /usr/lib/gcc/avr/7.3.0/../../../avr/lib/avr5/libatmega328p.a(eeupd_block.o)
 .bss           0x000000000080019c        0x0 /usr/lib/gcc/avr/7.3.0/../../../avr/lib/avr5/libatmega328p.a(eeupd_byte.o)
 *(.bss*)
 *(COMMON)
 COMMON         0x000000000080019c       0xae main.o
                0x000000000080019c                plus_button
                0x00000000008001c0                sensor_values
                0x00000000008001c8                alarm_memory
                0x00000000008001d7                alarm_settings
                0x00000000008001da                read_rtc
                0x00000000008001db                minus_button
                0x00000000008001ff                prev_minus_btn_callback
                0x0000000000800201                ALARM_OFF_DISPLAY_VALUE
                0x0000000000800205                fsm_variables
                0x0000000000800218                adjust_button
                0x000000000080023c                prev_plus_btn_callback
                0x000000000080023e                clock_time
                0x0000000000800240                t_millis
                0x0000000000800244                prev_adjust_btn_callback
                0x0000000000800246                prev_millis_read_rtc
 COMMON         0x000000000080024a        0x4 /tmp/ccjqzWim.o
                0x000000000080024a                millis
 COMMON         0x000000000080024e       0x71 /tmp/ccC8jOCO.o
                0x000000000080024e                colon_pin
                0x0000000000800255                digit_pins
                0x0000000000800271                display_data
                0x000000000080027f                flash_colon
                0x0000000000800280                prev_millis_flash
                0x0000000000800284                segment_pins
                0x00000000008002bc                flash_digits_minutes
                0x00000000008002bd                flash_all_digits
                0x00000000008002be                flash_digits_hours
 COMMON         0x00000000008002bf       0x11 /tmp/ccD21m4C.o
                0x00000000008002bf                _tm
 COMMON         0x00000000008002d0       0x44 /tmp/cc4hz1Ir.o
                0x00000000008002d0                user_onRequest
                0x00000000008002d2                rxBuffer
                0x00000000008002f2                txBuffer
                0x0000000000800312                user_onReceive
 COMMON         0x0000000000800314        0x2 /tmp/ccdeqM8b.o
                0x0000000000800314                __DHT_STATUS
 COMMON         0x0000000000800316        0x3 /tmp/ccfuBeJi.o
                0x0000000000800316                note_sequence
                0x0000000000800318                is_playing
 COMMON         0x0000000000800319        0x4 /usr/lib/gcc/avr/7.3.0/../../../avr/lib/avr5/libc.a(malloc.o)
                0x0000000000800319                __brkval
                0x000000000080031b                __flp
                0x000000000080031d                PROVIDE (__bss_end, .)
                0x0000000000004058                __data_load_start = LOADADDR (.data)
                0x0000000000004070                __data_load_end = (__data_load_start + SIZEOF (.data))

.noinit         0x000000000080031d        0x0
                [!provide]                        PROVIDE (__noinit_start, .)
 *(.noinit*)
                [!provide]                        PROVIDE (__noinit_end, .)
                0x000000000080031d                _end = .
                0x000000000080031d                PROVIDE (__heap_start, .)

.eeprom         0x0000000000810000        0x0
 *(.eeprom*)
                0x0000000000810000                __eeprom_end = .

.fuse
 *(.fuse)
 *(.lfuse)
 *(.hfuse)
 *(.efuse)

.lock
 *(.lock*)

.signature
 *(.signature*)

.user_signatures
 *(.user_signatures*)

.stab           0x0000000000000000     0x9fcc
 *(.stab)
 .stab          0x0000000000000000      0xb70 main.o
 .stab          0x0000000000000b70      0x624 /tmp/ccjqzWim.o
                                        0x7e0 (size before relaxing)
 .stab          0x0000000000001194      0x678 /tmp/ccF4ulV3.o
                                        0x858 (size before relaxing)
 .stab          0x000000000000180c      0xbb8 /tmp/ccldHXGx.o
                                        0xea0 (size before relaxing)
 .stab          0x00000000000023c4     0x12cc /tmp/ccC8jOCO.o
                                       0x159c (size before relaxing)
 .stab          0x0000000000003690     0x1d34 /tmp/ccD21m4C.o
                                       0x1f20 (size before relaxing)
 .stab          0x00000000000053c4      0xabc /tmp/cc4hz1Ir.o
                                        0xca8 (size before relaxing)
 .stab          0x0000000000005e80      0xc84 /tmp/ccmYmfOf.o
                                        0xe94 (size before relaxing)
 .stab          0x0000000000006b04      0x99c /tmp/ccdeqM8b.o
                                        0xb70 (size before relaxing)
 .stab          0x00000000000074a0      0x888 /tmp/ccfuBeJi.o
                                        0xb40 (size before relaxing)
 .stab          0x0000000000007d28      0x8d0 /tmp/cc1mivI5.o
                                        0xd14 (size before relaxing)
 .stab          0x00000000000085f8     0x15cc /tmp/ccd8dv1K.o
                                       0x1a28 (size before relaxing)
 .stab          0x0000000000009bc4      0x408 /tmp/ccNWmEbz.o
                                        0x828 (size before relaxing)

.stabstr        0x0000000000000000     0x3a89
 *(.stabstr)
 .stabstr       0x0000000000000000     0x3a89 main.o

.stab.excl
 *(.stab.excl)

.stab.exclstr
 *(.stab.exclstr)

.stab.index
 *(.stab.index)

.stab.indexstr
 *(.stab.indexstr)

.comment        0x0000000000000000       0x11
 *(.comment)
 .comment       0x0000000000000000       0x11 main.o
                                         0x12 (size before relaxing)
 .comment       0x0000000000000011       0x12 /tmp/ccjqzWim.o
 .comment       0x0000000000000011       0x12 /tmp/ccF4ulV3.o
 .comment       0x0000000000000011       0x12 /tmp/ccldHXGx.o
 .comment       0x0000000000000011       0x12 /tmp/ccC8jOCO.o
 .comment       0x0000000000000011       0x12 /tmp/ccD21m4C.o
 .comment       0x0000000000000011       0x12 /tmp/cc4hz1Ir.o
 .comment       0x0000000000000011       0x12 /tmp/ccmYmfOf.o
 .comment       0x0000000000000011       0x12 /tmp/ccdeqM8b.o
 .comment       0x0000000000000011       0x12 /tmp/ccfuBeJi.o
 .comment       0x0000000000000011       0x12 /tmp/cc1mivI5.o
 .comment       0x0000000000000011       0x12 /tmp/ccd8dv1K.o
 .comment       0x0000000000000011       0x12 /tmp/ccNWmEbz.o
 .comment       0x0000000000000011       0x12 /usr/lib/gcc/avr/7.3.0/../../../avr/lib/avr5/libc.a(malloc.o)

.note.gnu.avr.deviceinfo
                0x0000000000000000       0x40
 .note.gnu.avr.deviceinfo
                0x0000000000000000       0x40 /usr/lib/gcc/avr/7.3.0/../../../avr/lib/avr5/crtatmega328p.o

.avr.prop       0x0000000000000000       0x2c
 .avr.prop      0x0000000000000000       0x16 /tmp/ccmYmfOf.o
 .avr.prop      0x0000000000000016       0x16 /tmp/ccd8dv1K.o

.note.gnu.build-id
 *(.note.gnu.build-id)

.debug
 *(.debug)

.line
 *(.line)

.debug_srcinfo
 *(.debug_srcinfo)

.debug_sfnames
 *(.debug_sfnames)

.debug_aranges
 *(.debug_aranges)

.debug_pubnames
 *(.debug_pubnames)

.debug_info     0x0000000000000000      0x5f4
 *(.debug_info .gnu.linkonce.wi.*)
 .debug_info    0x0000000000000000      0x5f4 /usr/lib/gcc/avr/7.3.0/../../../avr/lib/avr5/crtatmega328p.o

.debug_abbrev   0x0000000000000000      0x5a2
 *(.debug_abbrev)
 .debug_abbrev  0x0000000000000000      0x5a2 /usr/lib/gcc/avr/7.3.0/../../../avr/lib/avr5/crtatmega328p.o

.debug_line     0x0000000000000000       0x1a
 *(.debug_line .debug_line.* .debug_line_end)
 .debug_line    0x0000000000000000       0x1a /usr/lib/gcc/avr/7.3.0/../../../avr/lib/avr5/crtatmega328p.o

.debug_frame
 *(.debug_frame)

.debug_str      0x0000000000000000      0x208
 *(.debug_str)
 .debug_str     0x0000000000000000      0x208 /usr/lib/gcc/avr/7.3.0/../../../avr/lib/avr5/crtatmega328p.o

.debug_loc
 *(.debug_loc)

.debug_macinfo
 *(.debug_macinfo)

.debug_weaknames
 *(.debug_weaknames)

.debug_funcnames
 *(.debug_funcnames)

.debug_typenames
 *(.debug_typenames)

.debug_varnames
 *(.debug_varnames)

.debug_pubtypes
 *(.debug_pubtypes)

.debug_ranges
 *(.debug_ranges)

.debug_macro
 *(.debug_macro)
OUTPUT(main.elf elf32-avr)
LOAD linker stubs
