Archive member included to satisfy reference by file (symbol)

/usr/lib/gcc/avr/7.3.0/avr5/libgcc.a(_divmodhi4.o)
                              /tmp/ccvlqWT4.o (__divmodhi4)
/usr/lib/gcc/avr/7.3.0/avr5/libgcc.a(_exit.o)
                              /usr/lib/gcc/avr/7.3.0/../../../avr/lib/avr5/crtatmega328p.o (exit)
/usr/lib/gcc/avr/7.3.0/avr5/libgcc.a(_tablejump2.o)
                              /tmp/cc274UUQ.o (__tablejump2__)
/usr/lib/gcc/avr/7.3.0/avr5/libgcc.a(_copy_data.o)
                              /tmp/ccvlqWT4.o (__do_copy_data)
/usr/lib/gcc/avr/7.3.0/avr5/libgcc.a(_clear_bss.o)
                              main.o (__do_clear_bss)
/usr/lib/gcc/avr/7.3.0/avr5/libgcc.a(_muluhisi3.o)
                              /tmp/ccbl5Hfe.o (__muluhisi3)
/usr/lib/gcc/avr/7.3.0/avr5/libgcc.a(_udivmodhi4.o)
                              /usr/lib/gcc/avr/7.3.0/avr5/libgcc.a(_divmodhi4.o) (__udivmodhi4)
/usr/lib/gcc/avr/7.3.0/avr5/libgcc.a(_umulhisi3.o)
                              /usr/lib/gcc/avr/7.3.0/avr5/libgcc.a(_muluhisi3.o) (__umulhisi3)
/usr/lib/gcc/avr/7.3.0/../../../avr/lib/avr5/libm.a(addsf3.o)
                              /tmp/ccYgSGqV.o (__addsf3)
/usr/lib/gcc/avr/7.3.0/../../../avr/lib/avr5/libm.a(addsf3x.o)
                              /usr/lib/gcc/avr/7.3.0/../../../avr/lib/avr5/libm.a(addsf3.o) (__addsf3x)
/usr/lib/gcc/avr/7.3.0/../../../avr/lib/avr5/libm.a(cmpsf2.o)
                              /tmp/ccvlqWT4.o (__ltsf2)
/usr/lib/gcc/avr/7.3.0/../../../avr/lib/avr5/libm.a(fixsfsi.o)
                              /tmp/ccvlqWT4.o (__fixsfsi)
/usr/lib/gcc/avr/7.3.0/../../../avr/lib/avr5/libm.a(fixunssfsi.o)
                              /usr/lib/gcc/avr/7.3.0/../../../avr/lib/avr5/libm.a(fixsfsi.o) (__fixunssfsi)
/usr/lib/gcc/avr/7.3.0/../../../avr/lib/avr5/libm.a(floatsisf.o)
                              /tmp/ccYgSGqV.o (__floatunsisf)
/usr/lib/gcc/avr/7.3.0/../../../avr/lib/avr5/libm.a(fp_cmp.o)
                              /usr/lib/gcc/avr/7.3.0/../../../avr/lib/avr5/libm.a(cmpsf2.o) (__fp_cmp)
/usr/lib/gcc/avr/7.3.0/../../../avr/lib/avr5/libm.a(fp_inf.o)
                              /usr/lib/gcc/avr/7.3.0/../../../avr/lib/avr5/libm.a(addsf3x.o) (__fp_inf)
/usr/lib/gcc/avr/7.3.0/../../../avr/lib/avr5/libm.a(fp_nan.o)
                              /usr/lib/gcc/avr/7.3.0/../../../avr/lib/avr5/libm.a(addsf3x.o) (__fp_nan)
/usr/lib/gcc/avr/7.3.0/../../../avr/lib/avr5/libm.a(fp_pscA.o)
                              /usr/lib/gcc/avr/7.3.0/../../../avr/lib/avr5/libm.a(addsf3x.o) (__fp_pscA)
/usr/lib/gcc/avr/7.3.0/../../../avr/lib/avr5/libm.a(fp_pscB.o)
                              /usr/lib/gcc/avr/7.3.0/../../../avr/lib/avr5/libm.a(addsf3x.o) (__fp_pscB)
/usr/lib/gcc/avr/7.3.0/../../../avr/lib/avr5/libm.a(fp_round.o)
                              /usr/lib/gcc/avr/7.3.0/../../../avr/lib/avr5/libm.a(addsf3.o) (__fp_round)
/usr/lib/gcc/avr/7.3.0/../../../avr/lib/avr5/libm.a(fp_split3.o)
                              /usr/lib/gcc/avr/7.3.0/../../../avr/lib/avr5/libm.a(addsf3x.o) (__fp_split3)
/usr/lib/gcc/avr/7.3.0/../../../avr/lib/avr5/libm.a(fp_zero.o)
                              /usr/lib/gcc/avr/7.3.0/../../../avr/lib/avr5/libm.a(addsf3x.o) (__fp_zero)
/usr/lib/gcc/avr/7.3.0/../../../avr/lib/avr5/libm.a(gesf2.o)
                              /tmp/ccvlqWT4.o (__gtsf2)
/usr/lib/gcc/avr/7.3.0/../../../avr/lib/avr5/libm.a(mulsf3.o)
                              /tmp/ccvlqWT4.o (__mulsf3)
/usr/lib/gcc/avr/7.3.0/../../../avr/lib/avr5/libm.a(mulsf3x.o)
                              /usr/lib/gcc/avr/7.3.0/../../../avr/lib/avr5/libm.a(mulsf3.o) (__mulsf3x)
/usr/lib/gcc/avr/7.3.0/../../../avr/lib/avr5/libc.a(malloc.o)
                              /tmp/ccUOOx4F.o (malloc)
/usr/lib/gcc/avr/7.3.0/../../../avr/lib/avr5/libatmega328p.a(eerd_block.o)
                              /tmp/ccwhx3BI.o (eeprom_read_block)
/usr/lib/gcc/avr/7.3.0/../../../avr/lib/avr5/libatmega328p.a(eeupd_block.o)
                              /tmp/ccwhx3BI.o (eeprom_update_block)
/usr/lib/gcc/avr/7.3.0/../../../avr/lib/avr5/libatmega328p.a(eeupd_byte.o)
                              /usr/lib/gcc/avr/7.3.0/../../../avr/lib/avr5/libatmega328p.a(eeupd_block.o) (eeprom_update_r18)

Allocating common symbols
Common symbol       size              file

colon_pin           0x7               /tmp/ccvlqWT4.o
user_onRequest      0x2               /tmp/ccoxEfCL.o
colors              0x1b              main.o
plus_button         0x24              main.o
sensor_values       0x8               main.o
digit_pins          0x1c              /tmp/ccvlqWT4.o
note_sequence       0x2               /tmp/ccUOOx4F.o
display_data        0xe               /tmp/ccvlqWT4.o
flash_colon         0x1               /tmp/ccvlqWT4.o
prev_millis_flash   0x4               /tmp/ccvlqWT4.o
__brkval            0x2               /usr/lib/gcc/avr/7.3.0/../../../avr/lib/avr5/libc.a(malloc.o)
alarm_memory        0xf               main.o
alarm_settings      0x3               main.o
led                 0x18              main.o
read_rtc            0x1               main.o
minus_button        0x24              main.o
segment_pins        0x38              /tmp/ccvlqWT4.o
rxBuffer            0x20              /tmp/ccoxEfCL.o
txBuffer            0x20              /tmp/ccoxEfCL.o
prev_minus_btn_callback
                    0x2               main.o
flash_digits_minutes
                    0x1               /tmp/ccvlqWT4.o
ALARM_OFF_DISPLAY_VALUE
                    0x4               main.o
fsm_variables       0x13              main.o
adjust_button       0x24              main.o
_tm                 0x11              /tmp/ccNQJ7DO.o
__DHT_STATUS        0x2               /tmp/ccYgSGqV.o
prev_plus_btn_callback
                    0x2               main.o
flash_all_digits    0x1               /tmp/ccvlqWT4.o
__flp               0x2               /usr/lib/gcc/avr/7.3.0/../../../avr/lib/avr5/libc.a(malloc.o)
clock_time          0x2               main.o
is_playing          0x1               /tmp/ccUOOx4F.o
t_millis            0x4               main.o
user_onReceive      0x2               /tmp/ccoxEfCL.o
flash_digits_hours  0x1               /tmp/ccvlqWT4.o
prev_adjust_btn_callback
                    0x2               main.o
prev_millis_read_rtc
                    0x4               main.o
millis              0x4               /tmp/ccbl5Hfe.o

Memory Configuration

Name             Origin             Length             Attributes
text             0x0000000000000000 0x0000000000008000 xr
data             0x0000000000800100 0x0000000000000800 rw !x
eeprom           0x0000000000810000 0x0000000000000400 rw !x
fuse             0x0000000000820000 0x0000000000000003 rw !x
lock             0x0000000000830000 0x0000000000000400 rw !x
signature        0x0000000000840000 0x0000000000000400 rw !x
user_signatures  0x0000000000850000 0x0000000000000400 rw !x
*default*        0x0000000000000000 0xffffffffffffffff

Linker script and memory map

Address of section .data set to 0x800100
LOAD /usr/lib/gcc/avr/7.3.0/../../../avr/lib/avr5/crtatmega328p.o
LOAD main.o
LOAD /tmp/ccbl5Hfe.o
LOAD /tmp/ccwQRdIN.o
LOAD /tmp/cc2XvNe2.o
LOAD /tmp/ccvlqWT4.o
LOAD /tmp/ccNQJ7DO.o
LOAD /tmp/ccoxEfCL.o
LOAD /tmp/cc274UUQ.o
LOAD /tmp/ccYgSGqV.o
LOAD /tmp/ccUOOx4F.o
LOAD /tmp/ccmU6jS6.o
LOAD /tmp/ccwhx3BI.o
LOAD /tmp/ccnylsHk.o
LOAD /tmp/ccjuX6So.o
START GROUP
LOAD /usr/lib/gcc/avr/7.3.0/avr5/libgcc.a
LOAD /usr/lib/gcc/avr/7.3.0/../../../avr/lib/avr5/libm.a
LOAD /usr/lib/gcc/avr/7.3.0/../../../avr/lib/avr5/libc.a
LOAD /usr/lib/gcc/avr/7.3.0/../../../avr/lib/avr5/libatmega328p.a
END GROUP
                0x0000000000000000                __TEXT_REGION_ORIGIN__ = DEFINED (__TEXT_REGION_ORIGIN__)?__TEXT_REGION_ORIGIN__:0x0
                [0x0000000000800100]                __DATA_REGION_ORIGIN__ = DEFINED (__DATA_REGION_ORIGIN__)?__DATA_REGION_ORIGIN__:0x800060
                [0x0000000000008000]                __TEXT_REGION_LENGTH__ = DEFINED (__TEXT_REGION_LENGTH__)?__TEXT_REGION_LENGTH__:0x20000
                [0x0000000000000800]                __DATA_REGION_LENGTH__ = DEFINED (__DATA_REGION_LENGTH__)?__DATA_REGION_LENGTH__:0xffa0
                [0x0000000000000400]                __EEPROM_REGION_LENGTH__ = DEFINED (__EEPROM_REGION_LENGTH__)?__EEPROM_REGION_LENGTH__:0x10000
                [0x0000000000000003]                __FUSE_REGION_LENGTH__ = DEFINED (__FUSE_REGION_LENGTH__)?__FUSE_REGION_LENGTH__:0x400
                0x0000000000000400                __LOCK_REGION_LENGTH__ = DEFINED (__LOCK_REGION_LENGTH__)?__LOCK_REGION_LENGTH__:0x400
                0x0000000000000400                __SIGNATURE_REGION_LENGTH__ = DEFINED (__SIGNATURE_REGION_LENGTH__)?__SIGNATURE_REGION_LENGTH__:0x400
                0x0000000000000400                __USER_SIGNATURE_REGION_LENGTH__ = DEFINED (__USER_SIGNATURE_REGION_LENGTH__)?__USER_SIGNATURE_REGION_LENGTH__:0x400

.hash
 *(.hash)

.dynsym
 *(.dynsym)

.dynstr
 *(.dynstr)

.gnu.version
 *(.gnu.version)

.gnu.version_d
 *(.gnu.version_d)

.gnu.version_r
 *(.gnu.version_r)

.rel.init
 *(.rel.init)

.rela.init
 *(.rela.init)

.rel.text
 *(.rel.text)
 *(.rel.text.*)
 *(.rel.gnu.linkonce.t*)

.rela.text
 *(.rela.text)
 *(.rela.text.*)
 *(.rela.gnu.linkonce.t*)

.rel.fini
 *(.rel.fini)

.rela.fini
 *(.rela.fini)

.rel.rodata
 *(.rel.rodata)
 *(.rel.rodata.*)
 *(.rel.gnu.linkonce.r*)

.rela.rodata
 *(.rela.rodata)
 *(.rela.rodata.*)
 *(.rela.gnu.linkonce.r*)

.rel.data
 *(.rel.data)
 *(.rel.data.*)
 *(.rel.gnu.linkonce.d*)

.rela.data
 *(.rela.data)
 *(.rela.data.*)
 *(.rela.gnu.linkonce.d*)

.rel.ctors
 *(.rel.ctors)

.rela.ctors
 *(.rela.ctors)

.rel.dtors
 *(.rel.dtors)

.rela.dtors
 *(.rela.dtors)

.rel.got
 *(.rel.got)

.rela.got
 *(.rela.got)

.rel.bss
 *(.rel.bss)

.rela.bss
 *(.rela.bss)

.rel.plt
 *(.rel.plt)

.rela.plt
 *(.rela.plt)

.text           0x0000000000000000     0x430a
 *(.vectors)
 .vectors       0x0000000000000000       0x68 /usr/lib/gcc/avr/7.3.0/../../../avr/lib/avr5/crtatmega328p.o
                0x0000000000000000                __vectors
                0x0000000000000000                __vector_default
 *(.vectors)
 *(.progmem.gcc*)
                0x0000000000000068                . = ALIGN (0x2)
                0x0000000000000068                __trampolines_start = .
 *(.trampolines)
 .trampolines   0x0000000000000068        0x0 linker stubs
 *(.trampolines*)
                0x0000000000000068                __trampolines_end = .
 *libprintf_flt.a:*(.progmem.data)
 *libc.a:*(.progmem.data)
 *(.progmem*)
                0x0000000000000068                . = ALIGN (0x2)
 *(.jumptables)
 *(.jumptables*)
 *(.lowtext)
 *(.lowtext*)
                0x0000000000000068                __ctors_start = .
 *(.ctors)
                0x0000000000000068                __ctors_end = .
                0x0000000000000068                __dtors_start = .
 *(.dtors)
                0x0000000000000068                __dtors_end = .
 SORT(*)(.ctors)
 SORT(*)(.dtors)
 *(.init0)
 .init0         0x0000000000000068        0x0 /usr/lib/gcc/avr/7.3.0/../../../avr/lib/avr5/crtatmega328p.o
                0x0000000000000068                __init
 *(.init0)
 *(.init1)
 *(.init1)
 *(.init2)
 .init2         0x0000000000000068        0xc /usr/lib/gcc/avr/7.3.0/../../../avr/lib/avr5/crtatmega328p.o
 *(.init2)
 *(.init3)
 *(.init3)
 *(.init4)
 .init4         0x0000000000000074       0x16 /usr/lib/gcc/avr/7.3.0/avr5/libgcc.a(_copy_data.o)
                0x0000000000000074                __do_copy_data
 .init4         0x000000000000008a       0x10 /usr/lib/gcc/avr/7.3.0/avr5/libgcc.a(_clear_bss.o)
                0x000000000000008a                __do_clear_bss
 *(.init4)
 *(.init5)
 *(.init5)
 *(.init6)
 *(.init6)
 *(.init7)
 *(.init7)
 *(.init8)
 *(.init8)
 *(.init9)
 .init9         0x000000000000009a        0x8 /usr/lib/gcc/avr/7.3.0/../../../avr/lib/avr5/crtatmega328p.o
 *(.init9)
 *(.text)
 .text          0x00000000000000a2        0x4 /usr/lib/gcc/avr/7.3.0/../../../avr/lib/avr5/crtatmega328p.o
                0x00000000000000a2                __vector_22
                0x00000000000000a2                __vector_1
                0x00000000000000a2                __vector_12
                0x00000000000000a2                __bad_interrupt
                0x00000000000000a2                __vector_6
                0x00000000000000a2                __vector_3
                0x00000000000000a2                __vector_23
                0x00000000000000a2                __vector_25
                0x00000000000000a2                __vector_11
                0x00000000000000a2                __vector_13
                0x00000000000000a2                __vector_17
                0x00000000000000a2                __vector_19
                0x00000000000000a2                __vector_7
                0x00000000000000a2                __vector_5
                0x00000000000000a2                __vector_4
                0x00000000000000a2                __vector_9
                0x00000000000000a2                __vector_2
                0x00000000000000a2                __vector_21
                0x00000000000000a2                __vector_15
                0x00000000000000a2                __vector_8
                0x00000000000000a2                __vector_10
                0x00000000000000a2                __vector_16
                0x00000000000000a2                __vector_18
                0x00000000000000a2                __vector_20
 .text          0x00000000000000a6       0x50 main.o
                0x00000000000000a6                __vector_14
 .text          0x00000000000000f6       0xcc /tmp/ccbl5Hfe.o
                0x00000000000000f6                millis_timer_ISR_loop
                0x000000000000011e                millis_timer_init
                0x0000000000000152                get_millis
                0x000000000000016a                get_micros
 .text          0x00000000000001c2      0x158 /tmp/ccwQRdIN.o
                0x00000000000001c2                gpio_set_pin_output
                0x00000000000001e4                gpio_set_pin_input
                0x0000000000000206                gpio_set_pin_input_pullup
                0x000000000000023a                gpio_toggle_pin_mode
                0x000000000000025c                gpio_read_pin
                0x0000000000000280                gpio_set_pin_val
                0x00000000000002ae                gpio_set_pin_high
                0x00000000000002d2                gpio_set_pin_low
                0x00000000000002f6                gpio_toggle_pin_output
 .text          0x000000000000031a      0x2a8 /tmp/cc2XvNe2.o
                0x000000000000031a                button_setup
                0x0000000000000352                button_set_debounce_ms
                0x000000000000035a                button_set_click_ms
                0x0000000000000362                button_set_press_ms
                0x000000000000036a                button_attach_single_click
                0x0000000000000372                button_get_single_click_action
                0x000000000000037a                button_attach_double_click
                0x0000000000000382                button_get_double_click_action
                0x000000000000038a                button_attach_long_press
                0x0000000000000392                button_get_long_press_action
                0x000000000000039a                button_debounce
                0x0000000000000410                _newState
                0x000000000000042c                button_reset
                0x000000000000044a                button_fsm
                0x00000000000005ac                button_loop
 .text          0x00000000000005c2      0x7c6 /tmp/ccvlqWT4.o
                0x00000000000005c2                seven_segment_init
                0x0000000000000686                seven_segment_loop_isr
                0x0000000000000706                seven_segment_clear_all
                0x000000000000071e                seven_segment_set_all
                0x000000000000073a                seven_segment_write_byte_to_digit
                0x0000000000000772                seven_segment_write_bytes
                0x0000000000000796                seven_segment_write_digit_val_to_digit
                0x00000000000007a4                seven_segment_write_digit_vals
                0x00000000000007d0                seven_segment_set_colon
                0x00000000000007d6                seven_segment_set_decimal_point
                0x00000000000007ee                seven_segment_flashing_loop
                0x00000000000008fc                seven_segment_flash_colon
                0x0000000000000902                seven_segment_flash_digits_minutes
                0x0000000000000908                seven_segment_flash_digits_hours
                0x000000000000090e                seven_segment_flash_all_digits
                0x0000000000000914                seven_segment_show_hour_minute
                0x00000000000009b6                seven_segment_show_month_day
                0x0000000000000a94                seven_segment_show_year
                0x0000000000000b3c                seven_segment_show_temperature
                0x0000000000000c8c                seven_segment_show_humidity
 .text          0x0000000000000d88      0xb86 /tmp/ccNQJ7DO.o
                0x0000000000000d88                dec2bcd
                0x0000000000000dac                bcd2dec
                0x0000000000000dc2                rtc_read_byte
                0x0000000000000de4                rtc_write_byte
                0x0000000000000e06                rtc_init
                0x0000000000000e64                rtc_is_ds1307
                0x0000000000000e6a                rtc_is_ds3231
                0x0000000000000e70                rtc_set_ds1307
                0x0000000000000e7c                rtc_set_ds3231
                0x0000000000000e88                rtc_get_time
                0x0000000000001028                rtc_get_time_s
                0x0000000000001116                rtc_set_time
                0x000000000000128a                rtc_set_time_s
                0x0000000000001322                rtc_run_clock
                0x0000000000001350                rtc_is_clock_running
                0x0000000000001366                ds3231_get_temp_int
                0x00000000000013dc                rtc_force_temp_conversion
                0x000000000000144c                rtc_get_sram_byte
                0x0000000000001470                rtc_get_sram
                0x0000000000001494                rtc_set_sram_byte
                0x00000000000014b8                rtc_set_sram
                0x00000000000014dc                rtc_SQW_enable
                0x000000000000156e                rtc_SQW_set_freq
                0x00000000000015ee                rtc_osc32kHz_enable
                0x0000000000001640                rtc_reset_alarm
                0x0000000000001680                rtc_set_alarm_s
                0x000000000000176a                rtc_set_alarm
                0x000000000000177c                rtc_get_alarm_s
                0x0000000000001836                rtc_get_alarm
                0x0000000000001880                rtc_check_alarm
 .text          0x000000000000190e      0x1f8 /tmp/ccoxEfCL.o
                0x000000000000190e                onReceiveService
                0x0000000000001970                onRequestService
                0x0000000000001988                twi_init_master
                0x000000000000199c                twi_init_slave
                0x00000000000019c4                twi_request_from
                0x00000000000019de                twi_begin_transmission
                0x00000000000019f2                twi_end_transmission
                0x0000000000001a12                twi_send_byte
                0x0000000000001a6a                twi_send
                0x0000000000001ab0                twi_send_char
                0x0000000000001ac4                twi_available
                0x0000000000001ad0                twi_receive
                0x0000000000001af2                twi_set_on_receive
                0x0000000000001afc                twi_set_on_request
 .text          0x0000000000001b06      0x576 /tmp/cc274UUQ.o
                0x0000000000001b06                twi_init
                0x0000000000001b2c                twi_setAddress
                0x0000000000001b34                twi_readFrom
                0x0000000000001ba0                twi_writeTo
                0x0000000000001c28                twi_transmit
                0x0000000000001c62                twi_attachSlaveRxEvent
                0x0000000000001c6c                twi_attachSlaveTxEvent
                0x0000000000001c76                twi_reply
                0x0000000000001c8a                twi_stop
                0x0000000000001c9e                twi_releaseBus
                0x0000000000001caa                __vector_24
 .text          0x000000000000207c      0x33c /tmp/ccYgSGqV.o
                0x000000000000207c                DHT_Setup
                0x0000000000002098                DHT_GetStatus
                0x00000000000020a2                DHT_ReadRaw
                0x0000000000002276                DHT_Read
                0x000000000000237e                DHT_GetTemperature
                0x0000000000002386                DHT_GetHumidity
                0x0000000000002390                DHT_CelsiusToFahrenheit
                0x00000000000023aa                DHT_CelsiusToKelvin
 .text          0x00000000000023b8      0x312 /tmp/ccUOOx4F.o
                0x00000000000023b8                piezo_init
                0x0000000000002408                piezo_clear_all_notes
                0x0000000000002412                piezo_add_note
                0x000000000000245c                piezo_play_cur_note
                0x00000000000024a8                piezo_loop_ISR
                0x0000000000002662                piezo_play_sequence
                0x0000000000002694                piezo_off
                0x00000000000026a8                piezo_stop_sequence
                0x00000000000026c4                piezo_is_playing
 .text          0x00000000000026ca      0x1c2 /tmp/ccmU6jS6.o
                0x00000000000026ca                ws2812_setleds
                0x000000000000272a                ws2812_setleds_pin
                0x0000000000002792                ws2812_setleds_rgbw
                0x00000000000027f0                ws2812_sendarray
                0x000000000000283a                ws2812_sendarray_mask
 .text          0x000000000000288c      0x250 /tmp/ccwhx3BI.o
                0x00000000000028c0                dismiss_alarm
                0x00000000000028d4                trim_alarm_values
                0x00000000000028ee                compute_alarm_time
                0x000000000000295a                load_alarm_settings
                0x0000000000002986                update_alarm_settings
                0x00000000000029b2                set_alarm_dismiss_button_callbacks
                0x0000000000002a0c                restore_button_callbacks
                0x0000000000002a1a                alarm_loop
 .text          0x0000000000002adc      0x9e8 /tmp/ccnylsHk.o
                0x0000000000002adc                increment_hour
                0x0000000000002afc                decrement_hour
                0x0000000000002b20                increment_minute
                0x0000000000002b40                decrement_minute
                0x0000000000002b64                toggle_alarm_on_off
                0x0000000000002b74                increment_alarm_hour
                0x0000000000002b8a                decrement_alarm_hour
                0x0000000000002ba2                increment_alarm_min
                0x0000000000002bb8                decrement_alarm_min
                0x0000000000002bd0                increment_month
                0x0000000000002bf4                decrement_month
                0x0000000000002c18                increment_day
                0x0000000000002c3c                decrement_day
                0x0000000000002c60                increment_year
                0x0000000000002c86                decrement_year
                0x0000000000002cac                toggle_mood_light
                0x0000000000002d12                new_state_start
                0x0000000000002d36                increment_main_state
                0x0000000000002d70                decrement_main_state
                0x0000000000002dae                swap_hour_min_state
                0x0000000000002dfa                swap_alarm_state
                0x0000000000002e28                swap_month_day_state
                0x0000000000002e6e                swap_year_state
                0x0000000000002eb2                swap_testing_state
                0x0000000000002edc                swap_temperature_state
                0x0000000000002f06                swap_humidity_state
                0x0000000000002f30                fsm_loop
 .text          0x00000000000034c4      0x534 /tmp/ccjuX6So.o
                0x00000000000034c4                load_alarm_notes
 .text          0x00000000000039f8        0x0 /usr/lib/gcc/avr/7.3.0/avr5/libgcc.a(_divmodhi4.o)
 .text          0x00000000000039f8        0x0 /usr/lib/gcc/avr/7.3.0/avr5/libgcc.a(_exit.o)
 .text          0x00000000000039f8        0x0 /usr/lib/gcc/avr/7.3.0/avr5/libgcc.a(_tablejump2.o)
 .text          0x00000000000039f8        0x0 /usr/lib/gcc/avr/7.3.0/avr5/libgcc.a(_copy_data.o)
 .text          0x00000000000039f8        0x0 /usr/lib/gcc/avr/7.3.0/avr5/libgcc.a(_clear_bss.o)
 .text          0x00000000000039f8        0x0 /usr/lib/gcc/avr/7.3.0/avr5/libgcc.a(_muluhisi3.o)
 .text          0x00000000000039f8        0x0 /usr/lib/gcc/avr/7.3.0/avr5/libgcc.a(_udivmodhi4.o)
 .text          0x00000000000039f8        0x0 /usr/lib/gcc/avr/7.3.0/avr5/libgcc.a(_umulhisi3.o)
 .text          0x00000000000039f8        0x0 /usr/lib/gcc/avr/7.3.0/../../../avr/lib/avr5/libm.a(addsf3.o)
 .text          0x00000000000039f8        0x0 /usr/lib/gcc/avr/7.3.0/../../../avr/lib/avr5/libm.a(addsf3x.o)
 .text          0x00000000000039f8        0x0 /usr/lib/gcc/avr/7.3.0/../../../avr/lib/avr5/libm.a(cmpsf2.o)
 .text          0x00000000000039f8        0x0 /usr/lib/gcc/avr/7.3.0/../../../avr/lib/avr5/libm.a(fixsfsi.o)
 .text          0x00000000000039f8        0x0 /usr/lib/gcc/avr/7.3.0/../../../avr/lib/avr5/libm.a(fixunssfsi.o)
 .text          0x00000000000039f8        0x0 /usr/lib/gcc/avr/7.3.0/../../../avr/lib/avr5/libm.a(floatsisf.o)
 .text          0x00000000000039f8        0x0 /usr/lib/gcc/avr/7.3.0/../../../avr/lib/avr5/libm.a(fp_cmp.o)
 .text          0x00000000000039f8        0x0 /usr/lib/gcc/avr/7.3.0/../../../avr/lib/avr5/libm.a(fp_inf.o)
 .text          0x00000000000039f8        0x0 /usr/lib/gcc/avr/7.3.0/../../../avr/lib/avr5/libm.a(fp_nan.o)
 .text          0x00000000000039f8        0x0 /usr/lib/gcc/avr/7.3.0/../../../avr/lib/avr5/libm.a(fp_pscA.o)
 .text          0x00000000000039f8        0x0 /usr/lib/gcc/avr/7.3.0/../../../avr/lib/avr5/libm.a(fp_pscB.o)
 .text          0x00000000000039f8        0x0 /usr/lib/gcc/avr/7.3.0/../../../avr/lib/avr5/libm.a(fp_round.o)
 .text          0x00000000000039f8        0x0 /usr/lib/gcc/avr/7.3.0/../../../avr/lib/avr5/libm.a(fp_split3.o)
 .text          0x00000000000039f8        0x0 /usr/lib/gcc/avr/7.3.0/../../../avr/lib/avr5/libm.a(fp_zero.o)
 .text          0x00000000000039f8        0x0 /usr/lib/gcc/avr/7.3.0/../../../avr/lib/avr5/libm.a(gesf2.o)
 .text          0x00000000000039f8        0x0 /usr/lib/gcc/avr/7.3.0/../../../avr/lib/avr5/libm.a(mulsf3.o)
 .text          0x00000000000039f8        0x0 /usr/lib/gcc/avr/7.3.0/../../../avr/lib/avr5/libm.a(mulsf3x.o)
 .text          0x00000000000039f8        0x0 /usr/lib/gcc/avr/7.3.0/../../../avr/lib/avr5/libc.a(malloc.o)
 .text          0x00000000000039f8        0x0 /usr/lib/gcc/avr/7.3.0/../../../avr/lib/avr5/libatmega328p.a(eerd_block.o)
 .text          0x00000000000039f8        0x0 /usr/lib/gcc/avr/7.3.0/../../../avr/lib/avr5/libatmega328p.a(eeupd_block.o)
 .text          0x00000000000039f8        0x0 /usr/lib/gcc/avr/7.3.0/../../../avr/lib/avr5/libatmega328p.a(eeupd_byte.o)
                0x00000000000039f8                . = ALIGN (0x2)
 *(.text.*)
 .text.startup  0x00000000000039f8      0x238 main.o
                0x00000000000039f8                main
 .text.libgcc.mul
                0x0000000000003c30        0x0 /usr/lib/gcc/avr/7.3.0/avr5/libgcc.a(_divmodhi4.o)
 .text.libgcc.div
                0x0000000000003c30       0x28 /usr/lib/gcc/avr/7.3.0/avr5/libgcc.a(_divmodhi4.o)
                0x0000000000003c30                __divmodhi4
                0x0000000000003c30                _div
 .text.libgcc   0x0000000000003c58        0x0 /usr/lib/gcc/avr/7.3.0/avr5/libgcc.a(_divmodhi4.o)
 .text.libgcc.prologue
                0x0000000000003c58        0x0 /usr/lib/gcc/avr/7.3.0/avr5/libgcc.a(_divmodhi4.o)
 .text.libgcc.builtins
                0x0000000000003c58        0x0 /usr/lib/gcc/avr/7.3.0/avr5/libgcc.a(_divmodhi4.o)
 .text.libgcc.fmul
                0x0000000000003c58        0x0 /usr/lib/gcc/avr/7.3.0/avr5/libgcc.a(_divmodhi4.o)
 .text.libgcc.fixed
                0x0000000000003c58        0x0 /usr/lib/gcc/avr/7.3.0/avr5/libgcc.a(_divmodhi4.o)
 .text.libgcc.mul
                0x0000000000003c58        0x0 /usr/lib/gcc/avr/7.3.0/avr5/libgcc.a(_exit.o)
 .text.libgcc.div
                0x0000000000003c58        0x0 /usr/lib/gcc/avr/7.3.0/avr5/libgcc.a(_exit.o)
 .text.libgcc   0x0000000000003c58        0x0 /usr/lib/gcc/avr/7.3.0/avr5/libgcc.a(_exit.o)
 .text.libgcc.prologue
                0x0000000000003c58        0x0 /usr/lib/gcc/avr/7.3.0/avr5/libgcc.a(_exit.o)
 .text.libgcc.builtins
                0x0000000000003c58        0x0 /usr/lib/gcc/avr/7.3.0/avr5/libgcc.a(_exit.o)
 .text.libgcc.fmul
                0x0000000000003c58        0x0 /usr/lib/gcc/avr/7.3.0/avr5/libgcc.a(_exit.o)
 .text.libgcc.fixed
                0x0000000000003c58        0x0 /usr/lib/gcc/avr/7.3.0/avr5/libgcc.a(_exit.o)
 .text.libgcc.mul
                0x0000000000003c58        0x0 /usr/lib/gcc/avr/7.3.0/avr5/libgcc.a(_tablejump2.o)
 .text.libgcc.div
                0x0000000000003c58        0x0 /usr/lib/gcc/avr/7.3.0/avr5/libgcc.a(_tablejump2.o)
 .text.libgcc   0x0000000000003c58        0xc /usr/lib/gcc/avr/7.3.0/avr5/libgcc.a(_tablejump2.o)
                0x0000000000003c58                __tablejump2__
 .text.libgcc.prologue
                0x0000000000003c64        0x0 /usr/lib/gcc/avr/7.3.0/avr5/libgcc.a(_tablejump2.o)
 .text.libgcc.builtins
                0x0000000000003c64        0x0 /usr/lib/gcc/avr/7.3.0/avr5/libgcc.a(_tablejump2.o)
 .text.libgcc.fmul
                0x0000000000003c64        0x0 /usr/lib/gcc/avr/7.3.0/avr5/libgcc.a(_tablejump2.o)
 .text.libgcc.fixed
                0x0000000000003c64        0x0 /usr/lib/gcc/avr/7.3.0/avr5/libgcc.a(_tablejump2.o)
 .text.libgcc.mul
                0x0000000000003c64        0x0 /usr/lib/gcc/avr/7.3.0/avr5/libgcc.a(_copy_data.o)
 .text.libgcc.div
                0x0000000000003c64        0x0 /usr/lib/gcc/avr/7.3.0/avr5/libgcc.a(_copy_data.o)
 .text.libgcc   0x0000000000003c64        0x0 /usr/lib/gcc/avr/7.3.0/avr5/libgcc.a(_copy_data.o)
 .text.libgcc.prologue
                0x0000000000003c64        0x0 /usr/lib/gcc/avr/7.3.0/avr5/libgcc.a(_copy_data.o)
 .text.libgcc.builtins
                0x0000000000003c64        0x0 /usr/lib/gcc/avr/7.3.0/avr5/libgcc.a(_copy_data.o)
 .text.libgcc.fmul
                0x0000000000003c64        0x0 /usr/lib/gcc/avr/7.3.0/avr5/libgcc.a(_copy_data.o)
 .text.libgcc.fixed
                0x0000000000003c64        0x0 /usr/lib/gcc/avr/7.3.0/avr5/libgcc.a(_copy_data.o)
 .text.libgcc.mul
                0x0000000000003c64        0x0 /usr/lib/gcc/avr/7.3.0/avr5/libgcc.a(_clear_bss.o)
 .text.libgcc.div
                0x0000000000003c64        0x0 /usr/lib/gcc/avr/7.3.0/avr5/libgcc.a(_clear_bss.o)
 .text.libgcc   0x0000000000003c64        0x0 /usr/lib/gcc/avr/7.3.0/avr5/libgcc.a(_clear_bss.o)
 .text.libgcc.prologue
                0x0000000000003c64        0x0 /usr/lib/gcc/avr/7.3.0/avr5/libgcc.a(_clear_bss.o)
 .text.libgcc.builtins
                0x0000000000003c64        0x0 /usr/lib/gcc/avr/7.3.0/avr5/libgcc.a(_clear_bss.o)
 .text.libgcc.fmul
                0x0000000000003c64        0x0 /usr/lib/gcc/avr/7.3.0/avr5/libgcc.a(_clear_bss.o)
 .text.libgcc.fixed
                0x0000000000003c64        0x0 /usr/lib/gcc/avr/7.3.0/avr5/libgcc.a(_clear_bss.o)
 .text.libgcc.mul
                0x0000000000003c64       0x16 /usr/lib/gcc/avr/7.3.0/avr5/libgcc.a(_muluhisi3.o)
                0x0000000000003c64                __muluhisi3
 .text.libgcc.div
                0x0000000000003c7a        0x0 /usr/lib/gcc/avr/7.3.0/avr5/libgcc.a(_muluhisi3.o)
 .text.libgcc   0x0000000000003c7a        0x0 /usr/lib/gcc/avr/7.3.0/avr5/libgcc.a(_muluhisi3.o)
 .text.libgcc.prologue
                0x0000000000003c7a        0x0 /usr/lib/gcc/avr/7.3.0/avr5/libgcc.a(_muluhisi3.o)
 .text.libgcc.builtins
                0x0000000000003c7a        0x0 /usr/lib/gcc/avr/7.3.0/avr5/libgcc.a(_muluhisi3.o)
 .text.libgcc.fmul
                0x0000000000003c7a        0x0 /usr/lib/gcc/avr/7.3.0/avr5/libgcc.a(_muluhisi3.o)
 .text.libgcc.fixed
                0x0000000000003c7a        0x0 /usr/lib/gcc/avr/7.3.0/avr5/libgcc.a(_muluhisi3.o)
 .text.libgcc.mul
                0x0000000000003c7a        0x0 /usr/lib/gcc/avr/7.3.0/avr5/libgcc.a(_udivmodhi4.o)
 .text.libgcc.div
                0x0000000000003c7a       0x28 /usr/lib/gcc/avr/7.3.0/avr5/libgcc.a(_udivmodhi4.o)
                0x0000000000003c7a                __udivmodhi4
 .text.libgcc   0x0000000000003ca2        0x0 /usr/lib/gcc/avr/7.3.0/avr5/libgcc.a(_udivmodhi4.o)
 .text.libgcc.prologue
                0x0000000000003ca2        0x0 /usr/lib/gcc/avr/7.3.0/avr5/libgcc.a(_udivmodhi4.o)
 .text.libgcc.builtins
                0x0000000000003ca2        0x0 /usr/lib/gcc/avr/7.3.0/avr5/libgcc.a(_udivmodhi4.o)
 .text.libgcc.fmul
                0x0000000000003ca2        0x0 /usr/lib/gcc/avr/7.3.0/avr5/libgcc.a(_udivmodhi4.o)
 .text.libgcc.fixed
                0x0000000000003ca2        0x0 /usr/lib/gcc/avr/7.3.0/avr5/libgcc.a(_udivmodhi4.o)
 .text.libgcc.mul
                0x0000000000003ca2       0x1e /usr/lib/gcc/avr/7.3.0/avr5/libgcc.a(_umulhisi3.o)
                0x0000000000003ca2                __umulhisi3
 .text.libgcc.div
                0x0000000000003cc0        0x0 /usr/lib/gcc/avr/7.3.0/avr5/libgcc.a(_umulhisi3.o)
 .text.libgcc   0x0000000000003cc0        0x0 /usr/lib/gcc/avr/7.3.0/avr5/libgcc.a(_umulhisi3.o)
 .text.libgcc.prologue
                0x0000000000003cc0        0x0 /usr/lib/gcc/avr/7.3.0/avr5/libgcc.a(_umulhisi3.o)
 .text.libgcc.builtins
                0x0000000000003cc0        0x0 /usr/lib/gcc/avr/7.3.0/avr5/libgcc.a(_umulhisi3.o)
 .text.libgcc.fmul
                0x0000000000003cc0        0x0 /usr/lib/gcc/avr/7.3.0/avr5/libgcc.a(_umulhisi3.o)
 .text.libgcc.fixed
                0x0000000000003cc0        0x0 /usr/lib/gcc/avr/7.3.0/avr5/libgcc.a(_umulhisi3.o)
 .text.avr-libc.fplib
                0x0000000000003cc0        0xe /usr/lib/gcc/avr/7.3.0/../../../avr/lib/avr5/libm.a(addsf3.o)
                0x0000000000003cc0                __subsf3
                0x0000000000003cc2                __addsf3
 .text.avr-libc.fplib
                0x0000000000003cce       0xcc /usr/lib/gcc/avr/7.3.0/../../../avr/lib/avr5/libm.a(addsf3x.o)
                0x0000000000003cf0                __addsf3x
 .text.avr-libc.fplib
                0x0000000000003d9a        0xa /usr/lib/gcc/avr/7.3.0/../../../avr/lib/avr5/libm.a(cmpsf2.o)
                0x0000000000003d9a                __lesf2
                0x0000000000003d9a                __nesf2
                0x0000000000003d9a                __eqsf2
                0x0000000000003d9a                __cmpsf2
                0x0000000000003d9a                __ltsf2
 .text.avr-libc.fplib
                0x0000000000003da4        0xe /usr/lib/gcc/avr/7.3.0/../../../avr/lib/avr5/libm.a(fixsfsi.o)
                0x0000000000003da4                __fixsfsi
 .text.avr-libc.fplib
                0x0000000000003db2       0x5e /usr/lib/gcc/avr/7.3.0/../../../avr/lib/avr5/libm.a(fixunssfsi.o)
                0x0000000000003db2                __fixunssfsi
 .text.avr-libc.fplib
                0x0000000000003e10       0x7a /usr/lib/gcc/avr/7.3.0/../../../avr/lib/avr5/libm.a(floatsisf.o)
                0x0000000000003e10                __floatunsisf
                0x0000000000003e14                __floatsisf
 .text.avr-libc.fplib
                0x0000000000003e8a       0x48 /usr/lib/gcc/avr/7.3.0/../../../avr/lib/avr5/libm.a(fp_cmp.o)
                0x0000000000003e8a                __fp_cmp
 .text.avr-libc.fplib
                0x0000000000003ed2        0xc /usr/lib/gcc/avr/7.3.0/../../../avr/lib/avr5/libm.a(fp_inf.o)
                0x0000000000003ed2                __fp_inf
 .text.avr-libc.fplib
                0x0000000000003ede        0x6 /usr/lib/gcc/avr/7.3.0/../../../avr/lib/avr5/libm.a(fp_nan.o)
                0x0000000000003ede                __fp_nan
 .text.avr-libc.fplib
                0x0000000000003ee4        0xe /usr/lib/gcc/avr/7.3.0/../../../avr/lib/avr5/libm.a(fp_pscA.o)
                0x0000000000003ee4                __fp_pscA
 .text.avr-libc.fplib
                0x0000000000003ef2        0xe /usr/lib/gcc/avr/7.3.0/../../../avr/lib/avr5/libm.a(fp_pscB.o)
                0x0000000000003ef2                __fp_pscB
 .text.avr-libc.fplib
                0x0000000000003f00       0x22 /usr/lib/gcc/avr/7.3.0/../../../avr/lib/avr5/libm.a(fp_round.o)
                0x0000000000003f00                __fp_round
 .text.avr-libc.fplib
                0x0000000000003f22       0x44 /usr/lib/gcc/avr/7.3.0/../../../avr/lib/avr5/libm.a(fp_split3.o)
                0x0000000000003f22                __fp_split3
                0x0000000000003f32                __fp_splitA
 .text.avr-libc.fplib
                0x0000000000003f66        0xe /usr/lib/gcc/avr/7.3.0/../../../avr/lib/avr5/libm.a(fp_zero.o)
                0x0000000000003f66                __fp_zero
                0x0000000000003f68                __fp_szero
 .text.avr-libc.fplib
                0x0000000000003f74        0xa /usr/lib/gcc/avr/7.3.0/../../../avr/lib/avr5/libm.a(gesf2.o)
                0x0000000000003f74                __gtsf2
                0x0000000000003f74                __gesf2
 .text.avr-libc.fplib
                0x0000000000003f7e        0x8 /usr/lib/gcc/avr/7.3.0/../../../avr/lib/avr5/libm.a(mulsf3.o)
                0x0000000000003f7e                __mulsf3
 .text.avr-libc.fplib
                0x0000000000003f86       0xd2 /usr/lib/gcc/avr/7.3.0/../../../avr/lib/avr5/libm.a(mulsf3x.o)
                0x0000000000003fa4                __mulsf3x
                0x0000000000003faa                __mulsf3_pse
 .text.avr-libc
                0x0000000000004058      0x24a /usr/lib/gcc/avr/7.3.0/../../../avr/lib/avr5/libc.a(malloc.o)
                0x0000000000004058                malloc
                0x0000000000004190                free
 .text.avr-libc
                0x00000000000042a2       0x20 /usr/lib/gcc/avr/7.3.0/../../../avr/lib/avr5/libatmega328p.a(eerd_block.o)
                0x00000000000042a2                eeprom_read_block
                0x00000000000042a6                eeprom_read_blraw
 .text.avr-libc
                0x00000000000042c2       0x20 /usr/lib/gcc/avr/7.3.0/../../../avr/lib/avr5/libatmega328p.a(eeupd_block.o)
                0x00000000000042c2                eeprom_update_block
 .text.avr-libc
                0x00000000000042e2       0x24 /usr/lib/gcc/avr/7.3.0/../../../avr/lib/avr5/libatmega328p.a(eeupd_byte.o)
                0x00000000000042e2                eeprom_update_byte
                0x00000000000042e4                eeprom_update_r18
                0x0000000000004306                . = ALIGN (0x2)
 *(.fini9)
 .fini9         0x0000000000004306        0x0 /usr/lib/gcc/avr/7.3.0/avr5/libgcc.a(_exit.o)
                0x0000000000004306                exit
                0x0000000000004306                _exit
 *(.fini9)
 *(.fini8)
 *(.fini8)
 *(.fini7)
 *(.fini7)
 *(.fini6)
 *(.fini6)
 *(.fini5)
 *(.fini5)
 *(.fini4)
 *(.fini4)
 *(.fini3)
 *(.fini3)
 *(.fini2)
 *(.fini2)
 *(.fini1)
 *(.fini1)
 *(.fini0)
 .fini0         0x0000000000004306        0x4 /usr/lib/gcc/avr/7.3.0/avr5/libgcc.a(_exit.o)
 *(.fini0)
                0x000000000000430a                _etext = .

.data           0x0000000000800100       0x18 load address 0x000000000000430a
                0x0000000000800100                PROVIDE (__data_start, .)
 *(.data)
 .data          0x0000000000800100        0x0 /usr/lib/gcc/avr/7.3.0/../../../avr/lib/avr5/crtatmega328p.o
 .data          0x0000000000800100        0x0 main.o
 .data          0x0000000000800100        0x0 /tmp/ccbl5Hfe.o
 .data          0x0000000000800100        0x0 /tmp/ccwQRdIN.o
 .data          0x0000000000800100        0x0 /tmp/cc2XvNe2.o
 .data          0x0000000000800100        0x0 /tmp/ccvlqWT4.o
 .data          0x0000000000800100        0x0 /tmp/ccNQJ7DO.o
 .data          0x0000000000800100        0x0 /tmp/ccoxEfCL.o
 .data          0x0000000000800100        0x0 /tmp/cc274UUQ.o
 .data          0x0000000000800100        0x0 /tmp/ccYgSGqV.o
 .data          0x0000000000800100        0x0 /tmp/ccUOOx4F.o
 .data          0x0000000000800100        0x0 /tmp/ccmU6jS6.o
 .data          0x0000000000800100        0x0 /tmp/ccwhx3BI.o
 .data          0x0000000000800100        0x0 /tmp/ccnylsHk.o
 .data          0x0000000000800100        0x0 /tmp/ccjuX6So.o
 .data          0x0000000000800100        0x0 /usr/lib/gcc/avr/7.3.0/avr5/libgcc.a(_divmodhi4.o)
 .data          0x0000000000800100        0x0 /usr/lib/gcc/avr/7.3.0/avr5/libgcc.a(_exit.o)
 .data          0x0000000000800100        0x0 /usr/lib/gcc/avr/7.3.0/avr5/libgcc.a(_tablejump2.o)
 .data          0x0000000000800100        0x0 /usr/lib/gcc/avr/7.3.0/avr5/libgcc.a(_copy_data.o)
 .data          0x0000000000800100        0x0 /usr/lib/gcc/avr/7.3.0/avr5/libgcc.a(_clear_bss.o)
 .data          0x0000000000800100        0x0 /usr/lib/gcc/avr/7.3.0/avr5/libgcc.a(_muluhisi3.o)
 .data          0x0000000000800100        0x0 /usr/lib/gcc/avr/7.3.0/avr5/libgcc.a(_udivmodhi4.o)
 .data          0x0000000000800100        0x0 /usr/lib/gcc/avr/7.3.0/avr5/libgcc.a(_umulhisi3.o)
 .data          0x0000000000800100        0x0 /usr/lib/gcc/avr/7.3.0/../../../avr/lib/avr5/libm.a(addsf3.o)
 .data          0x0000000000800100        0x0 /usr/lib/gcc/avr/7.3.0/../../../avr/lib/avr5/libm.a(addsf3x.o)
 .data          0x0000000000800100        0x0 /usr/lib/gcc/avr/7.3.0/../../../avr/lib/avr5/libm.a(cmpsf2.o)
 .data          0x0000000000800100        0x0 /usr/lib/gcc/avr/7.3.0/../../../avr/lib/avr5/libm.a(fixsfsi.o)
 .data          0x0000000000800100        0x0 /usr/lib/gcc/avr/7.3.0/../../../avr/lib/avr5/libm.a(fixunssfsi.o)
 .data          0x0000000000800100        0x0 /usr/lib/gcc/avr/7.3.0/../../../avr/lib/avr5/libm.a(floatsisf.o)
 .data          0x0000000000800100        0x0 /usr/lib/gcc/avr/7.3.0/../../../avr/lib/avr5/libm.a(fp_cmp.o)
 .data          0x0000000000800100        0x0 /usr/lib/gcc/avr/7.3.0/../../../avr/lib/avr5/libm.a(fp_inf.o)
 .data          0x0000000000800100        0x0 /usr/lib/gcc/avr/7.3.0/../../../avr/lib/avr5/libm.a(fp_nan.o)
 .data          0x0000000000800100        0x0 /usr/lib/gcc/avr/7.3.0/../../../avr/lib/avr5/libm.a(fp_pscA.o)
 .data          0x0000000000800100        0x0 /usr/lib/gcc/avr/7.3.0/../../../avr/lib/avr5/libm.a(fp_pscB.o)
 .data          0x0000000000800100        0x0 /usr/lib/gcc/avr/7.3.0/../../../avr/lib/avr5/libm.a(fp_round.o)
 .data          0x0000000000800100        0x0 /usr/lib/gcc/avr/7.3.0/../../../avr/lib/avr5/libm.a(fp_split3.o)
 .data          0x0000000000800100        0x0 /usr/lib/gcc/avr/7.3.0/../../../avr/lib/avr5/libm.a(fp_zero.o)
 .data          0x0000000000800100        0x0 /usr/lib/gcc/avr/7.3.0/../../../avr/lib/avr5/libm.a(gesf2.o)
 .data          0x0000000000800100        0x0 /usr/lib/gcc/avr/7.3.0/../../../avr/lib/avr5/libm.a(mulsf3.o)
 .data          0x0000000000800100        0x0 /usr/lib/gcc/avr/7.3.0/../../../avr/lib/avr5/libm.a(mulsf3x.o)
 .data          0x0000000000800100        0x6 /usr/lib/gcc/avr/7.3.0/../../../avr/lib/avr5/libc.a(malloc.o)
                0x0000000000800100                __malloc_heap_end
                0x0000000000800102                __malloc_heap_start
                0x0000000000800104                __malloc_margin
 .data          0x0000000000800106        0x0 /usr/lib/gcc/avr/7.3.0/../../../avr/lib/avr5/libatmega328p.a(eerd_block.o)
 .data          0x0000000000800106        0x0 /usr/lib/gcc/avr/7.3.0/../../../avr/lib/avr5/libatmega328p.a(eeupd_block.o)
 .data          0x0000000000800106        0x0 /usr/lib/gcc/avr/7.3.0/../../../avr/lib/avr5/libatmega328p.a(eeupd_byte.o)
 *(.data*)
 *(.gnu.linkonce.d*)
 *(.rodata)
 .rodata        0x0000000000800106       0x11 /tmp/ccvlqWT4.o
                0x0000000000800106                digit_values
 *(.rodata*)
 *(.gnu.linkonce.r*)
                0x0000000000800118                . = ALIGN (0x2)
 *fill*         0x0000000000800117        0x1 
                0x0000000000800118                _edata = .
                0x0000000000800118                PROVIDE (__data_end, .)

.bss            0x0000000000800118      0x239
                0x0000000000800118                PROVIDE (__bss_start, .)
 *(.bss)
 .bss           0x0000000000800118        0x0 /usr/lib/gcc/avr/7.3.0/../../../avr/lib/avr5/crtatmega328p.o
 .bss           0x0000000000800118        0x1 main.o
                0x0000000000800118                prev_btn_callbacks_saved
 .bss           0x0000000000800119        0x0 /tmp/ccbl5Hfe.o
 .bss           0x0000000000800119        0x0 /tmp/ccwQRdIN.o
 .bss           0x0000000000800119        0x0 /tmp/cc2XvNe2.o
 .bss           0x0000000000800119        0x0 /tmp/ccvlqWT4.o
 .bss           0x0000000000800119        0x2 /tmp/ccNQJ7DO.o
 .bss           0x000000000080011b        0x6 /tmp/ccoxEfCL.o
                0x000000000080011b                transmitting
                0x000000000080011c                txBufferLength
                0x000000000080011d                txBufferIndex
                0x000000000080011e                txAddress
                0x000000000080011f                rxBufferLength
                0x0000000000800120                rxBufferIndex
 .bss           0x0000000000800121       0x6c /tmp/cc274UUQ.o
 .bss           0x000000000080018d        0x0 /tmp/ccYgSGqV.o
 .bss           0x000000000080018d        0xf /tmp/ccUOOx4F.o
                0x000000000080018d                last_piezo_millis
                0x0000000000800191                piezo_millis
                0x0000000000800195                note_paused
                0x0000000000800196                note_sequence_idx
                0x0000000000800198                last_note_idx
                0x000000000080019a                note_sequence_len
 .bss           0x000000000080019c        0x0 /tmp/ccmU6jS6.o
 .bss           0x000000000080019c        0x0 /tmp/ccwhx3BI.o
 .bss           0x000000000080019c        0x1 /tmp/ccnylsHk.o
 .bss           0x000000000080019d        0x0 /tmp/ccjuX6So.o
 .bss           0x000000000080019d        0x0 /usr/lib/gcc/avr/7.3.0/avr5/libgcc.a(_divmodhi4.o)
 .bss           0x000000000080019d        0x0 /usr/lib/gcc/avr/7.3.0/avr5/libgcc.a(_exit.o)
 .bss           0x000000000080019d        0x0 /usr/lib/gcc/avr/7.3.0/avr5/libgcc.a(_tablejump2.o)
 .bss           0x000000000080019d        0x0 /usr/lib/gcc/avr/7.3.0/avr5/libgcc.a(_copy_data.o)
 .bss           0x000000000080019d        0x0 /usr/lib/gcc/avr/7.3.0/avr5/libgcc.a(_clear_bss.o)
 .bss           0x000000000080019d        0x0 /usr/lib/gcc/avr/7.3.0/avr5/libgcc.a(_muluhisi3.o)
 .bss           0x000000000080019d        0x0 /usr/lib/gcc/avr/7.3.0/avr5/libgcc.a(_udivmodhi4.o)
 .bss           0x000000000080019d        0x0 /usr/lib/gcc/avr/7.3.0/avr5/libgcc.a(_umulhisi3.o)
 .bss           0x000000000080019d        0x0 /usr/lib/gcc/avr/7.3.0/../../../avr/lib/avr5/libm.a(addsf3.o)
 .bss           0x000000000080019d        0x0 /usr/lib/gcc/avr/7.3.0/../../../avr/lib/avr5/libm.a(addsf3x.o)
 .bss           0x000000000080019d        0x0 /usr/lib/gcc/avr/7.3.0/../../../avr/lib/avr5/libm.a(cmpsf2.o)
 .bss           0x000000000080019d        0x0 /usr/lib/gcc/avr/7.3.0/../../../avr/lib/avr5/libm.a(fixsfsi.o)
 .bss           0x000000000080019d        0x0 /usr/lib/gcc/avr/7.3.0/../../../avr/lib/avr5/libm.a(fixunssfsi.o)
 .bss           0x000000000080019d        0x0 /usr/lib/gcc/avr/7.3.0/../../../avr/lib/avr5/libm.a(floatsisf.o)
 .bss           0x000000000080019d        0x0 /usr/lib/gcc/avr/7.3.0/../../../avr/lib/avr5/libm.a(fp_cmp.o)
 .bss           0x000000000080019d        0x0 /usr/lib/gcc/avr/7.3.0/../../../avr/lib/avr5/libm.a(fp_inf.o)
 .bss           0x000000000080019d        0x0 /usr/lib/gcc/avr/7.3.0/../../../avr/lib/avr5/libm.a(fp_nan.o)
 .bss           0x000000000080019d        0x0 /usr/lib/gcc/avr/7.3.0/../../../avr/lib/avr5/libm.a(fp_pscA.o)
 .bss           0x000000000080019d        0x0 /usr/lib/gcc/avr/7.3.0/../../../avr/lib/avr5/libm.a(fp_pscB.o)
 .bss           0x000000000080019d        0x0 /usr/lib/gcc/avr/7.3.0/../../../avr/lib/avr5/libm.a(fp_round.o)
 .bss           0x000000000080019d        0x0 /usr/lib/gcc/avr/7.3.0/../../../avr/lib/avr5/libm.a(fp_split3.o)
 .bss           0x000000000080019d        0x0 /usr/lib/gcc/avr/7.3.0/../../../avr/lib/avr5/libm.a(fp_zero.o)
 .bss           0x000000000080019d        0x0 /usr/lib/gcc/avr/7.3.0/../../../avr/lib/avr5/libm.a(gesf2.o)
 .bss           0x000000000080019d        0x0 /usr/lib/gcc/avr/7.3.0/../../../avr/lib/avr5/libm.a(mulsf3.o)
 .bss           0x000000000080019d        0x0 /usr/lib/gcc/avr/7.3.0/../../../avr/lib/avr5/libm.a(mulsf3x.o)
 .bss           0x000000000080019d        0x0 /usr/lib/gcc/avr/7.3.0/../../../avr/lib/avr5/libc.a(malloc.o)
 .bss           0x000000000080019d        0x0 /usr/lib/gcc/avr/7.3.0/../../../avr/lib/avr5/libatmega328p.a(eerd_block.o)
 .bss           0x000000000080019d        0x0 /usr/lib/gcc/avr/7.3.0/../../../avr/lib/avr5/libatmega328p.a(eeupd_block.o)
 .bss           0x000000000080019d        0x0 /usr/lib/gcc/avr/7.3.0/../../../avr/lib/avr5/libatmega328p.a(eeupd_byte.o)
 *(.bss*)
 *(COMMON)
 COMMON         0x000000000080019d       0xe1 main.o
                0x000000000080019d                colors
                0x00000000008001b8                plus_button
                0x00000000008001dc                sensor_values
                0x00000000008001e4                alarm_memory
                0x00000000008001f3                alarm_settings
                0x00000000008001f6                led
                0x000000000080020e                read_rtc
                0x000000000080020f                minus_button
                0x0000000000800233                prev_minus_btn_callback
                0x0000000000800235                ALARM_OFF_DISPLAY_VALUE
                0x0000000000800239                fsm_variables
                0x000000000080024c                adjust_button
                0x0000000000800270                prev_plus_btn_callback
                0x0000000000800272                clock_time
                0x0000000000800274                t_millis
                0x0000000000800278                prev_adjust_btn_callback
                0x000000000080027a                prev_millis_read_rtc
 COMMON         0x000000000080027e        0x4 /tmp/ccbl5Hfe.o
                0x000000000080027e                millis
 COMMON         0x0000000000800282       0x71 /tmp/ccvlqWT4.o
                0x0000000000800282                colon_pin
                0x0000000000800289                digit_pins
                0x00000000008002a5                display_data
                0x00000000008002b3                flash_colon
                0x00000000008002b4                prev_millis_flash
                0x00000000008002b8                segment_pins
                0x00000000008002f0                flash_digits_minutes
                0x00000000008002f1                flash_all_digits
                0x00000000008002f2                flash_digits_hours
 COMMON         0x00000000008002f3       0x11 /tmp/ccNQJ7DO.o
                0x00000000008002f3                _tm
 COMMON         0x0000000000800304       0x44 /tmp/ccoxEfCL.o
                0x0000000000800304                user_onRequest
                0x0000000000800306                rxBuffer
                0x0000000000800326                txBuffer
                0x0000000000800346                user_onReceive
 COMMON         0x0000000000800348        0x2 /tmp/ccYgSGqV.o
                0x0000000000800348                __DHT_STATUS
 COMMON         0x000000000080034a        0x3 /tmp/ccUOOx4F.o
                0x000000000080034a                note_sequence
                0x000000000080034c                is_playing
 COMMON         0x000000000080034d        0x4 /usr/lib/gcc/avr/7.3.0/../../../avr/lib/avr5/libc.a(malloc.o)
                0x000000000080034d                __brkval
                0x000000000080034f                __flp
                0x0000000000800351                PROVIDE (__bss_end, .)
                0x000000000000430a                __data_load_start = LOADADDR (.data)
                0x0000000000004322                __data_load_end = (__data_load_start + SIZEOF (.data))

.noinit         0x0000000000800351        0x0
                [!provide]                        PROVIDE (__noinit_start, .)
 *(.noinit*)
                [!provide]                        PROVIDE (__noinit_end, .)
                0x0000000000800351                _end = .
                0x0000000000800351                PROVIDE (__heap_start, .)

.eeprom         0x0000000000810000        0x0
 *(.eeprom*)
                0x0000000000810000                __eeprom_end = .

.fuse
 *(.fuse)
 *(.lfuse)
 *(.hfuse)
 *(.efuse)

.lock
 *(.lock*)

.signature
 *(.signature*)

.user_signatures
 *(.user_signatures*)

.stab           0x0000000000000000     0xac8c
 *(.stab)
 .stab          0x0000000000000000      0xd44 main.o
 .stab          0x0000000000000d44      0x624 /tmp/ccbl5Hfe.o
                                        0x7e0 (size before relaxing)
 .stab          0x0000000000001368      0x678 /tmp/ccwQRdIN.o
                                        0x858 (size before relaxing)
 .stab          0x00000000000019e0      0xbb8 /tmp/cc2XvNe2.o
                                        0xea0 (size before relaxing)
 .stab          0x0000000000002598     0x12cc /tmp/ccvlqWT4.o
                                       0x159c (size before relaxing)
 .stab          0x0000000000003864     0x1d34 /tmp/ccNQJ7DO.o
                                       0x1f20 (size before relaxing)
 .stab          0x0000000000005598      0xabc /tmp/ccoxEfCL.o
                                        0xca8 (size before relaxing)
 .stab          0x0000000000006054      0xc84 /tmp/cc274UUQ.o
                                        0xe94 (size before relaxing)
 .stab          0x0000000000006cd8      0x99c /tmp/ccYgSGqV.o
                                        0xb70 (size before relaxing)
 .stab          0x0000000000007674      0x888 /tmp/ccUOOx4F.o
                                        0xb40 (size before relaxing)
 .stab          0x0000000000007efc      0x9b4 /tmp/ccmU6jS6.o
                                        0xba0 (size before relaxing)
 .stab          0x00000000000088b0      0x8d0 /tmp/ccwhx3BI.o
                                        0xd14 (size before relaxing)
 .stab          0x0000000000009180     0x1704 /tmp/ccnylsHk.o
                                       0x1b84 (size before relaxing)
 .stab          0x000000000000a884      0x408 /tmp/ccjuX6So.o
                                        0x828 (size before relaxing)

.stabstr        0x0000000000000000     0x3c8b
 *(.stabstr)
 .stabstr       0x0000000000000000     0x3c8b main.o

.stab.excl
 *(.stab.excl)

.stab.exclstr
 *(.stab.exclstr)

.stab.index
 *(.stab.index)

.stab.indexstr
 *(.stab.indexstr)

.comment        0x0000000000000000       0x11
 *(.comment)
 .comment       0x0000000000000000       0x11 main.o
                                         0x12 (size before relaxing)
 .comment       0x0000000000000011       0x12 /tmp/ccbl5Hfe.o
 .comment       0x0000000000000011       0x12 /tmp/ccwQRdIN.o
 .comment       0x0000000000000011       0x12 /tmp/cc2XvNe2.o
 .comment       0x0000000000000011       0x12 /tmp/ccvlqWT4.o
 .comment       0x0000000000000011       0x12 /tmp/ccNQJ7DO.o
 .comment       0x0000000000000011       0x12 /tmp/ccoxEfCL.o
 .comment       0x0000000000000011       0x12 /tmp/cc274UUQ.o
 .comment       0x0000000000000011       0x12 /tmp/ccYgSGqV.o
 .comment       0x0000000000000011       0x12 /tmp/ccUOOx4F.o
 .comment       0x0000000000000011       0x12 /tmp/ccmU6jS6.o
 .comment       0x0000000000000011       0x12 /tmp/ccwhx3BI.o
 .comment       0x0000000000000011       0x12 /tmp/ccnylsHk.o
 .comment       0x0000000000000011       0x12 /tmp/ccjuX6So.o
 .comment       0x0000000000000011       0x12 /usr/lib/gcc/avr/7.3.0/../../../avr/lib/avr5/libc.a(malloc.o)

.note.gnu.avr.deviceinfo
                0x0000000000000000       0x40
 .note.gnu.avr.deviceinfo
                0x0000000000000000       0x40 /usr/lib/gcc/avr/7.3.0/../../../avr/lib/avr5/crtatmega328p.o

.avr.prop       0x0000000000000000       0x2c
 .avr.prop      0x0000000000000000       0x16 /tmp/cc274UUQ.o
 .avr.prop      0x0000000000000016       0x16 /tmp/ccnylsHk.o

.note.gnu.build-id
 *(.note.gnu.build-id)

.debug
 *(.debug)

.line
 *(.line)

.debug_srcinfo
 *(.debug_srcinfo)

.debug_sfnames
 *(.debug_sfnames)

.debug_aranges
 *(.debug_aranges)

.debug_pubnames
 *(.debug_pubnames)

.debug_info     0x0000000000000000      0x5f4
 *(.debug_info .gnu.linkonce.wi.*)
 .debug_info    0x0000000000000000      0x5f4 /usr/lib/gcc/avr/7.3.0/../../../avr/lib/avr5/crtatmega328p.o

.debug_abbrev   0x0000000000000000      0x5a2
 *(.debug_abbrev)
 .debug_abbrev  0x0000000000000000      0x5a2 /usr/lib/gcc/avr/7.3.0/../../../avr/lib/avr5/crtatmega328p.o

.debug_line     0x0000000000000000       0x1a
 *(.debug_line .debug_line.* .debug_line_end)
 .debug_line    0x0000000000000000       0x1a /usr/lib/gcc/avr/7.3.0/../../../avr/lib/avr5/crtatmega328p.o

.debug_frame
 *(.debug_frame)

.debug_str      0x0000000000000000      0x208
 *(.debug_str)
 .debug_str     0x0000000000000000      0x208 /usr/lib/gcc/avr/7.3.0/../../../avr/lib/avr5/crtatmega328p.o

.debug_loc
 *(.debug_loc)

.debug_macinfo
 *(.debug_macinfo)

.debug_weaknames
 *(.debug_weaknames)

.debug_funcnames
 *(.debug_funcnames)

.debug_typenames
 *(.debug_typenames)

.debug_varnames
 *(.debug_varnames)

.debug_pubtypes
 *(.debug_pubtypes)

.debug_ranges
 *(.debug_ranges)

.debug_macro
 *(.debug_macro)
OUTPUT(main.elf elf32-avr)
LOAD linker stubs
