Archive member included to satisfy reference by file (symbol)

/usr/lib/gcc/avr/7.3.0/avr5/libgcc.a(_divmodhi4.o)
                              /tmp/cc8ZurkR.o (__divmodhi4)
/usr/lib/gcc/avr/7.3.0/avr5/libgcc.a(_exit.o)
                              /usr/lib/gcc/avr/7.3.0/../../../avr/lib/avr5/crtatmega328p.o (exit)
/usr/lib/gcc/avr/7.3.0/avr5/libgcc.a(_tablejump2.o)
                              main.o (__tablejump2__)
/usr/lib/gcc/avr/7.3.0/avr5/libgcc.a(_copy_data.o)
                              /tmp/cc8ZurkR.o (__do_copy_data)
/usr/lib/gcc/avr/7.3.0/avr5/libgcc.a(_clear_bss.o)
                              main.o (__do_clear_bss)
/usr/lib/gcc/avr/7.3.0/avr5/libgcc.a(_muluhisi3.o)
                              /tmp/cc7U0rFG.o (__muluhisi3)
/usr/lib/gcc/avr/7.3.0/avr5/libgcc.a(_udivmodhi4.o)
                              /usr/lib/gcc/avr/7.3.0/avr5/libgcc.a(_divmodhi4.o) (__udivmodhi4)
/usr/lib/gcc/avr/7.3.0/avr5/libgcc.a(_umulhisi3.o)
                              /usr/lib/gcc/avr/7.3.0/avr5/libgcc.a(_muluhisi3.o) (__umulhisi3)
/usr/lib/gcc/avr/7.3.0/../../../avr/lib/avr5/libm.a(addsf3.o)
                              /tmp/ccL0dTJl.o (__addsf3)
/usr/lib/gcc/avr/7.3.0/../../../avr/lib/avr5/libm.a(addsf3x.o)
                              /usr/lib/gcc/avr/7.3.0/../../../avr/lib/avr5/libm.a(addsf3.o) (__addsf3x)
/usr/lib/gcc/avr/7.3.0/../../../avr/lib/avr5/libm.a(cmpsf2.o)
                              /tmp/cc8ZurkR.o (__ltsf2)
/usr/lib/gcc/avr/7.3.0/../../../avr/lib/avr5/libm.a(fixsfsi.o)
                              /tmp/cc8ZurkR.o (__fixsfsi)
/usr/lib/gcc/avr/7.3.0/../../../avr/lib/avr5/libm.a(fixunssfsi.o)
                              /usr/lib/gcc/avr/7.3.0/../../../avr/lib/avr5/libm.a(fixsfsi.o) (__fixunssfsi)
/usr/lib/gcc/avr/7.3.0/../../../avr/lib/avr5/libm.a(floatsisf.o)
                              /tmp/ccL0dTJl.o (__floatunsisf)
/usr/lib/gcc/avr/7.3.0/../../../avr/lib/avr5/libm.a(fp_cmp.o)
                              /usr/lib/gcc/avr/7.3.0/../../../avr/lib/avr5/libm.a(cmpsf2.o) (__fp_cmp)
/usr/lib/gcc/avr/7.3.0/../../../avr/lib/avr5/libm.a(fp_inf.o)
                              /usr/lib/gcc/avr/7.3.0/../../../avr/lib/avr5/libm.a(addsf3x.o) (__fp_inf)
/usr/lib/gcc/avr/7.3.0/../../../avr/lib/avr5/libm.a(fp_nan.o)
                              /usr/lib/gcc/avr/7.3.0/../../../avr/lib/avr5/libm.a(addsf3x.o) (__fp_nan)
/usr/lib/gcc/avr/7.3.0/../../../avr/lib/avr5/libm.a(fp_pscA.o)
                              /usr/lib/gcc/avr/7.3.0/../../../avr/lib/avr5/libm.a(addsf3x.o) (__fp_pscA)
/usr/lib/gcc/avr/7.3.0/../../../avr/lib/avr5/libm.a(fp_pscB.o)
                              /usr/lib/gcc/avr/7.3.0/../../../avr/lib/avr5/libm.a(addsf3x.o) (__fp_pscB)
/usr/lib/gcc/avr/7.3.0/../../../avr/lib/avr5/libm.a(fp_round.o)
                              /usr/lib/gcc/avr/7.3.0/../../../avr/lib/avr5/libm.a(addsf3.o) (__fp_round)
/usr/lib/gcc/avr/7.3.0/../../../avr/lib/avr5/libm.a(fp_split3.o)
                              /usr/lib/gcc/avr/7.3.0/../../../avr/lib/avr5/libm.a(addsf3x.o) (__fp_split3)
/usr/lib/gcc/avr/7.3.0/../../../avr/lib/avr5/libm.a(fp_zero.o)
                              /usr/lib/gcc/avr/7.3.0/../../../avr/lib/avr5/libm.a(addsf3x.o) (__fp_zero)
/usr/lib/gcc/avr/7.3.0/../../../avr/lib/avr5/libm.a(gesf2.o)
                              /tmp/cc8ZurkR.o (__gtsf2)
/usr/lib/gcc/avr/7.3.0/../../../avr/lib/avr5/libm.a(mulsf3.o)
                              /tmp/cc8ZurkR.o (__mulsf3)
/usr/lib/gcc/avr/7.3.0/../../../avr/lib/avr5/libm.a(mulsf3x.o)
                              /usr/lib/gcc/avr/7.3.0/../../../avr/lib/avr5/libm.a(mulsf3.o) (__mulsf3x)
/usr/lib/gcc/avr/7.3.0/../../../avr/lib/avr5/libc.a(malloc.o)
                              main.o (malloc)
/usr/lib/gcc/avr/7.3.0/../../../avr/lib/avr5/libatmega328p.a(eerd_block.o)
                              main.o (eeprom_read_block)
/usr/lib/gcc/avr/7.3.0/../../../avr/lib/avr5/libatmega328p.a(eeupd_block.o)
                              main.o (eeprom_update_block)
/usr/lib/gcc/avr/7.3.0/../../../avr/lib/avr5/libatmega328p.a(eeupd_byte.o)
                              /usr/lib/gcc/avr/7.3.0/../../../avr/lib/avr5/libatmega328p.a(eeupd_block.o) (eeprom_update_r18)

Allocating common symbols
Common symbol       size              file

colon_pin           0x7               /tmp/cc8ZurkR.o
user_onRequest      0x2               /tmp/ccVzMzMh.o
year_state          0x2               main.o
month_day_state     0x2               main.o
plus_button         0x24              main.o
testing_state       0x2               main.o
digit_pins          0x1c              /tmp/cc8ZurkR.o
hour_min_state      0x2               main.o
display_data        0xe               /tmp/cc8ZurkR.o
flash_colon         0x1               /tmp/cc8ZurkR.o
alarm_state         0x2               main.o
prev_millis_flash   0x4               /tmp/cc8ZurkR.o
temperature         0x4               main.o
__brkval            0x2               /usr/lib/gcc/avr/7.3.0/../../../avr/lib/avr5/libc.a(malloc.o)
alarm_settings      0x2               main.o
main_state          0x2               main.o
humidity            0x4               main.o
humidity_state      0x2               main.o
minus_button        0x24              main.o
segment_pins        0x38              /tmp/cc8ZurkR.o
rxBuffer            0x20              /tmp/ccVzMzMh.o
display_updated     0x1               main.o
txBuffer            0x20              /tmp/ccVzMzMh.o
flash_digits_minutes
                    0x1               /tmp/cc8ZurkR.o
state_start         0x1               main.o
ALARM_OFF_DISPLAY_VALUE
                    0x4               main.o
adjust_button       0x24              main.o
_tm                 0x11              /tmp/cc4CczXN.o
__DHT_STATUS        0x2               /tmp/ccL0dTJl.o
temperature_state   0x2               main.o
flash_all_digits    0x1               /tmp/cc8ZurkR.o
main_state_swapped  0x1               main.o
__flp               0x2               /usr/lib/gcc/avr/7.3.0/../../../avr/lib/avr5/libc.a(malloc.o)
clock_time          0x2               main.o
t_millis            0x4               main.o
user_onReceive      0x2               /tmp/ccVzMzMh.o
flash_digits_hours  0x1               /tmp/cc8ZurkR.o
prev_millis_read_rtc
                    0x4               main.o
millis              0x4               /tmp/cc7U0rFG.o

Memory Configuration

Name             Origin             Length             Attributes
text             0x0000000000000000 0x0000000000008000 xr
data             0x0000000000800100 0x0000000000000800 rw !x
eeprom           0x0000000000810000 0x0000000000000400 rw !x
fuse             0x0000000000820000 0x0000000000000003 rw !x
lock             0x0000000000830000 0x0000000000000400 rw !x
signature        0x0000000000840000 0x0000000000000400 rw !x
user_signatures  0x0000000000850000 0x0000000000000400 rw !x
*default*        0x0000000000000000 0xffffffffffffffff

Linker script and memory map

Address of section .data set to 0x800100
LOAD /usr/lib/gcc/avr/7.3.0/../../../avr/lib/avr5/crtatmega328p.o
LOAD main.o
LOAD /tmp/cc7U0rFG.o
LOAD /tmp/ccZP1q7p.o
LOAD /tmp/ccvlIBRd.o
LOAD /tmp/cc8ZurkR.o
LOAD /tmp/cc4CczXN.o
LOAD /tmp/ccVzMzMh.o
LOAD /tmp/ccQFTHVo.o
LOAD /tmp/ccL0dTJl.o
START GROUP
LOAD /usr/lib/gcc/avr/7.3.0/avr5/libgcc.a
LOAD /usr/lib/gcc/avr/7.3.0/../../../avr/lib/avr5/libm.a
LOAD /usr/lib/gcc/avr/7.3.0/../../../avr/lib/avr5/libc.a
LOAD /usr/lib/gcc/avr/7.3.0/../../../avr/lib/avr5/libatmega328p.a
END GROUP
                0x0000000000000000                __TEXT_REGION_ORIGIN__ = DEFINED (__TEXT_REGION_ORIGIN__)?__TEXT_REGION_ORIGIN__:0x0
                [0x0000000000800100]                __DATA_REGION_ORIGIN__ = DEFINED (__DATA_REGION_ORIGIN__)?__DATA_REGION_ORIGIN__:0x800060
                [0x0000000000008000]                __TEXT_REGION_LENGTH__ = DEFINED (__TEXT_REGION_LENGTH__)?__TEXT_REGION_LENGTH__:0x20000
                [0x0000000000000800]                __DATA_REGION_LENGTH__ = DEFINED (__DATA_REGION_LENGTH__)?__DATA_REGION_LENGTH__:0xffa0
                [0x0000000000000400]                __EEPROM_REGION_LENGTH__ = DEFINED (__EEPROM_REGION_LENGTH__)?__EEPROM_REGION_LENGTH__:0x10000
                [0x0000000000000003]                __FUSE_REGION_LENGTH__ = DEFINED (__FUSE_REGION_LENGTH__)?__FUSE_REGION_LENGTH__:0x400
                0x0000000000000400                __LOCK_REGION_LENGTH__ = DEFINED (__LOCK_REGION_LENGTH__)?__LOCK_REGION_LENGTH__:0x400
                0x0000000000000400                __SIGNATURE_REGION_LENGTH__ = DEFINED (__SIGNATURE_REGION_LENGTH__)?__SIGNATURE_REGION_LENGTH__:0x400
                0x0000000000000400                __USER_SIGNATURE_REGION_LENGTH__ = DEFINED (__USER_SIGNATURE_REGION_LENGTH__)?__USER_SIGNATURE_REGION_LENGTH__:0x400

.hash
 *(.hash)

.dynsym
 *(.dynsym)

.dynstr
 *(.dynstr)

.gnu.version
 *(.gnu.version)

.gnu.version_d
 *(.gnu.version_d)

.gnu.version_r
 *(.gnu.version_r)

.rel.init
 *(.rel.init)

.rela.init
 *(.rela.init)

.rel.text
 *(.rel.text)
 *(.rel.text.*)
 *(.rel.gnu.linkonce.t*)

.rela.text
 *(.rela.text)
 *(.rela.text.*)
 *(.rela.gnu.linkonce.t*)

.rel.fini
 *(.rel.fini)

.rela.fini
 *(.rela.fini)

.rel.rodata
 *(.rel.rodata)
 *(.rel.rodata.*)
 *(.rel.gnu.linkonce.r*)

.rela.rodata
 *(.rela.rodata)
 *(.rela.rodata.*)
 *(.rela.gnu.linkonce.r*)

.rel.data
 *(.rel.data)
 *(.rel.data.*)
 *(.rel.gnu.linkonce.d*)

.rela.data
 *(.rela.data)
 *(.rela.data.*)
 *(.rela.gnu.linkonce.d*)

.rel.ctors
 *(.rel.ctors)

.rela.ctors
 *(.rela.ctors)

.rel.dtors
 *(.rel.dtors)

.rela.dtors
 *(.rela.dtors)

.rel.got
 *(.rel.got)

.rela.got
 *(.rela.got)

.rel.bss
 *(.rel.bss)

.rela.bss
 *(.rela.bss)

.rel.plt
 *(.rel.plt)

.rela.plt
 *(.rela.plt)

.text           0x0000000000000000     0x35ce
 *(.vectors)
 .vectors       0x0000000000000000       0x68 /usr/lib/gcc/avr/7.3.0/../../../avr/lib/avr5/crtatmega328p.o
                0x0000000000000000                __vectors
                0x0000000000000000                __vector_default
 *(.vectors)
 *(.progmem.gcc*)
                0x0000000000000068                . = ALIGN (0x2)
                0x0000000000000068                __trampolines_start = .
 *(.trampolines)
 .trampolines   0x0000000000000068        0x0 linker stubs
 *(.trampolines*)
                0x0000000000000068                __trampolines_end = .
 *libprintf_flt.a:*(.progmem.data)
 *libc.a:*(.progmem.data)
 *(.progmem*)
                0x0000000000000068                . = ALIGN (0x2)
 *(.jumptables)
 *(.jumptables*)
 *(.lowtext)
 *(.lowtext*)
                0x0000000000000068                __ctors_start = .
 *(.ctors)
                0x0000000000000068                __ctors_end = .
                0x0000000000000068                __dtors_start = .
 *(.dtors)
                0x0000000000000068                __dtors_end = .
 SORT(*)(.ctors)
 SORT(*)(.dtors)
 *(.init0)
 .init0         0x0000000000000068        0x0 /usr/lib/gcc/avr/7.3.0/../../../avr/lib/avr5/crtatmega328p.o
                0x0000000000000068                __init
 *(.init0)
 *(.init1)
 *(.init1)
 *(.init2)
 .init2         0x0000000000000068        0xc /usr/lib/gcc/avr/7.3.0/../../../avr/lib/avr5/crtatmega328p.o
 *(.init2)
 *(.init3)
 *(.init3)
 *(.init4)
 .init4         0x0000000000000074       0x16 /usr/lib/gcc/avr/7.3.0/avr5/libgcc.a(_copy_data.o)
                0x0000000000000074                __do_copy_data
 .init4         0x000000000000008a       0x10 /usr/lib/gcc/avr/7.3.0/avr5/libgcc.a(_clear_bss.o)
                0x000000000000008a                __do_clear_bss
 *(.init4)
 *(.init5)
 *(.init5)
 *(.init6)
 *(.init6)
 *(.init7)
 *(.init7)
 *(.init8)
 *(.init8)
 *(.init9)
 .init9         0x000000000000009a        0x8 /usr/lib/gcc/avr/7.3.0/../../../avr/lib/avr5/crtatmega328p.o
 *(.init9)
 *(.text)
 .text          0x00000000000000a2        0x4 /usr/lib/gcc/avr/7.3.0/../../../avr/lib/avr5/crtatmega328p.o
                0x00000000000000a2                __vector_22
                0x00000000000000a2                __vector_1
                0x00000000000000a2                __vector_12
                0x00000000000000a2                __bad_interrupt
                0x00000000000000a2                __vector_6
                0x00000000000000a2                __vector_3
                0x00000000000000a2                __vector_23
                0x00000000000000a2                __vector_25
                0x00000000000000a2                __vector_11
                0x00000000000000a2                __vector_13
                0x00000000000000a2                __vector_17
                0x00000000000000a2                __vector_19
                0x00000000000000a2                __vector_7
                0x00000000000000a2                __vector_5
                0x00000000000000a2                __vector_4
                0x00000000000000a2                __vector_9
                0x00000000000000a2                __vector_2
                0x00000000000000a2                __vector_21
                0x00000000000000a2                __vector_15
                0x00000000000000a2                __vector_8
                0x00000000000000a2                __vector_10
                0x00000000000000a2                __vector_16
                0x00000000000000a2                __vector_18
                0x00000000000000a2                __vector_20
 .text          0x00000000000000a6      0x4b4 main.o
                0x00000000000000a6                increment_hour
                0x00000000000000c6                decrement_hour
                0x00000000000000ea                increment_minute
                0x000000000000010a                decrement_minute
                0x000000000000012e                toggle_alarm_on_off
                0x0000000000000142                increment_alarm_hour
                0x000000000000015a                decrement_alarm_hour
                0x0000000000000174                increment_alarm_min
                0x000000000000018c                decrement_alarm_min
                0x00000000000001a6                increment_month
                0x00000000000001ca                decrement_month
                0x00000000000001ee                increment_day
                0x0000000000000212                decrement_day
                0x0000000000000236                increment_year
                0x000000000000025c                decrement_year
                0x0000000000000282                __vector_14
                0x00000000000002ce                trim_alarm_values
                0x00000000000002e8                load_alarm_settings
                0x0000000000000316                update_alarm_settings
                0x000000000000033c                new_state_start
                0x0000000000000360                increment_main_state
                0x000000000000039a                decrement_main_state
                0x00000000000003d8                swap_hour_min_state
                0x0000000000000424                swap_month_day_state
                0x000000000000046a                swap_year_state
                0x00000000000004ae                swap_temperature_state
                0x00000000000004d8                swap_humidity_state
                0x0000000000000502                swap_testing_state
                0x000000000000052c                swap_alarm_state
 .text          0x000000000000055a       0xcc /tmp/cc7U0rFG.o
                0x000000000000055a                millis_timer_ISR_loop
                0x0000000000000582                millis_timer_init
                0x00000000000005b6                get_millis
                0x00000000000005ce                get_micros
 .text          0x0000000000000626      0x158 /tmp/ccZP1q7p.o
                0x0000000000000626                gpio_set_pin_output
                0x0000000000000648                gpio_set_pin_input
                0x000000000000066a                gpio_set_pin_input_pullup
                0x000000000000069e                gpio_toggle_pin_mode
                0x00000000000006c0                gpio_read_pin
                0x00000000000006e4                gpio_set_pin_val
                0x0000000000000712                gpio_set_pin_high
                0x0000000000000736                gpio_set_pin_low
                0x000000000000075a                gpio_toggle_pin_output
 .text          0x000000000000077e      0x290 /tmp/ccvlIBRd.o
                0x000000000000077e                button_setup
                0x00000000000007b6                button_set_debounce_ms
                0x00000000000007be                button_set_click_ms
                0x00000000000007c6                button_set_press_ms
                0x00000000000007ce                button_attach_single_click
                0x00000000000007d6                button_attach_double_click
                0x00000000000007de                button_attach_long_press
                0x00000000000007e6                button_debounce
                0x000000000000085c                _newState
                0x0000000000000878                button_reset
                0x0000000000000896                button_fsm
                0x00000000000009f8                button_loop
 .text          0x0000000000000a0e      0x7c6 /tmp/cc8ZurkR.o
                0x0000000000000a0e                seven_segment_init
                0x0000000000000ad2                seven_segment_loop_isr
                0x0000000000000b52                seven_segment_clear_all
                0x0000000000000b6a                seven_segment_set_all
                0x0000000000000b86                seven_segment_write_byte_to_digit
                0x0000000000000bbe                seven_segment_write_bytes
                0x0000000000000be2                seven_segment_write_digit_val_to_digit
                0x0000000000000bf0                seven_segment_write_digit_vals
                0x0000000000000c1c                seven_segment_set_colon
                0x0000000000000c22                seven_segment_set_decimal_point
                0x0000000000000c3a                seven_segment_flashing_loop
                0x0000000000000d48                seven_segment_flash_colon
                0x0000000000000d4e                seven_segment_flash_digits_minutes
                0x0000000000000d54                seven_segment_flash_digits_hours
                0x0000000000000d5a                seven_segment_flash_all_digits
                0x0000000000000d60                seven_segment_show_hour_minute
                0x0000000000000e02                seven_segment_show_month_day
                0x0000000000000ee0                seven_segment_show_year
                0x0000000000000f88                seven_segment_show_temperature
                0x00000000000010d8                seven_segment_show_humidity
 .text          0x00000000000011d4      0xb86 /tmp/cc4CczXN.o
                0x00000000000011d4                dec2bcd
                0x00000000000011f8                bcd2dec
                0x000000000000120e                rtc_read_byte
                0x0000000000001230                rtc_write_byte
                0x0000000000001252                rtc_init
                0x00000000000012b0                rtc_is_ds1307
                0x00000000000012b6                rtc_is_ds3231
                0x00000000000012bc                rtc_set_ds1307
                0x00000000000012c8                rtc_set_ds3231
                0x00000000000012d4                rtc_get_time
                0x0000000000001474                rtc_get_time_s
                0x0000000000001562                rtc_set_time
                0x00000000000016d6                rtc_set_time_s
                0x000000000000176e                rtc_run_clock
                0x000000000000179c                rtc_is_clock_running
                0x00000000000017b2                ds3231_get_temp_int
                0x0000000000001828                rtc_force_temp_conversion
                0x0000000000001898                rtc_get_sram_byte
                0x00000000000018bc                rtc_get_sram
                0x00000000000018e0                rtc_set_sram_byte
                0x0000000000001904                rtc_set_sram
                0x0000000000001928                rtc_SQW_enable
                0x00000000000019ba                rtc_SQW_set_freq
                0x0000000000001a3a                rtc_osc32kHz_enable
                0x0000000000001a8c                rtc_reset_alarm
                0x0000000000001acc                rtc_set_alarm_s
                0x0000000000001bb6                rtc_set_alarm
                0x0000000000001bc8                rtc_get_alarm_s
                0x0000000000001c82                rtc_get_alarm
                0x0000000000001ccc                rtc_check_alarm
 .text          0x0000000000001d5a      0x1f8 /tmp/ccVzMzMh.o
                0x0000000000001d5a                onReceiveService
                0x0000000000001dbc                onRequestService
                0x0000000000001dd4                twi_init_master
                0x0000000000001de8                twi_init_slave
                0x0000000000001e10                twi_request_from
                0x0000000000001e2a                twi_begin_transmission
                0x0000000000001e3e                twi_end_transmission
                0x0000000000001e5e                twi_send_byte
                0x0000000000001eb6                twi_send
                0x0000000000001efc                twi_send_char
                0x0000000000001f10                twi_available
                0x0000000000001f1c                twi_receive
                0x0000000000001f3e                twi_set_on_receive
                0x0000000000001f48                twi_set_on_request
 .text          0x0000000000001f52      0x576 /tmp/ccQFTHVo.o
                0x0000000000001f52                twi_init
                0x0000000000001f78                twi_setAddress
                0x0000000000001f80                twi_readFrom
                0x0000000000001fec                twi_writeTo
                0x0000000000002074                twi_transmit
                0x00000000000020ae                twi_attachSlaveRxEvent
                0x00000000000020b8                twi_attachSlaveTxEvent
                0x00000000000020c2                twi_reply
                0x00000000000020d6                twi_stop
                0x00000000000020ea                twi_releaseBus
                0x00000000000020f6                __vector_24
 .text          0x00000000000024c8      0x33c /tmp/ccL0dTJl.o
                0x00000000000024c8                DHT_Setup
                0x00000000000024e4                DHT_GetStatus
                0x00000000000024ee                DHT_ReadRaw
                0x00000000000026c2                DHT_Read
                0x00000000000027ca                DHT_GetTemperature
                0x00000000000027d2                DHT_GetHumidity
                0x00000000000027dc                DHT_CelsiusToFahrenheit
                0x00000000000027f6                DHT_CelsiusToKelvin
 .text          0x0000000000002804        0x0 /usr/lib/gcc/avr/7.3.0/avr5/libgcc.a(_divmodhi4.o)
 .text          0x0000000000002804        0x0 /usr/lib/gcc/avr/7.3.0/avr5/libgcc.a(_exit.o)
 .text          0x0000000000002804        0x0 /usr/lib/gcc/avr/7.3.0/avr5/libgcc.a(_tablejump2.o)
 .text          0x0000000000002804        0x0 /usr/lib/gcc/avr/7.3.0/avr5/libgcc.a(_copy_data.o)
 .text          0x0000000000002804        0x0 /usr/lib/gcc/avr/7.3.0/avr5/libgcc.a(_clear_bss.o)
 .text          0x0000000000002804        0x0 /usr/lib/gcc/avr/7.3.0/avr5/libgcc.a(_muluhisi3.o)
 .text          0x0000000000002804        0x0 /usr/lib/gcc/avr/7.3.0/avr5/libgcc.a(_udivmodhi4.o)
 .text          0x0000000000002804        0x0 /usr/lib/gcc/avr/7.3.0/avr5/libgcc.a(_umulhisi3.o)
 .text          0x0000000000002804        0x0 /usr/lib/gcc/avr/7.3.0/../../../avr/lib/avr5/libm.a(addsf3.o)
 .text          0x0000000000002804        0x0 /usr/lib/gcc/avr/7.3.0/../../../avr/lib/avr5/libm.a(addsf3x.o)
 .text          0x0000000000002804        0x0 /usr/lib/gcc/avr/7.3.0/../../../avr/lib/avr5/libm.a(cmpsf2.o)
 .text          0x0000000000002804        0x0 /usr/lib/gcc/avr/7.3.0/../../../avr/lib/avr5/libm.a(fixsfsi.o)
 .text          0x0000000000002804        0x0 /usr/lib/gcc/avr/7.3.0/../../../avr/lib/avr5/libm.a(fixunssfsi.o)
 .text          0x0000000000002804        0x0 /usr/lib/gcc/avr/7.3.0/../../../avr/lib/avr5/libm.a(floatsisf.o)
 .text          0x0000000000002804        0x0 /usr/lib/gcc/avr/7.3.0/../../../avr/lib/avr5/libm.a(fp_cmp.o)
 .text          0x0000000000002804        0x0 /usr/lib/gcc/avr/7.3.0/../../../avr/lib/avr5/libm.a(fp_inf.o)
 .text          0x0000000000002804        0x0 /usr/lib/gcc/avr/7.3.0/../../../avr/lib/avr5/libm.a(fp_nan.o)
 .text          0x0000000000002804        0x0 /usr/lib/gcc/avr/7.3.0/../../../avr/lib/avr5/libm.a(fp_pscA.o)
 .text          0x0000000000002804        0x0 /usr/lib/gcc/avr/7.3.0/../../../avr/lib/avr5/libm.a(fp_pscB.o)
 .text          0x0000000000002804        0x0 /usr/lib/gcc/avr/7.3.0/../../../avr/lib/avr5/libm.a(fp_round.o)
 .text          0x0000000000002804        0x0 /usr/lib/gcc/avr/7.3.0/../../../avr/lib/avr5/libm.a(fp_split3.o)
 .text          0x0000000000002804        0x0 /usr/lib/gcc/avr/7.3.0/../../../avr/lib/avr5/libm.a(fp_zero.o)
 .text          0x0000000000002804        0x0 /usr/lib/gcc/avr/7.3.0/../../../avr/lib/avr5/libm.a(gesf2.o)
 .text          0x0000000000002804        0x0 /usr/lib/gcc/avr/7.3.0/../../../avr/lib/avr5/libm.a(mulsf3.o)
 .text          0x0000000000002804        0x0 /usr/lib/gcc/avr/7.3.0/../../../avr/lib/avr5/libm.a(mulsf3x.o)
 .text          0x0000000000002804        0x0 /usr/lib/gcc/avr/7.3.0/../../../avr/lib/avr5/libc.a(malloc.o)
 .text          0x0000000000002804        0x0 /usr/lib/gcc/avr/7.3.0/../../../avr/lib/avr5/libatmega328p.a(eerd_block.o)
 .text          0x0000000000002804        0x0 /usr/lib/gcc/avr/7.3.0/../../../avr/lib/avr5/libatmega328p.a(eeupd_block.o)
 .text          0x0000000000002804        0x0 /usr/lib/gcc/avr/7.3.0/../../../avr/lib/avr5/libatmega328p.a(eeupd_byte.o)
                0x0000000000002804                . = ALIGN (0x2)
 *(.text.*)
 .text.startup  0x0000000000002804      0x6f0 main.o
                0x0000000000002804                main
 .text.libgcc.mul
                0x0000000000002ef4        0x0 /usr/lib/gcc/avr/7.3.0/avr5/libgcc.a(_divmodhi4.o)
 .text.libgcc.div
                0x0000000000002ef4       0x28 /usr/lib/gcc/avr/7.3.0/avr5/libgcc.a(_divmodhi4.o)
                0x0000000000002ef4                __divmodhi4
                0x0000000000002ef4                _div
 .text.libgcc   0x0000000000002f1c        0x0 /usr/lib/gcc/avr/7.3.0/avr5/libgcc.a(_divmodhi4.o)
 .text.libgcc.prologue
                0x0000000000002f1c        0x0 /usr/lib/gcc/avr/7.3.0/avr5/libgcc.a(_divmodhi4.o)
 .text.libgcc.builtins
                0x0000000000002f1c        0x0 /usr/lib/gcc/avr/7.3.0/avr5/libgcc.a(_divmodhi4.o)
 .text.libgcc.fmul
                0x0000000000002f1c        0x0 /usr/lib/gcc/avr/7.3.0/avr5/libgcc.a(_divmodhi4.o)
 .text.libgcc.fixed
                0x0000000000002f1c        0x0 /usr/lib/gcc/avr/7.3.0/avr5/libgcc.a(_divmodhi4.o)
 .text.libgcc.mul
                0x0000000000002f1c        0x0 /usr/lib/gcc/avr/7.3.0/avr5/libgcc.a(_exit.o)
 .text.libgcc.div
                0x0000000000002f1c        0x0 /usr/lib/gcc/avr/7.3.0/avr5/libgcc.a(_exit.o)
 .text.libgcc   0x0000000000002f1c        0x0 /usr/lib/gcc/avr/7.3.0/avr5/libgcc.a(_exit.o)
 .text.libgcc.prologue
                0x0000000000002f1c        0x0 /usr/lib/gcc/avr/7.3.0/avr5/libgcc.a(_exit.o)
 .text.libgcc.builtins
                0x0000000000002f1c        0x0 /usr/lib/gcc/avr/7.3.0/avr5/libgcc.a(_exit.o)
 .text.libgcc.fmul
                0x0000000000002f1c        0x0 /usr/lib/gcc/avr/7.3.0/avr5/libgcc.a(_exit.o)
 .text.libgcc.fixed
                0x0000000000002f1c        0x0 /usr/lib/gcc/avr/7.3.0/avr5/libgcc.a(_exit.o)
 .text.libgcc.mul
                0x0000000000002f1c        0x0 /usr/lib/gcc/avr/7.3.0/avr5/libgcc.a(_tablejump2.o)
 .text.libgcc.div
                0x0000000000002f1c        0x0 /usr/lib/gcc/avr/7.3.0/avr5/libgcc.a(_tablejump2.o)
 .text.libgcc   0x0000000000002f1c        0xc /usr/lib/gcc/avr/7.3.0/avr5/libgcc.a(_tablejump2.o)
                0x0000000000002f1c                __tablejump2__
 .text.libgcc.prologue
                0x0000000000002f28        0x0 /usr/lib/gcc/avr/7.3.0/avr5/libgcc.a(_tablejump2.o)
 .text.libgcc.builtins
                0x0000000000002f28        0x0 /usr/lib/gcc/avr/7.3.0/avr5/libgcc.a(_tablejump2.o)
 .text.libgcc.fmul
                0x0000000000002f28        0x0 /usr/lib/gcc/avr/7.3.0/avr5/libgcc.a(_tablejump2.o)
 .text.libgcc.fixed
                0x0000000000002f28        0x0 /usr/lib/gcc/avr/7.3.0/avr5/libgcc.a(_tablejump2.o)
 .text.libgcc.mul
                0x0000000000002f28        0x0 /usr/lib/gcc/avr/7.3.0/avr5/libgcc.a(_copy_data.o)
 .text.libgcc.div
                0x0000000000002f28        0x0 /usr/lib/gcc/avr/7.3.0/avr5/libgcc.a(_copy_data.o)
 .text.libgcc   0x0000000000002f28        0x0 /usr/lib/gcc/avr/7.3.0/avr5/libgcc.a(_copy_data.o)
 .text.libgcc.prologue
                0x0000000000002f28        0x0 /usr/lib/gcc/avr/7.3.0/avr5/libgcc.a(_copy_data.o)
 .text.libgcc.builtins
                0x0000000000002f28        0x0 /usr/lib/gcc/avr/7.3.0/avr5/libgcc.a(_copy_data.o)
 .text.libgcc.fmul
                0x0000000000002f28        0x0 /usr/lib/gcc/avr/7.3.0/avr5/libgcc.a(_copy_data.o)
 .text.libgcc.fixed
                0x0000000000002f28        0x0 /usr/lib/gcc/avr/7.3.0/avr5/libgcc.a(_copy_data.o)
 .text.libgcc.mul
                0x0000000000002f28        0x0 /usr/lib/gcc/avr/7.3.0/avr5/libgcc.a(_clear_bss.o)
 .text.libgcc.div
                0x0000000000002f28        0x0 /usr/lib/gcc/avr/7.3.0/avr5/libgcc.a(_clear_bss.o)
 .text.libgcc   0x0000000000002f28        0x0 /usr/lib/gcc/avr/7.3.0/avr5/libgcc.a(_clear_bss.o)
 .text.libgcc.prologue
                0x0000000000002f28        0x0 /usr/lib/gcc/avr/7.3.0/avr5/libgcc.a(_clear_bss.o)
 .text.libgcc.builtins
                0x0000000000002f28        0x0 /usr/lib/gcc/avr/7.3.0/avr5/libgcc.a(_clear_bss.o)
 .text.libgcc.fmul
                0x0000000000002f28        0x0 /usr/lib/gcc/avr/7.3.0/avr5/libgcc.a(_clear_bss.o)
 .text.libgcc.fixed
                0x0000000000002f28        0x0 /usr/lib/gcc/avr/7.3.0/avr5/libgcc.a(_clear_bss.o)
 .text.libgcc.mul
                0x0000000000002f28       0x16 /usr/lib/gcc/avr/7.3.0/avr5/libgcc.a(_muluhisi3.o)
                0x0000000000002f28                __muluhisi3
 .text.libgcc.div
                0x0000000000002f3e        0x0 /usr/lib/gcc/avr/7.3.0/avr5/libgcc.a(_muluhisi3.o)
 .text.libgcc   0x0000000000002f3e        0x0 /usr/lib/gcc/avr/7.3.0/avr5/libgcc.a(_muluhisi3.o)
 .text.libgcc.prologue
                0x0000000000002f3e        0x0 /usr/lib/gcc/avr/7.3.0/avr5/libgcc.a(_muluhisi3.o)
 .text.libgcc.builtins
                0x0000000000002f3e        0x0 /usr/lib/gcc/avr/7.3.0/avr5/libgcc.a(_muluhisi3.o)
 .text.libgcc.fmul
                0x0000000000002f3e        0x0 /usr/lib/gcc/avr/7.3.0/avr5/libgcc.a(_muluhisi3.o)
 .text.libgcc.fixed
                0x0000000000002f3e        0x0 /usr/lib/gcc/avr/7.3.0/avr5/libgcc.a(_muluhisi3.o)
 .text.libgcc.mul
                0x0000000000002f3e        0x0 /usr/lib/gcc/avr/7.3.0/avr5/libgcc.a(_udivmodhi4.o)
 .text.libgcc.div
                0x0000000000002f3e       0x28 /usr/lib/gcc/avr/7.3.0/avr5/libgcc.a(_udivmodhi4.o)
                0x0000000000002f3e                __udivmodhi4
 .text.libgcc   0x0000000000002f66        0x0 /usr/lib/gcc/avr/7.3.0/avr5/libgcc.a(_udivmodhi4.o)
 .text.libgcc.prologue
                0x0000000000002f66        0x0 /usr/lib/gcc/avr/7.3.0/avr5/libgcc.a(_udivmodhi4.o)
 .text.libgcc.builtins
                0x0000000000002f66        0x0 /usr/lib/gcc/avr/7.3.0/avr5/libgcc.a(_udivmodhi4.o)
 .text.libgcc.fmul
                0x0000000000002f66        0x0 /usr/lib/gcc/avr/7.3.0/avr5/libgcc.a(_udivmodhi4.o)
 .text.libgcc.fixed
                0x0000000000002f66        0x0 /usr/lib/gcc/avr/7.3.0/avr5/libgcc.a(_udivmodhi4.o)
 .text.libgcc.mul
                0x0000000000002f66       0x1e /usr/lib/gcc/avr/7.3.0/avr5/libgcc.a(_umulhisi3.o)
                0x0000000000002f66                __umulhisi3
 .text.libgcc.div
                0x0000000000002f84        0x0 /usr/lib/gcc/avr/7.3.0/avr5/libgcc.a(_umulhisi3.o)
 .text.libgcc   0x0000000000002f84        0x0 /usr/lib/gcc/avr/7.3.0/avr5/libgcc.a(_umulhisi3.o)
 .text.libgcc.prologue
                0x0000000000002f84        0x0 /usr/lib/gcc/avr/7.3.0/avr5/libgcc.a(_umulhisi3.o)
 .text.libgcc.builtins
                0x0000000000002f84        0x0 /usr/lib/gcc/avr/7.3.0/avr5/libgcc.a(_umulhisi3.o)
 .text.libgcc.fmul
                0x0000000000002f84        0x0 /usr/lib/gcc/avr/7.3.0/avr5/libgcc.a(_umulhisi3.o)
 .text.libgcc.fixed
                0x0000000000002f84        0x0 /usr/lib/gcc/avr/7.3.0/avr5/libgcc.a(_umulhisi3.o)
 .text.avr-libc.fplib
                0x0000000000002f84        0xe /usr/lib/gcc/avr/7.3.0/../../../avr/lib/avr5/libm.a(addsf3.o)
                0x0000000000002f84                __subsf3
                0x0000000000002f86                __addsf3
 .text.avr-libc.fplib
                0x0000000000002f92       0xcc /usr/lib/gcc/avr/7.3.0/../../../avr/lib/avr5/libm.a(addsf3x.o)
                0x0000000000002fb4                __addsf3x
 .text.avr-libc.fplib
                0x000000000000305e        0xa /usr/lib/gcc/avr/7.3.0/../../../avr/lib/avr5/libm.a(cmpsf2.o)
                0x000000000000305e                __lesf2
                0x000000000000305e                __nesf2
                0x000000000000305e                __eqsf2
                0x000000000000305e                __cmpsf2
                0x000000000000305e                __ltsf2
 .text.avr-libc.fplib
                0x0000000000003068        0xe /usr/lib/gcc/avr/7.3.0/../../../avr/lib/avr5/libm.a(fixsfsi.o)
                0x0000000000003068                __fixsfsi
 .text.avr-libc.fplib
                0x0000000000003076       0x5e /usr/lib/gcc/avr/7.3.0/../../../avr/lib/avr5/libm.a(fixunssfsi.o)
                0x0000000000003076                __fixunssfsi
 .text.avr-libc.fplib
                0x00000000000030d4       0x7a /usr/lib/gcc/avr/7.3.0/../../../avr/lib/avr5/libm.a(floatsisf.o)
                0x00000000000030d4                __floatunsisf
                0x00000000000030d8                __floatsisf
 .text.avr-libc.fplib
                0x000000000000314e       0x48 /usr/lib/gcc/avr/7.3.0/../../../avr/lib/avr5/libm.a(fp_cmp.o)
                0x000000000000314e                __fp_cmp
 .text.avr-libc.fplib
                0x0000000000003196        0xc /usr/lib/gcc/avr/7.3.0/../../../avr/lib/avr5/libm.a(fp_inf.o)
                0x0000000000003196                __fp_inf
 .text.avr-libc.fplib
                0x00000000000031a2        0x6 /usr/lib/gcc/avr/7.3.0/../../../avr/lib/avr5/libm.a(fp_nan.o)
                0x00000000000031a2                __fp_nan
 .text.avr-libc.fplib
                0x00000000000031a8        0xe /usr/lib/gcc/avr/7.3.0/../../../avr/lib/avr5/libm.a(fp_pscA.o)
                0x00000000000031a8                __fp_pscA
 .text.avr-libc.fplib
                0x00000000000031b6        0xe /usr/lib/gcc/avr/7.3.0/../../../avr/lib/avr5/libm.a(fp_pscB.o)
                0x00000000000031b6                __fp_pscB
 .text.avr-libc.fplib
                0x00000000000031c4       0x22 /usr/lib/gcc/avr/7.3.0/../../../avr/lib/avr5/libm.a(fp_round.o)
                0x00000000000031c4                __fp_round
 .text.avr-libc.fplib
                0x00000000000031e6       0x44 /usr/lib/gcc/avr/7.3.0/../../../avr/lib/avr5/libm.a(fp_split3.o)
                0x00000000000031e6                __fp_split3
                0x00000000000031f6                __fp_splitA
 .text.avr-libc.fplib
                0x000000000000322a        0xe /usr/lib/gcc/avr/7.3.0/../../../avr/lib/avr5/libm.a(fp_zero.o)
                0x000000000000322a                __fp_zero
                0x000000000000322c                __fp_szero
 .text.avr-libc.fplib
                0x0000000000003238        0xa /usr/lib/gcc/avr/7.3.0/../../../avr/lib/avr5/libm.a(gesf2.o)
                0x0000000000003238                __gtsf2
                0x0000000000003238                __gesf2
 .text.avr-libc.fplib
                0x0000000000003242        0x8 /usr/lib/gcc/avr/7.3.0/../../../avr/lib/avr5/libm.a(mulsf3.o)
                0x0000000000003242                __mulsf3
 .text.avr-libc.fplib
                0x000000000000324a       0xd2 /usr/lib/gcc/avr/7.3.0/../../../avr/lib/avr5/libm.a(mulsf3x.o)
                0x0000000000003268                __mulsf3x
                0x000000000000326e                __mulsf3_pse
 .text.avr-libc
                0x000000000000331c      0x24a /usr/lib/gcc/avr/7.3.0/../../../avr/lib/avr5/libc.a(malloc.o)
                0x000000000000331c                malloc
                0x0000000000003454                free
 .text.avr-libc
                0x0000000000003566       0x20 /usr/lib/gcc/avr/7.3.0/../../../avr/lib/avr5/libatmega328p.a(eerd_block.o)
                0x0000000000003566                eeprom_read_block
                0x000000000000356a                eeprom_read_blraw
 .text.avr-libc
                0x0000000000003586       0x20 /usr/lib/gcc/avr/7.3.0/../../../avr/lib/avr5/libatmega328p.a(eeupd_block.o)
                0x0000000000003586                eeprom_update_block
 .text.avr-libc
                0x00000000000035a6       0x24 /usr/lib/gcc/avr/7.3.0/../../../avr/lib/avr5/libatmega328p.a(eeupd_byte.o)
                0x00000000000035a6                eeprom_update_byte
                0x00000000000035a8                eeprom_update_r18
                0x00000000000035ca                . = ALIGN (0x2)
 *(.fini9)
 .fini9         0x00000000000035ca        0x0 /usr/lib/gcc/avr/7.3.0/avr5/libgcc.a(_exit.o)
                0x00000000000035ca                exit
                0x00000000000035ca                _exit
 *(.fini9)
 *(.fini8)
 *(.fini8)
 *(.fini7)
 *(.fini7)
 *(.fini6)
 *(.fini6)
 *(.fini5)
 *(.fini5)
 *(.fini4)
 *(.fini4)
 *(.fini3)
 *(.fini3)
 *(.fini2)
 *(.fini2)
 *(.fini1)
 *(.fini1)
 *(.fini0)
 .fini0         0x00000000000035ca        0x4 /usr/lib/gcc/avr/7.3.0/avr5/libgcc.a(_exit.o)
 *(.fini0)
                0x00000000000035ce                _etext = .

.data           0x0000000000800100       0x18 load address 0x00000000000035ce
                0x0000000000800100                PROVIDE (__data_start, .)
 *(.data)
 .data          0x0000000000800100        0x0 /usr/lib/gcc/avr/7.3.0/../../../avr/lib/avr5/crtatmega328p.o
 .data          0x0000000000800100        0x0 main.o
 .data          0x0000000000800100        0x0 /tmp/cc7U0rFG.o
 .data          0x0000000000800100        0x0 /tmp/ccZP1q7p.o
 .data          0x0000000000800100        0x0 /tmp/ccvlIBRd.o
 .data          0x0000000000800100        0x0 /tmp/cc8ZurkR.o
 .data          0x0000000000800100        0x0 /tmp/cc4CczXN.o
 .data          0x0000000000800100        0x0 /tmp/ccVzMzMh.o
 .data          0x0000000000800100        0x0 /tmp/ccQFTHVo.o
 .data          0x0000000000800100        0x0 /tmp/ccL0dTJl.o
 .data          0x0000000000800100        0x0 /usr/lib/gcc/avr/7.3.0/avr5/libgcc.a(_divmodhi4.o)
 .data          0x0000000000800100        0x0 /usr/lib/gcc/avr/7.3.0/avr5/libgcc.a(_exit.o)
 .data          0x0000000000800100        0x0 /usr/lib/gcc/avr/7.3.0/avr5/libgcc.a(_tablejump2.o)
 .data          0x0000000000800100        0x0 /usr/lib/gcc/avr/7.3.0/avr5/libgcc.a(_copy_data.o)
 .data          0x0000000000800100        0x0 /usr/lib/gcc/avr/7.3.0/avr5/libgcc.a(_clear_bss.o)
 .data          0x0000000000800100        0x0 /usr/lib/gcc/avr/7.3.0/avr5/libgcc.a(_muluhisi3.o)
 .data          0x0000000000800100        0x0 /usr/lib/gcc/avr/7.3.0/avr5/libgcc.a(_udivmodhi4.o)
 .data          0x0000000000800100        0x0 /usr/lib/gcc/avr/7.3.0/avr5/libgcc.a(_umulhisi3.o)
 .data          0x0000000000800100        0x0 /usr/lib/gcc/avr/7.3.0/../../../avr/lib/avr5/libm.a(addsf3.o)
 .data          0x0000000000800100        0x0 /usr/lib/gcc/avr/7.3.0/../../../avr/lib/avr5/libm.a(addsf3x.o)
 .data          0x0000000000800100        0x0 /usr/lib/gcc/avr/7.3.0/../../../avr/lib/avr5/libm.a(cmpsf2.o)
 .data          0x0000000000800100        0x0 /usr/lib/gcc/avr/7.3.0/../../../avr/lib/avr5/libm.a(fixsfsi.o)
 .data          0x0000000000800100        0x0 /usr/lib/gcc/avr/7.3.0/../../../avr/lib/avr5/libm.a(fixunssfsi.o)
 .data          0x0000000000800100        0x0 /usr/lib/gcc/avr/7.3.0/../../../avr/lib/avr5/libm.a(floatsisf.o)
 .data          0x0000000000800100        0x0 /usr/lib/gcc/avr/7.3.0/../../../avr/lib/avr5/libm.a(fp_cmp.o)
 .data          0x0000000000800100        0x0 /usr/lib/gcc/avr/7.3.0/../../../avr/lib/avr5/libm.a(fp_inf.o)
 .data          0x0000000000800100        0x0 /usr/lib/gcc/avr/7.3.0/../../../avr/lib/avr5/libm.a(fp_nan.o)
 .data          0x0000000000800100        0x0 /usr/lib/gcc/avr/7.3.0/../../../avr/lib/avr5/libm.a(fp_pscA.o)
 .data          0x0000000000800100        0x0 /usr/lib/gcc/avr/7.3.0/../../../avr/lib/avr5/libm.a(fp_pscB.o)
 .data          0x0000000000800100        0x0 /usr/lib/gcc/avr/7.3.0/../../../avr/lib/avr5/libm.a(fp_round.o)
 .data          0x0000000000800100        0x0 /usr/lib/gcc/avr/7.3.0/../../../avr/lib/avr5/libm.a(fp_split3.o)
 .data          0x0000000000800100        0x0 /usr/lib/gcc/avr/7.3.0/../../../avr/lib/avr5/libm.a(fp_zero.o)
 .data          0x0000000000800100        0x0 /usr/lib/gcc/avr/7.3.0/../../../avr/lib/avr5/libm.a(gesf2.o)
 .data          0x0000000000800100        0x0 /usr/lib/gcc/avr/7.3.0/../../../avr/lib/avr5/libm.a(mulsf3.o)
 .data          0x0000000000800100        0x0 /usr/lib/gcc/avr/7.3.0/../../../avr/lib/avr5/libm.a(mulsf3x.o)
 .data          0x0000000000800100        0x6 /usr/lib/gcc/avr/7.3.0/../../../avr/lib/avr5/libc.a(malloc.o)
                0x0000000000800100                __malloc_heap_end
                0x0000000000800102                __malloc_heap_start
                0x0000000000800104                __malloc_margin
 .data          0x0000000000800106        0x0 /usr/lib/gcc/avr/7.3.0/../../../avr/lib/avr5/libatmega328p.a(eerd_block.o)
 .data          0x0000000000800106        0x0 /usr/lib/gcc/avr/7.3.0/../../../avr/lib/avr5/libatmega328p.a(eeupd_block.o)
 .data          0x0000000000800106        0x0 /usr/lib/gcc/avr/7.3.0/../../../avr/lib/avr5/libatmega328p.a(eeupd_byte.o)
 *(.data*)
 *(.gnu.linkonce.d*)
 *(.rodata)
 .rodata        0x0000000000800106       0x11 /tmp/cc8ZurkR.o
                0x0000000000800106                digit_values
 *(.rodata*)
 *(.gnu.linkonce.r*)
                0x0000000000800118                . = ALIGN (0x2)
 *fill*         0x0000000000800117        0x1 
                0x0000000000800118                _edata = .
                0x0000000000800118                PROVIDE (__data_end, .)

.bss            0x0000000000800118      0x1db
                0x0000000000800118                PROVIDE (__bss_start, .)
 *(.bss)
 .bss           0x0000000000800118        0x0 /usr/lib/gcc/avr/7.3.0/../../../avr/lib/avr5/crtatmega328p.o
 .bss           0x0000000000800118        0x0 main.o
 .bss           0x0000000000800118        0x0 /tmp/cc7U0rFG.o
 .bss           0x0000000000800118        0x0 /tmp/ccZP1q7p.o
 .bss           0x0000000000800118        0x0 /tmp/ccvlIBRd.o
 .bss           0x0000000000800118        0x0 /tmp/cc8ZurkR.o
 .bss           0x0000000000800118        0x2 /tmp/cc4CczXN.o
 .bss           0x000000000080011a        0x6 /tmp/ccVzMzMh.o
                0x000000000080011a                transmitting
                0x000000000080011b                txBufferLength
                0x000000000080011c                txBufferIndex
                0x000000000080011d                txAddress
                0x000000000080011e                rxBufferLength
                0x000000000080011f                rxBufferIndex
 .bss           0x0000000000800120       0x6c /tmp/ccQFTHVo.o
 .bss           0x000000000080018c        0x0 /tmp/ccL0dTJl.o
 .bss           0x000000000080018c        0x0 /usr/lib/gcc/avr/7.3.0/avr5/libgcc.a(_divmodhi4.o)
 .bss           0x000000000080018c        0x0 /usr/lib/gcc/avr/7.3.0/avr5/libgcc.a(_exit.o)
 .bss           0x000000000080018c        0x0 /usr/lib/gcc/avr/7.3.0/avr5/libgcc.a(_tablejump2.o)
 .bss           0x000000000080018c        0x0 /usr/lib/gcc/avr/7.3.0/avr5/libgcc.a(_copy_data.o)
 .bss           0x000000000080018c        0x0 /usr/lib/gcc/avr/7.3.0/avr5/libgcc.a(_clear_bss.o)
 .bss           0x000000000080018c        0x0 /usr/lib/gcc/avr/7.3.0/avr5/libgcc.a(_muluhisi3.o)
 .bss           0x000000000080018c        0x0 /usr/lib/gcc/avr/7.3.0/avr5/libgcc.a(_udivmodhi4.o)
 .bss           0x000000000080018c        0x0 /usr/lib/gcc/avr/7.3.0/avr5/libgcc.a(_umulhisi3.o)
 .bss           0x000000000080018c        0x0 /usr/lib/gcc/avr/7.3.0/../../../avr/lib/avr5/libm.a(addsf3.o)
 .bss           0x000000000080018c        0x0 /usr/lib/gcc/avr/7.3.0/../../../avr/lib/avr5/libm.a(addsf3x.o)
 .bss           0x000000000080018c        0x0 /usr/lib/gcc/avr/7.3.0/../../../avr/lib/avr5/libm.a(cmpsf2.o)
 .bss           0x000000000080018c        0x0 /usr/lib/gcc/avr/7.3.0/../../../avr/lib/avr5/libm.a(fixsfsi.o)
 .bss           0x000000000080018c        0x0 /usr/lib/gcc/avr/7.3.0/../../../avr/lib/avr5/libm.a(fixunssfsi.o)
 .bss           0x000000000080018c        0x0 /usr/lib/gcc/avr/7.3.0/../../../avr/lib/avr5/libm.a(floatsisf.o)
 .bss           0x000000000080018c        0x0 /usr/lib/gcc/avr/7.3.0/../../../avr/lib/avr5/libm.a(fp_cmp.o)
 .bss           0x000000000080018c        0x0 /usr/lib/gcc/avr/7.3.0/../../../avr/lib/avr5/libm.a(fp_inf.o)
 .bss           0x000000000080018c        0x0 /usr/lib/gcc/avr/7.3.0/../../../avr/lib/avr5/libm.a(fp_nan.o)
 .bss           0x000000000080018c        0x0 /usr/lib/gcc/avr/7.3.0/../../../avr/lib/avr5/libm.a(fp_pscA.o)
 .bss           0x000000000080018c        0x0 /usr/lib/gcc/avr/7.3.0/../../../avr/lib/avr5/libm.a(fp_pscB.o)
 .bss           0x000000000080018c        0x0 /usr/lib/gcc/avr/7.3.0/../../../avr/lib/avr5/libm.a(fp_round.o)
 .bss           0x000000000080018c        0x0 /usr/lib/gcc/avr/7.3.0/../../../avr/lib/avr5/libm.a(fp_split3.o)
 .bss           0x000000000080018c        0x0 /usr/lib/gcc/avr/7.3.0/../../../avr/lib/avr5/libm.a(fp_zero.o)
 .bss           0x000000000080018c        0x0 /usr/lib/gcc/avr/7.3.0/../../../avr/lib/avr5/libm.a(gesf2.o)
 .bss           0x000000000080018c        0x0 /usr/lib/gcc/avr/7.3.0/../../../avr/lib/avr5/libm.a(mulsf3.o)
 .bss           0x000000000080018c        0x0 /usr/lib/gcc/avr/7.3.0/../../../avr/lib/avr5/libm.a(mulsf3x.o)
 .bss           0x000000000080018c        0x0 /usr/lib/gcc/avr/7.3.0/../../../avr/lib/avr5/libc.a(malloc.o)
 .bss           0x000000000080018c        0x0 /usr/lib/gcc/avr/7.3.0/../../../avr/lib/avr5/libatmega328p.a(eerd_block.o)
 .bss           0x000000000080018c        0x0 /usr/lib/gcc/avr/7.3.0/../../../avr/lib/avr5/libatmega328p.a(eeupd_block.o)
 .bss           0x000000000080018c        0x0 /usr/lib/gcc/avr/7.3.0/../../../avr/lib/avr5/libatmega328p.a(eeupd_byte.o)
 *(.bss*)
 *(COMMON)
 COMMON         0x000000000080018c       0x97 main.o
                0x000000000080018c                year_state
                0x000000000080018e                month_day_state
                0x0000000000800190                plus_button
                0x00000000008001b4                testing_state
                0x00000000008001b6                hour_min_state
                0x00000000008001b8                alarm_state
                0x00000000008001ba                temperature
                0x00000000008001be                alarm_settings
                0x00000000008001c0                main_state
                0x00000000008001c2                humidity
                0x00000000008001c6                humidity_state
                0x00000000008001c8                minus_button
                0x00000000008001ec                display_updated
                0x00000000008001ed                state_start
                0x00000000008001ee                ALARM_OFF_DISPLAY_VALUE
                0x00000000008001f2                adjust_button
                0x0000000000800216                temperature_state
                0x0000000000800218                main_state_swapped
                0x0000000000800219                clock_time
                0x000000000080021b                t_millis
                0x000000000080021f                prev_millis_read_rtc
 COMMON         0x0000000000800223        0x4 /tmp/cc7U0rFG.o
                0x0000000000800223                millis
 COMMON         0x0000000000800227       0x71 /tmp/cc8ZurkR.o
                0x0000000000800227                colon_pin
                0x000000000080022e                digit_pins
                0x000000000080024a                display_data
                0x0000000000800258                flash_colon
                0x0000000000800259                prev_millis_flash
                0x000000000080025d                segment_pins
                0x0000000000800295                flash_digits_minutes
                0x0000000000800296                flash_all_digits
                0x0000000000800297                flash_digits_hours
 COMMON         0x0000000000800298       0x11 /tmp/cc4CczXN.o
                0x0000000000800298                _tm
 COMMON         0x00000000008002a9       0x44 /tmp/ccVzMzMh.o
                0x00000000008002a9                user_onRequest
                0x00000000008002ab                rxBuffer
                0x00000000008002cb                txBuffer
                0x00000000008002eb                user_onReceive
 COMMON         0x00000000008002ed        0x2 /tmp/ccL0dTJl.o
                0x00000000008002ed                __DHT_STATUS
 COMMON         0x00000000008002ef        0x4 /usr/lib/gcc/avr/7.3.0/../../../avr/lib/avr5/libc.a(malloc.o)
                0x00000000008002ef                __brkval
                0x00000000008002f1                __flp
                0x00000000008002f3                PROVIDE (__bss_end, .)
                0x00000000000035ce                __data_load_start = LOADADDR (.data)
                0x00000000000035e6                __data_load_end = (__data_load_start + SIZEOF (.data))

.noinit         0x00000000008002f3        0x0
                [!provide]                        PROVIDE (__noinit_start, .)
 *(.noinit*)
                [!provide]                        PROVIDE (__noinit_end, .)
                0x00000000008002f3                _end = .
                0x00000000008002f3                PROVIDE (__heap_start, .)

.eeprom         0x0000000000810000        0x0
 *(.eeprom*)
                0x0000000000810000                __eeprom_end = .

.fuse
 *(.fuse)
 *(.lfuse)
 *(.hfuse)
 *(.efuse)

.lock
 *(.lock*)

.signature
 *(.signature*)

.user_signatures
 *(.user_signatures*)

.stab           0x0000000000000000     0x8640
 *(.stab)
 .stab          0x0000000000000000     0x1e0c main.o
 .stab          0x0000000000001e0c      0x624 /tmp/cc7U0rFG.o
                                        0x7e0 (size before relaxing)
 .stab          0x0000000000002430      0x678 /tmp/ccZP1q7p.o
                                        0x858 (size before relaxing)
 .stab          0x0000000000002aa8      0xabc /tmp/ccvlIBRd.o
                                        0xd98 (size before relaxing)
 .stab          0x0000000000003564     0x12cc /tmp/cc8ZurkR.o
                                       0x1590 (size before relaxing)
 .stab          0x0000000000004830     0x1d34 /tmp/cc4CczXN.o
                                       0x1f20 (size before relaxing)
 .stab          0x0000000000006564      0xabc /tmp/ccVzMzMh.o
                                        0xca8 (size before relaxing)
 .stab          0x0000000000007020      0xc84 /tmp/ccQFTHVo.o
                                        0xe94 (size before relaxing)
 .stab          0x0000000000007ca4      0x99c /tmp/ccL0dTJl.o
                                        0xb70 (size before relaxing)

.stabstr        0x0000000000000000     0x33e1
 *(.stabstr)
 .stabstr       0x0000000000000000     0x33e1 main.o

.stab.excl
 *(.stab.excl)

.stab.exclstr
 *(.stab.exclstr)

.stab.index
 *(.stab.index)

.stab.indexstr
 *(.stab.indexstr)

.comment        0x0000000000000000       0x11
 *(.comment)
 .comment       0x0000000000000000       0x11 main.o
                                         0x12 (size before relaxing)
 .comment       0x0000000000000011       0x12 /tmp/cc7U0rFG.o
 .comment       0x0000000000000011       0x12 /tmp/ccZP1q7p.o
 .comment       0x0000000000000011       0x12 /tmp/ccvlIBRd.o
 .comment       0x0000000000000011       0x12 /tmp/cc8ZurkR.o
 .comment       0x0000000000000011       0x12 /tmp/cc4CczXN.o
 .comment       0x0000000000000011       0x12 /tmp/ccVzMzMh.o
 .comment       0x0000000000000011       0x12 /tmp/ccQFTHVo.o
 .comment       0x0000000000000011       0x12 /tmp/ccL0dTJl.o
 .comment       0x0000000000000011       0x12 /usr/lib/gcc/avr/7.3.0/../../../avr/lib/avr5/libc.a(malloc.o)

.note.gnu.avr.deviceinfo
                0x0000000000000000       0x40
 .note.gnu.avr.deviceinfo
                0x0000000000000000       0x40 /usr/lib/gcc/avr/7.3.0/../../../avr/lib/avr5/crtatmega328p.o

.avr.prop       0x0000000000000000       0x2c
 .avr.prop      0x0000000000000000       0x16 main.o
 .avr.prop      0x0000000000000016       0x16 /tmp/ccQFTHVo.o

.note.gnu.build-id
 *(.note.gnu.build-id)

.debug
 *(.debug)

.line
 *(.line)

.debug_srcinfo
 *(.debug_srcinfo)

.debug_sfnames
 *(.debug_sfnames)

.debug_aranges
 *(.debug_aranges)

.debug_pubnames
 *(.debug_pubnames)

.debug_info     0x0000000000000000      0x5f4
 *(.debug_info .gnu.linkonce.wi.*)
 .debug_info    0x0000000000000000      0x5f4 /usr/lib/gcc/avr/7.3.0/../../../avr/lib/avr5/crtatmega328p.o

.debug_abbrev   0x0000000000000000      0x5a2
 *(.debug_abbrev)
 .debug_abbrev  0x0000000000000000      0x5a2 /usr/lib/gcc/avr/7.3.0/../../../avr/lib/avr5/crtatmega328p.o

.debug_line     0x0000000000000000       0x1a
 *(.debug_line .debug_line.* .debug_line_end)
 .debug_line    0x0000000000000000       0x1a /usr/lib/gcc/avr/7.3.0/../../../avr/lib/avr5/crtatmega328p.o

.debug_frame
 *(.debug_frame)

.debug_str      0x0000000000000000      0x208
 *(.debug_str)
 .debug_str     0x0000000000000000      0x208 /usr/lib/gcc/avr/7.3.0/../../../avr/lib/avr5/crtatmega328p.o

.debug_loc
 *(.debug_loc)

.debug_macinfo
 *(.debug_macinfo)

.debug_weaknames
 *(.debug_weaknames)

.debug_funcnames
 *(.debug_funcnames)

.debug_typenames
 *(.debug_typenames)

.debug_varnames
 *(.debug_varnames)

.debug_pubtypes
 *(.debug_pubtypes)

.debug_ranges
 *(.debug_ranges)

.debug_macro
 *(.debug_macro)
OUTPUT(main.elf elf32-avr)
LOAD linker stubs
