Archive member included to satisfy reference by file (symbol)

/usr/lib/gcc/avr/7.3.0/avr5/libgcc.a(_divmodhi4.o)
                              /tmp/ccTGOgmY.o (__divmodhi4)
/usr/lib/gcc/avr/7.3.0/avr5/libgcc.a(_exit.o)
                              /usr/lib/gcc/avr/7.3.0/../../../avr/lib/avr5/crtatmega328p.o (exit)
/usr/lib/gcc/avr/7.3.0/avr5/libgcc.a(_tablejump2.o)
                              /tmp/ccOhSNoM.o (__tablejump2__)
/usr/lib/gcc/avr/7.3.0/avr5/libgcc.a(_copy_data.o)
                              /tmp/ccTGOgmY.o (__do_copy_data)
/usr/lib/gcc/avr/7.3.0/avr5/libgcc.a(_clear_bss.o)
                              main.o (__do_clear_bss)
/usr/lib/gcc/avr/7.3.0/avr5/libgcc.a(_muluhisi3.o)
                              /tmp/cc38K1qr.o (__muluhisi3)
/usr/lib/gcc/avr/7.3.0/avr5/libgcc.a(_udivmodhi4.o)
                              /usr/lib/gcc/avr/7.3.0/avr5/libgcc.a(_divmodhi4.o) (__udivmodhi4)
/usr/lib/gcc/avr/7.3.0/avr5/libgcc.a(_umulhisi3.o)
                              /usr/lib/gcc/avr/7.3.0/avr5/libgcc.a(_muluhisi3.o) (__umulhisi3)
/usr/lib/gcc/avr/7.3.0/../../../avr/lib/avr5/libm.a(addsf3.o)
                              /tmp/ccvBTHRw.o (__addsf3)
/usr/lib/gcc/avr/7.3.0/../../../avr/lib/avr5/libm.a(addsf3x.o)
                              /usr/lib/gcc/avr/7.3.0/../../../avr/lib/avr5/libm.a(addsf3.o) (__addsf3x)
/usr/lib/gcc/avr/7.3.0/../../../avr/lib/avr5/libm.a(cmpsf2.o)
                              /tmp/ccTGOgmY.o (__ltsf2)
/usr/lib/gcc/avr/7.3.0/../../../avr/lib/avr5/libm.a(divsf3.o)
                              /tmp/ccvBTHRw.o (__divsf3)
/usr/lib/gcc/avr/7.3.0/../../../avr/lib/avr5/libm.a(divsf3x.o)
                              /usr/lib/gcc/avr/7.3.0/../../../avr/lib/avr5/libm.a(divsf3.o) (__divsf3x)
/usr/lib/gcc/avr/7.3.0/../../../avr/lib/avr5/libm.a(fixsfsi.o)
                              /tmp/ccTGOgmY.o (__fixsfsi)
/usr/lib/gcc/avr/7.3.0/../../../avr/lib/avr5/libm.a(fixunssfsi.o)
                              /usr/lib/gcc/avr/7.3.0/../../../avr/lib/avr5/libm.a(fixsfsi.o) (__fixunssfsi)
/usr/lib/gcc/avr/7.3.0/../../../avr/lib/avr5/libm.a(floatsisf.o)
                              /tmp/ccvBTHRw.o (__floatunsisf)
/usr/lib/gcc/avr/7.3.0/../../../avr/lib/avr5/libm.a(fp_cmp.o)
                              /usr/lib/gcc/avr/7.3.0/../../../avr/lib/avr5/libm.a(cmpsf2.o) (__fp_cmp)
/usr/lib/gcc/avr/7.3.0/../../../avr/lib/avr5/libm.a(fp_inf.o)
                              /usr/lib/gcc/avr/7.3.0/../../../avr/lib/avr5/libm.a(addsf3x.o) (__fp_inf)
/usr/lib/gcc/avr/7.3.0/../../../avr/lib/avr5/libm.a(fp_nan.o)
                              /usr/lib/gcc/avr/7.3.0/../../../avr/lib/avr5/libm.a(addsf3x.o) (__fp_nan)
/usr/lib/gcc/avr/7.3.0/../../../avr/lib/avr5/libm.a(fp_pscA.o)
                              /usr/lib/gcc/avr/7.3.0/../../../avr/lib/avr5/libm.a(addsf3x.o) (__fp_pscA)
/usr/lib/gcc/avr/7.3.0/../../../avr/lib/avr5/libm.a(fp_pscB.o)
                              /usr/lib/gcc/avr/7.3.0/../../../avr/lib/avr5/libm.a(addsf3x.o) (__fp_pscB)
/usr/lib/gcc/avr/7.3.0/../../../avr/lib/avr5/libm.a(fp_round.o)
                              /usr/lib/gcc/avr/7.3.0/../../../avr/lib/avr5/libm.a(addsf3.o) (__fp_round)
/usr/lib/gcc/avr/7.3.0/../../../avr/lib/avr5/libm.a(fp_split3.o)
                              /usr/lib/gcc/avr/7.3.0/../../../avr/lib/avr5/libm.a(addsf3x.o) (__fp_split3)
/usr/lib/gcc/avr/7.3.0/../../../avr/lib/avr5/libm.a(fp_zero.o)
                              /usr/lib/gcc/avr/7.3.0/../../../avr/lib/avr5/libm.a(addsf3x.o) (__fp_zero)
/usr/lib/gcc/avr/7.3.0/../../../avr/lib/avr5/libm.a(gesf2.o)
                              /tmp/ccTGOgmY.o (__gtsf2)
/usr/lib/gcc/avr/7.3.0/../../../avr/lib/avr5/libm.a(mulsf3.o)
                              /tmp/ccTGOgmY.o (__mulsf3)
/usr/lib/gcc/avr/7.3.0/../../../avr/lib/avr5/libm.a(mulsf3x.o)
                              /usr/lib/gcc/avr/7.3.0/../../../avr/lib/avr5/libm.a(mulsf3.o) (__mulsf3x)
/usr/lib/gcc/avr/7.3.0/../../../avr/lib/avr5/libc.a(malloc.o)
                              /tmp/ccspFTXW.o (malloc)
/usr/lib/gcc/avr/7.3.0/../../../avr/lib/avr5/libatmega328p.a(eerd_block.o)
                              /tmp/ccVeHRx8.o (eeprom_read_block)
/usr/lib/gcc/avr/7.3.0/../../../avr/lib/avr5/libatmega328p.a(eeupd_block.o)
                              /tmp/ccVeHRx8.o (eeprom_update_block)
/usr/lib/gcc/avr/7.3.0/../../../avr/lib/avr5/libatmega328p.a(eeupd_byte.o)
                              /usr/lib/gcc/avr/7.3.0/../../../avr/lib/avr5/libatmega328p.a(eeupd_block.o) (eeprom_update_r18)

Allocating common symbols
Common symbol       size              file

colon_pin           0x7               /tmp/ccTGOgmY.o
user_onRequest      0x2               /tmp/ccuylfdh.o
colors              0x1b              main.o
plus_button         0x24              main.o
digit_pins          0x1c              /tmp/ccTGOgmY.o
note_sequence       0x2               /tmp/ccspFTXW.o
display_data        0xe               /tmp/ccTGOgmY.o
prev_millis_read_dht
                    0x4               main.o
flash_colon         0x1               /tmp/ccTGOgmY.o
prev_millis_flash   0x4               /tmp/ccTGOgmY.o
dht_values          0x8               main.o
__brkval            0x2               /usr/lib/gcc/avr/7.3.0/../../../avr/lib/avr5/libc.a(malloc.o)
lclk_pin            0x7               /tmp/ccTGOgmY.o
alarm_memory        0xf               main.o
alarm_settings      0x3               main.o
led                 0x18              main.o
read_rtc            0x1               main.o
minus_button        0x24              main.o
rxBuffer            0x20              /tmp/ccuylfdh.o
srclk_pin           0x7               /tmp/ccTGOgmY.o
txBuffer            0x20              /tmp/ccuylfdh.o
prev_minus_btn_callback
                    0x2               main.o
ws2812_pin_struct   0x7               main.o
flash_digits_minutes
                    0x1               /tmp/ccTGOgmY.o
ALARM_OFF_DISPLAY_VALUE
                    0x4               main.o
fsm_variables       0x13              main.o
DHT22_pin           0x7               /tmp/ccvBTHRw.o
adjust_button       0x24              main.o
_tm                 0x11              /tmp/ccUUteW8.o
prev_plus_btn_callback
                    0x2               main.o
flash_all_digits    0x1               /tmp/ccTGOgmY.o
__flp               0x2               /usr/lib/gcc/avr/7.3.0/../../../avr/lib/avr5/libc.a(malloc.o)
clock_time          0x2               main.o
ser_pin             0x7               /tmp/ccTGOgmY.o
is_playing          0x1               /tmp/ccspFTXW.o
t_millis            0x4               main.o
dht22_raw_values    0x5               /tmp/ccvBTHRw.o
user_onReceive      0x2               /tmp/ccuylfdh.o
flash_digits_hours  0x1               /tmp/ccTGOgmY.o
prev_adjust_btn_callback
                    0x2               main.o
prev_millis_read_rtc
                    0x4               main.o
millis              0x4               /tmp/cc38K1qr.o

Memory Configuration

Name             Origin             Length             Attributes
text             0x0000000000000000 0x0000000000008000 xr
data             0x0000000000800100 0x0000000000000800 rw !x
eeprom           0x0000000000810000 0x0000000000000400 rw !x
fuse             0x0000000000820000 0x0000000000000003 rw !x
lock             0x0000000000830000 0x0000000000000400 rw !x
signature        0x0000000000840000 0x0000000000000400 rw !x
user_signatures  0x0000000000850000 0x0000000000000400 rw !x
*default*        0x0000000000000000 0xffffffffffffffff

Linker script and memory map

Address of section .data set to 0x800100
LOAD /usr/lib/gcc/avr/7.3.0/../../../avr/lib/avr5/crtatmega328p.o
LOAD main.o
LOAD /tmp/cc38K1qr.o
LOAD /tmp/ccnFO28E.o
LOAD /tmp/ccUzMx8K.o
LOAD /tmp/ccTGOgmY.o
LOAD /tmp/ccUUteW8.o
LOAD /tmp/ccuylfdh.o
LOAD /tmp/ccOhSNoM.o
LOAD /tmp/ccvBTHRw.o
LOAD /tmp/ccspFTXW.o
LOAD /tmp/cc5Clb4w.o
LOAD /tmp/ccVeHRx8.o
LOAD /tmp/ccaUlx5K.o
LOAD /tmp/ccto9dS9.o
START GROUP
LOAD /usr/lib/gcc/avr/7.3.0/avr5/libgcc.a
LOAD /usr/lib/gcc/avr/7.3.0/../../../avr/lib/avr5/libm.a
LOAD /usr/lib/gcc/avr/7.3.0/../../../avr/lib/avr5/libc.a
LOAD /usr/lib/gcc/avr/7.3.0/../../../avr/lib/avr5/libatmega328p.a
END GROUP
                0x0000000000000000                __TEXT_REGION_ORIGIN__ = DEFINED (__TEXT_REGION_ORIGIN__)?__TEXT_REGION_ORIGIN__:0x0
                [0x0000000000800100]                __DATA_REGION_ORIGIN__ = DEFINED (__DATA_REGION_ORIGIN__)?__DATA_REGION_ORIGIN__:0x800060
                [0x0000000000008000]                __TEXT_REGION_LENGTH__ = DEFINED (__TEXT_REGION_LENGTH__)?__TEXT_REGION_LENGTH__:0x20000
                [0x0000000000000800]                __DATA_REGION_LENGTH__ = DEFINED (__DATA_REGION_LENGTH__)?__DATA_REGION_LENGTH__:0xffa0
                [0x0000000000000400]                __EEPROM_REGION_LENGTH__ = DEFINED (__EEPROM_REGION_LENGTH__)?__EEPROM_REGION_LENGTH__:0x10000
                [0x0000000000000003]                __FUSE_REGION_LENGTH__ = DEFINED (__FUSE_REGION_LENGTH__)?__FUSE_REGION_LENGTH__:0x400
                0x0000000000000400                __LOCK_REGION_LENGTH__ = DEFINED (__LOCK_REGION_LENGTH__)?__LOCK_REGION_LENGTH__:0x400
                0x0000000000000400                __SIGNATURE_REGION_LENGTH__ = DEFINED (__SIGNATURE_REGION_LENGTH__)?__SIGNATURE_REGION_LENGTH__:0x400
                0x0000000000000400                __USER_SIGNATURE_REGION_LENGTH__ = DEFINED (__USER_SIGNATURE_REGION_LENGTH__)?__USER_SIGNATURE_REGION_LENGTH__:0x400

.hash
 *(.hash)

.dynsym
 *(.dynsym)

.dynstr
 *(.dynstr)

.gnu.version
 *(.gnu.version)

.gnu.version_d
 *(.gnu.version_d)

.gnu.version_r
 *(.gnu.version_r)

.rel.init
 *(.rel.init)

.rela.init
 *(.rela.init)

.rel.text
 *(.rel.text)
 *(.rel.text.*)
 *(.rel.gnu.linkonce.t*)

.rela.text
 *(.rela.text)
 *(.rela.text.*)
 *(.rela.gnu.linkonce.t*)

.rel.fini
 *(.rel.fini)

.rela.fini
 *(.rela.fini)

.rel.rodata
 *(.rel.rodata)
 *(.rel.rodata.*)
 *(.rel.gnu.linkonce.r*)

.rela.rodata
 *(.rela.rodata)
 *(.rela.rodata.*)
 *(.rela.gnu.linkonce.r*)

.rel.data
 *(.rel.data)
 *(.rel.data.*)
 *(.rel.gnu.linkonce.d*)

.rela.data
 *(.rela.data)
 *(.rela.data.*)
 *(.rela.gnu.linkonce.d*)

.rel.ctors
 *(.rel.ctors)

.rela.ctors
 *(.rela.ctors)

.rel.dtors
 *(.rel.dtors)

.rela.dtors
 *(.rela.dtors)

.rel.got
 *(.rel.got)

.rela.got
 *(.rela.got)

.rel.bss
 *(.rel.bss)

.rela.bss
 *(.rela.bss)

.rel.plt
 *(.rel.plt)

.rela.plt
 *(.rela.plt)

.text           0x0000000000000000     0x4410
 *(.vectors)
 .vectors       0x0000000000000000       0x68 /usr/lib/gcc/avr/7.3.0/../../../avr/lib/avr5/crtatmega328p.o
                0x0000000000000000                __vectors
                0x0000000000000000                __vector_default
 *(.vectors)
 *(.progmem.gcc*)
                0x0000000000000068                . = ALIGN (0x2)
                0x0000000000000068                __trampolines_start = .
 *(.trampolines)
 .trampolines   0x0000000000000068        0x0 linker stubs
 *(.trampolines*)
                0x0000000000000068                __trampolines_end = .
 *libprintf_flt.a:*(.progmem.data)
 *libc.a:*(.progmem.data)
 *(.progmem*)
                0x0000000000000068                . = ALIGN (0x2)
 *(.jumptables)
 *(.jumptables*)
 *(.lowtext)
 *(.lowtext*)
                0x0000000000000068                __ctors_start = .
 *(.ctors)
                0x0000000000000068                __ctors_end = .
                0x0000000000000068                __dtors_start = .
 *(.dtors)
                0x0000000000000068                __dtors_end = .
 SORT(*)(.ctors)
 SORT(*)(.dtors)
 *(.init0)
 .init0         0x0000000000000068        0x0 /usr/lib/gcc/avr/7.3.0/../../../avr/lib/avr5/crtatmega328p.o
                0x0000000000000068                __init
 *(.init0)
 *(.init1)
 *(.init1)
 *(.init2)
 .init2         0x0000000000000068        0xc /usr/lib/gcc/avr/7.3.0/../../../avr/lib/avr5/crtatmega328p.o
 *(.init2)
 *(.init3)
 *(.init3)
 *(.init4)
 .init4         0x0000000000000074       0x16 /usr/lib/gcc/avr/7.3.0/avr5/libgcc.a(_copy_data.o)
                0x0000000000000074                __do_copy_data
 .init4         0x000000000000008a       0x10 /usr/lib/gcc/avr/7.3.0/avr5/libgcc.a(_clear_bss.o)
                0x000000000000008a                __do_clear_bss
 *(.init4)
 *(.init5)
 *(.init5)
 *(.init6)
 *(.init6)
 *(.init7)
 *(.init7)
 *(.init8)
 *(.init8)
 *(.init9)
 .init9         0x000000000000009a        0x8 /usr/lib/gcc/avr/7.3.0/../../../avr/lib/avr5/crtatmega328p.o
 *(.init9)
 *(.text)
 .text          0x00000000000000a2        0x4 /usr/lib/gcc/avr/7.3.0/../../../avr/lib/avr5/crtatmega328p.o
                0x00000000000000a2                __vector_22
                0x00000000000000a2                __vector_1
                0x00000000000000a2                __vector_12
                0x00000000000000a2                __bad_interrupt
                0x00000000000000a2                __vector_6
                0x00000000000000a2                __vector_3
                0x00000000000000a2                __vector_23
                0x00000000000000a2                __vector_25
                0x00000000000000a2                __vector_11
                0x00000000000000a2                __vector_13
                0x00000000000000a2                __vector_17
                0x00000000000000a2                __vector_19
                0x00000000000000a2                __vector_7
                0x00000000000000a2                __vector_5
                0x00000000000000a2                __vector_4
                0x00000000000000a2                __vector_9
                0x00000000000000a2                __vector_2
                0x00000000000000a2                __vector_21
                0x00000000000000a2                __vector_15
                0x00000000000000a2                __vector_8
                0x00000000000000a2                __vector_10
                0x00000000000000a2                __vector_16
                0x00000000000000a2                __vector_18
                0x00000000000000a2                __vector_20
 .text          0x00000000000000a6       0x50 main.o
                0x00000000000000a6                __vector_14
 .text          0x00000000000000f6       0xca /tmp/cc38K1qr.o
                0x00000000000000f6                millis_timer_ISR_loop
                0x000000000000011e                millis_timer_init
                0x0000000000000150                get_millis
                0x0000000000000168                get_micros
 .text          0x00000000000001c0      0x14e /tmp/ccnFO28E.o
                0x00000000000001c0                gpio_set_pin_output
                0x00000000000001e2                gpio_set_pin_input
                0x0000000000000204                gpio_set_pin_input_pullup
                0x0000000000000238                gpio_toggle_pin_mode
                0x000000000000025a                gpio_read_pin
                0x0000000000000274                gpio_set_pin_val
                0x00000000000002a2                gpio_set_pin_high
                0x00000000000002c6                gpio_set_pin_low
                0x00000000000002ea                gpio_toggle_pin_output
 .text          0x000000000000030e      0x2a8 /tmp/ccUzMx8K.o
                0x000000000000030e                button_setup
                0x0000000000000346                button_set_debounce_ms
                0x000000000000034e                button_set_click_ms
                0x0000000000000356                button_set_press_ms
                0x000000000000035e                button_attach_single_click
                0x0000000000000366                button_get_single_click_action
                0x000000000000036e                button_attach_double_click
                0x0000000000000376                button_get_double_click_action
                0x000000000000037e                button_attach_long_press
                0x0000000000000386                button_get_long_press_action
                0x000000000000038e                button_debounce
                0x0000000000000404                _newState
                0x0000000000000420                button_reset
                0x000000000000043e                button_fsm
                0x00000000000005a0                button_loop
 .text          0x00000000000005b6      0x86e /tmp/ccTGOgmY.o
                0x00000000000005b6                seven_segment_init
                0x00000000000006b2                seven_segment_loop_isr
                0x00000000000007a2                seven_segment_clear_all
                0x00000000000007ba                seven_segment_set_all
                0x00000000000007d6                seven_segment_write_byte_to_digit
                0x000000000000080e                seven_segment_write_bytes
                0x0000000000000832                seven_segment_write_digit_val_to_digit
                0x0000000000000840                seven_segment_write_digit_vals
                0x000000000000086c                seven_segment_set_colon
                0x0000000000000872                seven_segment_set_decimal_point
                0x000000000000088a                seven_segment_flashing_loop
                0x0000000000000998                seven_segment_flash_colon
                0x000000000000099e                seven_segment_flash_digits_minutes
                0x00000000000009a4                seven_segment_flash_digits_hours
                0x00000000000009aa                seven_segment_flash_all_digits
                0x00000000000009b0                seven_segment_show_hour_minute
                0x0000000000000a52                seven_segment_show_month_day
                0x0000000000000b30                seven_segment_show_year
                0x0000000000000bd8                seven_segment_show_temperature
                0x0000000000000d28                seven_segment_show_humidity
 .text          0x0000000000000e24      0xb86 /tmp/ccUUteW8.o
                0x0000000000000e24                dec2bcd
                0x0000000000000e48                bcd2dec
                0x0000000000000e5e                rtc_read_byte
                0x0000000000000e80                rtc_write_byte
                0x0000000000000ea2                rtc_init
                0x0000000000000f00                rtc_is_ds1307
                0x0000000000000f06                rtc_is_ds3231
                0x0000000000000f0c                rtc_set_ds1307
                0x0000000000000f18                rtc_set_ds3231
                0x0000000000000f24                rtc_get_time
                0x00000000000010c4                rtc_get_time_s
                0x00000000000011b2                rtc_set_time
                0x0000000000001326                rtc_set_time_s
                0x00000000000013be                rtc_run_clock
                0x00000000000013ec                rtc_is_clock_running
                0x0000000000001402                ds3231_get_temp_int
                0x0000000000001478                rtc_force_temp_conversion
                0x00000000000014e8                rtc_get_sram_byte
                0x000000000000150c                rtc_get_sram
                0x0000000000001530                rtc_set_sram_byte
                0x0000000000001554                rtc_set_sram
                0x0000000000001578                rtc_SQW_enable
                0x000000000000160a                rtc_SQW_set_freq
                0x000000000000168a                rtc_osc32kHz_enable
                0x00000000000016dc                rtc_reset_alarm
                0x000000000000171c                rtc_set_alarm_s
                0x0000000000001806                rtc_set_alarm
                0x0000000000001818                rtc_get_alarm_s
                0x00000000000018d2                rtc_get_alarm
                0x000000000000191c                rtc_check_alarm
 .text          0x00000000000019aa      0x1f8 /tmp/ccuylfdh.o
                0x00000000000019aa                onReceiveService
                0x0000000000001a0c                onRequestService
                0x0000000000001a24                twi_init_master
                0x0000000000001a38                twi_init_slave
                0x0000000000001a60                twi_request_from
                0x0000000000001a7a                twi_begin_transmission
                0x0000000000001a8e                twi_end_transmission
                0x0000000000001aae                twi_send_byte
                0x0000000000001b06                twi_send
                0x0000000000001b4c                twi_send_char
                0x0000000000001b60                twi_available
                0x0000000000001b6c                twi_receive
                0x0000000000001b8e                twi_set_on_receive
                0x0000000000001b98                twi_set_on_request
 .text          0x0000000000001ba2      0x576 /tmp/ccOhSNoM.o
                0x0000000000001ba2                twi_init
                0x0000000000001bc8                twi_setAddress
                0x0000000000001bd0                twi_readFrom
                0x0000000000001c3c                twi_writeTo
                0x0000000000001cc4                twi_transmit
                0x0000000000001cfe                twi_attachSlaveRxEvent
                0x0000000000001d08                twi_attachSlaveTxEvent
                0x0000000000001d12                twi_reply
                0x0000000000001d26                twi_stop
                0x0000000000001d3a                twi_releaseBus
                0x0000000000001d46                __vector_24
 .text          0x0000000000002118      0x1f8 /tmp/ccvBTHRw.o
                0x0000000000002118                dht22_init
                0x0000000000002138                dht22_measure_values
 .text          0x0000000000002310      0x312 /tmp/ccspFTXW.o
                0x0000000000002310                piezo_init
                0x0000000000002360                piezo_clear_all_notes
                0x000000000000236a                piezo_add_note
                0x00000000000023b4                piezo_play_cur_note
                0x0000000000002400                piezo_loop_ISR
                0x00000000000025ba                piezo_play_sequence
                0x00000000000025ec                piezo_off
                0x0000000000002600                piezo_stop_sequence
                0x000000000000261c                piezo_is_playing
 .text          0x0000000000002622      0x1c2 /tmp/cc5Clb4w.o
                0x0000000000002622                ws2812_setleds
                0x0000000000002682                ws2812_setleds_pin
                0x00000000000026ea                ws2812_setleds_rgbw
                0x0000000000002748                ws2812_sendarray
                0x0000000000002792                ws2812_sendarray_mask
 .text          0x00000000000027e4      0x250 /tmp/ccVeHRx8.o
                0x0000000000002818                dismiss_alarm
                0x000000000000282c                trim_alarm_values
                0x0000000000002846                compute_alarm_time
                0x00000000000028b2                load_alarm_settings
                0x00000000000028de                update_alarm_settings
                0x000000000000290a                set_alarm_dismiss_button_callbacks
                0x0000000000002964                restore_button_callbacks
                0x0000000000002972                alarm_loop
 .text          0x0000000000002a34      0xa80 /tmp/ccaUlx5K.o
                0x0000000000002a34                increment_hour
                0x0000000000002a54                decrement_hour
                0x0000000000002a78                increment_minute
                0x0000000000002a98                decrement_minute
                0x0000000000002abc                toggle_alarm_on_off
                0x0000000000002acc                increment_alarm_hour
                0x0000000000002ae2                decrement_alarm_hour
                0x0000000000002afa                increment_alarm_min
                0x0000000000002b10                decrement_alarm_min
                0x0000000000002b28                increment_month
                0x0000000000002b4c                decrement_month
                0x0000000000002b70                increment_day
                0x0000000000002b94                decrement_day
                0x0000000000002bb8                increment_year
                0x0000000000002bde                decrement_year
                0x0000000000002c04                toggle_mood_light
                0x0000000000002c58                new_state_start
                0x0000000000002c7c                increment_main_state
                0x0000000000002cb6                decrement_main_state
                0x0000000000002cf4                swap_hour_min_state
                0x0000000000002d40                swap_alarm_state
                0x0000000000002d6e                swap_month_day_state
                0x0000000000002db4                swap_year_state
                0x0000000000002df8                swap_testing_state
                0x0000000000002e22                swap_temperature_state
                0x0000000000002e4c                swap_humidity_state
                0x0000000000002e76                fsm_loop
 .text          0x00000000000034b4      0x534 /tmp/ccto9dS9.o
                0x00000000000034b4                load_alarm_notes
 .text          0x00000000000039e8        0x0 /usr/lib/gcc/avr/7.3.0/avr5/libgcc.a(_divmodhi4.o)
 .text          0x00000000000039e8        0x0 /usr/lib/gcc/avr/7.3.0/avr5/libgcc.a(_exit.o)
 .text          0x00000000000039e8        0x0 /usr/lib/gcc/avr/7.3.0/avr5/libgcc.a(_tablejump2.o)
 .text          0x00000000000039e8        0x0 /usr/lib/gcc/avr/7.3.0/avr5/libgcc.a(_copy_data.o)
 .text          0x00000000000039e8        0x0 /usr/lib/gcc/avr/7.3.0/avr5/libgcc.a(_clear_bss.o)
 .text          0x00000000000039e8        0x0 /usr/lib/gcc/avr/7.3.0/avr5/libgcc.a(_muluhisi3.o)
 .text          0x00000000000039e8        0x0 /usr/lib/gcc/avr/7.3.0/avr5/libgcc.a(_udivmodhi4.o)
 .text          0x00000000000039e8        0x0 /usr/lib/gcc/avr/7.3.0/avr5/libgcc.a(_umulhisi3.o)
 .text          0x00000000000039e8        0x0 /usr/lib/gcc/avr/7.3.0/../../../avr/lib/avr5/libm.a(addsf3.o)
 .text          0x00000000000039e8        0x0 /usr/lib/gcc/avr/7.3.0/../../../avr/lib/avr5/libm.a(addsf3x.o)
 .text          0x00000000000039e8        0x0 /usr/lib/gcc/avr/7.3.0/../../../avr/lib/avr5/libm.a(cmpsf2.o)
 .text          0x00000000000039e8        0x0 /usr/lib/gcc/avr/7.3.0/../../../avr/lib/avr5/libm.a(divsf3.o)
 .text          0x00000000000039e8        0x0 /usr/lib/gcc/avr/7.3.0/../../../avr/lib/avr5/libm.a(divsf3x.o)
 .text          0x00000000000039e8        0x0 /usr/lib/gcc/avr/7.3.0/../../../avr/lib/avr5/libm.a(fixsfsi.o)
 .text          0x00000000000039e8        0x0 /usr/lib/gcc/avr/7.3.0/../../../avr/lib/avr5/libm.a(fixunssfsi.o)
 .text          0x00000000000039e8        0x0 /usr/lib/gcc/avr/7.3.0/../../../avr/lib/avr5/libm.a(floatsisf.o)
 .text          0x00000000000039e8        0x0 /usr/lib/gcc/avr/7.3.0/../../../avr/lib/avr5/libm.a(fp_cmp.o)
 .text          0x00000000000039e8        0x0 /usr/lib/gcc/avr/7.3.0/../../../avr/lib/avr5/libm.a(fp_inf.o)
 .text          0x00000000000039e8        0x0 /usr/lib/gcc/avr/7.3.0/../../../avr/lib/avr5/libm.a(fp_nan.o)
 .text          0x00000000000039e8        0x0 /usr/lib/gcc/avr/7.3.0/../../../avr/lib/avr5/libm.a(fp_pscA.o)
 .text          0x00000000000039e8        0x0 /usr/lib/gcc/avr/7.3.0/../../../avr/lib/avr5/libm.a(fp_pscB.o)
 .text          0x00000000000039e8        0x0 /usr/lib/gcc/avr/7.3.0/../../../avr/lib/avr5/libm.a(fp_round.o)
 .text          0x00000000000039e8        0x0 /usr/lib/gcc/avr/7.3.0/../../../avr/lib/avr5/libm.a(fp_split3.o)
 .text          0x00000000000039e8        0x0 /usr/lib/gcc/avr/7.3.0/../../../avr/lib/avr5/libm.a(fp_zero.o)
 .text          0x00000000000039e8        0x0 /usr/lib/gcc/avr/7.3.0/../../../avr/lib/avr5/libm.a(gesf2.o)
 .text          0x00000000000039e8        0x0 /usr/lib/gcc/avr/7.3.0/../../../avr/lib/avr5/libm.a(mulsf3.o)
 .text          0x00000000000039e8        0x0 /usr/lib/gcc/avr/7.3.0/../../../avr/lib/avr5/libm.a(mulsf3x.o)
 .text          0x00000000000039e8        0x0 /usr/lib/gcc/avr/7.3.0/../../../avr/lib/avr5/libc.a(malloc.o)
 .text          0x00000000000039e8        0x0 /usr/lib/gcc/avr/7.3.0/../../../avr/lib/avr5/libatmega328p.a(eerd_block.o)
 .text          0x00000000000039e8        0x0 /usr/lib/gcc/avr/7.3.0/../../../avr/lib/avr5/libatmega328p.a(eeupd_block.o)
 .text          0x00000000000039e8        0x0 /usr/lib/gcc/avr/7.3.0/../../../avr/lib/avr5/libatmega328p.a(eeupd_byte.o)
                0x00000000000039e8                . = ALIGN (0x2)
 *(.text.*)
 .text.startup  0x00000000000039e8      0x26a main.o
                0x00000000000039e8                main
 .text.libgcc.mul
                0x0000000000003c52        0x0 /usr/lib/gcc/avr/7.3.0/avr5/libgcc.a(_divmodhi4.o)
 .text.libgcc.div
                0x0000000000003c52       0x28 /usr/lib/gcc/avr/7.3.0/avr5/libgcc.a(_divmodhi4.o)
                0x0000000000003c52                __divmodhi4
                0x0000000000003c52                _div
 .text.libgcc   0x0000000000003c7a        0x0 /usr/lib/gcc/avr/7.3.0/avr5/libgcc.a(_divmodhi4.o)
 .text.libgcc.prologue
                0x0000000000003c7a        0x0 /usr/lib/gcc/avr/7.3.0/avr5/libgcc.a(_divmodhi4.o)
 .text.libgcc.builtins
                0x0000000000003c7a        0x0 /usr/lib/gcc/avr/7.3.0/avr5/libgcc.a(_divmodhi4.o)
 .text.libgcc.fmul
                0x0000000000003c7a        0x0 /usr/lib/gcc/avr/7.3.0/avr5/libgcc.a(_divmodhi4.o)
 .text.libgcc.fixed
                0x0000000000003c7a        0x0 /usr/lib/gcc/avr/7.3.0/avr5/libgcc.a(_divmodhi4.o)
 .text.libgcc.mul
                0x0000000000003c7a        0x0 /usr/lib/gcc/avr/7.3.0/avr5/libgcc.a(_exit.o)
 .text.libgcc.div
                0x0000000000003c7a        0x0 /usr/lib/gcc/avr/7.3.0/avr5/libgcc.a(_exit.o)
 .text.libgcc   0x0000000000003c7a        0x0 /usr/lib/gcc/avr/7.3.0/avr5/libgcc.a(_exit.o)
 .text.libgcc.prologue
                0x0000000000003c7a        0x0 /usr/lib/gcc/avr/7.3.0/avr5/libgcc.a(_exit.o)
 .text.libgcc.builtins
                0x0000000000003c7a        0x0 /usr/lib/gcc/avr/7.3.0/avr5/libgcc.a(_exit.o)
 .text.libgcc.fmul
                0x0000000000003c7a        0x0 /usr/lib/gcc/avr/7.3.0/avr5/libgcc.a(_exit.o)
 .text.libgcc.fixed
                0x0000000000003c7a        0x0 /usr/lib/gcc/avr/7.3.0/avr5/libgcc.a(_exit.o)
 .text.libgcc.mul
                0x0000000000003c7a        0x0 /usr/lib/gcc/avr/7.3.0/avr5/libgcc.a(_tablejump2.o)
 .text.libgcc.div
                0x0000000000003c7a        0x0 /usr/lib/gcc/avr/7.3.0/avr5/libgcc.a(_tablejump2.o)
 .text.libgcc   0x0000000000003c7a        0xc /usr/lib/gcc/avr/7.3.0/avr5/libgcc.a(_tablejump2.o)
                0x0000000000003c7a                __tablejump2__
 .text.libgcc.prologue
                0x0000000000003c86        0x0 /usr/lib/gcc/avr/7.3.0/avr5/libgcc.a(_tablejump2.o)
 .text.libgcc.builtins
                0x0000000000003c86        0x0 /usr/lib/gcc/avr/7.3.0/avr5/libgcc.a(_tablejump2.o)
 .text.libgcc.fmul
                0x0000000000003c86        0x0 /usr/lib/gcc/avr/7.3.0/avr5/libgcc.a(_tablejump2.o)
 .text.libgcc.fixed
                0x0000000000003c86        0x0 /usr/lib/gcc/avr/7.3.0/avr5/libgcc.a(_tablejump2.o)
 .text.libgcc.mul
                0x0000000000003c86        0x0 /usr/lib/gcc/avr/7.3.0/avr5/libgcc.a(_copy_data.o)
 .text.libgcc.div
                0x0000000000003c86        0x0 /usr/lib/gcc/avr/7.3.0/avr5/libgcc.a(_copy_data.o)
 .text.libgcc   0x0000000000003c86        0x0 /usr/lib/gcc/avr/7.3.0/avr5/libgcc.a(_copy_data.o)
 .text.libgcc.prologue
                0x0000000000003c86        0x0 /usr/lib/gcc/avr/7.3.0/avr5/libgcc.a(_copy_data.o)
 .text.libgcc.builtins
                0x0000000000003c86        0x0 /usr/lib/gcc/avr/7.3.0/avr5/libgcc.a(_copy_data.o)
 .text.libgcc.fmul
                0x0000000000003c86        0x0 /usr/lib/gcc/avr/7.3.0/avr5/libgcc.a(_copy_data.o)
 .text.libgcc.fixed
                0x0000000000003c86        0x0 /usr/lib/gcc/avr/7.3.0/avr5/libgcc.a(_copy_data.o)
 .text.libgcc.mul
                0x0000000000003c86        0x0 /usr/lib/gcc/avr/7.3.0/avr5/libgcc.a(_clear_bss.o)
 .text.libgcc.div
                0x0000000000003c86        0x0 /usr/lib/gcc/avr/7.3.0/avr5/libgcc.a(_clear_bss.o)
 .text.libgcc   0x0000000000003c86        0x0 /usr/lib/gcc/avr/7.3.0/avr5/libgcc.a(_clear_bss.o)
 .text.libgcc.prologue
                0x0000000000003c86        0x0 /usr/lib/gcc/avr/7.3.0/avr5/libgcc.a(_clear_bss.o)
 .text.libgcc.builtins
                0x0000000000003c86        0x0 /usr/lib/gcc/avr/7.3.0/avr5/libgcc.a(_clear_bss.o)
 .text.libgcc.fmul
                0x0000000000003c86        0x0 /usr/lib/gcc/avr/7.3.0/avr5/libgcc.a(_clear_bss.o)
 .text.libgcc.fixed
                0x0000000000003c86        0x0 /usr/lib/gcc/avr/7.3.0/avr5/libgcc.a(_clear_bss.o)
 .text.libgcc.mul
                0x0000000000003c86       0x16 /usr/lib/gcc/avr/7.3.0/avr5/libgcc.a(_muluhisi3.o)
                0x0000000000003c86                __muluhisi3
 .text.libgcc.div
                0x0000000000003c9c        0x0 /usr/lib/gcc/avr/7.3.0/avr5/libgcc.a(_muluhisi3.o)
 .text.libgcc   0x0000000000003c9c        0x0 /usr/lib/gcc/avr/7.3.0/avr5/libgcc.a(_muluhisi3.o)
 .text.libgcc.prologue
                0x0000000000003c9c        0x0 /usr/lib/gcc/avr/7.3.0/avr5/libgcc.a(_muluhisi3.o)
 .text.libgcc.builtins
                0x0000000000003c9c        0x0 /usr/lib/gcc/avr/7.3.0/avr5/libgcc.a(_muluhisi3.o)
 .text.libgcc.fmul
                0x0000000000003c9c        0x0 /usr/lib/gcc/avr/7.3.0/avr5/libgcc.a(_muluhisi3.o)
 .text.libgcc.fixed
                0x0000000000003c9c        0x0 /usr/lib/gcc/avr/7.3.0/avr5/libgcc.a(_muluhisi3.o)
 .text.libgcc.mul
                0x0000000000003c9c        0x0 /usr/lib/gcc/avr/7.3.0/avr5/libgcc.a(_udivmodhi4.o)
 .text.libgcc.div
                0x0000000000003c9c       0x28 /usr/lib/gcc/avr/7.3.0/avr5/libgcc.a(_udivmodhi4.o)
                0x0000000000003c9c                __udivmodhi4
 .text.libgcc   0x0000000000003cc4        0x0 /usr/lib/gcc/avr/7.3.0/avr5/libgcc.a(_udivmodhi4.o)
 .text.libgcc.prologue
                0x0000000000003cc4        0x0 /usr/lib/gcc/avr/7.3.0/avr5/libgcc.a(_udivmodhi4.o)
 .text.libgcc.builtins
                0x0000000000003cc4        0x0 /usr/lib/gcc/avr/7.3.0/avr5/libgcc.a(_udivmodhi4.o)
 .text.libgcc.fmul
                0x0000000000003cc4        0x0 /usr/lib/gcc/avr/7.3.0/avr5/libgcc.a(_udivmodhi4.o)
 .text.libgcc.fixed
                0x0000000000003cc4        0x0 /usr/lib/gcc/avr/7.3.0/avr5/libgcc.a(_udivmodhi4.o)
 .text.libgcc.mul
                0x0000000000003cc4       0x1e /usr/lib/gcc/avr/7.3.0/avr5/libgcc.a(_umulhisi3.o)
                0x0000000000003cc4                __umulhisi3
 .text.libgcc.div
                0x0000000000003ce2        0x0 /usr/lib/gcc/avr/7.3.0/avr5/libgcc.a(_umulhisi3.o)
 .text.libgcc   0x0000000000003ce2        0x0 /usr/lib/gcc/avr/7.3.0/avr5/libgcc.a(_umulhisi3.o)
 .text.libgcc.prologue
                0x0000000000003ce2        0x0 /usr/lib/gcc/avr/7.3.0/avr5/libgcc.a(_umulhisi3.o)
 .text.libgcc.builtins
                0x0000000000003ce2        0x0 /usr/lib/gcc/avr/7.3.0/avr5/libgcc.a(_umulhisi3.o)
 .text.libgcc.fmul
                0x0000000000003ce2        0x0 /usr/lib/gcc/avr/7.3.0/avr5/libgcc.a(_umulhisi3.o)
 .text.libgcc.fixed
                0x0000000000003ce2        0x0 /usr/lib/gcc/avr/7.3.0/avr5/libgcc.a(_umulhisi3.o)
 .text.avr-libc.fplib
                0x0000000000003ce2        0xe /usr/lib/gcc/avr/7.3.0/../../../avr/lib/avr5/libm.a(addsf3.o)
                0x0000000000003ce2                __subsf3
                0x0000000000003ce4                __addsf3
 .text.avr-libc.fplib
                0x0000000000003cf0       0xcc /usr/lib/gcc/avr/7.3.0/../../../avr/lib/avr5/libm.a(addsf3x.o)
                0x0000000000003d12                __addsf3x
 .text.avr-libc.fplib
                0x0000000000003dbc        0xa /usr/lib/gcc/avr/7.3.0/../../../avr/lib/avr5/libm.a(cmpsf2.o)
                0x0000000000003dbc                __lesf2
                0x0000000000003dbc                __nesf2
                0x0000000000003dbc                __eqsf2
                0x0000000000003dbc                __cmpsf2
                0x0000000000003dbc                __ltsf2
 .text.avr-libc.fplib
                0x0000000000003dc6        0x8 /usr/lib/gcc/avr/7.3.0/../../../avr/lib/avr5/libm.a(divsf3.o)
                0x0000000000003dc6                __divsf3
 .text.avr-libc.fplib
                0x0000000000003dce       0xdc /usr/lib/gcc/avr/7.3.0/../../../avr/lib/avr5/libm.a(divsf3x.o)
                0x0000000000003dee                __divsf3x
                0x0000000000003df4                __divsf3_pse
 .text.avr-libc.fplib
                0x0000000000003eaa        0xe /usr/lib/gcc/avr/7.3.0/../../../avr/lib/avr5/libm.a(fixsfsi.o)
                0x0000000000003eaa                __fixsfsi
 .text.avr-libc.fplib
                0x0000000000003eb8       0x5e /usr/lib/gcc/avr/7.3.0/../../../avr/lib/avr5/libm.a(fixunssfsi.o)
                0x0000000000003eb8                __fixunssfsi
 .text.avr-libc.fplib
                0x0000000000003f16       0x7a /usr/lib/gcc/avr/7.3.0/../../../avr/lib/avr5/libm.a(floatsisf.o)
                0x0000000000003f16                __floatunsisf
                0x0000000000003f1a                __floatsisf
 .text.avr-libc.fplib
                0x0000000000003f90       0x48 /usr/lib/gcc/avr/7.3.0/../../../avr/lib/avr5/libm.a(fp_cmp.o)
                0x0000000000003f90                __fp_cmp
 .text.avr-libc.fplib
                0x0000000000003fd8        0xc /usr/lib/gcc/avr/7.3.0/../../../avr/lib/avr5/libm.a(fp_inf.o)
                0x0000000000003fd8                __fp_inf
 .text.avr-libc.fplib
                0x0000000000003fe4        0x6 /usr/lib/gcc/avr/7.3.0/../../../avr/lib/avr5/libm.a(fp_nan.o)
                0x0000000000003fe4                __fp_nan
 .text.avr-libc.fplib
                0x0000000000003fea        0xe /usr/lib/gcc/avr/7.3.0/../../../avr/lib/avr5/libm.a(fp_pscA.o)
                0x0000000000003fea                __fp_pscA
 .text.avr-libc.fplib
                0x0000000000003ff8        0xe /usr/lib/gcc/avr/7.3.0/../../../avr/lib/avr5/libm.a(fp_pscB.o)
                0x0000000000003ff8                __fp_pscB
 .text.avr-libc.fplib
                0x0000000000004006       0x22 /usr/lib/gcc/avr/7.3.0/../../../avr/lib/avr5/libm.a(fp_round.o)
                0x0000000000004006                __fp_round
 .text.avr-libc.fplib
                0x0000000000004028       0x44 /usr/lib/gcc/avr/7.3.0/../../../avr/lib/avr5/libm.a(fp_split3.o)
                0x0000000000004028                __fp_split3
                0x0000000000004038                __fp_splitA
 .text.avr-libc.fplib
                0x000000000000406c        0xe /usr/lib/gcc/avr/7.3.0/../../../avr/lib/avr5/libm.a(fp_zero.o)
                0x000000000000406c                __fp_zero
                0x000000000000406e                __fp_szero
 .text.avr-libc.fplib
                0x000000000000407a        0xa /usr/lib/gcc/avr/7.3.0/../../../avr/lib/avr5/libm.a(gesf2.o)
                0x000000000000407a                __gtsf2
                0x000000000000407a                __gesf2
 .text.avr-libc.fplib
                0x0000000000004084        0x8 /usr/lib/gcc/avr/7.3.0/../../../avr/lib/avr5/libm.a(mulsf3.o)
                0x0000000000004084                __mulsf3
 .text.avr-libc.fplib
                0x000000000000408c       0xd2 /usr/lib/gcc/avr/7.3.0/../../../avr/lib/avr5/libm.a(mulsf3x.o)
                0x00000000000040aa                __mulsf3x
                0x00000000000040b0                __mulsf3_pse
 .text.avr-libc
                0x000000000000415e      0x24a /usr/lib/gcc/avr/7.3.0/../../../avr/lib/avr5/libc.a(malloc.o)
                0x000000000000415e                malloc
                0x0000000000004296                free
 .text.avr-libc
                0x00000000000043a8       0x20 /usr/lib/gcc/avr/7.3.0/../../../avr/lib/avr5/libatmega328p.a(eerd_block.o)
                0x00000000000043a8                eeprom_read_block
                0x00000000000043ac                eeprom_read_blraw
 .text.avr-libc
                0x00000000000043c8       0x20 /usr/lib/gcc/avr/7.3.0/../../../avr/lib/avr5/libatmega328p.a(eeupd_block.o)
                0x00000000000043c8                eeprom_update_block
 .text.avr-libc
                0x00000000000043e8       0x24 /usr/lib/gcc/avr/7.3.0/../../../avr/lib/avr5/libatmega328p.a(eeupd_byte.o)
                0x00000000000043e8                eeprom_update_byte
                0x00000000000043ea                eeprom_update_r18
                0x000000000000440c                . = ALIGN (0x2)
 *(.fini9)
 .fini9         0x000000000000440c        0x0 /usr/lib/gcc/avr/7.3.0/avr5/libgcc.a(_exit.o)
                0x000000000000440c                exit
                0x000000000000440c                _exit
 *(.fini9)
 *(.fini8)
 *(.fini8)
 *(.fini7)
 *(.fini7)
 *(.fini6)
 *(.fini6)
 *(.fini5)
 *(.fini5)
 *(.fini4)
 *(.fini4)
 *(.fini3)
 *(.fini3)
 *(.fini2)
 *(.fini2)
 *(.fini1)
 *(.fini1)
 *(.fini0)
 .fini0         0x000000000000440c        0x4 /usr/lib/gcc/avr/7.3.0/avr5/libgcc.a(_exit.o)
 *(.fini0)
                0x0000000000004410                _etext = .

.data           0x0000000000800100       0x18 load address 0x0000000000004410
                0x0000000000800100                PROVIDE (__data_start, .)
 *(.data)
 .data          0x0000000000800100        0x0 /usr/lib/gcc/avr/7.3.0/../../../avr/lib/avr5/crtatmega328p.o
 .data          0x0000000000800100        0x0 main.o
 .data          0x0000000000800100        0x0 /tmp/cc38K1qr.o
 .data          0x0000000000800100        0x0 /tmp/ccnFO28E.o
 .data          0x0000000000800100        0x0 /tmp/ccUzMx8K.o
 .data          0x0000000000800100        0x0 /tmp/ccTGOgmY.o
 .data          0x0000000000800100        0x0 /tmp/ccUUteW8.o
 .data          0x0000000000800100        0x0 /tmp/ccuylfdh.o
 .data          0x0000000000800100        0x0 /tmp/ccOhSNoM.o
 .data          0x0000000000800100        0x0 /tmp/ccvBTHRw.o
 .data          0x0000000000800100        0x0 /tmp/ccspFTXW.o
 .data          0x0000000000800100        0x0 /tmp/cc5Clb4w.o
 .data          0x0000000000800100        0x0 /tmp/ccVeHRx8.o
 .data          0x0000000000800100        0x0 /tmp/ccaUlx5K.o
 .data          0x0000000000800100        0x0 /tmp/ccto9dS9.o
 .data          0x0000000000800100        0x0 /usr/lib/gcc/avr/7.3.0/avr5/libgcc.a(_divmodhi4.o)
 .data          0x0000000000800100        0x0 /usr/lib/gcc/avr/7.3.0/avr5/libgcc.a(_exit.o)
 .data          0x0000000000800100        0x0 /usr/lib/gcc/avr/7.3.0/avr5/libgcc.a(_tablejump2.o)
 .data          0x0000000000800100        0x0 /usr/lib/gcc/avr/7.3.0/avr5/libgcc.a(_copy_data.o)
 .data          0x0000000000800100        0x0 /usr/lib/gcc/avr/7.3.0/avr5/libgcc.a(_clear_bss.o)
 .data          0x0000000000800100        0x0 /usr/lib/gcc/avr/7.3.0/avr5/libgcc.a(_muluhisi3.o)
 .data          0x0000000000800100        0x0 /usr/lib/gcc/avr/7.3.0/avr5/libgcc.a(_udivmodhi4.o)
 .data          0x0000000000800100        0x0 /usr/lib/gcc/avr/7.3.0/avr5/libgcc.a(_umulhisi3.o)
 .data          0x0000000000800100        0x0 /usr/lib/gcc/avr/7.3.0/../../../avr/lib/avr5/libm.a(addsf3.o)
 .data          0x0000000000800100        0x0 /usr/lib/gcc/avr/7.3.0/../../../avr/lib/avr5/libm.a(addsf3x.o)
 .data          0x0000000000800100        0x0 /usr/lib/gcc/avr/7.3.0/../../../avr/lib/avr5/libm.a(cmpsf2.o)
 .data          0x0000000000800100        0x0 /usr/lib/gcc/avr/7.3.0/../../../avr/lib/avr5/libm.a(divsf3.o)
 .data          0x0000000000800100        0x0 /usr/lib/gcc/avr/7.3.0/../../../avr/lib/avr5/libm.a(divsf3x.o)
 .data          0x0000000000800100        0x0 /usr/lib/gcc/avr/7.3.0/../../../avr/lib/avr5/libm.a(fixsfsi.o)
 .data          0x0000000000800100        0x0 /usr/lib/gcc/avr/7.3.0/../../../avr/lib/avr5/libm.a(fixunssfsi.o)
 .data          0x0000000000800100        0x0 /usr/lib/gcc/avr/7.3.0/../../../avr/lib/avr5/libm.a(floatsisf.o)
 .data          0x0000000000800100        0x0 /usr/lib/gcc/avr/7.3.0/../../../avr/lib/avr5/libm.a(fp_cmp.o)
 .data          0x0000000000800100        0x0 /usr/lib/gcc/avr/7.3.0/../../../avr/lib/avr5/libm.a(fp_inf.o)
 .data          0x0000000000800100        0x0 /usr/lib/gcc/avr/7.3.0/../../../avr/lib/avr5/libm.a(fp_nan.o)
 .data          0x0000000000800100        0x0 /usr/lib/gcc/avr/7.3.0/../../../avr/lib/avr5/libm.a(fp_pscA.o)
 .data          0x0000000000800100        0x0 /usr/lib/gcc/avr/7.3.0/../../../avr/lib/avr5/libm.a(fp_pscB.o)
 .data          0x0000000000800100        0x0 /usr/lib/gcc/avr/7.3.0/../../../avr/lib/avr5/libm.a(fp_round.o)
 .data          0x0000000000800100        0x0 /usr/lib/gcc/avr/7.3.0/../../../avr/lib/avr5/libm.a(fp_split3.o)
 .data          0x0000000000800100        0x0 /usr/lib/gcc/avr/7.3.0/../../../avr/lib/avr5/libm.a(fp_zero.o)
 .data          0x0000000000800100        0x0 /usr/lib/gcc/avr/7.3.0/../../../avr/lib/avr5/libm.a(gesf2.o)
 .data          0x0000000000800100        0x0 /usr/lib/gcc/avr/7.3.0/../../../avr/lib/avr5/libm.a(mulsf3.o)
 .data          0x0000000000800100        0x0 /usr/lib/gcc/avr/7.3.0/../../../avr/lib/avr5/libm.a(mulsf3x.o)
 .data          0x0000000000800100        0x6 /usr/lib/gcc/avr/7.3.0/../../../avr/lib/avr5/libc.a(malloc.o)
                0x0000000000800100                __malloc_heap_end
                0x0000000000800102                __malloc_heap_start
                0x0000000000800104                __malloc_margin
 .data          0x0000000000800106        0x0 /usr/lib/gcc/avr/7.3.0/../../../avr/lib/avr5/libatmega328p.a(eerd_block.o)
 .data          0x0000000000800106        0x0 /usr/lib/gcc/avr/7.3.0/../../../avr/lib/avr5/libatmega328p.a(eeupd_block.o)
 .data          0x0000000000800106        0x0 /usr/lib/gcc/avr/7.3.0/../../../avr/lib/avr5/libatmega328p.a(eeupd_byte.o)
 *(.data*)
 *(.gnu.linkonce.d*)
 *(.rodata)
 .rodata        0x0000000000800106       0x11 /tmp/ccTGOgmY.o
                0x0000000000800106                digit_values
 *(.rodata*)
 *(.gnu.linkonce.r*)
                0x0000000000800118                . = ALIGN (0x2)
 *fill*         0x0000000000800117        0x1 
                0x0000000000800118                _edata = .
                0x0000000000800118                PROVIDE (__data_end, .)

.bss            0x0000000000800118      0x22b
                0x0000000000800118                PROVIDE (__bss_start, .)
 *(.bss)
 .bss           0x0000000000800118        0x0 /usr/lib/gcc/avr/7.3.0/../../../avr/lib/avr5/crtatmega328p.o
 .bss           0x0000000000800118        0x1 main.o
                0x0000000000800118                prev_btn_callbacks_saved
 .bss           0x0000000000800119        0x0 /tmp/cc38K1qr.o
 .bss           0x0000000000800119        0x0 /tmp/ccnFO28E.o
 .bss           0x0000000000800119        0x0 /tmp/ccUzMx8K.o
 .bss           0x0000000000800119        0x0 /tmp/ccTGOgmY.o
 .bss           0x0000000000800119        0x2 /tmp/ccUUteW8.o
 .bss           0x000000000080011b        0x6 /tmp/ccuylfdh.o
                0x000000000080011b                transmitting
                0x000000000080011c                txBufferLength
                0x000000000080011d                txBufferIndex
                0x000000000080011e                txAddress
                0x000000000080011f                rxBufferLength
                0x0000000000800120                rxBufferIndex
 .bss           0x0000000000800121       0x6c /tmp/ccOhSNoM.o
 .bss           0x000000000080018d        0x0 /tmp/ccvBTHRw.o
 .bss           0x000000000080018d        0xf /tmp/ccspFTXW.o
                0x000000000080018d                last_piezo_millis
                0x0000000000800191                piezo_millis
                0x0000000000800195                note_paused
                0x0000000000800196                note_sequence_idx
                0x0000000000800198                last_note_idx
                0x000000000080019a                note_sequence_len
 .bss           0x000000000080019c        0x0 /tmp/cc5Clb4w.o
 .bss           0x000000000080019c        0x0 /tmp/ccVeHRx8.o
 .bss           0x000000000080019c        0x1 /tmp/ccaUlx5K.o
 .bss           0x000000000080019d        0x0 /tmp/ccto9dS9.o
 .bss           0x000000000080019d        0x0 /usr/lib/gcc/avr/7.3.0/avr5/libgcc.a(_divmodhi4.o)
 .bss           0x000000000080019d        0x0 /usr/lib/gcc/avr/7.3.0/avr5/libgcc.a(_exit.o)
 .bss           0x000000000080019d        0x0 /usr/lib/gcc/avr/7.3.0/avr5/libgcc.a(_tablejump2.o)
 .bss           0x000000000080019d        0x0 /usr/lib/gcc/avr/7.3.0/avr5/libgcc.a(_copy_data.o)
 .bss           0x000000000080019d        0x0 /usr/lib/gcc/avr/7.3.0/avr5/libgcc.a(_clear_bss.o)
 .bss           0x000000000080019d        0x0 /usr/lib/gcc/avr/7.3.0/avr5/libgcc.a(_muluhisi3.o)
 .bss           0x000000000080019d        0x0 /usr/lib/gcc/avr/7.3.0/avr5/libgcc.a(_udivmodhi4.o)
 .bss           0x000000000080019d        0x0 /usr/lib/gcc/avr/7.3.0/avr5/libgcc.a(_umulhisi3.o)
 .bss           0x000000000080019d        0x0 /usr/lib/gcc/avr/7.3.0/../../../avr/lib/avr5/libm.a(addsf3.o)
 .bss           0x000000000080019d        0x0 /usr/lib/gcc/avr/7.3.0/../../../avr/lib/avr5/libm.a(addsf3x.o)
 .bss           0x000000000080019d        0x0 /usr/lib/gcc/avr/7.3.0/../../../avr/lib/avr5/libm.a(cmpsf2.o)
 .bss           0x000000000080019d        0x0 /usr/lib/gcc/avr/7.3.0/../../../avr/lib/avr5/libm.a(divsf3.o)
 .bss           0x000000000080019d        0x0 /usr/lib/gcc/avr/7.3.0/../../../avr/lib/avr5/libm.a(divsf3x.o)
 .bss           0x000000000080019d        0x0 /usr/lib/gcc/avr/7.3.0/../../../avr/lib/avr5/libm.a(fixsfsi.o)
 .bss           0x000000000080019d        0x0 /usr/lib/gcc/avr/7.3.0/../../../avr/lib/avr5/libm.a(fixunssfsi.o)
 .bss           0x000000000080019d        0x0 /usr/lib/gcc/avr/7.3.0/../../../avr/lib/avr5/libm.a(floatsisf.o)
 .bss           0x000000000080019d        0x0 /usr/lib/gcc/avr/7.3.0/../../../avr/lib/avr5/libm.a(fp_cmp.o)
 .bss           0x000000000080019d        0x0 /usr/lib/gcc/avr/7.3.0/../../../avr/lib/avr5/libm.a(fp_inf.o)
 .bss           0x000000000080019d        0x0 /usr/lib/gcc/avr/7.3.0/../../../avr/lib/avr5/libm.a(fp_nan.o)
 .bss           0x000000000080019d        0x0 /usr/lib/gcc/avr/7.3.0/../../../avr/lib/avr5/libm.a(fp_pscA.o)
 .bss           0x000000000080019d        0x0 /usr/lib/gcc/avr/7.3.0/../../../avr/lib/avr5/libm.a(fp_pscB.o)
 .bss           0x000000000080019d        0x0 /usr/lib/gcc/avr/7.3.0/../../../avr/lib/avr5/libm.a(fp_round.o)
 .bss           0x000000000080019d        0x0 /usr/lib/gcc/avr/7.3.0/../../../avr/lib/avr5/libm.a(fp_split3.o)
 .bss           0x000000000080019d        0x0 /usr/lib/gcc/avr/7.3.0/../../../avr/lib/avr5/libm.a(fp_zero.o)
 .bss           0x000000000080019d        0x0 /usr/lib/gcc/avr/7.3.0/../../../avr/lib/avr5/libm.a(gesf2.o)
 .bss           0x000000000080019d        0x0 /usr/lib/gcc/avr/7.3.0/../../../avr/lib/avr5/libm.a(mulsf3.o)
 .bss           0x000000000080019d        0x0 /usr/lib/gcc/avr/7.3.0/../../../avr/lib/avr5/libm.a(mulsf3x.o)
 .bss           0x000000000080019d        0x0 /usr/lib/gcc/avr/7.3.0/../../../avr/lib/avr5/libc.a(malloc.o)
 .bss           0x000000000080019d        0x0 /usr/lib/gcc/avr/7.3.0/../../../avr/lib/avr5/libatmega328p.a(eerd_block.o)
 .bss           0x000000000080019d        0x0 /usr/lib/gcc/avr/7.3.0/../../../avr/lib/avr5/libatmega328p.a(eeupd_block.o)
 .bss           0x000000000080019d        0x0 /usr/lib/gcc/avr/7.3.0/../../../avr/lib/avr5/libatmega328p.a(eeupd_byte.o)
 *(.bss*)
 *(COMMON)
 COMMON         0x000000000080019d       0xec main.o
                0x000000000080019d                colors
                0x00000000008001b8                plus_button
                0x00000000008001dc                prev_millis_read_dht
                0x00000000008001e0                dht_values
                0x00000000008001e8                alarm_memory
                0x00000000008001f7                alarm_settings
                0x00000000008001fa                led
                0x0000000000800212                read_rtc
                0x0000000000800213                minus_button
                0x0000000000800237                prev_minus_btn_callback
                0x0000000000800239                ws2812_pin_struct
                0x0000000000800240                ALARM_OFF_DISPLAY_VALUE
                0x0000000000800244                fsm_variables
                0x0000000000800257                adjust_button
                0x000000000080027b                prev_plus_btn_callback
                0x000000000080027d                clock_time
                0x000000000080027f                t_millis
                0x0000000000800283                prev_adjust_btn_callback
                0x0000000000800285                prev_millis_read_rtc
 COMMON         0x0000000000800289        0x4 /tmp/cc38K1qr.o
                0x0000000000800289                millis
 COMMON         0x000000000080028d       0x4e /tmp/ccTGOgmY.o
                0x000000000080028d                colon_pin
                0x0000000000800294                digit_pins
                0x00000000008002b0                display_data
                0x00000000008002be                flash_colon
                0x00000000008002bf                prev_millis_flash
                0x00000000008002c3                lclk_pin
                0x00000000008002ca                srclk_pin
                0x00000000008002d1                flash_digits_minutes
                0x00000000008002d2                flash_all_digits
                0x00000000008002d3                ser_pin
                0x00000000008002da                flash_digits_hours
 COMMON         0x00000000008002db       0x11 /tmp/ccUUteW8.o
                0x00000000008002db                _tm
 COMMON         0x00000000008002ec       0x44 /tmp/ccuylfdh.o
                0x00000000008002ec                user_onRequest
                0x00000000008002ee                rxBuffer
                0x000000000080030e                txBuffer
                0x000000000080032e                user_onReceive
 COMMON         0x0000000000800330        0xc /tmp/ccvBTHRw.o
                0x0000000000800330                DHT22_pin
                0x0000000000800337                dht22_raw_values
 COMMON         0x000000000080033c        0x3 /tmp/ccspFTXW.o
                0x000000000080033c                note_sequence
                0x000000000080033e                is_playing
 COMMON         0x000000000080033f        0x4 /usr/lib/gcc/avr/7.3.0/../../../avr/lib/avr5/libc.a(malloc.o)
                0x000000000080033f                __brkval
                0x0000000000800341                __flp
                0x0000000000800343                PROVIDE (__bss_end, .)
                0x0000000000004410                __data_load_start = LOADADDR (.data)
                0x0000000000004428                __data_load_end = (__data_load_start + SIZEOF (.data))

.noinit         0x0000000000800343        0x0
                [!provide]                        PROVIDE (__noinit_start, .)
 *(.noinit*)
                [!provide]                        PROVIDE (__noinit_end, .)
                0x0000000000800343                _end = .
                0x0000000000800343                PROVIDE (__heap_start, .)

.eeprom         0x0000000000810000        0x0
 *(.eeprom*)
                0x0000000000810000                __eeprom_end = .

.fuse
 *(.fuse)
 *(.lfuse)
 *(.hfuse)
 *(.efuse)

.lock
 *(.lock*)

.signature
 *(.signature*)

.user_signatures
 *(.user_signatures*)

.stab           0x0000000000000000     0xab90
 *(.stab)
 .stab          0x0000000000000000      0xdb0 main.o
 .stab          0x0000000000000db0      0x618 /tmp/cc38K1qr.o
                                        0x7d4 (size before relaxing)
 .stab          0x00000000000013c8      0x678 /tmp/ccnFO28E.o
                                        0x858 (size before relaxing)
 .stab          0x0000000000001a40      0xbb8 /tmp/ccUzMx8K.o
                                        0xea0 (size before relaxing)
 .stab          0x00000000000025f8     0x1368 /tmp/ccTGOgmY.o
                                       0x1638 (size before relaxing)
 .stab          0x0000000000003960     0x1d34 /tmp/ccUUteW8.o
                                       0x1f20 (size before relaxing)
 .stab          0x0000000000005694      0xabc /tmp/ccuylfdh.o
                                        0xca8 (size before relaxing)
 .stab          0x0000000000006150      0xc84 /tmp/ccOhSNoM.o
                                        0xe94 (size before relaxing)
 .stab          0x0000000000006dd4      0x678 /tmp/ccvBTHRw.o
                                        0x960 (size before relaxing)
 .stab          0x000000000000744c      0x888 /tmp/ccspFTXW.o
                                        0xb40 (size before relaxing)
 .stab          0x0000000000007cd4      0x9f0 /tmp/cc5Clb4w.o
                                        0xcb4 (size before relaxing)
 .stab          0x00000000000086c4      0x8c4 /tmp/ccVeHRx8.o
                                        0xcf0 (size before relaxing)
 .stab          0x0000000000008f88     0x180c /tmp/ccaUlx5K.o
                                       0x1ca4 (size before relaxing)
 .stab          0x000000000000a794      0x3fc /tmp/ccto9dS9.o
                                        0x804 (size before relaxing)

.stabstr        0x0000000000000000     0x3c43
 *(.stabstr)
 .stabstr       0x0000000000000000     0x3c43 main.o

.stab.excl
 *(.stab.excl)

.stab.exclstr
 *(.stab.exclstr)

.stab.index
 *(.stab.index)

.stab.indexstr
 *(.stab.indexstr)

.comment        0x0000000000000000       0x11
 *(.comment)
 .comment       0x0000000000000000       0x11 main.o
                                         0x12 (size before relaxing)
 .comment       0x0000000000000011       0x12 /tmp/cc38K1qr.o
 .comment       0x0000000000000011       0x12 /tmp/ccnFO28E.o
 .comment       0x0000000000000011       0x12 /tmp/ccUzMx8K.o
 .comment       0x0000000000000011       0x12 /tmp/ccTGOgmY.o
 .comment       0x0000000000000011       0x12 /tmp/ccUUteW8.o
 .comment       0x0000000000000011       0x12 /tmp/ccuylfdh.o
 .comment       0x0000000000000011       0x12 /tmp/ccOhSNoM.o
 .comment       0x0000000000000011       0x12 /tmp/ccvBTHRw.o
 .comment       0x0000000000000011       0x12 /tmp/ccspFTXW.o
 .comment       0x0000000000000011       0x12 /tmp/cc5Clb4w.o
 .comment       0x0000000000000011       0x12 /tmp/ccVeHRx8.o
 .comment       0x0000000000000011       0x12 /tmp/ccaUlx5K.o
 .comment       0x0000000000000011       0x12 /tmp/ccto9dS9.o
 .comment       0x0000000000000011       0x12 /usr/lib/gcc/avr/7.3.0/../../../avr/lib/avr5/libc.a(malloc.o)

.note.gnu.avr.deviceinfo
                0x0000000000000000       0x40
 .note.gnu.avr.deviceinfo
                0x0000000000000000       0x40 /usr/lib/gcc/avr/7.3.0/../../../avr/lib/avr5/crtatmega328p.o

.avr.prop       0x0000000000000000       0x2c
 .avr.prop      0x0000000000000000       0x16 /tmp/ccOhSNoM.o
 .avr.prop      0x0000000000000016       0x16 /tmp/ccaUlx5K.o

.note.gnu.build-id
 *(.note.gnu.build-id)

.debug
 *(.debug)

.line
 *(.line)

.debug_srcinfo
 *(.debug_srcinfo)

.debug_sfnames
 *(.debug_sfnames)

.debug_aranges
 *(.debug_aranges)

.debug_pubnames
 *(.debug_pubnames)

.debug_info     0x0000000000000000      0x5f4
 *(.debug_info .gnu.linkonce.wi.*)
 .debug_info    0x0000000000000000      0x5f4 /usr/lib/gcc/avr/7.3.0/../../../avr/lib/avr5/crtatmega328p.o

.debug_abbrev   0x0000000000000000      0x5a2
 *(.debug_abbrev)
 .debug_abbrev  0x0000000000000000      0x5a2 /usr/lib/gcc/avr/7.3.0/../../../avr/lib/avr5/crtatmega328p.o

.debug_line     0x0000000000000000       0x1a
 *(.debug_line .debug_line.* .debug_line_end)
 .debug_line    0x0000000000000000       0x1a /usr/lib/gcc/avr/7.3.0/../../../avr/lib/avr5/crtatmega328p.o

.debug_frame
 *(.debug_frame)

.debug_str      0x0000000000000000      0x208
 *(.debug_str)
 .debug_str     0x0000000000000000      0x208 /usr/lib/gcc/avr/7.3.0/../../../avr/lib/avr5/crtatmega328p.o

.debug_loc
 *(.debug_loc)

.debug_macinfo
 *(.debug_macinfo)

.debug_weaknames
 *(.debug_weaknames)

.debug_funcnames
 *(.debug_funcnames)

.debug_typenames
 *(.debug_typenames)

.debug_varnames
 *(.debug_varnames)

.debug_pubtypes
 *(.debug_pubtypes)

.debug_ranges
 *(.debug_ranges)

.debug_macro
 *(.debug_macro)
OUTPUT(main.elf elf32-avr)
LOAD linker stubs
