Archive member included to satisfy reference by file (symbol)

/usr/lib/gcc/avr/7.3.0/avr5/libgcc.a(_divmodhi4.o)
                              /tmp/ccsKgfrN.o (__divmodhi4)
/usr/lib/gcc/avr/7.3.0/avr5/libgcc.a(_exit.o)
                              /usr/lib/gcc/avr/7.3.0/../../../avr/lib/avr5/crtatmega328p.o (exit)
/usr/lib/gcc/avr/7.3.0/avr5/libgcc.a(_copy_data.o)
                              /tmp/ccsKgfrN.o (__do_copy_data)
/usr/lib/gcc/avr/7.3.0/avr5/libgcc.a(_clear_bss.o)
                              demo.o (__do_clear_bss)
/usr/lib/gcc/avr/7.3.0/avr5/libgcc.a(_muluhisi3.o)
                              /tmp/ccOmasBO.o (__muluhisi3)
/usr/lib/gcc/avr/7.3.0/avr5/libgcc.a(_udivmodhi4.o)
                              /usr/lib/gcc/avr/7.3.0/avr5/libgcc.a(_divmodhi4.o) (__udivmodhi4)
/usr/lib/gcc/avr/7.3.0/avr5/libgcc.a(_umulhisi3.o)
                              /usr/lib/gcc/avr/7.3.0/avr5/libgcc.a(_muluhisi3.o) (__umulhisi3)
/usr/lib/gcc/avr/7.3.0/../../../avr/lib/avr5/libm.a(cmpsf2.o)
                              /tmp/ccsKgfrN.o (__ltsf2)
/usr/lib/gcc/avr/7.3.0/../../../avr/lib/avr5/libm.a(fixsfsi.o)
                              /tmp/ccsKgfrN.o (__fixsfsi)
/usr/lib/gcc/avr/7.3.0/../../../avr/lib/avr5/libm.a(fixunssfsi.o)
                              /usr/lib/gcc/avr/7.3.0/../../../avr/lib/avr5/libm.a(fixsfsi.o) (__fixunssfsi)
/usr/lib/gcc/avr/7.3.0/../../../avr/lib/avr5/libm.a(fp_cmp.o)
                              /usr/lib/gcc/avr/7.3.0/../../../avr/lib/avr5/libm.a(cmpsf2.o) (__fp_cmp)
/usr/lib/gcc/avr/7.3.0/../../../avr/lib/avr5/libm.a(fp_split3.o)
                              /usr/lib/gcc/avr/7.3.0/../../../avr/lib/avr5/libm.a(fixunssfsi.o) (__fp_splitA)
/usr/lib/gcc/avr/7.3.0/../../../avr/lib/avr5/libm.a(fp_zero.o)
                              /usr/lib/gcc/avr/7.3.0/../../../avr/lib/avr5/libm.a(fixunssfsi.o) (__fp_zero)
/usr/lib/gcc/avr/7.3.0/../../../avr/lib/avr5/libm.a(gesf2.o)
                              /tmp/ccsKgfrN.o (__gtsf2)
/usr/lib/gcc/avr/7.3.0/../../../avr/lib/avr5/libm.a(mulsf3.o)
                              /tmp/ccsKgfrN.o (__mulsf3)
/usr/lib/gcc/avr/7.3.0/../../../avr/lib/avr5/libm.a(mulsf3x.o)
                              /usr/lib/gcc/avr/7.3.0/../../../avr/lib/avr5/libm.a(mulsf3.o) (__mulsf3x)
/usr/lib/gcc/avr/7.3.0/../../../avr/lib/avr5/libm.a(fp_inf.o)
                              /usr/lib/gcc/avr/7.3.0/../../../avr/lib/avr5/libm.a(mulsf3x.o) (__fp_inf)
/usr/lib/gcc/avr/7.3.0/../../../avr/lib/avr5/libm.a(fp_nan.o)
                              /usr/lib/gcc/avr/7.3.0/../../../avr/lib/avr5/libm.a(mulsf3x.o) (__fp_nan)
/usr/lib/gcc/avr/7.3.0/../../../avr/lib/avr5/libm.a(fp_pscA.o)
                              /usr/lib/gcc/avr/7.3.0/../../../avr/lib/avr5/libm.a(mulsf3x.o) (__fp_pscA)
/usr/lib/gcc/avr/7.3.0/../../../avr/lib/avr5/libm.a(fp_pscB.o)
                              /usr/lib/gcc/avr/7.3.0/../../../avr/lib/avr5/libm.a(mulsf3x.o) (__fp_pscB)
/usr/lib/gcc/avr/7.3.0/../../../avr/lib/avr5/libm.a(fp_round.o)
                              /usr/lib/gcc/avr/7.3.0/../../../avr/lib/avr5/libm.a(mulsf3.o) (__fp_round)

Allocating common symbols
Common symbol       size              file

colon_pin           0x7               /tmp/ccsKgfrN.o
digit_pins          0x1c              /tmp/ccsKgfrN.o
display_data        0xa               /tmp/ccsKgfrN.o
prev_millis2        0x4               demo.o
flash_colon         0x1               /tmp/ccsKgfrN.o
month               0x2               demo.o
prev_millis_flash   0x4               /tmp/ccsKgfrN.o
temperature_celsius
                    0x4               demo.o
minute              0x2               demo.o
humidity            0x4               demo.o
prev_millis1        0x4               demo.o
hour                0x2               demo.o
segment_pins        0x38              /tmp/ccsKgfrN.o
prev_millis         0x4               demo.o
flash_digits_minutes
                    0x1               /tmp/ccsKgfrN.o
year                0x2               demo.o
day                 0x2               demo.o
flash_all_digits    0x1               /tmp/ccsKgfrN.o
t_millis            0x4               demo.o
flash_digits_hours  0x1               /tmp/ccsKgfrN.o
millis              0x4               /tmp/ccOmasBO.o

Memory Configuration

Name             Origin             Length             Attributes
text             0x0000000000000000 0x0000000000008000 xr
data             0x0000000000800100 0x0000000000000800 rw !x
eeprom           0x0000000000810000 0x0000000000000400 rw !x
fuse             0x0000000000820000 0x0000000000000003 rw !x
lock             0x0000000000830000 0x0000000000000400 rw !x
signature        0x0000000000840000 0x0000000000000400 rw !x
user_signatures  0x0000000000850000 0x0000000000000400 rw !x
*default*        0x0000000000000000 0xffffffffffffffff

Linker script and memory map

Address of section .data set to 0x800100
LOAD /usr/lib/gcc/avr/7.3.0/../../../avr/lib/avr5/crtatmega328p.o
LOAD demo.o
LOAD /tmp/ccmqbbsr.o
LOAD /tmp/ccOmasBO.o
LOAD /tmp/ccsKgfrN.o
START GROUP
LOAD /usr/lib/gcc/avr/7.3.0/avr5/libgcc.a
LOAD /usr/lib/gcc/avr/7.3.0/../../../avr/lib/avr5/libm.a
LOAD /usr/lib/gcc/avr/7.3.0/../../../avr/lib/avr5/libc.a
LOAD /usr/lib/gcc/avr/7.3.0/../../../avr/lib/avr5/libatmega328p.a
END GROUP
                0x0000000000000000                __TEXT_REGION_ORIGIN__ = DEFINED (__TEXT_REGION_ORIGIN__)?__TEXT_REGION_ORIGIN__:0x0
                [0x0000000000800100]                __DATA_REGION_ORIGIN__ = DEFINED (__DATA_REGION_ORIGIN__)?__DATA_REGION_ORIGIN__:0x800060
                [0x0000000000008000]                __TEXT_REGION_LENGTH__ = DEFINED (__TEXT_REGION_LENGTH__)?__TEXT_REGION_LENGTH__:0x20000
                [0x0000000000000800]                __DATA_REGION_LENGTH__ = DEFINED (__DATA_REGION_LENGTH__)?__DATA_REGION_LENGTH__:0xffa0
                [0x0000000000000400]                __EEPROM_REGION_LENGTH__ = DEFINED (__EEPROM_REGION_LENGTH__)?__EEPROM_REGION_LENGTH__:0x10000
                [0x0000000000000003]                __FUSE_REGION_LENGTH__ = DEFINED (__FUSE_REGION_LENGTH__)?__FUSE_REGION_LENGTH__:0x400
                0x0000000000000400                __LOCK_REGION_LENGTH__ = DEFINED (__LOCK_REGION_LENGTH__)?__LOCK_REGION_LENGTH__:0x400
                0x0000000000000400                __SIGNATURE_REGION_LENGTH__ = DEFINED (__SIGNATURE_REGION_LENGTH__)?__SIGNATURE_REGION_LENGTH__:0x400
                0x0000000000000400                __USER_SIGNATURE_REGION_LENGTH__ = DEFINED (__USER_SIGNATURE_REGION_LENGTH__)?__USER_SIGNATURE_REGION_LENGTH__:0x400

.hash
 *(.hash)

.dynsym
 *(.dynsym)

.dynstr
 *(.dynstr)

.gnu.version
 *(.gnu.version)

.gnu.version_d
 *(.gnu.version_d)

.gnu.version_r
 *(.gnu.version_r)

.rel.init
 *(.rel.init)

.rela.init
 *(.rela.init)

.rel.text
 *(.rel.text)
 *(.rel.text.*)
 *(.rel.gnu.linkonce.t*)

.rela.text
 *(.rela.text)
 *(.rela.text.*)
 *(.rela.gnu.linkonce.t*)

.rel.fini
 *(.rel.fini)

.rela.fini
 *(.rela.fini)

.rel.rodata
 *(.rel.rodata)
 *(.rel.rodata.*)
 *(.rel.gnu.linkonce.r*)

.rela.rodata
 *(.rela.rodata)
 *(.rela.rodata.*)
 *(.rela.gnu.linkonce.r*)

.rel.data
 *(.rel.data)
 *(.rel.data.*)
 *(.rel.gnu.linkonce.d*)

.rela.data
 *(.rela.data)
 *(.rela.data.*)
 *(.rela.gnu.linkonce.d*)

.rel.ctors
 *(.rel.ctors)

.rela.ctors
 *(.rela.ctors)

.rel.dtors
 *(.rel.dtors)

.rela.dtors
 *(.rela.dtors)

.rel.got
 *(.rel.got)

.rela.got
 *(.rela.got)

.rel.bss
 *(.rel.bss)

.rela.bss
 *(.rela.bss)

.rel.plt
 *(.rel.plt)

.rela.plt
 *(.rela.plt)

.text           0x0000000000000000     0x1652
 *(.vectors)
 .vectors       0x0000000000000000       0x68 /usr/lib/gcc/avr/7.3.0/../../../avr/lib/avr5/crtatmega328p.o
                0x0000000000000000                __vectors
                0x0000000000000000                __vector_default
 *(.vectors)
 *(.progmem.gcc*)
                0x0000000000000068                . = ALIGN (0x2)
                0x0000000000000068                __trampolines_start = .
 *(.trampolines)
 .trampolines   0x0000000000000068        0x0 linker stubs
 *(.trampolines*)
                0x0000000000000068                __trampolines_end = .
 *libprintf_flt.a:*(.progmem.data)
 *libc.a:*(.progmem.data)
 *(.progmem*)
                0x0000000000000068                . = ALIGN (0x2)
 *(.jumptables)
 *(.jumptables*)
 *(.lowtext)
 *(.lowtext*)
                0x0000000000000068                __ctors_start = .
 *(.ctors)
                0x0000000000000068                __ctors_end = .
                0x0000000000000068                __dtors_start = .
 *(.dtors)
                0x0000000000000068                __dtors_end = .
 SORT(*)(.ctors)
 SORT(*)(.dtors)
 *(.init0)
 .init0         0x0000000000000068        0x0 /usr/lib/gcc/avr/7.3.0/../../../avr/lib/avr5/crtatmega328p.o
                0x0000000000000068                __init
 *(.init0)
 *(.init1)
 *(.init1)
 *(.init2)
 .init2         0x0000000000000068        0xc /usr/lib/gcc/avr/7.3.0/../../../avr/lib/avr5/crtatmega328p.o
 *(.init2)
 *(.init3)
 *(.init3)
 *(.init4)
 .init4         0x0000000000000074       0x16 /usr/lib/gcc/avr/7.3.0/avr5/libgcc.a(_copy_data.o)
                0x0000000000000074                __do_copy_data
 .init4         0x000000000000008a       0x10 /usr/lib/gcc/avr/7.3.0/avr5/libgcc.a(_clear_bss.o)
                0x000000000000008a                __do_clear_bss
 *(.init4)
 *(.init5)
 *(.init5)
 *(.init6)
 *(.init6)
 *(.init7)
 *(.init7)
 *(.init8)
 *(.init8)
 *(.init9)
 .init9         0x000000000000009a        0x8 /usr/lib/gcc/avr/7.3.0/../../../avr/lib/avr5/crtatmega328p.o
 *(.init9)
 *(.text)
 .text          0x00000000000000a2        0x4 /usr/lib/gcc/avr/7.3.0/../../../avr/lib/avr5/crtatmega328p.o
                0x00000000000000a2                __vector_22
                0x00000000000000a2                __vector_1
                0x00000000000000a2                __vector_24
                0x00000000000000a2                __vector_12
                0x00000000000000a2                __bad_interrupt
                0x00000000000000a2                __vector_6
                0x00000000000000a2                __vector_3
                0x00000000000000a2                __vector_23
                0x00000000000000a2                __vector_25
                0x00000000000000a2                __vector_11
                0x00000000000000a2                __vector_13
                0x00000000000000a2                __vector_17
                0x00000000000000a2                __vector_19
                0x00000000000000a2                __vector_5
                0x00000000000000a2                __vector_4
                0x00000000000000a2                __vector_9
                0x00000000000000a2                __vector_2
                0x00000000000000a2                __vector_21
                0x00000000000000a2                __vector_15
                0x00000000000000a2                __vector_8
                0x00000000000000a2                __vector_10
                0x00000000000000a2                __vector_16
                0x00000000000000a2                __vector_18
                0x00000000000000a2                __vector_20
 .text          0x00000000000000a6       0xba demo.o
                0x00000000000000a6                __vector_14
                0x00000000000000f2                __vector_7
                0x000000000000013a                timer2_init
 .text          0x0000000000000160      0x158 /tmp/ccmqbbsr.o
                0x0000000000000160                gpio_set_pin_output
                0x0000000000000182                gpio_set_pin_input
                0x00000000000001a4                gpio_set_pin_input_pullup
                0x00000000000001d8                gpio_toggle_pin_mode
                0x00000000000001fa                gpio_read_pin
                0x000000000000021e                gpio_set_pin_val
                0x000000000000024c                gpio_set_pin_high
                0x0000000000000270                gpio_set_pin_low
                0x0000000000000294                gpio_toggle_pin_output
 .text          0x00000000000002b8       0xcc /tmp/ccOmasBO.o
                0x00000000000002b8                millis_timer_ISR_loop
                0x00000000000002e0                millis_timer_init
                0x0000000000000314                get_millis
                0x000000000000032c                get_micros
 .text          0x0000000000000384      0x7a0 /tmp/ccsKgfrN.o
                0x0000000000000384                seven_segment_init
                0x0000000000000448                seven_segment_loop_isr
                0x00000000000004be                seven_segment_clear_all
                0x00000000000004d6                seven_segment_set_all
                0x00000000000004f2                seven_segment_write_byte_to_digit
                0x000000000000052a                seven_segment_write_bytes
                0x000000000000054e                seven_segment_write_digit_val_to_digit
                0x000000000000055c                seven_segment_write_digit_vals
                0x0000000000000588                seven_segment_set_colon
                0x000000000000058e                seven_segment_set_decimal_point
                0x000000000000059e                seven_segment_flashing_loop
                0x00000000000006ac                seven_segment_flash_colon
                0x00000000000006b2                seven_segment_flash_digits_minutes
                0x00000000000006b8                seven_segment_flash_digits_hours
                0x00000000000006be                seven_segment_flash_all_digits
                0x00000000000006c4                seven_segment_show_hour_minute
                0x0000000000000756                seven_segment_show_month_day
                0x000000000000081e                seven_segment_show_year
                0x00000000000008b4                seven_segment_show_temperature
                0x0000000000000a30                seven_segment_show_humidity
 .text          0x0000000000000b24        0x0 /usr/lib/gcc/avr/7.3.0/avr5/libgcc.a(_divmodhi4.o)
 .text          0x0000000000000b24        0x0 /usr/lib/gcc/avr/7.3.0/avr5/libgcc.a(_exit.o)
 .text          0x0000000000000b24        0x0 /usr/lib/gcc/avr/7.3.0/avr5/libgcc.a(_copy_data.o)
 .text          0x0000000000000b24        0x0 /usr/lib/gcc/avr/7.3.0/avr5/libgcc.a(_clear_bss.o)
 .text          0x0000000000000b24        0x0 /usr/lib/gcc/avr/7.3.0/avr5/libgcc.a(_muluhisi3.o)
 .text          0x0000000000000b24        0x0 /usr/lib/gcc/avr/7.3.0/avr5/libgcc.a(_udivmodhi4.o)
 .text          0x0000000000000b24        0x0 /usr/lib/gcc/avr/7.3.0/avr5/libgcc.a(_umulhisi3.o)
 .text          0x0000000000000b24        0x0 /usr/lib/gcc/avr/7.3.0/../../../avr/lib/avr5/libm.a(cmpsf2.o)
 .text          0x0000000000000b24        0x0 /usr/lib/gcc/avr/7.3.0/../../../avr/lib/avr5/libm.a(fixsfsi.o)
 .text          0x0000000000000b24        0x0 /usr/lib/gcc/avr/7.3.0/../../../avr/lib/avr5/libm.a(fixunssfsi.o)
 .text          0x0000000000000b24        0x0 /usr/lib/gcc/avr/7.3.0/../../../avr/lib/avr5/libm.a(fp_cmp.o)
 .text          0x0000000000000b24        0x0 /usr/lib/gcc/avr/7.3.0/../../../avr/lib/avr5/libm.a(fp_split3.o)
 .text          0x0000000000000b24        0x0 /usr/lib/gcc/avr/7.3.0/../../../avr/lib/avr5/libm.a(fp_zero.o)
 .text          0x0000000000000b24        0x0 /usr/lib/gcc/avr/7.3.0/../../../avr/lib/avr5/libm.a(gesf2.o)
 .text          0x0000000000000b24        0x0 /usr/lib/gcc/avr/7.3.0/../../../avr/lib/avr5/libm.a(mulsf3.o)
 .text          0x0000000000000b24        0x0 /usr/lib/gcc/avr/7.3.0/../../../avr/lib/avr5/libm.a(mulsf3x.o)
 .text          0x0000000000000b24        0x0 /usr/lib/gcc/avr/7.3.0/../../../avr/lib/avr5/libm.a(fp_inf.o)
 .text          0x0000000000000b24        0x0 /usr/lib/gcc/avr/7.3.0/../../../avr/lib/avr5/libm.a(fp_nan.o)
 .text          0x0000000000000b24        0x0 /usr/lib/gcc/avr/7.3.0/../../../avr/lib/avr5/libm.a(fp_pscA.o)
 .text          0x0000000000000b24        0x0 /usr/lib/gcc/avr/7.3.0/../../../avr/lib/avr5/libm.a(fp_pscB.o)
 .text          0x0000000000000b24        0x0 /usr/lib/gcc/avr/7.3.0/../../../avr/lib/avr5/libm.a(fp_round.o)
                0x0000000000000b24                . = ALIGN (0x2)
 *(.text.*)
 .text.startup  0x0000000000000b24      0x862 demo.o
                0x0000000000000b24                main
 .text.libgcc.mul
                0x0000000000001386        0x0 /usr/lib/gcc/avr/7.3.0/avr5/libgcc.a(_divmodhi4.o)
 .text.libgcc.div
                0x0000000000001386       0x28 /usr/lib/gcc/avr/7.3.0/avr5/libgcc.a(_divmodhi4.o)
                0x0000000000001386                __divmodhi4
                0x0000000000001386                _div
 .text.libgcc   0x00000000000013ae        0x0 /usr/lib/gcc/avr/7.3.0/avr5/libgcc.a(_divmodhi4.o)
 .text.libgcc.prologue
                0x00000000000013ae        0x0 /usr/lib/gcc/avr/7.3.0/avr5/libgcc.a(_divmodhi4.o)
 .text.libgcc.builtins
                0x00000000000013ae        0x0 /usr/lib/gcc/avr/7.3.0/avr5/libgcc.a(_divmodhi4.o)
 .text.libgcc.fmul
                0x00000000000013ae        0x0 /usr/lib/gcc/avr/7.3.0/avr5/libgcc.a(_divmodhi4.o)
 .text.libgcc.fixed
                0x00000000000013ae        0x0 /usr/lib/gcc/avr/7.3.0/avr5/libgcc.a(_divmodhi4.o)
 .text.libgcc.mul
                0x00000000000013ae        0x0 /usr/lib/gcc/avr/7.3.0/avr5/libgcc.a(_exit.o)
 .text.libgcc.div
                0x00000000000013ae        0x0 /usr/lib/gcc/avr/7.3.0/avr5/libgcc.a(_exit.o)
 .text.libgcc   0x00000000000013ae        0x0 /usr/lib/gcc/avr/7.3.0/avr5/libgcc.a(_exit.o)
 .text.libgcc.prologue
                0x00000000000013ae        0x0 /usr/lib/gcc/avr/7.3.0/avr5/libgcc.a(_exit.o)
 .text.libgcc.builtins
                0x00000000000013ae        0x0 /usr/lib/gcc/avr/7.3.0/avr5/libgcc.a(_exit.o)
 .text.libgcc.fmul
                0x00000000000013ae        0x0 /usr/lib/gcc/avr/7.3.0/avr5/libgcc.a(_exit.o)
 .text.libgcc.fixed
                0x00000000000013ae        0x0 /usr/lib/gcc/avr/7.3.0/avr5/libgcc.a(_exit.o)
 .text.libgcc.mul
                0x00000000000013ae        0x0 /usr/lib/gcc/avr/7.3.0/avr5/libgcc.a(_copy_data.o)
 .text.libgcc.div
                0x00000000000013ae        0x0 /usr/lib/gcc/avr/7.3.0/avr5/libgcc.a(_copy_data.o)
 .text.libgcc   0x00000000000013ae        0x0 /usr/lib/gcc/avr/7.3.0/avr5/libgcc.a(_copy_data.o)
 .text.libgcc.prologue
                0x00000000000013ae        0x0 /usr/lib/gcc/avr/7.3.0/avr5/libgcc.a(_copy_data.o)
 .text.libgcc.builtins
                0x00000000000013ae        0x0 /usr/lib/gcc/avr/7.3.0/avr5/libgcc.a(_copy_data.o)
 .text.libgcc.fmul
                0x00000000000013ae        0x0 /usr/lib/gcc/avr/7.3.0/avr5/libgcc.a(_copy_data.o)
 .text.libgcc.fixed
                0x00000000000013ae        0x0 /usr/lib/gcc/avr/7.3.0/avr5/libgcc.a(_copy_data.o)
 .text.libgcc.mul
                0x00000000000013ae        0x0 /usr/lib/gcc/avr/7.3.0/avr5/libgcc.a(_clear_bss.o)
 .text.libgcc.div
                0x00000000000013ae        0x0 /usr/lib/gcc/avr/7.3.0/avr5/libgcc.a(_clear_bss.o)
 .text.libgcc   0x00000000000013ae        0x0 /usr/lib/gcc/avr/7.3.0/avr5/libgcc.a(_clear_bss.o)
 .text.libgcc.prologue
                0x00000000000013ae        0x0 /usr/lib/gcc/avr/7.3.0/avr5/libgcc.a(_clear_bss.o)
 .text.libgcc.builtins
                0x00000000000013ae        0x0 /usr/lib/gcc/avr/7.3.0/avr5/libgcc.a(_clear_bss.o)
 .text.libgcc.fmul
                0x00000000000013ae        0x0 /usr/lib/gcc/avr/7.3.0/avr5/libgcc.a(_clear_bss.o)
 .text.libgcc.fixed
                0x00000000000013ae        0x0 /usr/lib/gcc/avr/7.3.0/avr5/libgcc.a(_clear_bss.o)
 .text.libgcc.mul
                0x00000000000013ae       0x16 /usr/lib/gcc/avr/7.3.0/avr5/libgcc.a(_muluhisi3.o)
                0x00000000000013ae                __muluhisi3
 .text.libgcc.div
                0x00000000000013c4        0x0 /usr/lib/gcc/avr/7.3.0/avr5/libgcc.a(_muluhisi3.o)
 .text.libgcc   0x00000000000013c4        0x0 /usr/lib/gcc/avr/7.3.0/avr5/libgcc.a(_muluhisi3.o)
 .text.libgcc.prologue
                0x00000000000013c4        0x0 /usr/lib/gcc/avr/7.3.0/avr5/libgcc.a(_muluhisi3.o)
 .text.libgcc.builtins
                0x00000000000013c4        0x0 /usr/lib/gcc/avr/7.3.0/avr5/libgcc.a(_muluhisi3.o)
 .text.libgcc.fmul
                0x00000000000013c4        0x0 /usr/lib/gcc/avr/7.3.0/avr5/libgcc.a(_muluhisi3.o)
 .text.libgcc.fixed
                0x00000000000013c4        0x0 /usr/lib/gcc/avr/7.3.0/avr5/libgcc.a(_muluhisi3.o)
 .text.libgcc.mul
                0x00000000000013c4        0x0 /usr/lib/gcc/avr/7.3.0/avr5/libgcc.a(_udivmodhi4.o)
 .text.libgcc.div
                0x00000000000013c4       0x28 /usr/lib/gcc/avr/7.3.0/avr5/libgcc.a(_udivmodhi4.o)
                0x00000000000013c4                __udivmodhi4
 .text.libgcc   0x00000000000013ec        0x0 /usr/lib/gcc/avr/7.3.0/avr5/libgcc.a(_udivmodhi4.o)
 .text.libgcc.prologue
                0x00000000000013ec        0x0 /usr/lib/gcc/avr/7.3.0/avr5/libgcc.a(_udivmodhi4.o)
 .text.libgcc.builtins
                0x00000000000013ec        0x0 /usr/lib/gcc/avr/7.3.0/avr5/libgcc.a(_udivmodhi4.o)
 .text.libgcc.fmul
                0x00000000000013ec        0x0 /usr/lib/gcc/avr/7.3.0/avr5/libgcc.a(_udivmodhi4.o)
 .text.libgcc.fixed
                0x00000000000013ec        0x0 /usr/lib/gcc/avr/7.3.0/avr5/libgcc.a(_udivmodhi4.o)
 .text.libgcc.mul
                0x00000000000013ec       0x1e /usr/lib/gcc/avr/7.3.0/avr5/libgcc.a(_umulhisi3.o)
                0x00000000000013ec                __umulhisi3
 .text.libgcc.div
                0x000000000000140a        0x0 /usr/lib/gcc/avr/7.3.0/avr5/libgcc.a(_umulhisi3.o)
 .text.libgcc   0x000000000000140a        0x0 /usr/lib/gcc/avr/7.3.0/avr5/libgcc.a(_umulhisi3.o)
 .text.libgcc.prologue
                0x000000000000140a        0x0 /usr/lib/gcc/avr/7.3.0/avr5/libgcc.a(_umulhisi3.o)
 .text.libgcc.builtins
                0x000000000000140a        0x0 /usr/lib/gcc/avr/7.3.0/avr5/libgcc.a(_umulhisi3.o)
 .text.libgcc.fmul
                0x000000000000140a        0x0 /usr/lib/gcc/avr/7.3.0/avr5/libgcc.a(_umulhisi3.o)
 .text.libgcc.fixed
                0x000000000000140a        0x0 /usr/lib/gcc/avr/7.3.0/avr5/libgcc.a(_umulhisi3.o)
 .text.avr-libc.fplib
                0x000000000000140a        0xa /usr/lib/gcc/avr/7.3.0/../../../avr/lib/avr5/libm.a(cmpsf2.o)
                0x000000000000140a                __lesf2
                0x000000000000140a                __nesf2
                0x000000000000140a                __eqsf2
                0x000000000000140a                __cmpsf2
                0x000000000000140a                __ltsf2
 .text.avr-libc.fplib
                0x0000000000001414        0xe /usr/lib/gcc/avr/7.3.0/../../../avr/lib/avr5/libm.a(fixsfsi.o)
                0x0000000000001414                __fixsfsi
 .text.avr-libc.fplib
                0x0000000000001422       0x5e /usr/lib/gcc/avr/7.3.0/../../../avr/lib/avr5/libm.a(fixunssfsi.o)
                0x0000000000001422                __fixunssfsi
 .text.avr-libc.fplib
                0x0000000000001480       0x48 /usr/lib/gcc/avr/7.3.0/../../../avr/lib/avr5/libm.a(fp_cmp.o)
                0x0000000000001480                __fp_cmp
 .text.avr-libc.fplib
                0x00000000000014c8       0x44 /usr/lib/gcc/avr/7.3.0/../../../avr/lib/avr5/libm.a(fp_split3.o)
                0x00000000000014c8                __fp_split3
                0x00000000000014d8                __fp_splitA
 .text.avr-libc.fplib
                0x000000000000150c        0xe /usr/lib/gcc/avr/7.3.0/../../../avr/lib/avr5/libm.a(fp_zero.o)
                0x000000000000150c                __fp_zero
                0x000000000000150e                __fp_szero
 .text.avr-libc.fplib
                0x000000000000151a        0xa /usr/lib/gcc/avr/7.3.0/../../../avr/lib/avr5/libm.a(gesf2.o)
                0x000000000000151a                __gtsf2
                0x000000000000151a                __gesf2
 .text.avr-libc.fplib
                0x0000000000001524        0x8 /usr/lib/gcc/avr/7.3.0/../../../avr/lib/avr5/libm.a(mulsf3.o)
                0x0000000000001524                __mulsf3
 .text.avr-libc.fplib
                0x000000000000152c       0xd2 /usr/lib/gcc/avr/7.3.0/../../../avr/lib/avr5/libm.a(mulsf3x.o)
                0x000000000000154a                __mulsf3x
                0x0000000000001550                __mulsf3_pse
 .text.avr-libc.fplib
                0x00000000000015fe        0xc /usr/lib/gcc/avr/7.3.0/../../../avr/lib/avr5/libm.a(fp_inf.o)
                0x00000000000015fe                __fp_inf
 .text.avr-libc.fplib
                0x000000000000160a        0x6 /usr/lib/gcc/avr/7.3.0/../../../avr/lib/avr5/libm.a(fp_nan.o)
                0x000000000000160a                __fp_nan
 .text.avr-libc.fplib
                0x0000000000001610        0xe /usr/lib/gcc/avr/7.3.0/../../../avr/lib/avr5/libm.a(fp_pscA.o)
                0x0000000000001610                __fp_pscA
 .text.avr-libc.fplib
                0x000000000000161e        0xe /usr/lib/gcc/avr/7.3.0/../../../avr/lib/avr5/libm.a(fp_pscB.o)
                0x000000000000161e                __fp_pscB
 .text.avr-libc.fplib
                0x000000000000162c       0x22 /usr/lib/gcc/avr/7.3.0/../../../avr/lib/avr5/libm.a(fp_round.o)
                0x000000000000162c                __fp_round
                0x000000000000164e                . = ALIGN (0x2)
 *(.fini9)
 .fini9         0x000000000000164e        0x0 /usr/lib/gcc/avr/7.3.0/avr5/libgcc.a(_exit.o)
                0x000000000000164e                exit
                0x000000000000164e                _exit
 *(.fini9)
 *(.fini8)
 *(.fini8)
 *(.fini7)
 *(.fini7)
 *(.fini6)
 *(.fini6)
 *(.fini5)
 *(.fini5)
 *(.fini4)
 *(.fini4)
 *(.fini3)
 *(.fini3)
 *(.fini2)
 *(.fini2)
 *(.fini1)
 *(.fini1)
 *(.fini0)
 .fini0         0x000000000000164e        0x4 /usr/lib/gcc/avr/7.3.0/avr5/libgcc.a(_exit.o)
 *(.fini0)
                0x0000000000001652                _etext = .

.data           0x0000000000800100       0x12 load address 0x0000000000001652
                0x0000000000800100                PROVIDE (__data_start, .)
 *(.data)
 .data          0x0000000000800100        0x0 /usr/lib/gcc/avr/7.3.0/../../../avr/lib/avr5/crtatmega328p.o
 .data          0x0000000000800100        0x0 demo.o
 .data          0x0000000000800100        0x0 /tmp/ccmqbbsr.o
 .data          0x0000000000800100        0x0 /tmp/ccOmasBO.o
 .data          0x0000000000800100        0x0 /tmp/ccsKgfrN.o
 .data          0x0000000000800100        0x0 /usr/lib/gcc/avr/7.3.0/avr5/libgcc.a(_divmodhi4.o)
 .data          0x0000000000800100        0x0 /usr/lib/gcc/avr/7.3.0/avr5/libgcc.a(_exit.o)
 .data          0x0000000000800100        0x0 /usr/lib/gcc/avr/7.3.0/avr5/libgcc.a(_copy_data.o)
 .data          0x0000000000800100        0x0 /usr/lib/gcc/avr/7.3.0/avr5/libgcc.a(_clear_bss.o)
 .data          0x0000000000800100        0x0 /usr/lib/gcc/avr/7.3.0/avr5/libgcc.a(_muluhisi3.o)
 .data          0x0000000000800100        0x0 /usr/lib/gcc/avr/7.3.0/avr5/libgcc.a(_udivmodhi4.o)
 .data          0x0000000000800100        0x0 /usr/lib/gcc/avr/7.3.0/avr5/libgcc.a(_umulhisi3.o)
 .data          0x0000000000800100        0x0 /usr/lib/gcc/avr/7.3.0/../../../avr/lib/avr5/libm.a(cmpsf2.o)
 .data          0x0000000000800100        0x0 /usr/lib/gcc/avr/7.3.0/../../../avr/lib/avr5/libm.a(fixsfsi.o)
 .data          0x0000000000800100        0x0 /usr/lib/gcc/avr/7.3.0/../../../avr/lib/avr5/libm.a(fixunssfsi.o)
 .data          0x0000000000800100        0x0 /usr/lib/gcc/avr/7.3.0/../../../avr/lib/avr5/libm.a(fp_cmp.o)
 .data          0x0000000000800100        0x0 /usr/lib/gcc/avr/7.3.0/../../../avr/lib/avr5/libm.a(fp_split3.o)
 .data          0x0000000000800100        0x0 /usr/lib/gcc/avr/7.3.0/../../../avr/lib/avr5/libm.a(fp_zero.o)
 .data          0x0000000000800100        0x0 /usr/lib/gcc/avr/7.3.0/../../../avr/lib/avr5/libm.a(gesf2.o)
 .data          0x0000000000800100        0x0 /usr/lib/gcc/avr/7.3.0/../../../avr/lib/avr5/libm.a(mulsf3.o)
 .data          0x0000000000800100        0x0 /usr/lib/gcc/avr/7.3.0/../../../avr/lib/avr5/libm.a(mulsf3x.o)
 .data          0x0000000000800100        0x0 /usr/lib/gcc/avr/7.3.0/../../../avr/lib/avr5/libm.a(fp_inf.o)
 .data          0x0000000000800100        0x0 /usr/lib/gcc/avr/7.3.0/../../../avr/lib/avr5/libm.a(fp_nan.o)
 .data          0x0000000000800100        0x0 /usr/lib/gcc/avr/7.3.0/../../../avr/lib/avr5/libm.a(fp_pscA.o)
 .data          0x0000000000800100        0x0 /usr/lib/gcc/avr/7.3.0/../../../avr/lib/avr5/libm.a(fp_pscB.o)
 .data          0x0000000000800100        0x0 /usr/lib/gcc/avr/7.3.0/../../../avr/lib/avr5/libm.a(fp_round.o)
 *(.data*)
 *(.gnu.linkonce.d*)
 *(.rodata)
 .rodata        0x0000000000800100       0x11 /tmp/ccsKgfrN.o
                0x0000000000800100                digit_values
 *(.rodata*)
 *(.gnu.linkonce.r*)
                0x0000000000800112                . = ALIGN (0x2)
 *fill*         0x0000000000800111        0x1 
                0x0000000000800112                _edata = .
                0x0000000000800112                PROVIDE (__data_end, .)

.bss            0x0000000000800112       0x93
                0x0000000000800112                PROVIDE (__bss_start, .)
 *(.bss)
 .bss           0x0000000000800112        0x0 /usr/lib/gcc/avr/7.3.0/../../../avr/lib/avr5/crtatmega328p.o
 .bss           0x0000000000800112        0x0 demo.o
 .bss           0x0000000000800112        0x0 /tmp/ccmqbbsr.o
 .bss           0x0000000000800112        0x0 /tmp/ccOmasBO.o
 .bss           0x0000000000800112        0x0 /tmp/ccsKgfrN.o
 .bss           0x0000000000800112        0x0 /usr/lib/gcc/avr/7.3.0/avr5/libgcc.a(_divmodhi4.o)
 .bss           0x0000000000800112        0x0 /usr/lib/gcc/avr/7.3.0/avr5/libgcc.a(_exit.o)
 .bss           0x0000000000800112        0x0 /usr/lib/gcc/avr/7.3.0/avr5/libgcc.a(_copy_data.o)
 .bss           0x0000000000800112        0x0 /usr/lib/gcc/avr/7.3.0/avr5/libgcc.a(_clear_bss.o)
 .bss           0x0000000000800112        0x0 /usr/lib/gcc/avr/7.3.0/avr5/libgcc.a(_muluhisi3.o)
 .bss           0x0000000000800112        0x0 /usr/lib/gcc/avr/7.3.0/avr5/libgcc.a(_udivmodhi4.o)
 .bss           0x0000000000800112        0x0 /usr/lib/gcc/avr/7.3.0/avr5/libgcc.a(_umulhisi3.o)
 .bss           0x0000000000800112        0x0 /usr/lib/gcc/avr/7.3.0/../../../avr/lib/avr5/libm.a(cmpsf2.o)
 .bss           0x0000000000800112        0x0 /usr/lib/gcc/avr/7.3.0/../../../avr/lib/avr5/libm.a(fixsfsi.o)
 .bss           0x0000000000800112        0x0 /usr/lib/gcc/avr/7.3.0/../../../avr/lib/avr5/libm.a(fixunssfsi.o)
 .bss           0x0000000000800112        0x0 /usr/lib/gcc/avr/7.3.0/../../../avr/lib/avr5/libm.a(fp_cmp.o)
 .bss           0x0000000000800112        0x0 /usr/lib/gcc/avr/7.3.0/../../../avr/lib/avr5/libm.a(fp_split3.o)
 .bss           0x0000000000800112        0x0 /usr/lib/gcc/avr/7.3.0/../../../avr/lib/avr5/libm.a(fp_zero.o)
 .bss           0x0000000000800112        0x0 /usr/lib/gcc/avr/7.3.0/../../../avr/lib/avr5/libm.a(gesf2.o)
 .bss           0x0000000000800112        0x0 /usr/lib/gcc/avr/7.3.0/../../../avr/lib/avr5/libm.a(mulsf3.o)
 .bss           0x0000000000800112        0x0 /usr/lib/gcc/avr/7.3.0/../../../avr/lib/avr5/libm.a(mulsf3x.o)
 .bss           0x0000000000800112        0x0 /usr/lib/gcc/avr/7.3.0/../../../avr/lib/avr5/libm.a(fp_inf.o)
 .bss           0x0000000000800112        0x0 /usr/lib/gcc/avr/7.3.0/../../../avr/lib/avr5/libm.a(fp_nan.o)
 .bss           0x0000000000800112        0x0 /usr/lib/gcc/avr/7.3.0/../../../avr/lib/avr5/libm.a(fp_pscA.o)
 .bss           0x0000000000800112        0x0 /usr/lib/gcc/avr/7.3.0/../../../avr/lib/avr5/libm.a(fp_pscB.o)
 .bss           0x0000000000800112        0x0 /usr/lib/gcc/avr/7.3.0/../../../avr/lib/avr5/libm.a(fp_round.o)
 *(.bss*)
 *(COMMON)
 COMMON         0x0000000000800112       0x22 demo.o
                0x0000000000800112                prev_millis2
                0x0000000000800116                month
                0x0000000000800118                temperature_celsius
                0x000000000080011c                minute
                0x000000000080011e                humidity
                0x0000000000800122                prev_millis1
                0x0000000000800126                hour
                0x0000000000800128                prev_millis
                0x000000000080012c                year
                0x000000000080012e                day
                0x0000000000800130                t_millis
 COMMON         0x0000000000800134        0x4 /tmp/ccOmasBO.o
                0x0000000000800134                millis
 COMMON         0x0000000000800138       0x6d /tmp/ccsKgfrN.o
                0x0000000000800138                colon_pin
                0x000000000080013f                digit_pins
                0x000000000080015b                display_data
                0x0000000000800165                flash_colon
                0x0000000000800166                prev_millis_flash
                0x000000000080016a                segment_pins
                0x00000000008001a2                flash_digits_minutes
                0x00000000008001a3                flash_all_digits
                0x00000000008001a4                flash_digits_hours
                0x00000000008001a5                PROVIDE (__bss_end, .)
                0x0000000000001652                __data_load_start = LOADADDR (.data)
                0x0000000000001664                __data_load_end = (__data_load_start + SIZEOF (.data))

.noinit         0x00000000008001a5        0x0
                [!provide]                        PROVIDE (__noinit_start, .)
 *(.noinit*)
                [!provide]                        PROVIDE (__noinit_end, .)
                0x00000000008001a5                _end = .
                [!provide]                        PROVIDE (__heap_start, .)

.eeprom         0x0000000000810000        0x0
 *(.eeprom*)
                0x0000000000810000                __eeprom_end = .

.fuse
 *(.fuse)
 *(.lfuse)
 *(.hfuse)
 *(.efuse)

.lock
 *(.lock*)

.signature
 *(.signature*)

.user_signatures
 *(.user_signatures*)

.stab           0x0000000000000000     0x2b80
 *(.stab)
 .stab          0x0000000000000000      0xd08 demo.o
 .stab          0x0000000000000d08      0x678 /tmp/ccmqbbsr.o
                                        0x858 (size before relaxing)
 .stab          0x0000000000001380      0x618 /tmp/ccOmasBO.o
                                        0x7e0 (size before relaxing)
 .stab          0x0000000000001998     0x11e8 /tmp/ccsKgfrN.o
                                       0x1428 (size before relaxing)

.stabstr        0x0000000000000000     0x1703
 *(.stabstr)
 .stabstr       0x0000000000000000     0x1703 demo.o

.stab.excl
 *(.stab.excl)

.stab.exclstr
 *(.stab.exclstr)

.stab.index
 *(.stab.index)

.stab.indexstr
 *(.stab.indexstr)

.comment        0x0000000000000000       0x11
 *(.comment)
 .comment       0x0000000000000000       0x11 demo.o
                                         0x12 (size before relaxing)
 .comment       0x0000000000000011       0x12 /tmp/ccmqbbsr.o
 .comment       0x0000000000000011       0x12 /tmp/ccOmasBO.o
 .comment       0x0000000000000011       0x12 /tmp/ccsKgfrN.o

.note.gnu.avr.deviceinfo
                0x0000000000000000       0x40
 .note.gnu.avr.deviceinfo
                0x0000000000000000       0x40 /usr/lib/gcc/avr/7.3.0/../../../avr/lib/avr5/crtatmega328p.o

.note.gnu.build-id
 *(.note.gnu.build-id)

.debug
 *(.debug)

.line
 *(.line)

.debug_srcinfo
 *(.debug_srcinfo)

.debug_sfnames
 *(.debug_sfnames)

.debug_aranges
 *(.debug_aranges)

.debug_pubnames
 *(.debug_pubnames)

.debug_info     0x0000000000000000      0x5f4
 *(.debug_info .gnu.linkonce.wi.*)
 .debug_info    0x0000000000000000      0x5f4 /usr/lib/gcc/avr/7.3.0/../../../avr/lib/avr5/crtatmega328p.o

.debug_abbrev   0x0000000000000000      0x5a2
 *(.debug_abbrev)
 .debug_abbrev  0x0000000000000000      0x5a2 /usr/lib/gcc/avr/7.3.0/../../../avr/lib/avr5/crtatmega328p.o

.debug_line     0x0000000000000000       0x1a
 *(.debug_line .debug_line.* .debug_line_end)
 .debug_line    0x0000000000000000       0x1a /usr/lib/gcc/avr/7.3.0/../../../avr/lib/avr5/crtatmega328p.o

.debug_frame
 *(.debug_frame)

.debug_str      0x0000000000000000      0x208
 *(.debug_str)
 .debug_str     0x0000000000000000      0x208 /usr/lib/gcc/avr/7.3.0/../../../avr/lib/avr5/crtatmega328p.o

.debug_loc
 *(.debug_loc)

.debug_macinfo
 *(.debug_macinfo)

.debug_weaknames
 *(.debug_weaknames)

.debug_funcnames
 *(.debug_funcnames)

.debug_typenames
 *(.debug_typenames)

.debug_varnames
 *(.debug_varnames)

.debug_pubtypes
 *(.debug_pubtypes)

.debug_ranges
 *(.debug_ranges)

.debug_macro
 *(.debug_macro)
OUTPUT(demo.elf elf32-avr)
LOAD linker stubs
